Archive member included to satisfy reference by file (symbol)

c:/users/mark/documents/mcha3500/mcha3500_windows_toolchain/toolchain/gcc-arm-none-eabi/bin/../lib/gcc/arm-none-eabi/9.2.1/../../../../arm-none-eabi/lib/thumb/v7e-m+fp/hard\libm.a(lib_a-wf_sqrt.o)
                              build/qpas_sub_noblas.o (sqrtf)
c:/users/mark/documents/mcha3500/mcha3500_windows_toolchain/toolchain/gcc-arm-none-eabi/bin/../lib/gcc/arm-none-eabi/9.2.1/../../../../arm-none-eabi/lib/thumb/v7e-m+fp/hard\libm.a(lib_a-ef_sqrt.o)
                              c:/users/mark/documents/mcha3500/mcha3500_windows_toolchain/toolchain/gcc-arm-none-eabi/bin/../lib/gcc/arm-none-eabi/9.2.1/../../../../arm-none-eabi/lib/thumb/v7e-m+fp/hard\libm.a(lib_a-wf_sqrt.o) (__ieee754_sqrtf)
c:/users/mark/documents/mcha3500/mcha3500_windows_toolchain/toolchain/gcc-arm-none-eabi/bin/../lib/gcc/arm-none-eabi/9.2.1/../../../../arm-none-eabi/lib/thumb/v7e-m+fp/hard\libm.a(lib_a-s_lib_ver.o)
                              c:/users/mark/documents/mcha3500/mcha3500_windows_toolchain/toolchain/gcc-arm-none-eabi/bin/../lib/gcc/arm-none-eabi/9.2.1/../../../../arm-none-eabi/lib/thumb/v7e-m+fp/hard\libm.a(lib_a-wf_sqrt.o) (__fdlib_version)
c:/users/mark/documents/mcha3500/mcha3500_windows_toolchain/toolchain/gcc-arm-none-eabi/bin/../lib/gcc/arm-none-eabi/9.2.1/../../../../arm-none-eabi/lib/thumb/v7e-m+fp/hard\libm.a(lib_a-s_matherr.o)
                              c:/users/mark/documents/mcha3500/mcha3500_windows_toolchain/toolchain/gcc-arm-none-eabi/bin/../lib/gcc/arm-none-eabi/9.2.1/../../../../arm-none-eabi/lib/thumb/v7e-m+fp/hard\libm.a(lib_a-wf_sqrt.o) (matherr)
c:/users/mark/documents/mcha3500/mcha3500_windows_toolchain/toolchain/gcc-arm-none-eabi/bin/../lib/gcc/arm-none-eabi/9.2.1/thumb/v7e-m+fp/hard\libgcc.a(_arm_muldf3.o)
                              build/motor.o (__aeabi_dmul)
c:/users/mark/documents/mcha3500/mcha3500_windows_toolchain/toolchain/gcc-arm-none-eabi/bin/../lib/gcc/arm-none-eabi/9.2.1/thumb/v7e-m+fp/hard\libgcc.a(_arm_addsubdf3.o)
                              build/control_loop.o (__aeabi_dadd)
c:/users/mark/documents/mcha3500/mcha3500_windows_toolchain/toolchain/gcc-arm-none-eabi/bin/../lib/gcc/arm-none-eabi/9.2.1/thumb/v7e-m+fp/hard\libgcc.a(_arm_muldivdf3.o)
                              build/motor.o (__aeabi_ddiv)
c:/users/mark/documents/mcha3500/mcha3500_windows_toolchain/toolchain/gcc-arm-none-eabi/bin/../lib/gcc/arm-none-eabi/9.2.1/thumb/v7e-m+fp/hard\libgcc.a(_arm_cmpdf2.o)
                              build/qpas_sub_noblas.o (__aeabi_dcmplt)
c:/users/mark/documents/mcha3500/mcha3500_windows_toolchain/toolchain/gcc-arm-none-eabi/bin/../lib/gcc/arm-none-eabi/9.2.1/thumb/v7e-m+fp/hard\libgcc.a(_arm_truncdfsf2.o)
                              build/cmd_parser.o (__aeabi_d2f)
c:/users/mark/documents/mcha3500/mcha3500_windows_toolchain/toolchain/gcc-arm-none-eabi/bin/../lib/gcc/arm-none-eabi/9.2.1/thumb/v7e-m+fp/hard\libgcc.a(_aeabi_ldivmod.o)
                              build/uart.o (__aeabi_ldivmod)
c:/users/mark/documents/mcha3500/mcha3500_windows_toolchain/toolchain/gcc-arm-none-eabi/bin/../lib/gcc/arm-none-eabi/9.2.1/thumb/v7e-m+fp/hard\libgcc.a(_aeabi_uldivmod.o)
                              build/uart.o (__aeabi_uldivmod)
c:/users/mark/documents/mcha3500/mcha3500_windows_toolchain/toolchain/gcc-arm-none-eabi/bin/../lib/gcc/arm-none-eabi/9.2.1/thumb/v7e-m+fp/hard\libgcc.a(_udivmoddi4.o)
                              c:/users/mark/documents/mcha3500/mcha3500_windows_toolchain/toolchain/gcc-arm-none-eabi/bin/../lib/gcc/arm-none-eabi/9.2.1/thumb/v7e-m+fp/hard\libgcc.a(_aeabi_ldivmod.o) (__udivmoddi4)
c:/users/mark/documents/mcha3500/mcha3500_windows_toolchain/toolchain/gcc-arm-none-eabi/bin/../lib/gcc/arm-none-eabi/9.2.1/thumb/v7e-m+fp/hard\libgcc.a(_dvmd_tls.o)
                              c:/users/mark/documents/mcha3500/mcha3500_windows_toolchain/toolchain/gcc-arm-none-eabi/bin/../lib/gcc/arm-none-eabi/9.2.1/thumb/v7e-m+fp/hard\libgcc.a(_aeabi_ldivmod.o) (__aeabi_ldiv0)
c:/users/mark/documents/mcha3500/mcha3500_windows_toolchain/toolchain/gcc-arm-none-eabi/bin/../lib/gcc/arm-none-eabi/9.2.1/../../../../arm-none-eabi/lib/thumb/v7e-m+fp/hard\libc_nano.a(lib_a-atof.o)
                              build/cmd_parser.o (atof)
c:/users/mark/documents/mcha3500/mcha3500_windows_toolchain/toolchain/gcc-arm-none-eabi/bin/../lib/gcc/arm-none-eabi/9.2.1/../../../../arm-none-eabi/lib/thumb/v7e-m+fp/hard\libc_nano.a(lib_a-ctype_.o)
                              build/cmd_parser.o (_ctype_)
c:/users/mark/documents/mcha3500/mcha3500_windows_toolchain/toolchain/gcc-arm-none-eabi/bin/../lib/gcc/arm-none-eabi/9.2.1/../../../../arm-none-eabi/lib/thumb/v7e-m+fp/hard\libc_nano.a(lib_a-errno.o)
                              c:/users/mark/documents/mcha3500/mcha3500_windows_toolchain/toolchain/gcc-arm-none-eabi/bin/../lib/gcc/arm-none-eabi/9.2.1/../../../../arm-none-eabi/lib/thumb/v7e-m+fp/hard\libm.a(lib_a-wf_sqrt.o) (__errno)
[...]
Memory Configuration

Name             Origin             Length             Attributes
FLASH            0x08000000         0x00080000         xr
RAM              0x20000000         0x00020000         xrw
*default*        0x00000000         0xffffffff

Linker script and memory map

LOAD c:/users/mark/documents/mcha3500/mcha3500_windows_toolchain/toolchain/gcc-arm-none-eabi/bin/../lib/gcc/arm-none-eabi/9.2.1/thumb/v7e-m+fp/hard/crti.o
LOAD c:/users/mark/documents/mcha3500/mcha3500_windows_toolchain/toolchain/gcc-arm-none-eabi/bin/../lib/gcc/arm-none-eabi/9.2.1/thumb/v7e-m+fp/hard/crtbegin.o
LOAD c:/users/mark/documents/mcha3500/mcha3500_windows_toolchain/toolchain/gcc-arm-none-eabi/bin/../lib/gcc/arm-none-eabi/9.2.1/../../../../arm-none-eabi/lib/thumb/v7e-m+fp/hard/crt0.o
LOAD build/stm32f4xx_it.o
LOAD build/system_stm32f4xx.o
LOAD build/cmd_line_buffer.o
LOAD build/cmd_parser.o
LOAD build/cmd_task.o
LOAD build/main.o
LOAD build/uart.o
LOAD build/heartbeat_task.o
LOAD build/heartbeat_cmd.o
LOAD build/dummy_task.o
LOAD build/motor.o
LOAD build/controller.o
LOAD build/control_loop.o
LOAD build/qpas_sub_noblas.o
LOAD build/startup_stm32f446xx.o
LOAD build/stm32f4_HAL/stm32f4xx_hal.o
LOAD build/stm32f4_HAL/stm32f4xx_hal_dma.o
LOAD build/stm32f4_HAL/stm32f4xx_hal_adc.o
LOAD build/stm32f4_HAL/stm32f4xx_hal_adc_ex.o
LOAD build/stm32f4_HAL/stm32f4xx_hal_gpio.o
LOAD build/stm32f4_HAL/stm32f4xx_ll_gpio.o
LOAD build/stm32f4_HAL/stm32f4xx_ll_usart.o
LOAD build/stm32f4_HAL/stm32f4xx_ll_dma.o
LOAD build/stm32f4_HAL/stm32f4xx_ll_rcc.o
LOAD build/stm32f4_HAL/stm32f4xx_hal_i2c.o
LOAD build/stm32f4_HAL/stm32f4xx_hal_i2c_ex.o
LOAD build/stm32f4_HAL/stm32f4xx_hal_tim.o
LOAD build/stm32f4_HAL/stm32f4xx_hal_tim_ex.o
LOAD build/stm32f4_HAL/stm32f4xx_hal_rtc.o
LOAD build/stm32f4_HAL/stm32f4xx_hal_rcc.o
LOAD build/stm32f4_HAL/stm32f4xx_hal_rcc_ex.o
LOAD build/stm32f4_HAL/stm32f4xx_hal_pwr.o
LOAD build/stm32f4_HAL/stm32f4xx_hal_pwr_ex.o
LOAD build/stm32f4_HAL/stm32f4xx_hal_cortex.o
LOAD build/stm32f4_HAL/stm32f4xx_hal_spi.o
LOAD build/stm32f4_HAL/stm32f4xx_hal_dac.o
LOAD build/stm32f4_HAL/stm32f4xx_hal_dac_ex.o
LOAD build/stm32f4_HAL/stm32f4xx_hal_can.o
LOAD build/FreeRTOS/croutine.o
LOAD build/FreeRTOS/event_groups.o
LOAD build/FreeRTOS/list.o
LOAD build/FreeRTOS/queue.o
LOAD build/FreeRTOS/tasks.o
LOAD build/FreeRTOS/timers.o
LOAD build/FreeRTOS/stream_buffer.o
LOAD build/FreeRTOS/cmsis_os2.o
LOAD build/FreeRTOS/clib_arm.o
LOAD build/FreeRTOS/os_systick.o
LOAD build/FreeRTOS/heap_useNewlib.o
LOAD build/FreeRTOS/port.o
LOAD build/tm_stm32_gpio.o
LOAD build/tm_stm32_i2c.o
LOAD build/tm_stm32_mpu6050.o
LOAD c:/users/mark/documents/mcha3500/mcha3500_windows_toolchain/toolchain/gcc-arm-none-eabi/bin/../lib/gcc/arm-none-eabi/9.2.1/../../../../arm-none-eabi/lib/thumb/v7e-m+fp/hard\libm.a
LOAD ../STM32Cube_F4_FW/Drivers/CMSIS/Lib/GCC/libarm_cortexM4lf_math.a
START GROUP
LOAD c:/users/mark/documents/mcha3500/mcha3500_windows_toolchain/toolchain/gcc-arm-none-eabi/bin/../lib/gcc/arm-none-eabi/9.2.1/thumb/v7e-m+fp/hard\libgcc.a
LOAD c:/users/mark/documents/mcha3500/mcha3500_windows_toolchain/toolchain/gcc-arm-none-eabi/bin/../lib/gcc/arm-none-eabi/9.2.1/../../../../arm-none-eabi/lib/thumb/v7e-m+fp/hard\libc_nano.a
END GROUP
START GROUP
LOAD c:/users/mark/documents/mcha3500/mcha3500_windows_toolchain/toolchain/gcc-arm-none-eabi/bin/../lib/gcc/arm-none-eabi/9.2.1/thumb/v7e-m+fp/hard\libgcc.a
LOAD c:/users/mark/documents/mcha3500/mcha3500_windows_toolchain/toolchain/gcc-arm-none-eabi/bin/../lib/gcc/arm-none-eabi/9.2.1/../../../../arm-none-eabi/lib/thumb/v7e-m+fp/hard\libc_nano.a
LOAD c:/users/mark/documents/mcha3500/mcha3500_windows_toolchain/toolchain/gcc-arm-none-eabi/bin/../lib/gcc/arm-none-eabi/9.2.1/../../../../arm-none-eabi/lib/thumb/v7e-m+fp/hard\libnosys.a
END GROUP
START GROUP
LOAD c:/users/mark/documents/mcha3500/mcha3500_windows_toolchain/toolchain/gcc-arm-none-eabi/bin/../lib/gcc/arm-none-eabi/9.2.1/thumb/v7e-m+fp/hard\libgcc.a
LOAD c:/users/mark/documents/mcha3500/mcha3500_windows_toolchain/toolchain/gcc-arm-none-eabi/bin/../lib/gcc/arm-none-eabi/9.2.1/../../../../arm-none-eabi/lib/thumb/v7e-m+fp/hard\libc_nano.a
LOAD c:/users/mark/documents/mcha3500/mcha3500_windows_toolchain/toolchain/gcc-arm-none-eabi/bin/../lib/gcc/arm-none-eabi/9.2.1/../../../../arm-none-eabi/lib/thumb/v7e-m+fp/hard\libnosys.a
END GROUP
LOAD c:/users/mark/documents/mcha3500/mcha3500_windows_toolchain/toolchain/gcc-arm-none-eabi/bin/../lib/gcc/arm-none-eabi/9.2.1/thumb/v7e-m+fp/hard/crtend.o
LOAD c:/users/mark/documents/mcha3500/mcha3500_windows_toolchain/toolchain/gcc-arm-none-eabi/bin/../lib/gcc/arm-none-eabi/9.2.1/thumb/v7e-m+fp/hard/crtn.o
                0x20020000                _estack = 0x20020000
                0x00010000                _Min_Heap_Size = 0x10000
                0x00002000                _Min_Stack_Size = 0x2000

.isr_vector     0x08000000      0x1c4
                0x08000000                . = ALIGN (0x4)
 *(.isr_vector)
 .isr_vector    0x08000000      0x1c4 build/startup_stm32f446xx.o
                0x08000000                g_pfnVectors
                0x080001c4                . = ALIGN (0x4)

.text           0x080001d0    0x198f4
                0x080001d0                . = ALIGN (0x4)
 *(.text)
 .text          0x080001d0        0x0 c:/users/mark/documents/mcha3500/mcha3500_windows_toolchain/toolchain/gcc-arm-none-eabi/bin/../lib/gcc/arm-none-eabi/9.2.1/thumb/v7e-m+fp/hard/crti.o
 .text          0x080001d0       0x40 c:/users/mark/documents/mcha3500/mcha3500_windows_toolchain/toolchain/gcc-arm-none-eabi/bin/../lib/gcc/arm-none-eabi/9.2.1/thumb/v7e-m+fp/hard/crtbegin.o
 .text          0x08000210       0x74 c:/users/mark/documents/mcha3500/mcha3500_windows_toolchain/toolchain/gcc-arm-none-eabi/bin/../lib/gcc/arm-none-eabi/9.2.1/../../../../arm-none-eabi/lib/thumb/v7e-m+fp/hard/crt0.o
                0x08000210                _start
                0x08000210                _mainCRTStartup
 .text          0x08000284        0xc build/stm32f4xx_it.o
                0x08000284                NMI_Handler
                0x08000286                HardFault_Handler
                0x08000288                MemManage_Handler
                0x0800028a                BusFault_Handler
                0x0800028c                UsageFault_Handler
                0x0800028e                DebugMon_Handler
 .text          0x08000290       0xc0 build/system_stm32f4xx.o
                0x08000290                SystemInit
                0x080002dc                SystemCoreClockUpdate
 .text          0x08000350      0x104 build/cmd_line_buffer.o
                0x08000350                clb_init
                0x0800035a                clb_is_empty
                0x08000364                clb_is_full
                0x08000372                clb_delc
                0x0800037c                clb_is_cmd_ready
                0x08000394                clb_putc
                0x080003b4                clb_consume_char
                0x080003dc                clb_consume_str
                0x080003f6                clb_gets_at
                0x0800040e                clb_gets
                0x08000414                clb_process
 .text          0x08000454      0x290 build/cmd_parser.o
                0x08000634                cmd_parse
 .text          0x080006e4       0x4c build/cmd_task.o
                0x08000704                cmd_task_init
 .text          0x08000730        0x0 build/main.o
 .text          0x08000730      0x47c build/uart.o
                0x08000730                uart_init
                0x08000a04                __wrap_printf
                0x08000a3c                __io_putchar
                0x08000a6c                __io_getchar
                0x08000a88                _write
                0x08000aa4                _read
                0x08000ab8                _uart_rxne_isr
                0x08000ae0                _uart_txe_isr
                0x08000b18                _uart_error
                0x08000b70                USART2_IRQHandler
 .text          0x08000bac       0xc4 build/heartbeat_task.o
                0x08000bc8                heartbeat_task_init
                0x08000c24                heartbeat_task_start
                0x08000c3c                heartbeat_task_stop
                0x08000c54                heartbeat_task_is_running
                0x08000c60                heartbeat_task_deinit
 .text          0x08000c70       0x70 build/heartbeat_cmd.o
                0x08000c70                heartbeat_cmd
 .text          0x08000ce0       0x84 build/dummy_task.o
                0x08000ce0                dummy_task_init
                0x08000d08                dummy_task_start
                0x08000d20                dummy_task_stop
                0x08000d48                dummy_task_is_running
                0x08000d54                dummy_task_deinit
 *fill*         0x08000d64        0x4 
 .text          0x08000d68      0x868 build/motor.o
                0x08000d68                motor_PWM_init
                0x08000fa8                velocity_adjust
                0x08000ff8                elevation_adjust
                0x08001064                azimuth_adjust
                0x080010d0                servo_adjust
                0x0800111c                motor_encoder_init
                0x08001260                EXTI0_IRQHandler
                0x080012d4                EXTI9_5_IRQHandler
                0x08001358                EXTI15_10_IRQHandler
                0x080013d0                EXTI1_IRQHandler
                0x08001410                EXTI4_IRQHandler
                0x08001450                EXTI2_IRQHandler
                0x0800148c                EXTI3_IRQHandler
                0x080014c8                motor_encoder1_getValue
                0x080014d4                motor_encoder2_getValue
                0x080014e0                motor_encoder3_getValue
                0x080014ec                ele_encoder_getValue
                0x080014f8                ele_encoder_reset
                0x08001530                azi_encoder_getValue
                0x0800153c                motor_encoder_getAngle
                0x08001570                motor_encoder_getRev
                0x08001598                elevation_encoder_getAngle
 .text          0x080015d0      0x108 build/controller.o
                0x080015d0                ctrl_init
                0x080015dc                getControl
                0x080015e8                getEleControl
                0x080015f4                getAziControl
                0x08001600                ctrl_set_yref
                0x0800160c                getReference
                0x08001618                getElevation
                0x08001624                control_set_elevation
                0x08001630                getAzimuth
                0x0800163c                control_set_azimuth
                0x08001648                getServo
                0x08001654                control_Servo
                0x08001660                ctrl_update
                0x08001684                ele_ctrl_update
                0x080016ac                azi_ctrl_update
 .text          0x080016d8      0x7b0 build/control_loop.o
                0x08001d38                control_loop_init
                0x08001d5c                aim_loop_init
                0x08001d98                servo_loop_init
                0x08001dbc                control_timer_start
                0x08001ddc                control_timer_stop
                0x08001dec                aim_timer_start
                0x08001e18                aim_timer_stop
                0x08001e34                servo_timer_start
                0x08001e58                servo_timer_stop
                0x08001e7a                control_set_speed
 .text          0x08001e88     0x16d8 build/qpas_sub_noblas.o
                0x08001e88                printvector
                0x08001f18                printmatrix
                0x08001ffc                qpas_sub_noblas
 .text          0x08003560       0x14 build/startup_stm32f446xx.o
 .text          0x08003574      0x20c build/stm32f4_HAL/stm32f4xx_hal.o
                0x08003574                HAL_MspInit
                0x08003576                HAL_MspDeInit
                0x08003578                HAL_DeInit
                0x080035a4                HAL_InitTick
                0x080035e8                HAL_Init
                0x0800361c                HAL_IncTick
                0x08003634                HAL_GetTick
                0x08003640                HAL_GetTickPrio
                0x0800364c                HAL_SetTickFreq
                0x0800366c                HAL_GetTickFreq
                0x08003678                HAL_Delay
                0x080036a0                HAL_SuspendTick
                0x080036b0                HAL_ResumeTick
                0x080036c0                HAL_GetHalVersion
                0x080036c8                HAL_GetREVID
                0x080036d4                HAL_GetDEVID
                0x080036e4                HAL_DBGMCU_EnableDBGSleepMode
                0x080036f4                HAL_DBGMCU_DisableDBGSleepMode
                0x08003704                HAL_DBGMCU_EnableDBGStopMode
                0x08003714                HAL_DBGMCU_DisableDBGStopMode
                0x08003724                HAL_DBGMCU_EnableDBGStandbyMode
                0x08003734                HAL_DBGMCU_DisableDBGStandbyMode
                0x08003744                HAL_EnableCompensationCell
                0x08003750                HAL_DisableCompensationCell
                0x0800375c                HAL_GetUIDw0
                0x08003768                HAL_GetUIDw1
                0x08003774                HAL_GetUIDw2
 .text          0x08003780      0x630 build/stm32f4_HAL/stm32f4xx_hal_dma.o
                0x080037ac                HAL_DMA_Init
                0x080038ac                HAL_DMA_DeInit
                0x08003900                HAL_DMA_Start
                0x08003954                HAL_DMA_Start_IT
                0x080039c8                HAL_DMA_Abort
                0x08003a50                HAL_DMA_Abort_IT
                0x08003a74                HAL_DMA_PollForTransfer
                0x08003b82                HAL_DMA_IRQHandler
                0x08003cfc                HAL_DMA_RegisterCallback
                0x08003d44                HAL_DMA_UnRegisterCallback
                0x08003da6                HAL_DMA_GetState
                0x08003dac                HAL_DMA_GetError
 .text          0x08003db0      0x9c8 build/stm32f4_HAL/stm32f4xx_hal_adc.o
                0x08003db0                HAL_ADC_MspInit
                0x08003db2                HAL_ADC_Init
                0x08003f00                HAL_ADC_MspDeInit
                0x08003f02                HAL_ADC_DeInit
                0x08003f36                HAL_ADC_Start
                0x08004020                HAL_ADC_Stop
                0x08004056                HAL_ADC_PollForConversion
                0x080040f4                HAL_ADC_PollForEvent
                0x0800415a                HAL_ADC_Start_IT
                0x08004250                HAL_ADC_Stop_IT
                0x08004298                HAL_ADC_Start_DMA
                0x080043bc                HAL_ADC_Stop_DMA
                0x08004416                HAL_ADC_GetValue
                0x0800441c                HAL_ADC_ConvCpltCallback
                0x0800441e                HAL_ADC_ConvHalfCpltCallback
                0x0800442a                HAL_ADC_LevelOutOfWindowCallback
                0x0800442c                HAL_ADC_ErrorCallback
                0x0800442e                HAL_ADC_IRQHandler
                0x080045d8                HAL_ADC_ConfigChannel
                0x08004710                HAL_ADC_AnalogWDGConfig
                0x0800476e                HAL_ADC_GetState
                0x08004772                HAL_ADC_GetError
 .text          0x08004778      0x6ac build/stm32f4_HAL/stm32f4xx_hal_adc_ex.o
                0x080047e8                HAL_ADCEx_InjectedStart
                0x0800489c                HAL_ADCEx_InjectedStart_IT
                0x08004958                HAL_ADCEx_InjectedStop
                0x080049b2                HAL_ADCEx_InjectedPollForConversion
                0x08004a3a                HAL_ADCEx_InjectedStop_IT
                0x08004a9c                HAL_ADCEx_InjectedGetValue
                0x08004ace                HAL_ADCEx_MultiModeStart_DMA
                0x08004bc8                HAL_ADCEx_MultiModeStop_DMA
                0x08004c28                HAL_ADCEx_MultiModeGetValue
                0x08004c34                HAL_ADCEx_InjectedConvCpltCallback
                0x08004c36                HAL_ADCEx_InjectedConfigChannel
                0x08004dd4                HAL_ADCEx_MultiModeConfigChannel
 .text          0x08004e24      0x334 build/stm32f4_HAL/stm32f4xx_hal_gpio.o
                0x08004e24                HAL_GPIO_Init
                0x08004fd4                HAL_GPIO_DeInit
                0x080050f0                HAL_GPIO_ReadPin
                0x080050fc                HAL_GPIO_WritePin
                0x08005106                HAL_GPIO_TogglePin
                0x08005114                HAL_GPIO_LockPin
                0x0800513e                HAL_GPIO_EXTI_Callback
                0x08005140                HAL_GPIO_EXTI_IRQHandler
 .text          0x08005158      0x220 build/stm32f4_HAL/stm32f4xx_ll_gpio.o
                0x08005178                LL_GPIO_DeInit
                0x08005224                LL_GPIO_Init
                0x08005360                LL_GPIO_StructInit
 .text          0x08005378      0x21c build/stm32f4_HAL/stm32f4xx_ll_usart.o
                0x08005378                LL_USART_DeInit
                0x08005438                LL_USART_Init
                0x08005534                LL_USART_StructInit
                0x0800554c                LL_USART_ClockInit
                0x08005586                LL_USART_ClockStructInit
 .text          0x08005594      0x238 build/stm32f4_HAL/stm32f4xx_ll_dma.o
                0x08005594                LL_DMA_DeInit
                0x08005724                LL_DMA_Init
                0x080057a8                LL_DMA_StructInit
 .text          0x080057cc      0x604 build/stm32f4_HAL/stm32f4xx_ll_rcc.o
                0x080057dc                LL_RCC_DeInit
                0x0800588c                LL_RCC_GetCECClockFreq
                0x080058bc                RCC_GetHCLKClockFreq
                0x080058d4                RCC_GetPCLK1ClockFreq
                0x080058ec                RCC_GetPCLK2ClockFreq
                0x08005904                RCC_PLL_GetFreqDomain_SYS
                0x0800594c                RCC_GetSystemClockFreq
                0x0800597c                LL_RCC_GetSystemClocksFreq
                0x0800599c                LL_RCC_GetFMPI2CClockFreq
                0x080059ec                RCC_PLL_GetFreqDomain_48M
                0x08005a28                RCC_PLL_GetFreqDomain_I2S
                0x08005a64                RCC_PLL_GetFreqDomain_SPDIFRX
                0x08005a68                RCC_PLL_GetFreqDomain_SAI
                0x08005a6c                RCC_PLLSAI_GetFreqDomain_SAI
                0x08005abc                RCC_PLLSAI_GetFreqDomain_48M
                0x08005b00                LL_RCC_GetSDIOClockFreq
                0x08005b48                LL_RCC_GetUSBClockFreq
                0x08005b7c                RCC_PLLI2S_GetFreqDomain_SAI
                0x08005bcc                LL_RCC_GetSAIClockFreq
                0x08005c80                RCC_PLLI2S_GetFreqDomain_SPDIFRX
                0x08005cc4                LL_RCC_GetSPDIFRXClockFreq
                0x08005cf8                RCC_PLLI2S_GetFreqDomain_I2S
                0x08005d38                LL_RCC_GetI2SClockFreq
 .text          0x08005dd0     0x31e0 build/stm32f4_HAL/stm32f4xx_hal_i2c.o
                0x080061f4                HAL_I2C_MspInit
                0x080061f6                HAL_I2C_Init
                0x08006344                HAL_I2C_MspDeInit
                0x08006346                HAL_I2C_DeInit
                0x08006378                HAL_I2C_Master_Transmit
                0x08006528                HAL_I2C_Master_Receive
                0x08006808                HAL_I2C_Slave_Transmit
                0x08006968                HAL_I2C_Slave_Receive
                0x08006ae4                HAL_I2C_Master_Transmit_IT
                0x08006b94                HAL_I2C_Master_Receive_IT
                0x08006c4c                HAL_I2C_Slave_Transmit_IT
                0x08006cbc                HAL_I2C_Slave_Receive_IT
                0x08006d2c                HAL_I2C_Master_Transmit_DMA
                0x08006e58                HAL_I2C_Master_Receive_DMA
                0x08006f80                HAL_I2C_Slave_Transmit_DMA
                0x08007040                HAL_I2C_Slave_Receive_DMA
                0x08007100                HAL_I2C_Mem_Write
                0x08007220                HAL_I2C_Mem_Read
                0x08007430                HAL_I2C_Mem_Write_IT
                0x080074ec                HAL_I2C_Mem_Read_IT
                0x080075b8                HAL_I2C_Mem_Write_DMA
                0x08007700                HAL_I2C_Mem_Read_DMA
                0x0800788c                HAL_I2C_IsDeviceReady
                0x080079ec                HAL_I2C_Master_Seq_Transmit_IT
                0x08007abc                HAL_I2C_Master_Seq_Transmit_DMA
                0x08007c30                HAL_I2C_Master_Seq_Receive_IT
                0x08007d3c                HAL_I2C_Master_Seq_Receive_DMA
                0x08007f08                HAL_I2C_Slave_Seq_Transmit_IT
                0x08007f7e                HAL_I2C_Slave_Seq_Transmit_DMA
                0x080080bc                HAL_I2C_Slave_Seq_Receive_IT
                0x08008132                HAL_I2C_Slave_Seq_Receive_DMA
                0x08008270                HAL_I2C_EnableListen_IT
                0x080082a6                HAL_I2C_DisableListen_IT
                0x080082e4                HAL_I2C_MasterTxCpltCallback
                0x080082e6                HAL_I2C_MasterRxCpltCallback
                0x080082e8                HAL_I2C_SlaveTxCpltCallback
                0x080082ea                HAL_I2C_SlaveRxCpltCallback
                0x080082ec                HAL_I2C_AddrCallback
                0x080082ee                HAL_I2C_ListenCpltCallback
                0x080082f0                HAL_I2C_MemTxCpltCallback
                0x080082f2                HAL_I2C_MemRxCpltCallback
                0x080082f4                HAL_I2C_ErrorCallback
                0x08008442                HAL_I2C_AbortCpltCallback
                0x08008614                HAL_I2C_Master_Abort_IT
                0x08008660                HAL_I2C_EV_IRQHandler
                0x08008e6c                HAL_I2C_ER_IRQHandler
                0x08008fa0                HAL_I2C_GetState
                0x08008fa6                HAL_I2C_GetMode
                0x08008fac                HAL_I2C_GetError
 .text          0x08008fb0       0x7c build/stm32f4_HAL/stm32f4xx_hal_i2c_ex.o
                0x08008fb0                HAL_I2CEx_ConfigAnalogFilter
                0x08008fee                HAL_I2CEx_ConfigDigitalFilter
 .text          0x0800902c     0x1dec build/stm32f4_HAL/stm32f4xx_hal_tim.o
                0x08009148                HAL_TIM_Base_MspInit
                0x0800914a                HAL_TIM_Base_MspDeInit
                0x0800914c                HAL_TIM_Base_DeInit
                0x08009186                HAL_TIM_Base_Start
                0x080091aa                HAL_TIM_Base_Stop
                0x080091d8                HAL_TIM_Base_Start_IT
                0x080091f8                HAL_TIM_Base_Stop_IT
                0x08009222                HAL_TIM_Base_Start_DMA
                0x0800928c                HAL_TIM_Base_Stop_DMA
                0x080092c8                HAL_TIM_OC_MspInit
                0x080092ca                HAL_TIM_OC_MspDeInit
                0x080092cc                HAL_TIM_OC_DeInit
                0x08009306                HAL_TIM_PWM_MspInit
                0x08009308                HAL_TIM_PWM_MspDeInit
                0x0800930a                HAL_TIM_PWM_DeInit
                0x08009344                HAL_TIM_IC_MspInit
                0x08009346                HAL_TIM_IC_MspDeInit
                0x08009348                HAL_TIM_IC_DeInit
                0x08009382                HAL_TIM_OnePulse_MspInit
                0x08009384                HAL_TIM_OnePulse_MspDeInit
                0x08009386                HAL_TIM_OnePulse_DeInit
                0x080093c0                HAL_TIM_OnePulse_Start
                0x08009400                HAL_TIM_OnePulse_Stop
                0x08009468                HAL_TIM_OnePulse_Start_IT
                0x080094b8                HAL_TIM_OnePulse_Stop_IT
                0x08009530                HAL_TIM_Encoder_MspInit
                0x08009532                HAL_TIM_Encoder_MspDeInit
                0x08009534                HAL_TIM_Encoder_DeInit
                0x0800956e                HAL_TIM_Encoder_Start
                0x080095b2                HAL_TIM_Encoder_Stop
                0x080095fa                HAL_TIM_Encoder_Start_IT
                0x08009668                HAL_TIM_Encoder_Stop_IT
                0x080096dc                HAL_TIM_Encoder_Start_DMA
                0x0800981c                HAL_TIM_Encoder_Stop_DMA
                0x080098ae                HAL_TIM_DMABurst_WriteStart
                0x0800998c                HAL_TIM_DMABurst_WriteStop
                0x080099f0                HAL_TIM_DMABurst_ReadStart
                0x08009ad4                HAL_TIM_DMABurst_ReadStop
                0x08009ad8                HAL_TIM_GenerateEvent
                0x08009afc                HAL_TIM_ConfigTI1Input
                0x08009b0c                HAL_TIM_ReadCapturedValue
                0x08009b38                HAL_TIM_PeriodElapsedCallback
                0x08009b4a                HAL_TIM_PeriodElapsedHalfCpltCallback
                0x08009b5c                HAL_TIM_OC_DelayElapsedCallback
                0x08009b5e                HAL_TIM_IC_CaptureCallback
                0x08009b60                TIM_DMACaptureCplt
                0x08009b9c                HAL_TIM_IC_CaptureHalfCpltCallback
                0x08009b9e                TIM_DMACaptureHalfCplt
                0x08009bda                HAL_TIM_PWM_PulseFinishedCallback
                0x08009bdc                TIM_DMADelayPulseCplt
                0x08009c18                HAL_TIM_PWM_PulseFinishedHalfCpltCallback
                0x08009c1a                TIM_DMADelayPulseHalfCplt
                0x08009c56                HAL_TIM_TriggerCallback
                0x08009c58                HAL_TIM_IRQHandler
                0x08009dac                HAL_TIM_TriggerHalfCpltCallback
                0x08009dbe                HAL_TIM_ErrorCallback
                0x08009dc0                TIM_DMAError
                0x08009dd0                HAL_TIM_Base_GetState
                0x08009dd6                HAL_TIM_OC_GetState
                0x08009ddc                HAL_TIM_PWM_GetState
                0x08009de2                HAL_TIM_IC_GetState
                0x08009de8                HAL_TIM_OnePulse_GetState
                0x08009dee                HAL_TIM_Encoder_GetState
                0x08009df4                TIM_Base_SetConfig
                0x08009ec0                HAL_TIM_Base_Init
                0x08009ef4                HAL_TIM_OC_Init
                0x08009f28                HAL_TIM_PWM_Init
                0x08009f5c                HAL_TIM_IC_Init
                0x08009f90                HAL_TIM_OnePulse_Init
                0x08009fd6                HAL_TIM_Encoder_Init
                0x0800a06c                TIM_OC2_SetConfig
                0x0800a0d8                HAL_TIM_OC_ConfigChannel
                0x0800a130                HAL_TIM_PWM_ConfigChannel
                0x0800a1f0                TIM_TI1_SetConfig
                0x0800a264                HAL_TIM_IC_ConfigChannel
                0x0800a378                HAL_TIM_OnePulse_ConfigChannel
                0x0800a46e                TIM_ETR_SetConfig
                0x0800a482                HAL_TIM_ConfigOCrefClear
                0x0800a54a                HAL_TIM_ConfigClockSource
                0x0800a716                HAL_TIM_SlaveConfigSynchro
                0x0800a764                HAL_TIM_SlaveConfigSynchro_IT
                0x0800a7b2                TIM_CCxChannelCmd
                0x0800a7ce                HAL_TIM_OC_Start
                0x0800a80c                HAL_TIM_PWM_Start
                0x0800a810                HAL_TIM_OC_Stop
                0x0800a86c                HAL_TIM_OC_Start_IT
                0x0800a8dc                HAL_TIM_PWM_Start_IT
                0x0800a8e0                HAL_TIM_OC_Stop_IT
                0x0800a970                HAL_TIM_PWM_Stop_IT
                0x0800a974                HAL_TIM_OC_Start_DMA
                0x0800aa84                HAL_TIM_PWM_Start_DMA
                0x0800aa88                HAL_TIM_OC_Stop_DMA
                0x0800ab38                HAL_TIM_PWM_Stop_DMA
                0x0800ab3c                HAL_TIM_PWM_Stop
                0x0800aba0                HAL_TIM_IC_Start
                0x0800abc4                HAL_TIM_IC_Stop
                0x0800abf2                HAL_TIM_IC_Start_IT
                0x0800ac48                HAL_TIM_IC_Stop_IT
                0x0800aca8                HAL_TIM_IC_Start_DMA
                0x0800ad98                HAL_TIM_IC_Stop_DMA
 .text          0x0800ae18      0x814 build/stm32f4_HAL/stm32f4xx_hal_tim_ex.o
                0x0800ae34                HAL_TIMEx_HallSensor_MspInit
                0x0800ae36                HAL_TIMEx_HallSensor_Init
                0x0800aee4                HAL_TIMEx_HallSensor_MspDeInit
                0x0800aee6                HAL_TIMEx_HallSensor_DeInit
                0x0800af20                HAL_TIMEx_HallSensor_Start
                0x0800af46                HAL_TIMEx_HallSensor_Stop
                0x0800af76                HAL_TIMEx_HallSensor_Start_IT
                0x0800afa4                HAL_TIMEx_HallSensor_Stop_IT
                0x0800afdc                HAL_TIMEx_HallSensor_Start_DMA
                0x0800b058                HAL_TIMEx_HallSensor_Stop_DMA
                0x0800b098                HAL_TIMEx_OCN_Start
                0x0800b0c4                HAL_TIMEx_OCN_Stop
                0x0800b10e                HAL_TIMEx_OCN_Start_IT
                0x0800b164                HAL_TIMEx_OCN_Stop_IT
                0x0800b1e2                HAL_TIMEx_OCN_Start_DMA
                0x0800b2b4                HAL_TIMEx_OCN_Stop_DMA
                0x0800b33a                HAL_TIMEx_PWMN_Start
                0x0800b33e                HAL_TIMEx_PWMN_Stop
                0x0800b342                HAL_TIMEx_PWMN_Start_IT
                0x0800b346                HAL_TIMEx_PWMN_Stop_IT
                0x0800b34a                HAL_TIMEx_PWMN_Start_DMA
                0x0800b34e                HAL_TIMEx_PWMN_Stop_DMA
                0x0800b352                HAL_TIMEx_OnePulseN_Start
                0x0800b36c                HAL_TIMEx_OnePulseN_Stop
                0x0800b370                HAL_TIMEx_OnePulseN_Start_IT
                0x0800b39a                HAL_TIMEx_OnePulseN_Stop_IT
                0x0800b3f4                HAL_TIMEx_ConfigCommutEvent
                0x0800b44e                HAL_TIMEx_ConfigCommutEvent_IT
                0x0800b4a8                HAL_TIMEx_ConfigCommutEvent_DMA
                0x0800b51c                HAL_TIMEx_MasterConfigSynchronization
                0x0800b598                HAL_TIMEx_ConfigBreakDeadTime
                0x0800b5e4                HAL_TIMEx_RemapConfig
                0x0800b5fe                HAL_TIMEx_CommutCallback
                0x0800b600                TIMEx_DMACommutationCplt
                0x0800b610                HAL_TIMEx_CommutHalfCpltCallback
                0x0800b612                TIMEx_DMACommutationHalfCplt
                0x0800b622                HAL_TIMEx_BreakCallback
                0x0800b624                HAL_TIMEx_HallSensor_GetState
 .text          0x0800b62c        0x0 build/stm32f4_HAL/stm32f4xx_hal_rtc.o
 .text          0x0800b62c      0x6d4 build/stm32f4_HAL/stm32f4xx_hal_rcc.o
                0x0800b97e                HAL_RCC_MCOConfig
                0x0800ba18                HAL_RCC_EnableCSS
                0x0800ba24                HAL_RCC_DisableCSS
                0x0800ba8c                HAL_RCC_ClockConfig
                0x0800bbc4                HAL_RCC_GetHCLKFreq
                0x0800bbd0                HAL_RCC_GetPCLK1Freq
                0x0800bbf0                HAL_RCC_GetPCLK2Freq
                0x0800bca4                HAL_RCC_GetClockConfig
                0x0800bce0                HAL_RCC_CSSCallback
                0x0800bce2                HAL_RCC_NMI_IRQHandler
 .text          0x0800bd00      0xdc8 build/stm32f4_HAL/stm32f4xx_hal_rcc_ex.o
                0x0800bd00                HAL_RCCEx_PeriphCLKConfig
                0x0800c118                HAL_RCCEx_GetPeriphCLKConfig
                0x0800c214                HAL_RCCEx_GetPeriphCLKFreq
                0x0800c3bc                HAL_RCCEx_SelectLSEMode
                0x0800c3d4                HAL_RCCEx_EnablePLLI2S
                0x0800c448                HAL_RCCEx_DisablePLLI2S
                0x0800c47c                HAL_RCCEx_EnablePLLSAI
                0x0800c4e8                HAL_RCCEx_DisablePLLSAI
                0x0800c51c                HAL_RCC_GetSysClockFreq
                0x0800c5ac                HAL_RCC_DeInit
                0x0800c700                HAL_RCC_OscConfig
                0x0800ca2c                HAL_RCC_GetOscConfig
 .text          0x0800cac8      0x1ac build/stm32f4_HAL/stm32f4xx_hal_pwr.o
                0x0800cac8                HAL_PWR_DeInit
                0x0800cae0                HAL_PWR_EnableBkUpAccess
                0x0800caec                HAL_PWR_DisableBkUpAccess
                0x0800caf8                HAL_PWR_ConfigPVD
                0x0800cb68                HAL_PWR_EnablePVD
                0x0800cb74                HAL_PWR_DisablePVD
                0x0800cb80                HAL_PWR_EnableWakeUpPin
                0x0800cb90                HAL_PWR_DisableWakeUpPin
                0x0800cba0                HAL_PWR_EnterSLEEPMode
                0x0800cbc0                HAL_PWR_EnterSTOPMode
                0x0800cbf8                HAL_PWR_EnterSTANDBYMode
                0x0800cc18                HAL_PWR_PVDCallback
                0x0800cc1a                HAL_PWR_PVD_IRQHandler
                0x0800cc34                HAL_PWR_EnableSleepOnExit
                0x0800cc44                HAL_PWR_DisableSleepOnExit
                0x0800cc54                HAL_PWR_EnableSEVOnPend
                0x0800cc64                HAL_PWR_DisableSEVOnPend
 .text          0x0800cc74      0x298 build/stm32f4_HAL/stm32f4xx_hal_pwr_ex.o
                0x0800cc74                HAL_PWREx_EnableBkUpReg
                0x0800cca8                HAL_PWREx_DisableBkUpReg
                0x0800ccdc                HAL_PWREx_EnableFlashPowerDown
                0x0800cce8                HAL_PWREx_DisableFlashPowerDown
                0x0800ccf4                HAL_PWREx_GetVoltageRange
                0x0800cd04                HAL_PWREx_ControlVoltageScaling
                0x0800cdb4                HAL_PWREx_EnableOverDrive
                0x0800ce2c                HAL_PWREx_DisableOverDrive
                0x0800cea4                HAL_PWREx_EnterUnderDriveSTOPMode
 .text          0x0800cf0c      0x2c8 build/stm32f4_HAL/stm32f4xx_hal_cortex.o
                0x0800cf0c                HAL_NVIC_SetPriorityGrouping
                0x0800cf30                HAL_NVIC_SetPriority
                0x0800cf94                HAL_NVIC_EnableIRQ
                0x0800cfb0                HAL_NVIC_DisableIRQ
                0x0800cfd8                HAL_NVIC_SystemReset
                0x0800cffc                HAL_SYSTICK_Config
                0x0800d028                HAL_MPU_Disable
                0x0800d048                HAL_MPU_Enable
                0x0800d06c                HAL_MPU_ConfigRegion
                0x0800d0bc                HAL_NVIC_GetPriorityGrouping
                0x0800d0cc                HAL_NVIC_GetPriority
                0x0800d128                HAL_NVIC_SetPendingIRQ
                0x0800d148                HAL_NVIC_GetPendingIRQ
                0x0800d16c                HAL_NVIC_ClearPendingIRQ
                0x0800d18c                HAL_NVIC_GetActive
                0x0800d1b0                HAL_SYSTICK_CLKSourceConfig
                0x0800d1c8                HAL_SYSTICK_Callback
                0x0800d1ca                HAL_SYSTICK_IRQHandler
 .text          0x0800d1d4     0x1820 build/stm32f4_HAL/stm32f4xx_hal_spi.o
                0x0800d378                HAL_SPI_MspInit
                0x0800d37a                HAL_SPI_Init
                0x0800d3fe                HAL_SPI_MspDeInit
                0x0800d400                HAL_SPI_DeInit
                0x0800d42c                HAL_SPI_Transmit
                0x0800d5a6                HAL_SPI_TransmitReceive
                0x0800d826                HAL_SPI_Receive
                0x0800d9e6                HAL_SPI_Transmit_IT
                0x0800da8c                HAL_SPI_TransmitReceive_IT
                0x0800db54                HAL_SPI_Receive_IT
                0x0800dc1c                HAL_SPI_Transmit_DMA
                0x0800dcf4                HAL_SPI_TransmitReceive_DMA
                0x0800de18                HAL_SPI_Receive_DMA
                0x0800df14                HAL_SPI_Abort
                0x0800e03c                HAL_SPI_DMAPause
                0x0800e05c                HAL_SPI_DMAResume
                0x0800e07c                HAL_SPI_DMAStop
                0x0800e0c2                HAL_SPI_TxCpltCallback
                0x0800e0c4                HAL_SPI_RxCpltCallback
                0x0800e0c6                HAL_SPI_TxRxCpltCallback
                0x0800e0c8                HAL_SPI_TxHalfCpltCallback
                0x0800e0d4                HAL_SPI_RxHalfCpltCallback
                0x0800e0e0                HAL_SPI_TxRxHalfCpltCallback
                0x0800e0ec                HAL_SPI_ErrorCallback
                0x0800e6ae                HAL_SPI_IRQHandler
                0x0800e7c8                HAL_SPI_AbortCpltCallback
                0x0800e7ca                HAL_SPI_Abort_IT
                0x0800e9e8                HAL_SPI_GetState
                0x0800e9ee                HAL_SPI_GetError
 .text          0x0800e9f4        0x0 build/stm32f4_HAL/stm32f4xx_hal_dac.o
 .text          0x0800e9f4        0x0 build/stm32f4_HAL/stm32f4xx_hal_dac_ex.o
 .text          0x0800e9f4        0x0 build/stm32f4_HAL/stm32f4xx_hal_can.o
 .text          0x0800e9f4        0x0 build/FreeRTOS/croutine.o
 .text          0x0800e9f4      0x274 build/FreeRTOS/event_groups.o
                0x0800e9f4                xEventGroupCreateStatic
                0x0800ea0c                xEventGroupCreate
                0x0800ea28                xEventGroupWaitBits
                0x0800eae0                xEventGroupClearBits
                0x0800eafa                vEventGroupClearBitsCallback
                0x0800eafe                xEventGroupClearBitsFromISR
                0x0800eb10                xEventGroupGetBitsFromISR
                0x0800eb2c                xEventGroupSetBits
                0x0800eb88                xEventGroupSync
                0x0800ec1c                vEventGroupSetBitsCallback
                0x0800ec20                vEventGroupDelete
                0x0800ec4a                xEventGroupSetBitsFromISR
                0x0800ec5c                uxEventGroupGetNumber
                0x0800ec62                vEventGroupSetNumber
 .text          0x0800ec68       0x82 build/FreeRTOS/list.o
                0x0800ec68                vListInitialise
                0x0800ec7e                vListInitialiseItem
                0x0800ec84                vListInsertEnd
                0x0800ec9c                vListInsert
                0x0800ecca                uxListRemove
 *fill*         0x0800ecea        0x2 
 .text          0x0800ecec      0x8fc build/FreeRTOS/queue.o
                0x0800ee08                xQueueGenericReset
                0x0800ee74                xQueueGenericCreateStatic
                0x0800eea0                xQueueGenericCreate
                0x0800eeda                xQueueGetMutexHolder
                0x0800eef4                xQueueGetMutexHolderFromISR
                0x0800ef00                xQueueCreateCountingSemaphoreStatic
                0x0800ef1a                xQueueCreateCountingSemaphore
                0x0800ef2c                xQueueGenericSend
                0x0800f030                xQueueCreateMutexStatic
                0x0800f05a                xQueueGiveMutexRecursive
                0x0800f082                xQueueCreateMutex
                0x0800f0a6                xQueueGenericSendFromISR
                0x0800f110                xQueueGiveFromISR
                0x0800f16c                xQueueReceive
                0x0800f25c                xQueueSemaphoreTake
                0x0800f384                xQueueTakeMutexRecursive
                0x0800f3b4                xQueuePeek
                0x0800f4a4                xQueueReceiveFromISR
                0x0800f50c                xQueuePeekFromISR
                0x0800f53c                uxQueueMessagesWaiting
                0x0800f552                uxQueueSpacesAvailable
                0x0800f56c                uxQueueMessagesWaitingFromISR
                0x0800f570                vQueueDelete
                0x0800f57c                uxQueueGetQueueNumber
                0x0800f580                vQueueSetQueueNumber
                0x0800f584                ucQueueGetQueueType
                0x0800f58a                xQueueIsQueueEmptyFromISR
                0x0800f594                xQueueIsQueueFullFromISR
                0x0800f5a0                vQueueWaitForMessageRestricted
 .text          0x0800f5e8     0x12d4 build/FreeRTOS/tasks.o
                0x0800f8b8                xTaskCreateStatic
                0x0800f8ec                xTaskCreate
                0x0800f948                vTaskDelete
                0x0800f9cc                eTaskGetState
                0x0800fa34                uxTaskPriorityGet
                0x0800fa54                uxTaskPriorityGetFromISR
                0x0800fa7c                vTaskPrioritySet
                0x0800fb2c                vTaskResume
                0x0800fbb0                xTaskResumeFromISR
                0x0800fc38                vTaskStartScheduler
                0x0800fcb0                vTaskEndScheduler
                0x0800fcd0                vTaskSuspendAll
                0x0800fce4                xTaskGetTickCount
                0x0800fcf0                xTaskGetTickCountFromISR
                0x0800fcfc                uxTaskGetNumberOfTasks
                0x0800fd08                pcTaskGetName
                0x0800fd18                xTaskIncrementTick
                0x0800fdfc                xTaskResumeAll
                0x0800fec0                vTaskDelayUntil
                0x0800ff10                vTaskDelay
                0x0800ff40                xTaskCatchUpTicks
                0x0800ff60                vTaskSwitchContext
                0x0800ffc4                vTaskSuspend
                0x08010054                vTaskPlaceOnEventList
                0x08010074                vTaskPlaceOnUnorderedEventList
                0x0801009c                vTaskPlaceOnEventListRestricted
                0x080100c4                xTaskRemoveFromEventList
                0x0801012c                vTaskRemoveFromUnorderedEventList
                0x08010180                vTaskSetTimeOutState
                0x080101a4                vTaskInternalSetTimeOutState
                0x080101b8                xTaskCheckForTimeOut
                0x08010208                vTaskMissedYield
                0x08010218                uxTaskGetTaskNumber
                0x0801021e                vTaskSetTaskNumber
                0x08010224                vTaskGetInfo
                0x080102fe                uxTaskGetSystemState
                0x08010394                uxTaskGetStackHighWaterMark
                0x080103b4                xTaskGetCurrentTaskHandle
                0x080103c0                xTaskGetSchedulerState
                0x080103e0                xTaskPriorityInherit
                0x08010460                xTaskPriorityDisinherit
                0x080104bc                vTaskPriorityDisinheritAfterTimeout
                0x0801052c                uxTaskResetEventItemValue
                0x08010544                pvTaskIncrementMutexHeldCount
                0x0801055c                ulTaskNotifyTake
                0x080105c8                xTaskNotifyWait
                0x0801065c                xTaskGenericNotify
                0x0801070c                xTaskGenericNotifyFromISR
                0x080107cc                vTaskNotifyGiveFromISR
                0x0801085c                xTaskNotifyStateClear
                0x08010888                ulTaskNotifyValueClear
 .text          0x080108bc      0x49c build/FreeRTOS/timers.o
                0x08010938                xTimerCreateTimerTask
                0x08010988                xTimerCreate
                0x080109ce                xTimerCreateStatic
                0x08010a0e                xTimerGenericCommand
                0x08010c60                xTimerGetTimerDaemonTaskHandle
                0x08010c6c                xTimerGetPeriod
                0x08010c70                vTimerSetReloadMode
                0x08010c96                uxTimerGetReloadMode
                0x08010cb2                xTimerGetExpiryTime
                0x08010cb6                pcTimerGetName
                0x08010cba                xTimerIsTimerActive
                0x08010cd6                pvTimerGetTimerID
                0x08010cec                vTimerSetTimerID
                0x08010d00                xTimerPendFunctionCallFromISR
                0x08010d28                xTimerPendFunctionCall
                0x08010d50                uxTimerGetTimerNumber
                0x08010d54                vTimerSetTimerNumber
 .text          0x08010d58      0x532 build/FreeRTOS/stream_buffer.o
                0x08010df8                xStreamBufferGenericCreate
                0x08010e34                xStreamBufferGenericCreateStatic
                0x08010e74                vStreamBufferDelete
                0x08010e86                xStreamBufferReset
                0x08010ecc                xStreamBufferSetTriggerLevel
                0x08010ee0                xStreamBufferSpacesAvailable
                0x08010ef4                xStreamBufferBytesAvailable
                0x08010ef6                xStreamBufferSend
                0x08010fd4                xStreamBufferSendFromISR
                0x08011068                xStreamBufferReceive
                0x08011120                xStreamBufferNextMessageLengthBytes
                0x0801114e                xStreamBufferReceiveFromISR
                0x080111e2                xStreamBufferIsEmpty
                0x080111ee                xStreamBufferIsFull
                0x0801120a                xStreamBufferSendCompletedFromISR
                0x08011242                xStreamBufferReceiveCompletedFromISR
                0x0801127a                uxStreamBufferGetStreamBufferNumber
                0x0801127e                vStreamBufferSetStreamBufferNumber
                0x08011282                ucStreamBufferGetStreamBufferType
 *fill*         0x0801128a        0x2 
 .text          0x0801128c     0x1160 build/FreeRTOS/cmsis_os2.o
                0x080112ca                SysTick_Handler
                0x080112e8                osKernelInitialize
                0x08011314                osKernelGetInfo
                0x08011340                osKernelGetState
                0x08011360                osKernelStart
                0x080113a0                osKernelLock
                0x080113cc                osKernelUnlock
                0x08011404                osKernelRestoreLock
                0x08011448                osKernelGetTickCount
                0x08011460                osKernelGetTickFreq
                0x08011466                osKernelGetSysTimerCount
                0x080114a6                osKernelGetSysTimerFreq
                0x080114b0                osThreadNew
                0x0801154e                osThreadGetName
                0x08011568                osThreadGetId
                0x0801156c                osThreadGetState
                0x08011594                osThreadGetStackSpace
                0x080115ae                osThreadSetPriority
                0x080115dc                osThreadGetPriority
                0x080115f8                osThreadYield
                0x0801161c                osThreadSuspend
                0x08011640                osThreadResume
                0x08011664                osThreadExit
                0x0801166e                osThreadTerminate
                0x080116a2                osThreadGetCount
                0x080116b6                osThreadEnumerate
                0x08011720                osThreadFlagsSet
                0x080117a0                osThreadFlagsClear
                0x080117f0                osThreadFlagsGet
                0x0801181e                osThreadFlagsWait
                0x080118b8                osDelay
                0x080118d6                osDelayUntil
                0x08011906                osTimerNew
                0x08011984                osTimerGetName
                0x0801199e                osTimerStart
                0x080119d4                osTimerStop
                0x08011a16                osTimerIsRunning
                0x08011a30                osTimerDelete
                0x08011a76                osEventFlagsNew
                0x08011aa2                osEventFlagsSet
                0x08011afc                osEventFlagsClear
                0x08011b42                osEventFlagsGet
                0x08011b64                osEventFlagsWait
                0x08011bc8                osEventFlagsDelete
                0x08011bec                osMutexNew
                0x08011c46                osMutexAcquire
                0x08011c8c                osMutexRelease
                0x08011ccc                osMutexGetOwner
                0x08011ce8                osMutexDelete
                0x08011d0e                osSemaphoreNew
                0x08011d9c                osSemaphoreAcquire
                0x08011e00                osSemaphoreRelease
                0x08011e58                osSemaphoreGetCount
                0x08011e7a                osSemaphoreDelete
                0x08011e9e                osMessageQueueNew
                0x08011f02                osMessageQueuePut
                0x08011f70                osMessageQueueGet
                0x08011fdc                osMessageQueueGetCapacity
                0x08011fe2                osMessageQueueGetMsgSize
                0x08011fe8                osMessageQueueGetCount
                0x08011fec                osMessageQueueGetSpace
                0x08012022                osMessageQueueReset
                0x08012048                osMessageQueueDelete
                0x0801204c                osMemoryPoolNew
                0x08012140                osMemoryPoolGetName
                0x08012156                osMemoryPoolAlloc
                0x0801220c                osMemoryPoolFree
                0x080122c8                osMemoryPoolGetCapacity
                0x080122e0                osMemoryPoolGetBlockSize
                0x080122f8                osMemoryPoolGetCount
                0x08012328                osMemoryPoolGetSpace
                0x08012358                osMemoryPoolDelete
                0x080123b4                vApplicationGetIdleTaskMemory
                0x080123d0                vApplicationGetTimerTaskMemory
 .text          0x080123ec        0x2 build/FreeRTOS/clib_arm.o
                0x080123ec                software_init_hook
 *fill*         0x080123ee        0x2 
 .text          0x080123f0       0xe0 build/FreeRTOS/os_systick.o
                0x080123f0                OS_Tick_Setup
                0x08012430                OS_Tick_Enable
                0x0801245c                OS_Tick_Disable
                0x08012488                OS_Tick_AcknowledgeIRQ
                0x08012494                OS_Tick_GetIRQn
                0x0801249a                OS_Tick_GetClock
                0x080124a4                OS_Tick_GetInterval
                0x080124b0                OS_Tick_GetCount
                0x080124c0                OS_Tick_GetOverflow
 .text          0x080124d0       0x8c build/FreeRTOS/heap_useNewlib.o
                0x080124d0                sbrk
                0x08012520                _sbrk
                0x08012524                __malloc_lock
                0x08012528                __malloc_unlock
                0x0801252c                __env_lock
                0x08012530                __env_unlock
                0x08012534                pvPortMalloc
                0x08012538                vPortFree
                0x0801253c                xPortGetFreeHeapSize
                0x08012558                vPortInitialiseBlocks
 *fill*         0x0801255c        0x4 
 .text          0x08012560      0x1f8 build/FreeRTOS/port.o
                0x080125b0                pxPortInitialiseStack
                0x080125dc                SVC_Handler
                0x08012604                vPortEndScheduler
                0x08012606                vPortEnterCritical
                0x08012624                vPortExitCritical
                0x08012638                PendSV_Handler
                0x080126a4                xPortSysTickHandler
                0x080126d4                vPortSetupTimerInterrupt
                0x08012708                xPortStartScheduler
 .text          0x08012758      0x308 build/tm_stm32_gpio.o
                0x08012758                TM_GPIO_DeInit
                0x080127a0                TM_GPIO_SetPinAsInput
                0x080127c4                TM_GPIO_SetPinAsOutput
                0x080127f0                TM_GPIO_SetPinAsAnalog
                0x08012812                TM_GPIO_SetPinAsAlternate
                0x0801283e                TM_GPIO_SetPullResistor
                0x08012868                TM_GPIO_Lock
                0x08012878                TM_GPIO_GetPinSource
                0x0801288c                TM_GPIO_GetPortSource
                0x0801289a                TM_GPIO_INT_EnableClock
                0x080128bc                TM_GPIO_INT_DisableClock
                0x080128e0                TM_GPIO_INT_Init
                0x08012994                TM_GPIO_Init
                0x080129c6                TM_GPIO_InitAlternate
                0x08012a2c                TM_GPIO_GetUsedPins
                0x08012a44                TM_GPIO_GetFreePins
 .text          0x08012a60      0x424 build/tm_stm32_i2c.o
                0x08012a60                TM_I2C_GetHandle
                0x08012a98                TM_I2C_Read
                0x08012adc                TM_I2C_ReadMulti
                0x08012b22                TM_I2C_ReadNoRegister
                0x08012b48                TM_I2C_ReadMultiNoRegister
                0x08012b72                TM_I2C_Write
                0x08012ba2                TM_I2C_WriteMulti
                0x08012bd8                TM_I2C_WriteNoRegister
                0x08012c02                TM_I2C_WriteMultiNoRegister
                0x08012c2c                TM_I2C_Write16
                0x08012c5e                TM_I2C_Read16
                0x08012ca6                TM_I2C_IsDeviceConnected
                0x08012cbc                TM_I2C_WriteReadRepeatedStart
                0x08012d0e                TM_I2C_InitCustomPinsCallback
                0x08012d10                TM_I2C_Init
 .text          0x08012e84      0x390 build/tm_stm32_mpu6050.o
                0x08012e84                TM_MPU6050_SetGyroscope
                0x08012eec                TM_MPU6050_SetAccelerometer
                0x08012f4c                TM_MPU6050_SetDataRate
                0x08012f68                TM_MPU6050_Init
                0x08013000                TM_MPU6050_EnableInterrupts
                0x08013040                TM_MPU6050_DisableInterrupts
                0x0801305c                TM_MPU6050_ReadInterrupts
                0x08013088                TM_MPU6050_ReadAccelerometer
                0x080130d0                TM_MPU6050_ReadGyroscope
                0x08013118                TM_MPU6050_ReadTemperature
                0x08013168                TM_MPU6050_ReadAll
 .text          0x08013214        0x0 c:/users/mark/documents/mcha3500/mcha3500_windows_toolchain/toolchain/gcc-arm-none-eabi/bin/../lib/gcc/arm-none-eabi/9.2.1/../../../../arm-none-eabi/lib/thumb/v7e-m+fp/hard\libm.a(lib_a-wf_sqrt.o)
 .text          0x08013214        0x0 c:/users/mark/documents/mcha3500/mcha3500_windows_toolchain/toolchain/gcc-arm-none-eabi/bin/../lib/gcc/arm-none-eabi/9.2.1/../../../../arm-none-eabi/lib/thumb/v7e-m+fp/hard\libm.a(lib_a-ef_sqrt.o)
 .text          0x08013214        0x0 c:/users/mark/documents/mcha3500/mcha3500_windows_toolchain/toolchain/gcc-arm-none-eabi/bin/../lib/gcc/arm-none-eabi/9.2.1/../../../../arm-none-eabi/lib/thumb/v7e-m+fp/hard\libm.a(lib_a-s_lib_ver.o)
 .text          0x08013214        0x0 c:/users/mark/documents/mcha3500/mcha3500_windows_toolchain/toolchain/gcc-arm-none-eabi/bin/../lib/gcc/arm-none-eabi/9.2.1/../../../../arm-none-eabi/lib/thumb/v7e-m+fp/hard\libm.a(lib_a-s_matherr.o)
 .text          0x08013214      0x254 c:/users/mark/documents/mcha3500/mcha3500_windows_toolchain/toolchain/gcc-arm-none-eabi/bin/../lib/gcc/arm-none-eabi/9.2.1/thumb/v7e-m+fp/hard\libgcc.a(_arm_muldf3.o)
 .text          0x08013468      0x378 c:/users/mark/documents/mcha3500/mcha3500_windows_toolchain/toolchain/gcc-arm-none-eabi/bin/../lib/gcc/arm-none-eabi/9.2.1/thumb/v7e-m+fp/hard\libgcc.a(_arm_addsubdf3.o)
                0x08013468                __aeabi_drsub
                0x08013470                __aeabi_dsub
                0x08013470                __subdf3
                0x08013474                __aeabi_dadd
                0x08013474                __adddf3
                0x080136ec                __floatunsidf
                0x080136ec                __aeabi_ui2d
                0x0801370c                __floatsidf
                0x0801370c                __aeabi_i2d
                0x08013730                __aeabi_f2d
                0x08013730                __extendsfdf2
                0x08013774                __floatundidf
                0x08013774                __aeabi_ul2d
                0x08013784                __floatdidf
                0x08013784                __aeabi_l2d
 .text          0x080137e0      0x424 c:/users/mark/documents/mcha3500/mcha3500_windows_toolchain/toolchain/gcc-arm-none-eabi/bin/../lib/gcc/arm-none-eabi/9.2.1/thumb/v7e-m+fp/hard\libgcc.a(_arm_muldivdf3.o)
                0x080137e0                __aeabi_dmul
                0x080137e0                __muldf3
                0x08013a34                __divdf3
                0x08013a34                __aeabi_ddiv
 .text          0x08013c04      0x110 c:/users/mark/documents/mcha3500/mcha3500_windows_toolchain/toolchain/gcc-arm-none-eabi/bin/../lib/gcc/arm-none-eabi/9.2.1/thumb/v7e-m+fp/hard\libgcc.a(_arm_cmpdf2.o)
                0x08013c04                __gtdf2
                0x08013c04                __gedf2
                0x08013c0c                __ltdf2
                0x08013c0c                __ledf2
                0x08013c14                __nedf2
                0x08013c14                __eqdf2
                0x08013c14                __cmpdf2
                0x08013c90                __aeabi_cdrcmple
                0x08013ca0                __aeabi_cdcmpeq
                0x08013ca0                __aeabi_cdcmple
                0x08013cb0                __aeabi_dcmpeq
                0x08013cc4                __aeabi_dcmplt
                0x08013cd8                __aeabi_dcmple
                0x08013cec                __aeabi_dcmpge
                0x08013d00                __aeabi_dcmpgt
 .text          0x08013d14       0xa0 c:/users/mark/documents/mcha3500/mcha3500_windows_toolchain/toolchain/gcc-arm-none-eabi/bin/../lib/gcc/arm-none-eabi/9.2.1/thumb/v7e-m+fp/hard\libgcc.a(_arm_truncdfsf2.o)
                0x08013d14                __truncdfsf2
                0x08013d14                __aeabi_d2f
 .text          0x08013db4       0xa0 c:/users/mark/documents/mcha3500/mcha3500_windows_toolchain/toolchain/gcc-arm-none-eabi/bin/../lib/gcc/arm-none-eabi/9.2.1/thumb/v7e-m+fp/hard\libgcc.a(_aeabi_ldivmod.o)
                0x08013db4                __aeabi_ldivmod
 .text          0x08013e54       0x30 c:/users/mark/documents/mcha3500/mcha3500_windows_toolchain/toolchain/gcc-arm-none-eabi/bin/../lib/gcc/arm-none-eabi/9.2.1/thumb/v7e-m+fp/hard\libgcc.a(_aeabi_uldivmod.o)
                0x08013e54                __aeabi_uldivmod
 .text          0x08013e84      0x2c4 c:/users/mark/documents/mcha3500/mcha3500_windows_toolchain/toolchain/gcc-arm-none-eabi/bin/../lib/gcc/arm-none-eabi/9.2.1/thumb/v7e-m+fp/hard\libgcc.a(_udivmoddi4.o)
                0x08013e84                __udivmoddi4
 .text          0x08014148        0x4 c:/users/mark/documents/mcha3500/mcha3500_windows_toolchain/toolchain/gcc-arm-none-eabi/bin/../lib/gcc/arm-none-eabi/9.2.1/thumb/v7e-m+fp/hard\libgcc.a(_dvmd_tls.o)
                0x08014148                __aeabi_idiv0
                0x08014148                __aeabi_ldiv0
 .text          0x0801414c        0x0 c:/users/mark/documents/mcha3500/mcha3500_windows_toolchain/toolchain/gcc-arm-none-eabi/bin/../lib/gcc/arm-none-eabi/9.2.1/../../../../arm-none-eabi/lib/thumb/v7e-m+fp/hard\libc_nano.a(lib_a-atof.o)
 .text          0x0801414c        0x0 c:/users/mark/documents/mcha3500/mcha3500_windows_toolchain/toolchain/gcc-arm-none-eabi/bin/../lib/gcc/arm-none-eabi/9.2.1/../../../../arm-none-eabi/lib/thumb/v7e-m+fp/hard\libc_nano.a(lib_a-ctype_.o)
 .text          0x0801414c        0x0 c:/users/mark/documents/mcha3500/mcha3500_windows_toolchain/toolchain/gcc-arm-none-eabi/bin/../lib/gcc/arm-none-eabi/9.2.1/../../../../arm-none-eabi/lib/thumb/v7e-m+fp/hard\libc_nano.a(lib_a-errno.o)
 .text          0x0801414c        0x0 c:/users/mark/documents/mcha3500/mcha3500_windows_toolchain/toolchain/gcc-arm-none-eabi/bin/../lib/gcc/arm-none-eabi/9.2.1/../../../../arm-none-eabi/lib/thumb/v7e-m+fp/hard\libc_nano.a(lib_a-exit.o)
 .text          0x0801414c        0x0 c:/users/mark/documents/mcha3500/mcha3500_windows_toolchain/toolchain/gcc-arm-none-eabi/bin/../lib/gcc/arm-none-eabi/9.2.1/../../../../arm-none-eabi/lib/thumb/v7e-m+fp/hard\libc_nano.a(lib_a-getchar.o)
 .text          0x0801414c        0x0 c:/users/mark/documents/mcha3500/mcha3500_windows_toolchain/toolchain/gcc-arm-none-eabi/bin/../lib/gcc/arm-none-eabi/9.2.1/../../../../arm-none-eabi/lib/thumb/v7e-m+fp/hard\libc_nano.a(lib_a-impure.o)
 .text          0x0801414c        0x0 c:/users/mark/documents/mcha3500/mcha3500_windows_toolchain/toolchain/gcc-arm-none-eabi/bin/../lib/gcc/arm-none-eabi/9.2.1/../../../../arm-none-eabi/lib/thumb/v7e-m+fp/hard\libc_nano.a(lib_a-init.o)
 .text          0x0801414c        0x0 c:/users/mark/documents/mcha3500/mcha3500_windows_toolchain/toolchain/gcc-arm-none-eabi/bin/../lib/gcc/arm-none-eabi/9.2.1/../../../../arm-none-eabi/lib/thumb/v7e-m+fp/hard\libc_nano.a(lib_a-malloc.o)
 .text          0x0801414c        0x0 c:/users/mark/documents/mcha3500/mcha3500_windows_toolchain/toolchain/gcc-arm-none-eabi/bin/../lib/gcc/arm-none-eabi/9.2.1/../../../../arm-none-eabi/lib/thumb/v7e-m+fp/hard\libc_nano.a(lib_a-memcpy-stub.o)
 .text          0x0801414c        0x0 c:/users/mark/documents/mcha3500/mcha3500_windows_toolchain/toolchain/gcc-arm-none-eabi/bin/../lib/gcc/arm-none-eabi/9.2.1/../../../../arm-none-eabi/lib/thumb/v7e-m+fp/hard\libc_nano.a(lib_a-memset.o)
 .text          0x0801414c        0x0 c:/users/mark/documents/mcha3500/mcha3500_windows_toolchain/toolchain/gcc-arm-none-eabi/bin/../lib/gcc/arm-none-eabi/9.2.1/../../../../arm-none-eabi/lib/thumb/v7e-m+fp/hard\libc_nano.a(lib_a-mstats.o)
 .text          0x0801414c        0x0 c:/users/mark/documents/mcha3500/mcha3500_windows_toolchain/toolchain/gcc-arm-none-eabi/bin/../lib/gcc/arm-none-eabi/9.2.1/../../../../arm-none-eabi/lib/thumb/v7e-m+fp/hard\libc_nano.a(lib_a-nano-freer.o)
 .text          0x0801414c        0x0 c:/users/mark/documents/mcha3500/mcha3500_windows_toolchain/toolchain/gcc-arm-none-eabi/bin/../lib/gcc/arm-none-eabi/9.2.1/../../../../arm-none-eabi/lib/thumb/v7e-m+fp/hard\libc_nano.a(lib_a-nano-mallinfor.o)
 .text          0x0801414c        0x0 c:/users/mark/documents/mcha3500/mcha3500_windows_toolchain/toolchain/gcc-arm-none-eabi/bin/../lib/gcc/arm-none-eabi/9.2.1/../../../../arm-none-eabi/lib/thumb/v7e-m+fp/hard\libc_nano.a(lib_a-nano-mallocr.o)
 .text          0x0801414c        0x0 c:/users/mark/documents/mcha3500/mcha3500_windows_toolchain/toolchain/gcc-arm-none-eabi/bin/../lib/gcc/arm-none-eabi/9.2.1/../../../../arm-none-eabi/lib/thumb/v7e-m+fp/hard\libc_nano.a(lib_a-nano-malloptr.o)
 .text          0x0801414c        0x0 c:/users/mark/documents/mcha3500/mcha3500_windows_toolchain/toolchain/gcc-arm-none-eabi/bin/../lib/gcc/arm-none-eabi/9.2.1/../../../../arm-none-eabi/lib/thumb/v7e-m+fp/hard\libc_nano.a(lib_a-nano-mallstatsr.o)
 .text          0x0801414c        0x0 c:/users/mark/documents/mcha3500/mcha3500_windows_toolchain/toolchain/gcc-arm-none-eabi/bin/../lib/gcc/arm-none-eabi/9.2.1/../../../../arm-none-eabi/lib/thumb/v7e-m+fp/hard\libc_nano.a(lib_a-nano-vfprintf_float.o)
 .text          0x0801414c        0x0 c:/users/mark/documents/mcha3500/mcha3500_windows_toolchain/toolchain/gcc-arm-none-eabi/bin/../lib/gcc/arm-none-eabi/9.2.1/../../../../arm-none-eabi/lib/thumb/v7e-m+fp/hard\libc_nano.a(lib_a-nano-vfprintf_i.o)
 .text          0x0801414c        0x0 c:/users/mark/documents/mcha3500/mcha3500_windows_toolchain/toolchain/gcc-arm-none-eabi/bin/../lib/gcc/arm-none-eabi/9.2.1/../../../../arm-none-eabi/lib/thumb/v7e-m+fp/hard\libc_nano.a(lib_a-nano-vfscanf_float.o)
 .text          0x0801414c        0x0 c:/users/mark/documents/mcha3500/mcha3500_windows_toolchain/toolchain/gcc-arm-none-eabi/bin/../lib/gcc/arm-none-eabi/9.2.1/../../../../arm-none-eabi/lib/thumb/v7e-m+fp/hard\libc_nano.a(lib_a-printf.o)
 .text          0x0801414c        0x0 c:/users/mark/documents/mcha3500/mcha3500_windows_toolchain/toolchain/gcc-arm-none-eabi/bin/../lib/gcc/arm-none-eabi/9.2.1/../../../../arm-none-eabi/lib/thumb/v7e-m+fp/hard\libc_nano.a(lib_a-reent.o)
 .text          0x0801414c        0x0 c:/users/mark/documents/mcha3500/mcha3500_windows_toolchain/toolchain/gcc-arm-none-eabi/bin/../lib/gcc/arm-none-eabi/9.2.1/../../../../arm-none-eabi/lib/thumb/v7e-m+fp/hard\libc_nano.a(lib_a-sbrkr.o)
 .text          0x0801414c        0x0 c:/users/mark/documents/mcha3500/mcha3500_windows_toolchain/toolchain/gcc-arm-none-eabi/bin/../lib/gcc/arm-none-eabi/9.2.1/../../../../arm-none-eabi/lib/thumb/v7e-m+fp/hard\libc_nano.a(lib_a-setvbuf.o)
 .text          0x0801414c        0x0 c:/users/mark/documents/mcha3500/mcha3500_windows_toolchain/toolchain/gcc-arm-none-eabi/bin/../lib/gcc/arm-none-eabi/9.2.1/../../../../arm-none-eabi/lib/thumb/v7e-m+fp/hard\libc_nano.a(lib_a-sf_nan.o)
 .text          0x0801414c        0x0 c:/users/mark/documents/mcha3500/mcha3500_windows_toolchain/toolchain/gcc-arm-none-eabi/bin/../lib/gcc/arm-none-eabi/9.2.1/../../../../arm-none-eabi/lib/thumb/v7e-m+fp/hard\libc_nano.a(lib_a-sprintf.o)
 .text          0x0801414c       0x14 c:/users/mark/documents/mcha3500/mcha3500_windows_toolchain/toolchain/gcc-arm-none-eabi/bin/../lib/gcc/arm-none-eabi/9.2.1/../../../../arm-none-eabi/lib/thumb/v7e-m+fp/hard\libc_nano.a(lib_a-strcmp.o)
                0x0801414c                strcmp
 .text          0x08014160        0x0 c:/users/mark/documents/mcha3500/mcha3500_windows_toolchain/toolchain/gcc-arm-none-eabi/bin/../lib/gcc/arm-none-eabi/9.2.1/../../../../arm-none-eabi/lib/thumb/v7e-m+fp/hard\libc_nano.a(lib_a-strcpy.o)
 .text          0x08014160       0x10 c:/users/mark/documents/mcha3500/mcha3500_windows_toolchain/toolchain/gcc-arm-none-eabi/bin/../lib/gcc/arm-none-eabi/9.2.1/../../../../arm-none-eabi/lib/thumb/v7e-m+fp/hard\libc_nano.a(lib_a-strlen.o)
                0x08014160                strlen
 .text          0x08014170        0x0 c:/users/mark/documents/mcha3500/mcha3500_windows_toolchain/toolchain/gcc-arm-none-eabi/bin/../lib/gcc/arm-none-eabi/9.2.1/../../../../arm-none-eabi/lib/thumb/v7e-m+fp/hard\libc_nano.a(lib_a-strtod.o)
 .text          0x08014170        0x0 c:/users/mark/documents/mcha3500/mcha3500_windows_toolchain/toolchain/gcc-arm-none-eabi/bin/../lib/gcc/arm-none-eabi/9.2.1/../../../../arm-none-eabi/lib/thumb/v7e-m+fp/hard\libc_nano.a(lib_a-strtol.o)
 .text          0x08014170        0x0 c:/users/mark/documents/mcha3500/mcha3500_windows_toolchain/toolchain/gcc-arm-none-eabi/bin/../lib/gcc/arm-none-eabi/9.2.1/../../../../arm-none-eabi/lib/thumb/v7e-m+fp/hard\libc_nano.a(lib_a-vprintf.o)
 .text          0x08014170        0x0 c:/users/mark/documents/mcha3500/mcha3500_windows_toolchain/toolchain/gcc-arm-none-eabi/bin/../lib/gcc/arm-none-eabi/9.2.1/../../../../arm-none-eabi/lib/thumb/v7e-m+fp/hard\libc_nano.a(lib_a-dtoa.o)
 .text          0x08014170        0x0 c:/users/mark/documents/mcha3500/mcha3500_windows_toolchain/toolchain/gcc-arm-none-eabi/bin/../lib/gcc/arm-none-eabi/9.2.1/../../../../arm-none-eabi/lib/thumb/v7e-m+fp/hard\libc_nano.a(lib_a-fflush.o)
 .text          0x08014170        0x0 c:/users/mark/documents/mcha3500/mcha3500_windows_toolchain/toolchain/gcc-arm-none-eabi/bin/../lib/gcc/arm-none-eabi/9.2.1/../../../../arm-none-eabi/lib/thumb/v7e-m+fp/hard\libc_nano.a(lib_a-findfp.o)
 .text          0x08014170        0x0 c:/users/mark/documents/mcha3500/mcha3500_windows_toolchain/toolchain/gcc-arm-none-eabi/bin/../lib/gcc/arm-none-eabi/9.2.1/../../../../arm-none-eabi/lib/thumb/v7e-m+fp/hard\libc_nano.a(lib_a-fprintf.o)
 .text          0x08014170        0x0 c:/users/mark/documents/mcha3500/mcha3500_windows_toolchain/toolchain/gcc-arm-none-eabi/bin/../lib/gcc/arm-none-eabi/9.2.1/../../../../arm-none-eabi/lib/thumb/v7e-m+fp/hard\libc_nano.a(lib_a-fwalk.o)
 .text          0x08014170        0x0 c:/users/mark/documents/mcha3500/mcha3500_windows_toolchain/toolchain/gcc-arm-none-eabi/bin/../lib/gcc/arm-none-eabi/9.2.1/../../../../arm-none-eabi/lib/thumb/v7e-m+fp/hard\libc_nano.a(lib_a-gdtoa-gethex.o)
 .text          0x08014170        0x0 c:/users/mark/documents/mcha3500/mcha3500_windows_toolchain/toolchain/gcc-arm-none-eabi/bin/../lib/gcc/arm-none-eabi/9.2.1/../../../../arm-none-eabi/lib/thumb/v7e-m+fp/hard\libc_nano.a(lib_a-gdtoa-hexnan.o)
 .text          0x08014170        0x0 c:/users/mark/documents/mcha3500/mcha3500_windows_toolchain/toolchain/gcc-arm-none-eabi/bin/../lib/gcc/arm-none-eabi/9.2.1/../../../../arm-none-eabi/lib/thumb/v7e-m+fp/hard\libc_nano.a(lib_a-getc.o)
 .text          0x08014170        0x0 c:/users/mark/documents/mcha3500/mcha3500_windows_toolchain/toolchain/gcc-arm-none-eabi/bin/../lib/gcc/arm-none-eabi/9.2.1/../../../../arm-none-eabi/lib/thumb/v7e-m+fp/hard\libc_nano.a(lib_a-lnumeric.o)
 .text          0x08014170        0x0 c:/users/mark/documents/mcha3500/mcha3500_windows_toolchain/toolchain/gcc-arm-none-eabi/bin/../lib/gcc/arm-none-eabi/9.2.1/../../../../arm-none-eabi/lib/thumb/v7e-m+fp/hard\libc_nano.a(lib_a-locale.o)
 .text          0x08014170        0x0 c:/users/mark/documents/mcha3500/mcha3500_windows_toolchain/toolchain/gcc-arm-none-eabi/bin/../lib/gcc/arm-none-eabi/9.2.1/../../../../arm-none-eabi/lib/thumb/v7e-m+fp/hard\libc_nano.a(lib_a-localeconv.o)
 .text          0x08014170        0x0 c:/users/mark/documents/mcha3500/mcha3500_windows_toolchain/toolchain/gcc-arm-none-eabi/bin/../lib/gcc/arm-none-eabi/9.2.1/../../../../arm-none-eabi/lib/thumb/v7e-m+fp/hard\libc_nano.a(lib_a-lock.o)
 .text          0x08014170        0x0 c:/users/mark/documents/mcha3500/mcha3500_windows_toolchain/toolchain/gcc-arm-none-eabi/bin/../lib/gcc/arm-none-eabi/9.2.1/../../../../arm-none-eabi/lib/thumb/v7e-m+fp/hard\libc_nano.a(lib_a-makebuf.o)
 .text          0x08014170        0x0 c:/users/mark/documents/mcha3500/mcha3500_windows_toolchain/toolchain/gcc-arm-none-eabi/bin/../lib/gcc/arm-none-eabi/9.2.1/../../../../arm-none-eabi/lib/thumb/v7e-m+fp/hard\libc_nano.a(lib_a-mbtowc_r.o)
 .text          0x08014170       0xa0 c:/users/mark/documents/mcha3500/mcha3500_windows_toolchain/toolchain/gcc-arm-none-eabi/bin/../lib/gcc/arm-none-eabi/9.2.1/../../../../arm-none-eabi/lib/thumb/v7e-m+fp/hard\libc_nano.a(lib_a-memchr.o)
                0x08014170                memchr
 .text          0x08014210        0x0 c:/users/mark/documents/mcha3500/mcha3500_windows_toolchain/toolchain/gcc-arm-none-eabi/bin/../lib/gcc/arm-none-eabi/9.2.1/../../../../arm-none-eabi/lib/thumb/v7e-m+fp/hard\libc_nano.a(lib_a-mprec.o)
 .text          0x08014210        0x0 c:/users/mark/documents/mcha3500/mcha3500_windows_toolchain/toolchain/gcc-arm-none-eabi/bin/../lib/gcc/arm-none-eabi/9.2.1/../../../../arm-none-eabi/lib/thumb/v7e-m+fp/hard\libc_nano.a(lib_a-nano-callocr.o)
 .text          0x08014210        0x0 c:/users/mark/documents/mcha3500/mcha3500_windows_toolchain/toolchain/gcc-arm-none-eabi/bin/../lib/gcc/arm-none-eabi/9.2.1/../../../../arm-none-eabi/lib/thumb/v7e-m+fp/hard\libc_nano.a(lib_a-nano-svfprintf.o)
 .text          0x08014210        0x0 c:/users/mark/documents/mcha3500/mcha3500_windows_toolchain/toolchain/gcc-arm-none-eabi/bin/../lib/gcc/arm-none-eabi/9.2.1/../../../../arm-none-eabi/lib/thumb/v7e-m+fp/hard\libc_nano.a(lib_a-nano-vfprintf.o)
 .text          0x08014210        0x0 c:/users/mark/documents/mcha3500/mcha3500_windows_toolchain/toolchain/gcc-arm-none-eabi/bin/../lib/gcc/arm-none-eabi/9.2.1/../../../../arm-none-eabi/lib/thumb/v7e-m+fp/hard\libc_nano.a(lib_a-rget.o)
 .text          0x08014210        0x0 c:/users/mark/documents/mcha3500/mcha3500_windows_toolchain/toolchain/gcc-arm-none-eabi/bin/../lib/gcc/arm-none-eabi/9.2.1/../../../../arm-none-eabi/lib/thumb/v7e-m+fp/hard\libc_nano.a(lib_a-s_nan.o)
 .text          0x08014210        0x0 c:/users/mark/documents/mcha3500/mcha3500_windows_toolchain/toolchain/gcc-arm-none-eabi/bin/../lib/gcc/arm-none-eabi/9.2.1/../../../../arm-none-eabi/lib/thumb/v7e-m+fp/hard\libc_nano.a(lib_a-stdio.o)
 .text          0x08014210        0x0 c:/users/mark/documents/mcha3500/mcha3500_windows_toolchain/toolchain/gcc-arm-none-eabi/bin/../lib/gcc/arm-none-eabi/9.2.1/../../../../arm-none-eabi/lib/thumb/v7e-m+fp/hard\libc_nano.a(lib_a-strncmp.o)
 .text          0x08014210        0x0 c:/users/mark/documents/mcha3500/mcha3500_windows_toolchain/toolchain/gcc-arm-none-eabi/bin/../lib/gcc/arm-none-eabi/9.2.1/../../../../arm-none-eabi/lib/thumb/v7e-m+fp/hard\libc_nano.a(lib_a-wbuf.o)
 .text          0x08014210        0x0 c:/users/mark/documents/mcha3500/mcha3500_windows_toolchain/toolchain/gcc-arm-none-eabi/bin/../lib/gcc/arm-none-eabi/9.2.1/../../../../arm-none-eabi/lib/thumb/v7e-m+fp/hard\libc_nano.a(lib_a-wctomb_r.o)
 .text          0x08014210        0x0 c:/users/mark/documents/mcha3500/mcha3500_windows_toolchain/toolchain/gcc-arm-none-eabi/bin/../lib/gcc/arm-none-eabi/9.2.1/../../../../arm-none-eabi/lib/thumb/v7e-m+fp/hard\libc_nano.a(lib_a-writer.o)
 .text          0x08014210        0x0 c:/users/mark/documents/mcha3500/mcha3500_windows_toolchain/toolchain/gcc-arm-none-eabi/bin/../lib/gcc/arm-none-eabi/9.2.1/../../../../arm-none-eabi/lib/thumb/v7e-m+fp/hard\libc_nano.a(lib_a-wsetup.o)
 .text          0x08014210        0x0 c:/users/mark/documents/mcha3500/mcha3500_windows_toolchain/toolchain/gcc-arm-none-eabi/bin/../lib/gcc/arm-none-eabi/9.2.1/../../../../arm-none-eabi/lib/thumb/v7e-m+fp/hard\libc_nano.a(lib_a-closer.o)
 .text          0x08014210        0x0 c:/users/mark/documents/mcha3500/mcha3500_windows_toolchain/toolchain/gcc-arm-none-eabi/bin/../lib/gcc/arm-none-eabi/9.2.1/../../../../arm-none-eabi/lib/thumb/v7e-m+fp/hard\libc_nano.a(lib_a-fstatr.o)
 .text          0x08014210        0x0 c:/users/mark/documents/mcha3500/mcha3500_windows_toolchain/toolchain/gcc-arm-none-eabi/bin/../lib/gcc/arm-none-eabi/9.2.1/../../../../arm-none-eabi/lib/thumb/v7e-m+fp/hard\libc_nano.a(lib_a-fvwrite.o)
 .text          0x08014210        0x0 c:/users/mark/documents/mcha3500/mcha3500_windows_toolchain/toolchain/gcc-arm-none-eabi/bin/../lib/gcc/arm-none-eabi/9.2.1/../../../../arm-none-eabi/lib/thumb/v7e-m+fp/hard\libc_nano.a(lib_a-isattyr.o)
 .text          0x08014210        0x0 c:/users/mark/documents/mcha3500/mcha3500_windows_toolchain/toolchain/gcc-arm-none-eabi/bin/../lib/gcc/arm-none-eabi/9.2.1/../../../../arm-none-eabi/lib/thumb/v7e-m+fp/hard\libc_nano.a(lib_a-lseekr.o)
 .text          0x08014210        0x0 c:/users/mark/documents/mcha3500/mcha3500_windows_toolchain/toolchain/gcc-arm-none-eabi/bin/../lib/gcc/arm-none-eabi/9.2.1/../../../../arm-none-eabi/lib/thumb/v7e-m+fp/hard\libc_nano.a(lib_a-memmove.o)
 .text          0x08014210        0x0 c:/users/mark/documents/mcha3500/mcha3500_windows_toolchain/toolchain/gcc-arm-none-eabi/bin/../lib/gcc/arm-none-eabi/9.2.1/../../../../arm-none-eabi/lib/thumb/v7e-m+fp/hard\libc_nano.a(lib_a-nano-reallocr.o)
 .text          0x08014210        0x0 c:/users/mark/documents/mcha3500/mcha3500_windows_toolchain/toolchain/gcc-arm-none-eabi/bin/../lib/gcc/arm-none-eabi/9.2.1/../../../../arm-none-eabi/lib/thumb/v7e-m+fp/hard\libc_nano.a(lib_a-readr.o)
 .text          0x08014210        0x0 c:/users/mark/documents/mcha3500/mcha3500_windows_toolchain/toolchain/gcc-arm-none-eabi/bin/../lib/gcc/arm-none-eabi/9.2.1/../../../../arm-none-eabi/lib/thumb/v7e-m+fp/hard\libc_nano.a(lib_a-refill.o)
 .text          0x08014210        0x0 c:/users/mark/documents/mcha3500/mcha3500_windows_toolchain/toolchain/gcc-arm-none-eabi/bin/../lib/gcc/arm-none-eabi/9.2.1/../../../../arm-none-eabi/lib/thumb/v7e-m+fp/hard\libc_nano.a(lib_a-nano-msizer.o)
 .text          0x08014210       0x2c c:/users/mark/documents/mcha3500/mcha3500_windows_toolchain/toolchain/gcc-arm-none-eabi/bin/../lib/gcc/arm-none-eabi/9.2.1/thumb/v7e-m+fp/hard\libgcc.a(_arm_unorddf2.o)
                0x08014210                __unorddf2
                0x08014210                __aeabi_dcmpun
 .text          0x0801423c       0x50 c:/users/mark/documents/mcha3500/mcha3500_windows_toolchain/toolchain/gcc-arm-none-eabi/bin/../lib/gcc/arm-none-eabi/9.2.1/thumb/v7e-m+fp/hard\libgcc.a(_arm_fixdfsi.o)
                0x0801423c                __aeabi_d2iz
                0x0801423c                __fixdfsi
 .text          0x0801428c       0x40 c:/users/mark/documents/mcha3500/mcha3500_windows_toolchain/toolchain/gcc-arm-none-eabi/bin/../lib/gcc/arm-none-eabi/9.2.1/thumb/v7e-m+fp/hard\libgcc.a(_arm_fixunsdfsi.o)
                0x0801428c                __aeabi_d2uiz
                0x0801428c                __fixunsdfsi
 .text          0x080142cc       0x30 c:/users/mark/documents/mcha3500/mcha3500_windows_toolchain/toolchain/gcc-arm-none-eabi/bin/../lib/gcc/arm-none-eabi/9.2.1/thumb/v7e-m+fp/hard\libgcc.a(_fixdfdi.o)
                0x080142cc                __fixdfdi
                0x080142cc                __aeabi_d2lz
 .text          0x080142fc       0x3c c:/users/mark/documents/mcha3500/mcha3500_windows_toolchain/toolchain/gcc-arm-none-eabi/bin/../lib/gcc/arm-none-eabi/9.2.1/thumb/v7e-m+fp/hard\libgcc.a(_fixunsdfdi.o)
                0x080142fc                __fixunsdfdi
                0x080142fc                __aeabi_d2ulz
 .text          0x08014338        0x0 c:/users/mark/documents/mcha3500/mcha3500_windows_toolchain/toolchain/gcc-arm-none-eabi/bin/../lib/gcc/arm-none-eabi/9.2.1/../../../../arm-none-eabi/lib/thumb/v7e-m+fp/hard\libnosys.a(close.o)
 .text          0x08014338        0x0 c:/users/mark/documents/mcha3500/mcha3500_windows_toolchain/toolchain/gcc-arm-none-eabi/bin/../lib/gcc/arm-none-eabi/9.2.1/../../../../arm-none-eabi/lib/thumb/v7e-m+fp/hard\libnosys.a(fstat.o)
 .text          0x08014338        0x0 c:/users/mark/documents/mcha3500/mcha3500_windows_toolchain/toolchain/gcc-arm-none-eabi/bin/../lib/gcc/arm-none-eabi/9.2.1/../../../../arm-none-eabi/lib/thumb/v7e-m+fp/hard\libnosys.a(isatty.o)
 .text          0x08014338        0x0 c:/users/mark/documents/mcha3500/mcha3500_windows_toolchain/toolchain/gcc-arm-none-eabi/bin/../lib/gcc/arm-none-eabi/9.2.1/../../../../arm-none-eabi/lib/thumb/v7e-m+fp/hard\libnosys.a(lseek.o)
 .text          0x08014338        0x0 c:/users/mark/documents/mcha3500/mcha3500_windows_toolchain/toolchain/gcc-arm-none-eabi/bin/../lib/gcc/arm-none-eabi/9.2.1/../../../../arm-none-eabi/lib/thumb/v7e-m+fp/hard\libnosys.a(_exit.o)
 .text          0x08014338        0x0 c:/users/mark/documents/mcha3500/mcha3500_windows_toolchain/toolchain/gcc-arm-none-eabi/bin/../lib/gcc/arm-none-eabi/9.2.1/thumb/v7e-m+fp/hard/crtend.o
 .text          0x08014338        0x0 c:/users/mark/documents/mcha3500/mcha3500_windows_toolchain/toolchain/gcc-arm-none-eabi/bin/../lib/gcc/arm-none-eabi/9.2.1/thumb/v7e-m+fp/hard/crtn.o
 *(.text*)
 .text.startup  0x08014338       0xbc build/main.o
                0x08014338                main
 .text.Reset_Handler
                0x080143f4       0x50 build/startup_stm32f446xx.o
                0x080143f4                Reset_Handler
 .text.Default_Handler
                0x08014444        0x2 build/startup_stm32f446xx.o
                0x08014444                RTC_Alarm_IRQHandler
                0x08014444                TIM8_CC_IRQHandler
                0x08014444                SPI4_IRQHandler
                0x08014444                TIM1_CC_IRQHandler
                0x08014444                DMA2_Stream5_IRQHandler
                0x08014444                DMA1_Stream5_IRQHandler
                0x08014444                PVD_IRQHandler
                0x08014444                SDIO_IRQHandler
                0x08014444                TAMP_STAMP_IRQHandler
                0x08014444                CAN2_RX1_IRQHandler
                0x08014444                TIM8_TRG_COM_TIM14_IRQHandler
                0x08014444                TIM1_UP_TIM10_IRQHandler
                0x08014444                TIM8_UP_TIM13_IRQHandler
                0x08014444                I2C3_ER_IRQHandler
                0x08014444                FMPI2C1_Event_IRQHandler
                0x08014444                I2C2_EV_IRQHandler
                0x08014444                DMA1_Stream2_IRQHandler
                0x08014444                CAN1_RX0_IRQHandler
                0x08014444                FPU_IRQHandler
                0x08014444                OTG_HS_WKUP_IRQHandler
                0x08014444                CAN2_SCE_IRQHandler
                0x08014444                DMA2_Stream2_IRQHandler
                0x08014444                SPI1_IRQHandler
                0x08014444                TIM6_DAC_IRQHandler
                0x08014444                TIM1_BRK_TIM9_IRQHandler
                0x08014444                DCMI_IRQHandler
                0x08014444                CAN2_RX0_IRQHandler
                0x08014444                DMA2_Stream3_IRQHandler
                0x08014444                SAI2_IRQHandler
                0x08014444                USART6_IRQHandler
                0x08014444                USART3_IRQHandler
                0x08014444                CAN1_RX1_IRQHandler
                0x08014444                UART5_IRQHandler
                0x08014444                DMA2_Stream0_IRQHandler
                0x08014444                TIM4_IRQHandler
                0x08014444                QUADSPI_IRQHandler
                0x08014444                I2C1_EV_IRQHandler
                0x08014444                DMA1_Stream6_IRQHandler
                0x08014444                DMA1_Stream1_IRQHandler
                0x08014444                UART4_IRQHandler
                0x08014444                TIM3_IRQHandler
                0x08014444                RCC_IRQHandler
                0x08014444                TIM8_BRK_TIM12_IRQHandler
                0x08014444                Default_Handler
                0x08014444                CEC_IRQHandler
                0x08014444                ADC_IRQHandler
                0x08014444                DMA1_Stream7_IRQHandler
                0x08014444                TIM7_IRQHandler
                0x08014444                CAN2_TX_IRQHandler
                0x08014444                TIM5_IRQHandler
                0x08014444                DMA2_Stream7_IRQHandler
                0x08014444                I2C3_EV_IRQHandler
                0x08014444                RTC_WKUP_IRQHandler
                0x08014444                SPDIF_RX_IRQHandler
                0x08014444                SPI2_IRQHandler
                0x08014444                OTG_HS_EP1_IN_IRQHandler
                0x08014444                DMA1_Stream0_IRQHandler
                0x08014444                CAN1_TX_IRQHandler
                0x08014444                OTG_HS_EP1_OUT_IRQHandler
                0x08014444                WWDG_IRQHandler
                0x08014444                TIM2_IRQHandler
                0x08014444                OTG_FS_WKUP_IRQHandler
                0x08014444                TIM1_TRG_COM_TIM11_IRQHandler
                0x08014444                OTG_HS_IRQHandler
                0x08014444                I2C2_ER_IRQHandler
                0x08014444                DMA2_Stream1_IRQHandler
                0x08014444                CAN1_SCE_IRQHandler
                0x08014444                FLASH_IRQHandler
                0x08014444                DMA2_Stream4_IRQHandler
                0x08014444                USART1_IRQHandler
                0x08014444                OTG_FS_IRQHandler
                0x08014444                SPI3_IRQHandler
                0x08014444                DMA1_Stream4_IRQHandler
                0x08014444                I2C1_ER_IRQHandler
                0x08014444                FMC_IRQHandler
                0x08014444                DMA2_Stream6_IRQHandler
                0x08014444                SAI1_IRQHandler
                0x08014444                DMA1_Stream3_IRQHandler
                0x08014444                FMPI2C1_Error_IRQHandler
 *fill*         0x08014446        0x2 
 .text.sqrtf    0x08014448       0xb0 c:/users/mark/documents/mcha3500/mcha3500_windows_toolchain/toolchain/gcc-arm-none-eabi/bin/../lib/gcc/arm-none-eabi/9.2.1/../../../../arm-none-eabi/lib/thumb/v7e-m+fp/hard\libm.a(lib_a-wf_sqrt.o)
                0x08014448                sqrtf
 .text.__ieee754_sqrtf
                0x080144f8        0x8 c:/users/mark/documents/mcha3500/mcha3500_windows_toolchain/toolchain/gcc-arm-none-eabi/bin/../lib/gcc/arm-none-eabi/9.2.1/../../../../arm-none-eabi/lib/thumb/v7e-m+fp/hard\libm.a(lib_a-ef_sqrt.o)
                0x080144f8                __ieee754_sqrtf
 .text.matherr  0x08014500        0x4 c:/users/mark/documents/mcha3500/mcha3500_windows_toolchain/toolchain/gcc-arm-none-eabi/bin/../lib/gcc/arm-none-eabi/9.2.1/../../../../arm-none-eabi/lib/thumb/v7e-m+fp/hard\libm.a(lib_a-s_matherr.o)
                0x08014500                matherr
 .text.atof     0x08014504        0x6 c:/users/mark/documents/mcha3500/mcha3500_windows_toolchain/toolchain/gcc-arm-none-eabi/bin/../lib/gcc/arm-none-eabi/9.2.1/../../../../arm-none-eabi/lib/thumb/v7e-m+fp/hard\libc_nano.a(lib_a-atof.o)
                0x08014504                atof
 *fill*         0x0801450a        0x2 
 .text.__errno  0x0801450c        0xc c:/users/mark/documents/mcha3500/mcha3500_windows_toolchain/toolchain/gcc-arm-none-eabi/bin/../lib/gcc/arm-none-eabi/9.2.1/../../../../arm-none-eabi/lib/thumb/v7e-m+fp/hard\libc_nano.a(lib_a-errno.o)
                0x0801450c                __errno
 .text.exit     0x08014518       0x28 c:/users/mark/documents/mcha3500/mcha3500_windows_toolchain/toolchain/gcc-arm-none-eabi/bin/../lib/gcc/arm-none-eabi/9.2.1/../../../../arm-none-eabi/lib/thumb/v7e-m+fp/hard\libc_nano.a(lib_a-exit.o)
                0x08014518                exit
 .text._getchar_r
                0x08014540       0x1a c:/users/mark/documents/mcha3500/mcha3500_windows_toolchain/toolchain/gcc-arm-none-eabi/bin/../lib/gcc/arm-none-eabi/9.2.1/../../../../arm-none-eabi/lib/thumb/v7e-m+fp/hard\libc_nano.a(lib_a-getchar.o)
                0x08014540                _getchar_r
 *fill*         0x0801455a        0x2 
 .text.getchar  0x0801455c       0x24 c:/users/mark/documents/mcha3500/mcha3500_windows_toolchain/toolchain/gcc-arm-none-eabi/bin/../lib/gcc/arm-none-eabi/9.2.1/../../../../arm-none-eabi/lib/thumb/v7e-m+fp/hard\libc_nano.a(lib_a-getchar.o)
                0x0801455c                getchar
 .text.__libc_init_array
                0x08014580       0x48 c:/users/mark/documents/mcha3500/mcha3500_windows_toolchain/toolchain/gcc-arm-none-eabi/bin/../lib/gcc/arm-none-eabi/9.2.1/../../../../arm-none-eabi/lib/thumb/v7e-m+fp/hard\libc_nano.a(lib_a-init.o)
                0x08014580                __libc_init_array
 .text.malloc   0x080145c8       0x10 c:/users/mark/documents/mcha3500/mcha3500_windows_toolchain/toolchain/gcc-arm-none-eabi/bin/../lib/gcc/arm-none-eabi/9.2.1/../../../../arm-none-eabi/lib/thumb/v7e-m+fp/hard\libc_nano.a(lib_a-malloc.o)
                0x080145c8                malloc
 .text.free     0x080145d8       0x10 c:/users/mark/documents/mcha3500/mcha3500_windows_toolchain/toolchain/gcc-arm-none-eabi/bin/../lib/gcc/arm-none-eabi/9.2.1/../../../../arm-none-eabi/lib/thumb/v7e-m+fp/hard\libc_nano.a(lib_a-malloc.o)
                0x080145d8                free
 .text.memcpy   0x080145e8       0x1c c:/users/mark/documents/mcha3500/mcha3500_windows_toolchain/toolchain/gcc-arm-none-eabi/bin/../lib/gcc/arm-none-eabi/9.2.1/../../../../arm-none-eabi/lib/thumb/v7e-m+fp/hard\libc_nano.a(lib_a-memcpy-stub.o)
                0x080145e8                memcpy
 .text.memset   0x08014604       0x10 c:/users/mark/documents/mcha3500/mcha3500_windows_toolchain/toolchain/gcc-arm-none-eabi/bin/../lib/gcc/arm-none-eabi/9.2.1/../../../../arm-none-eabi/lib/thumb/v7e-m+fp/hard\libc_nano.a(lib_a-memset.o)
                0x08014604                memset
 .text.mallinfo
                0x08014614       0x14 c:/users/mark/documents/mcha3500/mcha3500_windows_toolchain/toolchain/gcc-arm-none-eabi/bin/../lib/gcc/arm-none-eabi/9.2.1/../../../../arm-none-eabi/lib/thumb/v7e-m+fp/hard\libc_nano.a(lib_a-mstats.o)
                0x08014614                mallinfo
 .text.malloc_stats
                0x08014628        0xc c:/users/mark/documents/mcha3500/mcha3500_windows_toolchain/toolchain/gcc-arm-none-eabi/bin/../lib/gcc/arm-none-eabi/9.2.1/../../../../arm-none-eabi/lib/thumb/v7e-m+fp/hard\libc_nano.a(lib_a-mstats.o)
                0x08014628                malloc_stats
 .text.mallopt  0x08014634       0x10 c:/users/mark/documents/mcha3500/mcha3500_windows_toolchain/toolchain/gcc-arm-none-eabi/bin/../lib/gcc/arm-none-eabi/9.2.1/../../../../arm-none-eabi/lib/thumb/v7e-m+fp/hard\libc_nano.a(lib_a-mstats.o)
                0x08014634                mallopt
 .text._mstats_r
                0x08014644       0x2c c:/users/mark/documents/mcha3500/mcha3500_windows_toolchain/toolchain/gcc-arm-none-eabi/bin/../lib/gcc/arm-none-eabi/9.2.1/../../../../arm-none-eabi/lib/thumb/v7e-m+fp/hard\libc_nano.a(lib_a-mstats.o)
                0x08014644                _mstats_r
 .text.mstats   0x08014670       0x10 c:/users/mark/documents/mcha3500/mcha3500_windows_toolchain/toolchain/gcc-arm-none-eabi/bin/../lib/gcc/arm-none-eabi/9.2.1/../../../../arm-none-eabi/lib/thumb/v7e-m+fp/hard\libc_nano.a(lib_a-mstats.o)
                0x08014670                mstats
 .text._free_r  0x08014680       0xa0 c:/users/mark/documents/mcha3500/mcha3500_windows_toolchain/toolchain/gcc-arm-none-eabi/bin/../lib/gcc/arm-none-eabi/9.2.1/../../../../arm-none-eabi/lib/thumb/v7e-m+fp/hard\libc_nano.a(lib_a-nano-freer.o)
                0x08014680                _free_r
 .text._mallinfo_r
                0x08014720       0x68 c:/users/mark/documents/mcha3500/mcha3500_windows_toolchain/toolchain/gcc-arm-none-eabi/bin/../lib/gcc/arm-none-eabi/9.2.1/../../../../arm-none-eabi/lib/thumb/v7e-m+fp/hard\libc_nano.a(lib_a-nano-mallinfor.o)
                0x08014720                _mallinfo_r
 .text._malloc_r
                0x08014788       0xb4 c:/users/mark/documents/mcha3500/mcha3500_windows_toolchain/toolchain/gcc-arm-none-eabi/bin/../lib/gcc/arm-none-eabi/9.2.1/../../../../arm-none-eabi/lib/thumb/v7e-m+fp/hard\libc_nano.a(lib_a-nano-mallocr.o)
                0x08014788                _malloc_r
 .text._mallopt_r
                0x0801483c        0x4 c:/users/mark/documents/mcha3500/mcha3500_windows_toolchain/toolchain/gcc-arm-none-eabi/bin/../lib/gcc/arm-none-eabi/9.2.1/../../../../arm-none-eabi/lib/thumb/v7e-m+fp/hard\libc_nano.a(lib_a-nano-malloptr.o)
                0x0801483c                _mallopt_r
 .text._malloc_stats_r