Archive member included to satisfy reference by file (symbol)

c:/users/mark/documents/mcha3500/mcha3500_windows_toolchain/toolchain/gcc-arm-none-eabi/bin/../lib/gcc/arm-none-eabi/9.2.1/../../../../arm-none-eabi/lib/thumb/v7e-m+fp/hard\libm.a(lib_a-w_atan2.o)
                              build/IMU.o (atan2)
c:/users/mark/documents/mcha3500/mcha3500_windows_toolchain/toolchain/gcc-arm-none-eabi/bin/../lib/gcc/arm-none-eabi/9.2.1/../../../../arm-none-eabi/lib/thumb/v7e-m+fp/hard\libm.a(lib_a-wf_sqrt.o)
                              build/qpas_sub_noblas.o (sqrtf)
c:/users/mark/documents/mcha3500/mcha3500_windows_toolchain/toolchain/gcc-arm-none-eabi/bin/../lib/gcc/arm-none-eabi/9.2.1/../../../../arm-none-eabi/lib/thumb/v7e-m+fp/hard\libm.a(lib_a-e_atan2.o)
                              c:/users/mark/documents/mcha3500/mcha3500_windows_toolchain/toolchain/gcc-arm-none-eabi/bin/../lib/gcc/arm-none-eabi/9.2.1/../../../../arm-none-eabi/lib/thumb/v7e-m+fp/hard\libm.a(lib_a-w_atan2.o) (__ieee754_atan2)
c:/users/mark/documents/mcha3500/mcha3500_windows_toolchain/toolchain/gcc-arm-none-eabi/bin/../lib/gcc/arm-none-eabi/9.2.1/../../../../arm-none-eabi/lib/thumb/v7e-m+fp/hard\libm.a(lib_a-ef_sqrt.o)
                              c:/users/mark/documents/mcha3500/mcha3500_windows_toolchain/toolchain/gcc-arm-none-eabi/bin/../lib/gcc/arm-none-eabi/9.2.1/../../../../arm-none-eabi/lib/thumb/v7e-m+fp/hard\libm.a(lib_a-wf_sqrt.o) (__ieee754_sqrtf)
c:/users/mark/documents/mcha3500/mcha3500_windows_toolchain/toolchain/gcc-arm-none-eabi/bin/../lib/gcc/arm-none-eabi/9.2.1/../../../../arm-none-eabi/lib/thumb/v7e-m+fp/hard\libm.a(lib_a-s_atan.o)
                              c:/users/mark/documents/mcha3500/mcha3500_windows_toolchain/toolchain/gcc-arm-none-eabi/bin/../lib/gcc/arm-none-eabi/9.2.1/../../../../arm-none-eabi/lib/thumb/v7e-m+fp/hard\libm.a(lib_a-e_atan2.o) (atan)
c:/users/mark/documents/mcha3500/mcha3500_windows_toolchain/toolchain/gcc-arm-none-eabi/bin/../lib/gcc/arm-none-eabi/9.2.1/../../../../arm-none-eabi/lib/thumb/v7e-m+fp/hard\libm.a(lib_a-s_fabs.o)
                              c:/users/mark/documents/mcha3500/mcha3500_windows_toolchain/toolchain/gcc-arm-none-eabi/bin/../lib/gcc/arm-none-eabi/9.2.1/../../../../arm-none-eabi/lib/thumb/v7e-m+fp/hard\libm.a(lib_a-e_atan2.o) (fabs)
c:/users/mark/documents/mcha3500/mcha3500_windows_toolchain/toolchain/gcc-arm-none-eabi/bin/../lib/gcc/arm-none-eabi/9.2.1/../../../../arm-none-eabi/lib/thumb/v7e-m+fp/hard\libm.a(lib_a-s_lib_ver.o)
                              c:/users/mark/documents/mcha3500/mcha3500_windows_toolchain/toolchain/gcc-arm-none-eabi/bin/../lib/gcc/arm-none-eabi/9.2.1/../../../../arm-none-eabi/lib/thumb/v7e-m+fp/hard\libm.a(lib_a-wf_sqrt.o) (__fdlib_version)
c:/users/mark/documents/mcha3500/mcha3500_windows_toolchain/toolchain/gcc-arm-none-eabi/bin/../lib/gcc/arm-none-eabi/9.2.1/../../../../arm-none-eabi/lib/thumb/v7e-m+fp/hard\libm.a(lib_a-s_matherr.o)
                              c:/users/mark/documents/mcha3500/mcha3500_windows_toolchain/toolchain/gcc-arm-none-eabi/bin/../lib/gcc/arm-none-eabi/9.2.1/../../../../arm-none-eabi/lib/thumb/v7e-m+fp/hard\libm.a(lib_a-wf_sqrt.o) (matherr)
../STM32Cube_F4_FW/Drivers/CMSIS/Lib/GCC/libarm_cortexM4lf_math.a(arm_mat_trans_f32.o)
                              build/kalman.o (arm_mat_trans_f32)
../STM32Cube_F4_FW/Drivers/CMSIS/Lib/GCC/libarm_cortexM4lf_math.a(arm_mat_sub_f32.o)
                              build/controller.o (arm_mat_sub_f32)
../STM32Cube_F4_FW/Drivers/CMSIS/Lib/GCC/libarm_cortexM4lf_math.a(arm_mat_mult_f32.o)
                              build/controller.o (arm_mat_mult_f32)
../STM32Cube_F4_FW/Drivers/CMSIS/Lib/GCC/libarm_cortexM4lf_math.a(arm_mat_inverse_f32.o)
                              build/kalman.o (arm_mat_inverse_f32)
../STM32Cube_F4_FW/Drivers/CMSIS/Lib/GCC/libarm_cortexM4lf_math.a(arm_mat_init_f32.o)
                              build/controller.o (arm_mat_init_f32)
../STM32Cube_F4_FW/Drivers/CMSIS/Lib/GCC/libarm_cortexM4lf_math.a(arm_mat_add_f32.o)
                              build/controller.o (arm_mat_add_f32)
c:/users/mark/documents/mcha3500/mcha3500_windows_toolchain/toolchain/gcc-arm-none-eabi/bin/../lib/gcc/arm-none-eabi/9.2.1/thumb/v7e-m+fp/hard\libgcc.a(_arm_muldf3.o)
                              build/pendulum.o (__aeabi_dmul)
c:/users/mark/documents/mcha3500/mcha3500_windows_toolchain/toolchain/gcc-arm-none-eabi/bin/../lib/gcc/arm-none-eabi/9.2.1/thumb/v7e-m+fp/hard\libgcc.a(_arm_addsubdf3.o)
                              c:/users/mark/documents/mcha3500/mcha3500_windows_toolchain/toolchain/gcc-arm-none-eabi/bin/../lib/gcc/arm-none-eabi/9.2.1/../../../../arm-none-eabi/lib/thumb/v7e-m+fp/hard\libm.a(lib_a-e_atan2.o) (__aeabi_dsub)
c:/users/mark/documents/mcha3500/mcha3500_windows_toolchain/toolchain/gcc-arm-none-eabi/bin/../lib/gcc/arm-none-eabi/9.2.1/thumb/v7e-m+fp/hard\libgcc.a(_arm_muldivdf3.o)
                              build/IMU.o (__aeabi_ddiv)
[...]
Memory Configuration

Name             Origin             Length             Attributes
FLASH            0x08000000         0x00080000         xr
RAM              0x20000000         0x00020000         xrw
*default*        0x00000000         0xffffffff

Linker script and memory map

LOAD c:/users/mark/documents/mcha3500/mcha3500_windows_toolchain/toolchain/gcc-arm-none-eabi/bin/../lib/gcc/arm-none-eabi/9.2.1/thumb/v7e-m+fp/hard/crti.o
LOAD c:/users/mark/documents/mcha3500/mcha3500_windows_toolchain/toolchain/gcc-arm-none-eabi/bin/../lib/gcc/arm-none-eabi/9.2.1/thumb/v7e-m+fp/hard/crtbegin.o
LOAD c:/users/mark/documents/mcha3500/mcha3500_windows_toolchain/toolchain/gcc-arm-none-eabi/bin/../lib/gcc/arm-none-eabi/9.2.1/../../../../arm-none-eabi/lib/thumb/v7e-m+fp/hard/crt0.o
LOAD build/stm32f4xx_it.o
LOAD build/system_stm32f4xx.o
LOAD build/cmd_line_buffer.o
LOAD build/cmd_parser.o
LOAD build/cmd_task.o
LOAD build/main.o
LOAD build/uart.o
LOAD build/heartbeat_task.o
LOAD build/heartbeat_cmd.o
LOAD build/dummy_task.o
LOAD build/pendulum.o
LOAD build/motor.o
LOAD build/data_logging.o
LOAD build/controller.o
LOAD build/IMU.o
LOAD build/kalman.o
LOAD build/control_loop.o
LOAD build/qpas_sub_noblas.o
LOAD build/startup_stm32f446xx.o
LOAD build/stm32f4_HAL/stm32f4xx_hal.o
LOAD build/stm32f4_HAL/stm32f4xx_hal_dma.o
LOAD build/stm32f4_HAL/stm32f4xx_hal_adc.o
LOAD build/stm32f4_HAL/stm32f4xx_hal_adc_ex.o
LOAD build/stm32f4_HAL/stm32f4xx_hal_gpio.o
LOAD build/stm32f4_HAL/stm32f4xx_ll_gpio.o
LOAD build/stm32f4_HAL/stm32f4xx_ll_usart.o
LOAD build/stm32f4_HAL/stm32f4xx_ll_dma.o
LOAD build/stm32f4_HAL/stm32f4xx_ll_rcc.o
LOAD build/stm32f4_HAL/stm32f4xx_hal_i2c.o
LOAD build/stm32f4_HAL/stm32f4xx_hal_i2c_ex.o
LOAD build/stm32f4_HAL/stm32f4xx_hal_tim.o
LOAD build/stm32f4_HAL/stm32f4xx_hal_tim_ex.o
LOAD build/stm32f4_HAL/stm32f4xx_hal_rtc.o
LOAD build/stm32f4_HAL/stm32f4xx_hal_rcc.o
LOAD build/stm32f4_HAL/stm32f4xx_hal_rcc_ex.o
LOAD build/stm32f4_HAL/stm32f4xx_hal_pwr.o
LOAD build/stm32f4_HAL/stm32f4xx_hal_pwr_ex.o
LOAD build/stm32f4_HAL/stm32f4xx_hal_cortex.o
LOAD build/stm32f4_HAL/stm32f4xx_hal_spi.o
LOAD build/stm32f4_HAL/stm32f4xx_hal_dac.o
LOAD build/stm32f4_HAL/stm32f4xx_hal_dac_ex.o
LOAD build/stm32f4_HAL/stm32f4xx_hal_can.o
LOAD build/FreeRTOS/croutine.o
LOAD build/FreeRTOS/event_groups.o
LOAD build/FreeRTOS/list.o
LOAD build/FreeRTOS/queue.o
LOAD build/FreeRTOS/tasks.o
LOAD build/FreeRTOS/timers.o
LOAD build/FreeRTOS/stream_buffer.o
LOAD build/FreeRTOS/cmsis_os2.o
LOAD build/FreeRTOS/clib_arm.o
LOAD build/FreeRTOS/os_systick.o
LOAD build/FreeRTOS/heap_useNewlib.o
LOAD build/FreeRTOS/port.o
LOAD build/tm_stm32_gpio.o
LOAD build/tm_stm32_i2c.o
LOAD build/tm_stm32_mpu6050.o
LOAD c:/users/mark/documents/mcha3500/mcha3500_windows_toolchain/toolchain/gcc-arm-none-eabi/bin/../lib/gcc/arm-none-eabi/9.2.1/../../../../arm-none-eabi/lib/thumb/v7e-m+fp/hard\libm.a
LOAD ../STM32Cube_F4_FW/Drivers/CMSIS/Lib/GCC/libarm_cortexM4lf_math.a
START GROUP
LOAD c:/users/mark/documents/mcha3500/mcha3500_windows_toolchain/toolchain/gcc-arm-none-eabi/bin/../lib/gcc/arm-none-eabi/9.2.1/thumb/v7e-m+fp/hard\libgcc.a
LOAD c:/users/mark/documents/mcha3500/mcha3500_windows_toolchain/toolchain/gcc-arm-none-eabi/bin/../lib/gcc/arm-none-eabi/9.2.1/../../../../arm-none-eabi/lib/thumb/v7e-m+fp/hard\libc_nano.a
END GROUP
START GROUP
LOAD c:/users/mark/documents/mcha3500/mcha3500_windows_toolchain/toolchain/gcc-arm-none-eabi/bin/../lib/gcc/arm-none-eabi/9.2.1/thumb/v7e-m+fp/hard\libgcc.a
LOAD c:/users/mark/documents/mcha3500/mcha3500_windows_toolchain/toolchain/gcc-arm-none-eabi/bin/../lib/gcc/arm-none-eabi/9.2.1/../../../../arm-none-eabi/lib/thumb/v7e-m+fp/hard\libc_nano.a
LOAD c:/users/mark/documents/mcha3500/mcha3500_windows_toolchain/toolchain/gcc-arm-none-eabi/bin/../lib/gcc/arm-none-eabi/9.2.1/../../../../arm-none-eabi/lib/thumb/v7e-m+fp/hard\libnosys.a
END GROUP
START GROUP
LOAD c:/users/mark/documents/mcha3500/mcha3500_windows_toolchain/toolchain/gcc-arm-none-eabi/bin/../lib/gcc/arm-none-eabi/9.2.1/thumb/v7e-m+fp/hard\libgcc.a
LOAD c:/users/mark/documents/mcha3500/mcha3500_windows_toolchain/toolchain/gcc-arm-none-eabi/bin/../lib/gcc/arm-none-eabi/9.2.1/../../../../arm-none-eabi/lib/thumb/v7e-m+fp/hard\libc_nano.a
LOAD c:/users/mark/documents/mcha3500/mcha3500_windows_toolchain/toolchain/gcc-arm-none-eabi/bin/../lib/gcc/arm-none-eabi/9.2.1/../../../../arm-none-eabi/lib/thumb/v7e-m+fp/hard\libnosys.a
END GROUP
LOAD c:/users/mark/documents/mcha3500/mcha3500_windows_toolchain/toolchain/gcc-arm-none-eabi/bin/../lib/gcc/arm-none-eabi/9.2.1/thumb/v7e-m+fp/hard/crtend.o
LOAD c:/users/mark/documents/mcha3500/mcha3500_windows_toolchain/toolchain/gcc-arm-none-eabi/bin/../lib/gcc/arm-none-eabi/9.2.1/thumb/v7e-m+fp/hard/crtn.o
                0x20020000                _estack = 0x20020000
                0x00010000                _Min_Heap_Size = 0x10000
                0x00002000                _Min_Stack_Size = 0x2000

.isr_vector     0x08000000      0x1c4
                0x08000000                . = ALIGN (0x4)
 *(.isr_vector)
 .isr_vector    0x08000000      0x1c4 build/startup_stm32f446xx.o
                0x08000000                g_pfnVectors
                0x080001c4                . = ALIGN (0x4)

.text           0x080001d0    0x1a0d4
                0x080001d0                . = ALIGN (0x4)
 *(.text)
 .text          0x080001d0        0x0 c:/users/mark/documents/mcha3500/mcha3500_windows_toolchain/toolchain/gcc-arm-none-eabi/bin/../lib/gcc/arm-none-eabi/9.2.1/thumb/v7e-m+fp/hard/crti.o
 .text          0x080001d0       0x40 c:/users/mark/documents/mcha3500/mcha3500_windows_toolchain/toolchain/gcc-arm-none-eabi/bin/../lib/gcc/arm-none-eabi/9.2.1/thumb/v7e-m+fp/hard/crtbegin.o
 .text          0x08000210       0x74 c:/users/mark/documents/mcha3500/mcha3500_windows_toolchain/toolchain/gcc-arm-none-eabi/bin/../lib/gcc/arm-none-eabi/9.2.1/../../../../arm-none-eabi/lib/thumb/v7e-m+fp/hard/crt0.o
                0x08000210                _start
                0x08000210                _mainCRTStartup
 .text          0x08000284        0xc build/stm32f4xx_it.o
                0x08000284                NMI_Handler
                0x08000286                HardFault_Handler
                0x08000288                MemManage_Handler
                0x0800028a                BusFault_Handler
                0x0800028c                UsageFault_Handler
                0x0800028e                DebugMon_Handler
 .text          0x08000290       0xc0 build/system_stm32f4xx.o
                0x08000290                SystemInit
                0x080002dc                SystemCoreClockUpdate
 .text          0x08000350      0x104 build/cmd_line_buffer.o
                0x08000350                clb_init
                0x0800035a                clb_is_empty
                0x08000364                clb_is_full
                0x08000372                clb_delc
                0x0800037c                clb_is_cmd_ready
                0x08000394                clb_putc
                0x080003b4                clb_consume_char
                0x080003dc                clb_consume_str
                0x080003f6                clb_gets_at
                0x0800040e                clb_gets
                0x08000414                clb_process
 .text          0x08000454      0x1ec build/cmd_parser.o
                0x08000590                cmd_parse
 .text          0x08000640       0x4c build/cmd_task.o
                0x08000660                cmd_task_init
 .text          0x0800068c        0x0 build/main.o
 .text          0x0800068c      0x47c build/uart.o
                0x0800068c                uart_init
                0x08000960                __wrap_printf
                0x08000998                __io_putchar
                0x080009c8                __io_getchar
                0x080009e4                _write
                0x08000a00                _read
                0x08000a14                _uart_rxne_isr
                0x08000a3c                _uart_txe_isr
                0x08000a74                _uart_error
                0x08000acc                USART2_IRQHandler
 .text          0x08000b08       0xc4 build/heartbeat_task.o
                0x08000b24                heartbeat_task_init
                0x08000b80                heartbeat_task_start
                0x08000b98                heartbeat_task_stop
                0x08000bb0                heartbeat_task_is_running
                0x08000bbc                heartbeat_task_deinit
 .text          0x08000bcc       0x70 build/heartbeat_cmd.o
                0x08000bcc                heartbeat_cmd
 .text          0x08000c3c       0xd4 build/dummy_task.o
                0x08000c68                dummy_task_init
                0x08000cc4                dummy_task_start
                0x08000cdc                dummy_task_stop
                0x08000cf4                dummy_task_is_running
                0x08000d00                dummy_task_deinit
 .text          0x08000d10       0xd4 build/pendulum.o
                0x08000d10                pendulum_init
                0x08000d98                pendulum_read_voltage
 *fill*         0x08000de4        0x4 
 .text          0x08000de8      0x230 build/motor.o
                0x08000de8                motor_PWM_init
                0x08000ec4                velocity_adjust
                0x08000f00                motor_encoder_init
                0x08000f64                EXTI0_IRQHandler
                0x08000f9c                EXTI1_IRQHandler
                0x08000fd4                motor_encoder_getValue
                0x08000fe0                motor_encoder_getAngle
 .text          0x08001018      0x1b0 build/data_logging.o
                0x08001024                logging_init
                0x08001044                pend_logging_start
                0x08001060                logging_stop
                0x080011ac                imu_logging_start
 .text          0x080011c8      0x29c build/controller.o
                0x080011c8                ctrl_init
                0x080012c8                getControl
                0x080012d4                ctrl_set_x1
                0x080012e0                ctrl_set_x2
                0x080012ec                ctrl_set_yref
                0x080012f8                getReference
                0x08001304                ctrl_update
 *fill*         0x08001464        0x4 
 .text          0x08001468      0x260 build/IMU.o
                0x08001468                IMU_read
                0x08001474                get_accY
                0x080014f4                get_accZ
                0x08001574                get_accX
                0x080015f4                get_gyroY
                0x0800167c                get_acc_angle
                0x080016b8                IMU_init
 .text          0x080016c8      0x314 build/kalman.o
                0x080016c8                kalman_init
                0x08001858                kalman_update
                0x080019a0                getKalmanAngle
                0x080019ac                getKalmanVelocity
                0x080019b8                getKalmanBias
                0x080019c4                kalman_set_angle
                0x080019d0                kalman_set_velocity
 .text          0x080019dc       0xb8 build/control_loop.o
                0x08001a20                control_loop_init
                0x08001a40                control_timer_start
                0x08001a50                control_timer_stop
                0x08001a5c                control_set_speed
                0x08001a68                kalman_loop_update
 *fill*         0x08001a94        0x4 
 .text          0x08001a98     0x16d8 build/qpas_sub_noblas.o
                0x08001a98                printvector
                0x08001b28                printmatrix
                0x08001c0c                qpas_sub_noblas
 .text          0x08003170       0x14 build/startup_stm32f446xx.o
 .text          0x08003184      0x20c build/stm32f4_HAL/stm32f4xx_hal.o
                0x08003184                HAL_MspInit
                0x08003186                HAL_MspDeInit
                0x08003188                HAL_DeInit
                0x080031b4                HAL_InitTick
                0x080031f8                HAL_Init
                0x0800322c                HAL_IncTick
                0x08003244                HAL_GetTick
                0x08003250                HAL_GetTickPrio
                0x0800325c                HAL_SetTickFreq
                0x0800327c                HAL_GetTickFreq
                0x08003288                HAL_Delay
                0x080032b0                HAL_SuspendTick
                0x080032c0                HAL_ResumeTick
                0x080032d0                HAL_GetHalVersion
                0x080032d8                HAL_GetREVID
                0x080032e4                HAL_GetDEVID
                0x080032f4                HAL_DBGMCU_EnableDBGSleepMode
                0x08003304                HAL_DBGMCU_DisableDBGSleepMode
                0x08003314                HAL_DBGMCU_EnableDBGStopMode
                0x08003324                HAL_DBGMCU_DisableDBGStopMode
                0x08003334                HAL_DBGMCU_EnableDBGStandbyMode
                0x08003344                HAL_DBGMCU_DisableDBGStandbyMode
                0x08003354                HAL_EnableCompensationCell
                0x08003360                HAL_DisableCompensationCell
                0x0800336c                HAL_GetUIDw0
                0x08003378                HAL_GetUIDw1
                0x08003384                HAL_GetUIDw2
 .text          0x08003390      0x630 build/stm32f4_HAL/stm32f4xx_hal_dma.o
                0x080033bc                HAL_DMA_Init
                0x080034bc                HAL_DMA_DeInit
                0x08003510                HAL_DMA_Start
                0x08003564                HAL_DMA_Start_IT
                0x080035d8                HAL_DMA_Abort
                0x08003660                HAL_DMA_Abort_IT
                0x08003684                HAL_DMA_PollForTransfer
                0x08003792                HAL_DMA_IRQHandler
                0x0800390c                HAL_DMA_RegisterCallback
                0x08003954                HAL_DMA_UnRegisterCallback
                0x080039b6                HAL_DMA_GetState
                0x080039bc                HAL_DMA_GetError
 .text          0x080039c0      0x9c8 build/stm32f4_HAL/stm32f4xx_hal_adc.o
                0x080039c0                HAL_ADC_MspInit
                0x080039c2                HAL_ADC_Init
                0x08003b10                HAL_ADC_MspDeInit
                0x08003b12                HAL_ADC_DeInit
                0x08003b46                HAL_ADC_Start
                0x08003c30                HAL_ADC_Stop
                0x08003c66                HAL_ADC_PollForConversion
                0x08003d04                HAL_ADC_PollForEvent
                0x08003d6a                HAL_ADC_Start_IT
                0x08003e60                HAL_ADC_Stop_IT
                0x08003ea8                HAL_ADC_Start_DMA
                0x08003fcc                HAL_ADC_Stop_DMA
                0x08004026                HAL_ADC_GetValue
                0x0800402c                HAL_ADC_ConvCpltCallback
                0x0800402e                HAL_ADC_ConvHalfCpltCallback
                0x0800403a                HAL_ADC_LevelOutOfWindowCallback
                0x0800403c                HAL_ADC_ErrorCallback
                0x0800403e                HAL_ADC_IRQHandler
                0x080041e8                HAL_ADC_ConfigChannel
                0x08004320                HAL_ADC_AnalogWDGConfig
                0x0800437e                HAL_ADC_GetState
                0x08004382                HAL_ADC_GetError
 .text          0x08004388      0x6ac build/stm32f4_HAL/stm32f4xx_hal_adc_ex.o
                0x080043f8                HAL_ADCEx_InjectedStart
                0x080044ac                HAL_ADCEx_InjectedStart_IT
                0x08004568                HAL_ADCEx_InjectedStop
                0x080045c2                HAL_ADCEx_InjectedPollForConversion
                0x0800464a                HAL_ADCEx_InjectedStop_IT
                0x080046ac                HAL_ADCEx_InjectedGetValue
                0x080046de                HAL_ADCEx_MultiModeStart_DMA
                0x080047d8                HAL_ADCEx_MultiModeStop_DMA
                0x08004838                HAL_ADCEx_MultiModeGetValue
                0x08004844                HAL_ADCEx_InjectedConvCpltCallback
                0x08004846                HAL_ADCEx_InjectedConfigChannel
                0x080049e4                HAL_ADCEx_MultiModeConfigChannel
 .text          0x08004a34      0x334 build/stm32f4_HAL/stm32f4xx_hal_gpio.o
                0x08004a34                HAL_GPIO_Init
                0x08004be4                HAL_GPIO_DeInit
                0x08004d00                HAL_GPIO_ReadPin
                0x08004d0c                HAL_GPIO_WritePin
                0x08004d16                HAL_GPIO_TogglePin
                0x08004d24                HAL_GPIO_LockPin
                0x08004d4e                HAL_GPIO_EXTI_Callback
                0x08004d50                HAL_GPIO_EXTI_IRQHandler
 .text          0x08004d68      0x220 build/stm32f4_HAL/stm32f4xx_ll_gpio.o
                0x08004d88                LL_GPIO_DeInit
                0x08004e34                LL_GPIO_Init
                0x08004f70                LL_GPIO_StructInit
 .text          0x08004f88      0x21c build/stm32f4_HAL/stm32f4xx_ll_usart.o
                0x08004f88                LL_USART_DeInit
                0x08005048                LL_USART_Init
                0x08005144                LL_USART_StructInit
                0x0800515c                LL_USART_ClockInit
                0x08005196                LL_USART_ClockStructInit
 .text          0x080051a4      0x238 build/stm32f4_HAL/stm32f4xx_ll_dma.o
                0x080051a4                LL_DMA_DeInit
                0x08005334                LL_DMA_Init
                0x080053b8                LL_DMA_StructInit
 .text          0x080053dc      0x604 build/stm32f4_HAL/stm32f4xx_ll_rcc.o
                0x080053ec                LL_RCC_DeInit
                0x0800549c                LL_RCC_GetCECClockFreq
                0x080054cc                RCC_GetHCLKClockFreq
                0x080054e4                RCC_GetPCLK1ClockFreq
                0x080054fc                RCC_GetPCLK2ClockFreq
                0x08005514                RCC_PLL_GetFreqDomain_SYS
                0x0800555c                RCC_GetSystemClockFreq
                0x0800558c                LL_RCC_GetSystemClocksFreq
                0x080055ac                LL_RCC_GetFMPI2CClockFreq
                0x080055fc                RCC_PLL_GetFreqDomain_48M
                0x08005638                RCC_PLL_GetFreqDomain_I2S
                0x08005674                RCC_PLL_GetFreqDomain_SPDIFRX
                0x08005678                RCC_PLL_GetFreqDomain_SAI
                0x0800567c                RCC_PLLSAI_GetFreqDomain_SAI
                0x080056cc                RCC_PLLSAI_GetFreqDomain_48M
                0x08005710                LL_RCC_GetSDIOClockFreq
                0x08005758                LL_RCC_GetUSBClockFreq
                0x0800578c                RCC_PLLI2S_GetFreqDomain_SAI
                0x080057dc                LL_RCC_GetSAIClockFreq
                0x08005890                RCC_PLLI2S_GetFreqDomain_SPDIFRX
                0x080058d4                LL_RCC_GetSPDIFRXClockFreq
                0x08005908                RCC_PLLI2S_GetFreqDomain_I2S
                0x08005948                LL_RCC_GetI2SClockFreq
 .text          0x080059e0     0x31e0 build/stm32f4_HAL/stm32f4xx_hal_i2c.o
                0x08005e04                HAL_I2C_MspInit
                0x08005e06                HAL_I2C_Init
                0x08005f54                HAL_I2C_MspDeInit
                0x08005f56                HAL_I2C_DeInit
                0x08005f88                HAL_I2C_Master_Transmit
                0x08006138                HAL_I2C_Master_Receive
                0x08006418                HAL_I2C_Slave_Transmit
                0x08006578                HAL_I2C_Slave_Receive
                0x080066f4                HAL_I2C_Master_Transmit_IT
                0x080067a4                HAL_I2C_Master_Receive_IT
                0x0800685c                HAL_I2C_Slave_Transmit_IT
                0x080068cc                HAL_I2C_Slave_Receive_IT
                0x0800693c                HAL_I2C_Master_Transmit_DMA
                0x08006a68                HAL_I2C_Master_Receive_DMA
                0x08006b90                HAL_I2C_Slave_Transmit_DMA
                0x08006c50                HAL_I2C_Slave_Receive_DMA
                0x08006d10                HAL_I2C_Mem_Write
                0x08006e30                HAL_I2C_Mem_Read
                0x08007040                HAL_I2C_Mem_Write_IT
                0x080070fc                HAL_I2C_Mem_Read_IT
                0x080071c8                HAL_I2C_Mem_Write_DMA
                0x08007310                HAL_I2C_Mem_Read_DMA
                0x0800749c                HAL_I2C_IsDeviceReady
                0x080075fc                HAL_I2C_Master_Seq_Transmit_IT
                0x080076cc                HAL_I2C_Master_Seq_Transmit_DMA
                0x08007840                HAL_I2C_Master_Seq_Receive_IT
                0x0800794c                HAL_I2C_Master_Seq_Receive_DMA
                0x08007b18                HAL_I2C_Slave_Seq_Transmit_IT
                0x08007b8e                HAL_I2C_Slave_Seq_Transmit_DMA
                0x08007ccc                HAL_I2C_Slave_Seq_Receive_IT
                0x08007d42                HAL_I2C_Slave_Seq_Receive_DMA
                0x08007e80                HAL_I2C_EnableListen_IT
                0x08007eb6                HAL_I2C_DisableListen_IT
                0x08007ef4                HAL_I2C_MasterTxCpltCallback
                0x08007ef6                HAL_I2C_MasterRxCpltCallback
                0x08007ef8                HAL_I2C_SlaveTxCpltCallback
                0x08007efa                HAL_I2C_SlaveRxCpltCallback
                0x08007efc                HAL_I2C_AddrCallback
                0x08007efe                HAL_I2C_ListenCpltCallback
                0x08007f00                HAL_I2C_MemTxCpltCallback
                0x08007f02                HAL_I2C_MemRxCpltCallback
                0x08007f04                HAL_I2C_ErrorCallback
                0x08008052                HAL_I2C_AbortCpltCallback
                0x08008224                HAL_I2C_Master_Abort_IT
                0x08008270                HAL_I2C_EV_IRQHandler
                0x08008a7c                HAL_I2C_ER_IRQHandler
                0x08008bb0                HAL_I2C_GetState
                0x08008bb6                HAL_I2C_GetMode
                0x08008bbc                HAL_I2C_GetError
 .text          0x08008bc0       0x7c build/stm32f4_HAL/stm32f4xx_hal_i2c_ex.o
                0x08008bc0                HAL_I2CEx_ConfigAnalogFilter
                0x08008bfe                HAL_I2CEx_ConfigDigitalFilter
 .text          0x08008c3c     0x1dec build/stm32f4_HAL/stm32f4xx_hal_tim.o
                0x08008d58                HAL_TIM_Base_MspInit
                0x08008d5a                HAL_TIM_Base_MspDeInit
                0x08008d5c                HAL_TIM_Base_DeInit
                0x08008d96                HAL_TIM_Base_Start
                0x08008dba                HAL_TIM_Base_Stop
                0x08008de8                HAL_TIM_Base_Start_IT
                0x08008e08                HAL_TIM_Base_Stop_IT
                0x08008e32                HAL_TIM_Base_Start_DMA
                0x08008e9c                HAL_TIM_Base_Stop_DMA
                0x08008ed8                HAL_TIM_OC_MspInit
                0x08008eda                HAL_TIM_OC_MspDeInit
                0x08008edc                HAL_TIM_OC_DeInit
                0x08008f16                HAL_TIM_PWM_MspInit
                0x08008f18                HAL_TIM_PWM_MspDeInit
                0x08008f1a                HAL_TIM_PWM_DeInit
                0x08008f54                HAL_TIM_IC_MspInit
                0x08008f56                HAL_TIM_IC_MspDeInit
                0x08008f58                HAL_TIM_IC_DeInit
                0x08008f92                HAL_TIM_OnePulse_MspInit
                0x08008f94                HAL_TIM_OnePulse_MspDeInit
                0x08008f96                HAL_TIM_OnePulse_DeInit
                0x08008fd0                HAL_TIM_OnePulse_Start
                0x08009010                HAL_TIM_OnePulse_Stop
                0x08009078                HAL_TIM_OnePulse_Start_IT
                0x080090c8                HAL_TIM_OnePulse_Stop_IT
                0x08009140                HAL_TIM_Encoder_MspInit
                0x08009142                HAL_TIM_Encoder_MspDeInit
                0x08009144                HAL_TIM_Encoder_DeInit
                0x0800917e                HAL_TIM_Encoder_Start
                0x080091c2                HAL_TIM_Encoder_Stop
                0x0800920a                HAL_TIM_Encoder_Start_IT
                0x08009278                HAL_TIM_Encoder_Stop_IT
                0x080092ec                HAL_TIM_Encoder_Start_DMA
                0x0800942c                HAL_TIM_Encoder_Stop_DMA
                0x080094be                HAL_TIM_DMABurst_WriteStart
                0x0800959c                HAL_TIM_DMABurst_WriteStop
                0x08009600                HAL_TIM_DMABurst_ReadStart
                0x080096e4                HAL_TIM_DMABurst_ReadStop
                0x080096e8                HAL_TIM_GenerateEvent
                0x0800970c                HAL_TIM_ConfigTI1Input
                0x0800971c                HAL_TIM_ReadCapturedValue
                0x08009748                HAL_TIM_PeriodElapsedCallback
                0x0800975a                HAL_TIM_PeriodElapsedHalfCpltCallback
                0x0800976c                HAL_TIM_OC_DelayElapsedCallback
                0x0800976e                HAL_TIM_IC_CaptureCallback
                0x08009770                TIM_DMACaptureCplt
                0x080097ac                HAL_TIM_IC_CaptureHalfCpltCallback
                0x080097ae                TIM_DMACaptureHalfCplt
                0x080097ea                HAL_TIM_PWM_PulseFinishedCallback
                0x080097ec                TIM_DMADelayPulseCplt
                0x08009828                HAL_TIM_PWM_PulseFinishedHalfCpltCallback
                0x0800982a                TIM_DMADelayPulseHalfCplt
                0x08009866                HAL_TIM_TriggerCallback
                0x08009868                HAL_TIM_IRQHandler
                0x080099bc                HAL_TIM_TriggerHalfCpltCallback
                0x080099ce                HAL_TIM_ErrorCallback
                0x080099d0                TIM_DMAError
                0x080099e0                HAL_TIM_Base_GetState
                0x080099e6                HAL_TIM_OC_GetState
                0x080099ec                HAL_TIM_PWM_GetState
                0x080099f2                HAL_TIM_IC_GetState
                0x080099f8                HAL_TIM_OnePulse_GetState
                0x080099fe                HAL_TIM_Encoder_GetState
                0x08009a04                TIM_Base_SetConfig
                0x08009ad0                HAL_TIM_Base_Init
                0x08009b04                HAL_TIM_OC_Init
                0x08009b38                HAL_TIM_PWM_Init
                0x08009b6c                HAL_TIM_IC_Init
                0x08009ba0                HAL_TIM_OnePulse_Init
                0x08009be6                HAL_TIM_Encoder_Init
                0x08009c7c                TIM_OC2_SetConfig
                0x08009ce8                HAL_TIM_OC_ConfigChannel
                0x08009d40                HAL_TIM_PWM_ConfigChannel
                0x08009e00                TIM_TI1_SetConfig
                0x08009e74                HAL_TIM_IC_ConfigChannel
                0x08009f88                HAL_TIM_OnePulse_ConfigChannel
                0x0800a07e                TIM_ETR_SetConfig
                0x0800a092                HAL_TIM_ConfigOCrefClear
                0x0800a15a                HAL_TIM_ConfigClockSource
                0x0800a326                HAL_TIM_SlaveConfigSynchro
                0x0800a374                HAL_TIM_SlaveConfigSynchro_IT
                0x0800a3c2                TIM_CCxChannelCmd
                0x0800a3de                HAL_TIM_OC_Start
                0x0800a41c                HAL_TIM_PWM_Start
                0x0800a420                HAL_TIM_OC_Stop
                0x0800a47c                HAL_TIM_OC_Start_IT
                0x0800a4ec                HAL_TIM_PWM_Start_IT
                0x0800a4f0                HAL_TIM_OC_Stop_IT
                0x0800a580                HAL_TIM_PWM_Stop_IT
                0x0800a584                HAL_TIM_OC_Start_DMA
                0x0800a694                HAL_TIM_PWM_Start_DMA
                0x0800a698                HAL_TIM_OC_Stop_DMA
                0x0800a748                HAL_TIM_PWM_Stop_DMA
                0x0800a74c                HAL_TIM_PWM_Stop
                0x0800a7b0                HAL_TIM_IC_Start
                0x0800a7d4                HAL_TIM_IC_Stop
                0x0800a802                HAL_TIM_IC_Start_IT
                0x0800a858                HAL_TIM_IC_Stop_IT
                0x0800a8b8                HAL_TIM_IC_Start_DMA
                0x0800a9a8                HAL_TIM_IC_Stop_DMA
 .text          0x0800aa28      0x814 build/stm32f4_HAL/stm32f4xx_hal_tim_ex.o
                0x0800aa44                HAL_TIMEx_HallSensor_MspInit
                0x0800aa46                HAL_TIMEx_HallSensor_Init
                0x0800aaf4                HAL_TIMEx_HallSensor_MspDeInit
                0x0800aaf6                HAL_TIMEx_HallSensor_DeInit
                0x0800ab30                HAL_TIMEx_HallSensor_Start
                0x0800ab56                HAL_TIMEx_HallSensor_Stop
                0x0800ab86                HAL_TIMEx_HallSensor_Start_IT
                0x0800abb4                HAL_TIMEx_HallSensor_Stop_IT
                0x0800abec                HAL_TIMEx_HallSensor_Start_DMA
                0x0800ac68                HAL_TIMEx_HallSensor_Stop_DMA
                0x0800aca8                HAL_TIMEx_OCN_Start
                0x0800acd4                HAL_TIMEx_OCN_Stop
                0x0800ad1e                HAL_TIMEx_OCN_Start_IT
                0x0800ad74                HAL_TIMEx_OCN_Stop_IT
                0x0800adf2                HAL_TIMEx_OCN_Start_DMA
                0x0800aec4                HAL_TIMEx_OCN_Stop_DMA
                0x0800af4a                HAL_TIMEx_PWMN_Start
                0x0800af4e                HAL_TIMEx_PWMN_Stop
                0x0800af52                HAL_TIMEx_PWMN_Start_IT
                0x0800af56                HAL_TIMEx_PWMN_Stop_IT
                0x0800af5a                HAL_TIMEx_PWMN_Start_DMA
                0x0800af5e                HAL_TIMEx_PWMN_Stop_DMA
                0x0800af62                HAL_TIMEx_OnePulseN_Start
                0x0800af7c                HAL_TIMEx_OnePulseN_Stop
                0x0800af80                HAL_TIMEx_OnePulseN_Start_IT
                0x0800afaa                HAL_TIMEx_OnePulseN_Stop_IT
                0x0800b004                HAL_TIMEx_ConfigCommutEvent
                0x0800b05e                HAL_TIMEx_ConfigCommutEvent_IT
                0x0800b0b8                HAL_TIMEx_ConfigCommutEvent_DMA
                0x0800b12c                HAL_TIMEx_MasterConfigSynchronization
                0x0800b1a8                HAL_TIMEx_ConfigBreakDeadTime
                0x0800b1f4                HAL_TIMEx_RemapConfig
                0x0800b20e                HAL_TIMEx_CommutCallback
                0x0800b210                TIMEx_DMACommutationCplt
                0x0800b220                HAL_TIMEx_CommutHalfCpltCallback
                0x0800b222                TIMEx_DMACommutationHalfCplt
                0x0800b232                HAL_TIMEx_BreakCallback
                0x0800b234                HAL_TIMEx_HallSensor_GetState
 .text          0x0800b23c        0x0 build/stm32f4_HAL/stm32f4xx_hal_rtc.o
 .text          0x0800b23c      0x6d4 build/stm32f4_HAL/stm32f4xx_hal_rcc.o
                0x0800b58e                HAL_RCC_MCOConfig
                0x0800b628                HAL_RCC_EnableCSS
                0x0800b634                HAL_RCC_DisableCSS
                0x0800b69c                HAL_RCC_ClockConfig
                0x0800b7d4                HAL_RCC_GetHCLKFreq
                0x0800b7e0                HAL_RCC_GetPCLK1Freq
                0x0800b800                HAL_RCC_GetPCLK2Freq
                0x0800b8b4                HAL_RCC_GetClockConfig
                0x0800b8f0                HAL_RCC_CSSCallback
                0x0800b8f2                HAL_RCC_NMI_IRQHandler
 .text          0x0800b910      0xdc8 build/stm32f4_HAL/stm32f4xx_hal_rcc_ex.o
                0x0800b910                HAL_RCCEx_PeriphCLKConfig
                0x0800bd28                HAL_RCCEx_GetPeriphCLKConfig
                0x0800be24                HAL_RCCEx_GetPeriphCLKFreq
                0x0800bfcc                HAL_RCCEx_SelectLSEMode
                0x0800bfe4                HAL_RCCEx_EnablePLLI2S
                0x0800c058                HAL_RCCEx_DisablePLLI2S
                0x0800c08c                HAL_RCCEx_EnablePLLSAI
                0x0800c0f8                HAL_RCCEx_DisablePLLSAI
                0x0800c12c                HAL_RCC_GetSysClockFreq
                0x0800c1bc                HAL_RCC_DeInit
                0x0800c310                HAL_RCC_OscConfig
                0x0800c63c                HAL_RCC_GetOscConfig
 .text          0x0800c6d8      0x1ac build/stm32f4_HAL/stm32f4xx_hal_pwr.o
                0x0800c6d8                HAL_PWR_DeInit
                0x0800c6f0                HAL_PWR_EnableBkUpAccess
                0x0800c6fc                HAL_PWR_DisableBkUpAccess
                0x0800c708                HAL_PWR_ConfigPVD
                0x0800c778                HAL_PWR_EnablePVD
                0x0800c784                HAL_PWR_DisablePVD
                0x0800c790                HAL_PWR_EnableWakeUpPin
                0x0800c7a0                HAL_PWR_DisableWakeUpPin
                0x0800c7b0                HAL_PWR_EnterSLEEPMode
                0x0800c7d0                HAL_PWR_EnterSTOPMode
                0x0800c808                HAL_PWR_EnterSTANDBYMode
                0x0800c828                HAL_PWR_PVDCallback
                0x0800c82a                HAL_PWR_PVD_IRQHandler
                0x0800c844                HAL_PWR_EnableSleepOnExit
                0x0800c854                HAL_PWR_DisableSleepOnExit
                0x0800c864                HAL_PWR_EnableSEVOnPend
                0x0800c874                HAL_PWR_DisableSEVOnPend
 .text          0x0800c884      0x298 build/stm32f4_HAL/stm32f4xx_hal_pwr_ex.o
                0x0800c884                HAL_PWREx_EnableBkUpReg
                0x0800c8b8                HAL_PWREx_DisableBkUpReg
                0x0800c8ec                HAL_PWREx_EnableFlashPowerDown
                0x0800c8f8                HAL_PWREx_DisableFlashPowerDown
                0x0800c904                HAL_PWREx_GetVoltageRange
                0x0800c914                HAL_PWREx_ControlVoltageScaling
                0x0800c9c4                HAL_PWREx_EnableOverDrive
                0x0800ca3c                HAL_PWREx_DisableOverDrive
                0x0800cab4                HAL_PWREx_EnterUnderDriveSTOPMode
 .text          0x0800cb1c      0x2c8 build/stm32f4_HAL/stm32f4xx_hal_cortex.o
                0x0800cb1c                HAL_NVIC_SetPriorityGrouping
                0x0800cb40                HAL_NVIC_SetPriority
                0x0800cba4                HAL_NVIC_EnableIRQ
                0x0800cbc0                HAL_NVIC_DisableIRQ
                0x0800cbe8                HAL_NVIC_SystemReset
                0x0800cc0c                HAL_SYSTICK_Config
                0x0800cc38                HAL_MPU_Disable
                0x0800cc58                HAL_MPU_Enable
                0x0800cc7c                HAL_MPU_ConfigRegion
                0x0800cccc                HAL_NVIC_GetPriorityGrouping
                0x0800ccdc                HAL_NVIC_GetPriority
                0x0800cd38                HAL_NVIC_SetPendingIRQ
                0x0800cd58                HAL_NVIC_GetPendingIRQ
                0x0800cd7c                HAL_NVIC_ClearPendingIRQ
                0x0800cd9c                HAL_NVIC_GetActive
                0x0800cdc0                HAL_SYSTICK_CLKSourceConfig
                0x0800cdd8                HAL_SYSTICK_Callback
                0x0800cdda                HAL_SYSTICK_IRQHandler
 .text          0x0800cde4     0x1820 build/stm32f4_HAL/stm32f4xx_hal_spi.o
                0x0800cf88                HAL_SPI_MspInit
                0x0800cf8a                HAL_SPI_Init
                0x0800d00e                HAL_SPI_MspDeInit
                0x0800d010                HAL_SPI_DeInit
                0x0800d03c                HAL_SPI_Transmit
                0x0800d1b6                HAL_SPI_TransmitReceive
                0x0800d436                HAL_SPI_Receive
                0x0800d5f6                HAL_SPI_Transmit_IT
                0x0800d69c                HAL_SPI_TransmitReceive_IT
                0x0800d764                HAL_SPI_Receive_IT
                0x0800d82c                HAL_SPI_Transmit_DMA
                0x0800d904                HAL_SPI_TransmitReceive_DMA
                0x0800da28                HAL_SPI_Receive_DMA
                0x0800db24                HAL_SPI_Abort
                0x0800dc4c                HAL_SPI_DMAPause
                0x0800dc6c                HAL_SPI_DMAResume
                0x0800dc8c                HAL_SPI_DMAStop
                0x0800dcd2                HAL_SPI_TxCpltCallback
                0x0800dcd4                HAL_SPI_RxCpltCallback
                0x0800dcd6                HAL_SPI_TxRxCpltCallback
                0x0800dcd8                HAL_SPI_TxHalfCpltCallback
                0x0800dce4                HAL_SPI_RxHalfCpltCallback
                0x0800dcf0                HAL_SPI_TxRxHalfCpltCallback
                0x0800dcfc                HAL_SPI_ErrorCallback
                0x0800e2be                HAL_SPI_IRQHandler
                0x0800e3d8                HAL_SPI_AbortCpltCallback
                0x0800e3da                HAL_SPI_Abort_IT
                0x0800e5f8                HAL_SPI_GetState
                0x0800e5fe                HAL_SPI_GetError
 .text          0x0800e604        0x0 build/stm32f4_HAL/stm32f4xx_hal_dac.o
 .text          0x0800e604        0x0 build/stm32f4_HAL/stm32f4xx_hal_dac_ex.o
 .text          0x0800e604        0x0 build/stm32f4_HAL/stm32f4xx_hal_can.o
 .text          0x0800e604        0x0 build/FreeRTOS/croutine.o
 .text          0x0800e604      0x274 build/FreeRTOS/event_groups.o
                0x0800e604                xEventGroupCreateStatic
                0x0800e61c                xEventGroupCreate
                0x0800e638                xEventGroupWaitBits
                0x0800e6f0                xEventGroupClearBits
                0x0800e70a                vEventGroupClearBitsCallback
                0x0800e70e                xEventGroupClearBitsFromISR
                0x0800e720                xEventGroupGetBitsFromISR
                0x0800e73c                xEventGroupSetBits
                0x0800e798                xEventGroupSync
                0x0800e82c                vEventGroupSetBitsCallback
                0x0800e830                vEventGroupDelete
                0x0800e85a                xEventGroupSetBitsFromISR
                0x0800e86c                uxEventGroupGetNumber
                0x0800e872                vEventGroupSetNumber
 .text          0x0800e878       0x82 build/FreeRTOS/list.o
                0x0800e878                vListInitialise
                0x0800e88e                vListInitialiseItem
                0x0800e894                vListInsertEnd
                0x0800e8ac                vListInsert
                0x0800e8da                uxListRemove
 *fill*         0x0800e8fa        0x2 
 .text          0x0800e8fc      0x8fc build/FreeRTOS/queue.o
                0x0800ea18                xQueueGenericReset
                0x0800ea84                xQueueGenericCreateStatic
                0x0800eab0                xQueueGenericCreate
                0x0800eaea                xQueueGetMutexHolder
                0x0800eb04                xQueueGetMutexHolderFromISR
                0x0800eb10                xQueueCreateCountingSemaphoreStatic
                0x0800eb2a                xQueueCreateCountingSemaphore
                0x0800eb3c                xQueueGenericSend
                0x0800ec40                xQueueCreateMutexStatic
                0x0800ec6a                xQueueGiveMutexRecursive
                0x0800ec92                xQueueCreateMutex
                0x0800ecb6                xQueueGenericSendFromISR
                0x0800ed20                xQueueGiveFromISR
                0x0800ed7c                xQueueReceive
                0x0800ee6c                xQueueSemaphoreTake
                0x0800ef94                xQueueTakeMutexRecursive
                0x0800efc4                xQueuePeek
                0x0800f0b4                xQueueReceiveFromISR
                0x0800f11c                xQueuePeekFromISR
                0x0800f14c                uxQueueMessagesWaiting
                0x0800f162                uxQueueSpacesAvailable
                0x0800f17c                uxQueueMessagesWaitingFromISR
                0x0800f180                vQueueDelete
                0x0800f18c                uxQueueGetQueueNumber
                0x0800f190                vQueueSetQueueNumber
                0x0800f194                ucQueueGetQueueType
                0x0800f19a                xQueueIsQueueEmptyFromISR
                0x0800f1a4                xQueueIsQueueFullFromISR
                0x0800f1b0                vQueueWaitForMessageRestricted
 .text          0x0800f1f8     0x12d4 build/FreeRTOS/tasks.o
                0x0800f4c8                xTaskCreateStatic
                0x0800f4fc                xTaskCreate
                0x0800f558                vTaskDelete
                0x0800f5dc                eTaskGetState
                0x0800f644                uxTaskPriorityGet
                0x0800f664                uxTaskPriorityGetFromISR
                0x0800f68c                vTaskPrioritySet
                0x0800f73c                vTaskResume
                0x0800f7c0                xTaskResumeFromISR
                0x0800f848                vTaskStartScheduler
                0x0800f8c0                vTaskEndScheduler
                0x0800f8e0                vTaskSuspendAll
                0x0800f8f4                xTaskGetTickCount
                0x0800f900                xTaskGetTickCountFromISR
                0x0800f90c                uxTaskGetNumberOfTasks
                0x0800f918                pcTaskGetName
                0x0800f928                xTaskIncrementTick
                0x0800fa0c                xTaskResumeAll
                0x0800fad0                vTaskDelayUntil
                0x0800fb20                vTaskDelay
                0x0800fb50                xTaskCatchUpTicks
                0x0800fb70                vTaskSwitchContext
                0x0800fbd4                vTaskSuspend
                0x0800fc64                vTaskPlaceOnEventList
                0x0800fc84                vTaskPlaceOnUnorderedEventList
                0x0800fcac                vTaskPlaceOnEventListRestricted
                0x0800fcd4                xTaskRemoveFromEventList
                0x0800fd3c                vTaskRemoveFromUnorderedEventList
                0x0800fd90                vTaskSetTimeOutState
                0x0800fdb4                vTaskInternalSetTimeOutState
                0x0800fdc8                xTaskCheckForTimeOut
                0x0800fe18                vTaskMissedYield
                0x0800fe28                uxTaskGetTaskNumber
                0x0800fe2e                vTaskSetTaskNumber
                0x0800fe34                vTaskGetInfo
                0x0800ff0e                uxTaskGetSystemState
                0x0800ffa4                uxTaskGetStackHighWaterMark
                0x0800ffc4                xTaskGetCurrentTaskHandle
                0x0800ffd0                xTaskGetSchedulerState
                0x0800fff0                xTaskPriorityInherit
                0x08010070                xTaskPriorityDisinherit
                0x080100cc                vTaskPriorityDisinheritAfterTimeout
                0x0801013c                uxTaskResetEventItemValue
                0x08010154                pvTaskIncrementMutexHeldCount
                0x0801016c                ulTaskNotifyTake
                0x080101d8                xTaskNotifyWait
                0x0801026c                xTaskGenericNotify
                0x0801031c                xTaskGenericNotifyFromISR
                0x080103dc                vTaskNotifyGiveFromISR
                0x0801046c                xTaskNotifyStateClear
                0x08010498                ulTaskNotifyValueClear
 .text          0x080104cc      0x49c build/FreeRTOS/timers.o
                0x08010548                xTimerCreateTimerTask
                0x08010598                xTimerCreate
                0x080105de                xTimerCreateStatic
                0x0801061e                xTimerGenericCommand
                0x08010870                xTimerGetTimerDaemonTaskHandle
                0x0801087c                xTimerGetPeriod
                0x08010880                vTimerSetReloadMode
                0x080108a6                uxTimerGetReloadMode
                0x080108c2                xTimerGetExpiryTime
                0x080108c6                pcTimerGetName
                0x080108ca                xTimerIsTimerActive
                0x080108e6                pvTimerGetTimerID
                0x080108fc                vTimerSetTimerID
                0x08010910                xTimerPendFunctionCallFromISR
                0x08010938                xTimerPendFunctionCall
                0x08010960                uxTimerGetTimerNumber
                0x08010964                vTimerSetTimerNumber
 .text          0x08010968      0x532 build/FreeRTOS/stream_buffer.o
                0x08010a08                xStreamBufferGenericCreate
                0x08010a44                xStreamBufferGenericCreateStatic
                0x08010a84                vStreamBufferDelete
                0x08010a96                xStreamBufferReset
                0x08010adc                xStreamBufferSetTriggerLevel
                0x08010af0                xStreamBufferSpacesAvailable
                0x08010b04                xStreamBufferBytesAvailable
                0x08010b06                xStreamBufferSend
                0x08010be4                xStreamBufferSendFromISR
                0x08010c78                xStreamBufferReceive
                0x08010d30                xStreamBufferNextMessageLengthBytes
                0x08010d5e                xStreamBufferReceiveFromISR
                0x08010df2                xStreamBufferIsEmpty
                0x08010dfe                xStreamBufferIsFull
                0x08010e1a                xStreamBufferSendCompletedFromISR
                0x08010e52                xStreamBufferReceiveCompletedFromISR
                0x08010e8a                uxStreamBufferGetStreamBufferNumber
                0x08010e8e                vStreamBufferSetStreamBufferNumber
                0x08010e92                ucStreamBufferGetStreamBufferType
 *fill*         0x08010e9a        0x2 
 .text          0x08010e9c     0x1160 build/FreeRTOS/cmsis_os2.o
                0x08010eda                SysTick_Handler
                0x08010ef8                osKernelInitialize
                0x08010f24                osKernelGetInfo
                0x08010f50                osKernelGetState
                0x08010f70                osKernelStart
                0x08010fb0                osKernelLock
                0x08010fdc                osKernelUnlock
                0x08011014                osKernelRestoreLock
                0x08011058                osKernelGetTickCount
                0x08011070                osKernelGetTickFreq
                0x08011076                osKernelGetSysTimerCount
                0x080110b6                osKernelGetSysTimerFreq
                0x080110c0                osThreadNew
                0x0801115e                osThreadGetName
                0x08011178                osThreadGetId
                0x0801117c                osThreadGetState
                0x080111a4                osThreadGetStackSpace
                0x080111be                osThreadSetPriority
                0x080111ec                osThreadGetPriority
                0x08011208                osThreadYield
                0x0801122c                osThreadSuspend
                0x08011250                osThreadResume
                0x08011274                osThreadExit
                0x0801127e                osThreadTerminate
                0x080112b2                osThreadGetCount
                0x080112c6                osThreadEnumerate
                0x08011330                osThreadFlagsSet
                0x080113b0                osThreadFlagsClear
                0x08011400                osThreadFlagsGet
                0x0801142e                osThreadFlagsWait
                0x080114c8                osDelay
                0x080114e6                osDelayUntil
                0x08011516                osTimerNew
                0x08011594                osTimerGetName
                0x080115ae                osTimerStart
                0x080115e4                osTimerStop
                0x08011626                osTimerIsRunning
                0x08011640                osTimerDelete
                0x08011686                osEventFlagsNew
                0x080116b2                osEventFlagsSet
                0x0801170c                osEventFlagsClear
                0x08011752                osEventFlagsGet
                0x08011774                osEventFlagsWait
                0x080117d8                osEventFlagsDelete
                0x080117fc                osMutexNew
                0x08011856                osMutexAcquire
                0x0801189c                osMutexRelease
                0x080118dc                osMutexGetOwner
                0x080118f8                osMutexDelete
                0x0801191e                osSemaphoreNew
                0x080119ac                osSemaphoreAcquire
                0x08011a10                osSemaphoreRelease
                0x08011a68                osSemaphoreGetCount
                0x08011a8a                osSemaphoreDelete
                0x08011aae                osMessageQueueNew
                0x08011b12                osMessageQueuePut
                0x08011b80                osMessageQueueGet
                0x08011bec                osMessageQueueGetCapacity
                0x08011bf2                osMessageQueueGetMsgSize
                0x08011bf8                osMessageQueueGetCount
                0x08011bfc                osMessageQueueGetSpace
                0x08011c32                osMessageQueueReset
                0x08011c58                osMessageQueueDelete
                0x08011c5c                osMemoryPoolNew
                0x08011d50                osMemoryPoolGetName
                0x08011d66                osMemoryPoolAlloc
                0x08011e1c                osMemoryPoolFree
                0x08011ed8                osMemoryPoolGetCapacity
                0x08011ef0                osMemoryPoolGetBlockSize
                0x08011f08                osMemoryPoolGetCount
                0x08011f38                osMemoryPoolGetSpace
                0x08011f68                osMemoryPoolDelete
                0x08011fc4                vApplicationGetIdleTaskMemory
                0x08011fe0                vApplicationGetTimerTaskMemory
 .text          0x08011ffc        0x2 build/FreeRTOS/clib_arm.o
                0x08011ffc                software_init_hook
 *fill*         0x08011ffe        0x2 
 .text          0x08012000       0xe0 build/FreeRTOS/os_systick.o
                0x08012000                OS_Tick_Setup
                0x08012040                OS_Tick_Enable
                0x0801206c                OS_Tick_Disable
                0x08012098                OS_Tick_AcknowledgeIRQ
                0x080120a4                OS_Tick_GetIRQn
                0x080120aa                OS_Tick_GetClock
                0x080120b4                OS_Tick_GetInterval
                0x080120c0                OS_Tick_GetCount
                0x080120d0                OS_Tick_GetOverflow
 .text          0x080120e0       0x8c build/FreeRTOS/heap_useNewlib.o
                0x080120e0                sbrk
                0x08012130                _sbrk
                0x08012134                __malloc_lock
                0x08012138                __malloc_unlock
                0x0801213c                __env_lock
                0x08012140                __env_unlock
                0x08012144                pvPortMalloc
                0x08012148                vPortFree
                0x0801214c                xPortGetFreeHeapSize
                0x08012168                vPortInitialiseBlocks
 *fill*         0x0801216c        0x4 
 .text          0x08012170      0x1f8 build/FreeRTOS/port.o
                0x080121c0                pxPortInitialiseStack
                0x080121ec                SVC_Handler
                0x08012214                vPortEndScheduler
                0x08012216                vPortEnterCritical
                0x08012234                vPortExitCritical
                0x08012248                PendSV_Handler
                0x080122b4                xPortSysTickHandler
                0x080122e4                vPortSetupTimerInterrupt
                0x08012318                xPortStartScheduler
 .text          0x08012368      0x308 build/tm_stm32_gpio.o
                0x08012368                TM_GPIO_DeInit
                0x080123b0                TM_GPIO_SetPinAsInput
                0x080123d4                TM_GPIO_SetPinAsOutput
                0x08012400                TM_GPIO_SetPinAsAnalog
                0x08012422                TM_GPIO_SetPinAsAlternate
                0x0801244e                TM_GPIO_SetPullResistor
                0x08012478                TM_GPIO_Lock
                0x08012488                TM_GPIO_GetPinSource
                0x0801249c                TM_GPIO_GetPortSource
                0x080124aa                TM_GPIO_INT_EnableClock
                0x080124cc                TM_GPIO_INT_DisableClock
                0x080124f0                TM_GPIO_INT_Init
                0x080125a4                TM_GPIO_Init
                0x080125d6                TM_GPIO_InitAlternate
                0x0801263c                TM_GPIO_GetUsedPins
                0x08012654                TM_GPIO_GetFreePins
 .text          0x08012670      0x424 build/tm_stm32_i2c.o
                0x08012670                TM_I2C_GetHandle
                0x080126a8                TM_I2C_Read
                0x080126ec                TM_I2C_ReadMulti
                0x08012732                TM_I2C_ReadNoRegister
                0x08012758                TM_I2C_ReadMultiNoRegister
                0x08012782                TM_I2C_Write
                0x080127b2                TM_I2C_WriteMulti
                0x080127e8                TM_I2C_WriteNoRegister
                0x08012812                TM_I2C_WriteMultiNoRegister
                0x0801283c                TM_I2C_Write16
                0x0801286e                TM_I2C_Read16
                0x080128b6                TM_I2C_IsDeviceConnected
                0x080128cc                TM_I2C_WriteReadRepeatedStart
                0x0801291e                TM_I2C_InitCustomPinsCallback
                0x08012920                TM_I2C_Init
 .text          0x08012a94      0x390 build/tm_stm32_mpu6050.o
                0x08012a94                TM_MPU6050_SetGyroscope
                0x08012afc                TM_MPU6050_SetAccelerometer
                0x08012b5c                TM_MPU6050_SetDataRate
                0x08012b78                TM_MPU6050_Init
                0x08012c10                TM_MPU6050_EnableInterrupts
                0x08012c50                TM_MPU6050_DisableInterrupts
                0x08012c6c                TM_MPU6050_ReadInterrupts
                0x08012c98                TM_MPU6050_ReadAccelerometer
                0x08012ce0                TM_MPU6050_ReadGyroscope
                0x08012d28                TM_MPU6050_ReadTemperature
                0x08012d78                TM_MPU6050_ReadAll
 .text          0x08012e24        0x0 c:/users/mark/documents/mcha3500/mcha3500_windows_toolchain/toolchain/gcc-arm-none-eabi/bin/../lib/gcc/arm-none-eabi/9.2.1/../../../../arm-none-eabi/lib/thumb/v7e-m+fp/hard\libm.a(lib_a-w_atan2.o)
 .text          0x08012e24        0x0 c:/users/mark/documents/mcha3500/mcha3500_windows_toolchain/toolchain/gcc-arm-none-eabi/bin/../lib/gcc/arm-none-eabi/9.2.1/../../../../arm-none-eabi/lib/thumb/v7e-m+fp/hard\libm.a(lib_a-wf_sqrt.o)
 .text          0x08012e24        0x0 c:/users/mark/documents/mcha3500/mcha3500_windows_toolchain/toolchain/gcc-arm-none-eabi/bin/../lib/gcc/arm-none-eabi/9.2.1/../../../../arm-none-eabi/lib/thumb/v7e-m+fp/hard\libm.a(lib_a-e_atan2.o)
 .text          0x08012e24        0x0 c:/users/mark/documents/mcha3500/mcha3500_windows_toolchain/toolchain/gcc-arm-none-eabi/bin/../lib/gcc/arm-none-eabi/9.2.1/../../../../arm-none-eabi/lib/thumb/v7e-m+fp/hard\libm.a(lib_a-ef_sqrt.o)
 .text          0x08012e24        0x0 c:/users/mark/documents/mcha3500/mcha3500_windows_toolchain/toolchain/gcc-arm-none-eabi/bin/../lib/gcc/arm-none-eabi/9.2.1/../../../../arm-none-eabi/lib/thumb/v7e-m+fp/hard\libm.a(lib_a-s_atan.o)
 .text          0x08012e24        0x0 c:/users/mark/documents/mcha3500/mcha3500_windows_toolchain/toolchain/gcc-arm-none-eabi/bin/../lib/gcc/arm-none-eabi/9.2.1/../../../../arm-none-eabi/lib/thumb/v7e-m+fp/hard\libm.a(lib_a-s_fabs.o)
 .text          0x08012e24        0x0 c:/users/mark/documents/mcha3500/mcha3500_windows_toolchain/toolchain/gcc-arm-none-eabi/bin/../lib/gcc/arm-none-eabi/9.2.1/../../../../arm-none-eabi/lib/thumb/v7e-m+fp/hard\libm.a(lib_a-s_lib_ver.o)
 .text          0x08012e24        0x0 c:/users/mark/documents/mcha3500/mcha3500_windows_toolchain/toolchain/gcc-arm-none-eabi/bin/../lib/gcc/arm-none-eabi/9.2.1/../../../../arm-none-eabi/lib/thumb/v7e-m+fp/hard\libm.a(lib_a-s_matherr.o)
 .text          0x08012e24        0x0 ../STM32Cube_F4_FW/Drivers/CMSIS/Lib/GCC/libarm_cortexM4lf_math.a(arm_mat_trans_f32.o)
 .text          0x08012e24        0x0 ../STM32Cube_F4_FW/Drivers/CMSIS/Lib/GCC/libarm_cortexM4lf_math.a(arm_mat_sub_f32.o)
 .text          0x08012e24        0x0 ../STM32Cube_F4_FW/Drivers/CMSIS/Lib/GCC/libarm_cortexM4lf_math.a(arm_mat_mult_f32.o)
 .text          0x08012e24        0x0 ../STM32Cube_F4_FW/Drivers/CMSIS/Lib/GCC/libarm_cortexM4lf_math.a(arm_mat_inverse_f32.o)
 .text          0x08012e24        0x0 ../STM32Cube_F4_FW/Drivers/CMSIS/Lib/GCC/libarm_cortexM4lf_math.a(arm_mat_init_f32.o)
 .text          0x08012e24        0x0 ../STM32Cube_F4_FW/Drivers/CMSIS/Lib/GCC/libarm_cortexM4lf_math.a(arm_mat_add_f32.o)
 .text          0x08012e24      0x254 c:/users/mark/documents/mcha3500/mcha3500_windows_toolchain/toolchain/gcc-arm-none-eabi/bin/../lib/gcc/arm-none-eabi/9.2.1/thumb/v7e-m+fp/hard\libgcc.a(_arm_muldf3.o)
 .text          0x08013078      0x378 c:/users/mark/documents/mcha3500/mcha3500_windows_toolchain/toolchain/gcc-arm-none-eabi/bin/../lib/gcc/arm-none-eabi/9.2.1/thumb/v7e-m+fp/hard\libgcc.a(_arm_addsubdf3.o)
                0x08013078                __aeabi_drsub
                0x08013080                __aeabi_dsub
                0x08013080                __subdf3
                0x08013084                __aeabi_dadd
                0x08013084                __adddf3
                0x080132fc                __floatunsidf
                0x080132fc                __aeabi_ui2d
                0x0801331c                __floatsidf
                0x0801331c                __aeabi_i2d
                0x08013340                __aeabi_f2d
                0x08013340                __extendsfdf2
                0x08013384                __floatundidf
                0x08013384                __aeabi_ul2d
                0x08013394                __floatdidf
                0x08013394                __aeabi_l2d
 .text          0x080133f0      0x424 c:/users/mark/documents/mcha3500/mcha3500_windows_toolchain/toolchain/gcc-arm-none-eabi/bin/../lib/gcc/arm-none-eabi/9.2.1/thumb/v7e-m+fp/hard\libgcc.a(_arm_muldivdf3.o)
                0x080133f0                __aeabi_dmul
                0x080133f0                __muldf3
                0x08013644                __divdf3
                0x08013644                __aeabi_ddiv
 .text          0x08013814      0x110 c:/users/mark/documents/mcha3500/mcha3500_windows_toolchain/toolchain/gcc-arm-none-eabi/bin/../lib/gcc/arm-none-eabi/9.2.1/thumb/v7e-m+fp/hard\libgcc.a(_arm_cmpdf2.o)
                0x08013814                __gtdf2
                0x08013814                __gedf2
                0x0801381c                __ltdf2
                0x0801381c                __ledf2
                0x08013824                __nedf2
                0x08013824                __eqdf2
                0x08013824                __cmpdf2
                0x080138a0                __aeabi_cdrcmple
                0x080138b0                __aeabi_cdcmpeq
                0x080138b0                __aeabi_cdcmple
                0x080138c0                __aeabi_dcmpeq
                0x080138d4                __aeabi_dcmplt
                0x080138e8                __aeabi_dcmple
                0x080138fc                __aeabi_dcmpge
                0x08013910                __aeabi_dcmpgt
 .text          0x08013924       0xa0 c:/users/mark/documents/mcha3500/mcha3500_windows_toolchain/toolchain/gcc-arm-none-eabi/bin/../lib/gcc/arm-none-eabi/9.2.1/thumb/v7e-m+fp/hard\libgcc.a(_arm_truncdfsf2.o)
                0x08013924                __truncdfsf2
                0x08013924                __aeabi_d2f
 .text          0x080139c4       0xa0 c:/users/mark/documents/mcha3500/mcha3500_windows_toolchain/toolchain/gcc-arm-none-eabi/bin/../lib/gcc/arm-none-eabi/9.2.1/thumb/v7e-m+fp/hard\libgcc.a(_aeabi_ldivmod.o)
                0x080139c4                __aeabi_ldivmod
 .text          0x08013a64       0x30 c:/users/mark/documents/mcha3500/mcha3500_windows_toolchain/toolchain/gcc-arm-none-eabi/bin/../lib/gcc/arm-none-eabi/9.2.1/thumb/v7e-m+fp/hard\libgcc.a(_aeabi_uldivmod.o)
                0x08013a64                __aeabi_uldivmod
 .text          0x08013a94      0x2c4 c:/users/mark/documents/mcha3500/mcha3500_windows_toolchain/toolchain/gcc-arm-none-eabi/bin/../lib/gcc/arm-none-eabi/9.2.1/thumb/v7e-m+fp/hard\libgcc.a(_udivmoddi4.o)
                0x08013a94                __udivmoddi4
 .text          0x08013d58        0x4 c:/users/mark/documents/mcha3500/mcha3500_windows_toolchain/toolchain/gcc-arm-none-eabi/bin/../lib/gcc/arm-none-eabi/9.2.1/thumb/v7e-m+fp/hard\libgcc.a(_dvmd_tls.o)
                0x08013d58                __aeabi_idiv0
                0x08013d58                __aeabi_ldiv0
 .text          0x08013d5c        0x0 c:/users/mark/documents/mcha3500/mcha3500_windows_toolchain/toolchain/gcc-arm-none-eabi/bin/../lib/gcc/arm-none-eabi/9.2.1/../../../../arm-none-eabi/lib/thumb/v7e-m+fp/hard\libc_nano.a(lib_a-atof.o)
 .text          0x08013d5c        0x0 c:/users/mark/documents/mcha3500/mcha3500_windows_toolchain/toolchain/gcc-arm-none-eabi/bin/../lib/gcc/arm-none-eabi/9.2.1/../../../../arm-none-eabi/lib/thumb/v7e-m+fp/hard\libc_nano.a(lib_a-ctype_.o)
 .text          0x08013d5c        0x0 c:/users/mark/documents/mcha3500/mcha3500_windows_toolchain/toolchain/gcc-arm-none-eabi/bin/../lib/gcc/arm-none-eabi/9.2.1/../../../../arm-none-eabi/lib/thumb/v7e-m+fp/hard\libc_nano.a(lib_a-errno.o)
 .text          0x08013d5c        0x0 c:/users/mark/documents/mcha3500/mcha3500_windows_toolchain/toolchain/gcc-arm-none-eabi/bin/../lib/gcc/arm-none-eabi/9.2.1/../../../../arm-none-eabi/lib/thumb/v7e-m+fp/hard\libc_nano.a(lib_a-exit.o)
 .text          0x08013d5c        0x0 c:/users/mark/documents/mcha3500/mcha3500_windows_toolchain/toolchain/gcc-arm-none-eabi/bin/../lib/gcc/arm-none-eabi/9.2.1/../../../../arm-none-eabi/lib/thumb/v7e-m+fp/hard\libc_nano.a(lib_a-getchar.o)
 .text          0x08013d5c        0x0 c:/users/mark/documents/mcha3500/mcha3500_windows_toolchain/toolchain/gcc-arm-none-eabi/bin/../lib/gcc/arm-none-eabi/9.2.1/../../../../arm-none-eabi/lib/thumb/v7e-m+fp/hard\libc_nano.a(lib_a-impure.o)
 .text          0x08013d5c        0x0 c:/users/mark/documents/mcha3500/mcha3500_windows_toolchain/toolchain/gcc-arm-none-eabi/bin/../lib/gcc/arm-none-eabi/9.2.1/../../../../arm-none-eabi/lib/thumb/v7e-m+fp/hard\libc_nano.a(lib_a-init.o)
 .text          0x08013d5c        0x0 c:/users/mark/documents/mcha3500/mcha3500_windows_toolchain/toolchain/gcc-arm-none-eabi/bin/../lib/gcc/arm-none-eabi/9.2.1/../../../../arm-none-eabi/lib/thumb/v7e-m+fp/hard\libc_nano.a(lib_a-malloc.o)
 .text          0x08013d5c        0x0 c:/users/mark/documents/mcha3500/mcha3500_windows_toolchain/toolchain/gcc-arm-none-eabi/bin/../lib/gcc/arm-none-eabi/9.2.1/../../../../arm-none-eabi/lib/thumb/v7e-m+fp/hard\libc_nano.a(lib_a-memcpy-stub.o)
 .text          0x08013d5c        0x0 c:/users/mark/documents/mcha3500/mcha3500_windows_toolchain/toolchain/gcc-arm-none-eabi/bin/../lib/gcc/arm-none-eabi/9.2.1/../../../../arm-none-eabi/lib/thumb/v7e-m+fp/hard\libc_nano.a(lib_a-memset.o)
 .text          0x08013d5c        0x0 c:/users/mark/documents/mcha3500/mcha3500_windows_toolchain/toolchain/gcc-arm-none-eabi/bin/../lib/gcc/arm-none-eabi/9.2.1/../../../../arm-none-eabi/lib/thumb/v7e-m+fp/hard\libc_nano.a(lib_a-mstats.o)
 .text          0x08013d5c        0x0 c:/users/mark/documents/mcha3500/mcha3500_windows_toolchain/toolchain/gcc-arm-none-eabi/bin/../lib/gcc/arm-none-eabi/9.2.1/../../../../arm-none-eabi/lib/thumb/v7e-m+fp/hard\libc_nano.a(lib_a-nano-freer.o)
 .text          0x08013d5c        0x0 c:/users/mark/documents/mcha3500/mcha3500_windows_toolchain/toolchain/gcc-arm-none-eabi/bin/../lib/gcc/arm-none-eabi/9.2.1/../../../../arm-none-eabi/lib/thumb/v7e-m+fp/hard\libc_nano.a(lib_a-nano-mallinfor.o)
 .text          0x08013d5c        0x0 c:/users/mark/documents/mcha3500/mcha3500_windows_toolchain/toolchain/gcc-arm-none-eabi/bin/../lib/gcc/arm-none-eabi/9.2.1/../../../../arm-none-eabi/lib/thumb/v7e-m+fp/hard\libc_nano.a(lib_a-nano-mallocr.o)
 .text          0x08013d5c        0x0 c:/users/mark/documents/mcha3500/mcha3500_windows_toolchain/toolchain/gcc-arm-none-eabi/bin/../lib/gcc/arm-none-eabi/9.2.1/../../../../arm-none-eabi/lib/thumb/v7e-m+fp/hard\libc_nano.a(lib_a-nano-malloptr.o)
 .text          0x08013d5c        0x0 c:/users/mark/documents/mcha3500/mcha3500_windows_toolchain/toolchain/gcc-arm-none-eabi/bin/../lib/gcc/arm-none-eabi/9.2.1/../../../../arm-none-eabi/lib/thumb/v7e-m+fp/hard\libc_nano.a(lib_a-nano-mallstatsr.o)
 .text          0x08013d5c        0x0 c:/users/mark/documents/mcha3500/mcha3500_windows_toolchain/toolchain/gcc-arm-none-eabi/bin/../lib/gcc/arm-none-eabi/9.2.1/../../../../arm-none-eabi/lib/thumb/v7e-m+fp/hard\libc_nano.a(lib_a-nano-vfprintf_float.o)
 .text          0x08013d5c        0x0 c:/users/mark/documents/mcha3500/mcha3500_windows_toolchain/toolchain/gcc-arm-none-eabi/bin/../lib/gcc/arm-none-eabi/9.2.1/../../../../arm-none-eabi/lib/thumb/v7e-m+fp/hard\libc_nano.a(lib_a-nano-vfprintf_i.o)
 .text          0x08013d5c        0x0 c:/users/mark/documents/mcha3500/mcha3500_windows_toolchain/toolchain/gcc-arm-none-eabi/bin/../lib/gcc/arm-none-eabi/9.2.1/../../../../arm-none-eabi/lib/thumb/v7e-m+fp/hard\libc_nano.a(lib_a-nano-vfscanf_float.o)
 .text          0x08013d5c        0x0 c:/users/mark/documents/mcha3500/mcha3500_windows_toolchain/toolchain/gcc-arm-none-eabi/bin/../lib/gcc/arm-none-eabi/9.2.1/../../../../arm-none-eabi/lib/thumb/v7e-m+fp/hard\libc_nano.a(lib_a-printf.o)
 .text          0x08013d5c        0x0 c:/users/mark/documents/mcha3500/mcha3500_windows_toolchain/toolchain/gcc-arm-none-eabi/bin/../lib/gcc/arm-none-eabi/9.2.1/../../../../arm-none-eabi/lib/thumb/v7e-m+fp/hard\libc_nano.a(lib_a-reent.o)
 .text          0x08013d5c        0x0 c:/users/mark/documents/mcha3500/mcha3500_windows_toolchain/toolchain/gcc-arm-none-eabi/bin/../lib/gcc/arm-none-eabi/9.2.1/../../../../arm-none-eabi/lib/thumb/v7e-m+fp/hard\libc_nano.a(lib_a-sbrkr.o)
 .text          0x08013d5c        0x0 c:/users/mark/documents/mcha3500/mcha3500_windows_toolchain/toolchain/gcc-arm-none-eabi/bin/../lib/gcc/arm-none-eabi/9.2.1/../../../../arm-none-eabi/lib/thumb/v7e-m+fp/hard\libc_nano.a(lib_a-setvbuf.o)
 .text          0x08013d5c        0x0 c:/users/mark/documents/mcha3500/mcha3500_windows_toolchain/toolchain/gcc-arm-none-eabi/bin/../lib/gcc/arm-none-eabi/9.2.1/../../../../arm-none-eabi/lib/thumb/v7e-m+fp/hard\libc_nano.a(lib_a-sf_nan.o)
 .text          0x08013d5c        0x0 c:/users/mark/documents/mcha3500/mcha3500_windows_toolchain/toolchain/gcc-arm-none-eabi/bin/../lib/gcc/arm-none-eabi/9.2.1/../../../../arm-none-eabi/lib/thumb/v7e-m+fp/hard\libc_nano.a(lib_a-sprintf.o)
 .text          0x08013d5c       0x14 c:/users/mark/documents/mcha3500/mcha3500_windows_toolchain/toolchain/gcc-arm-none-eabi/bin/../lib/gcc/arm-none-eabi/9.2.1/../../../../arm-none-eabi/lib/thumb/v7e-m+fp/hard\libc_nano.a(lib_a-strcmp.o)
                0x08013d5c                strcmp
 .text          0x08013d70        0x0 c:/users/mark/documents/mcha3500/mcha3500_windows_toolchain/toolchain/gcc-arm-none-eabi/bin/../lib/gcc/arm-none-eabi/9.2.1/../../../../arm-none-eabi/lib/thumb/v7e-m+fp/hard\libc_nano.a(lib_a-strcpy.o)
 .text          0x08013d70       0x10 c:/users/mark/documents/mcha3500/mcha3500_windows_toolchain/toolchain/gcc-arm-none-eabi/bin/../lib/gcc/arm-none-eabi/9.2.1/../../../../arm-none-eabi/lib/thumb/v7e-m+fp/hard\libc_nano.a(lib_a-strlen.o)
                0x08013d70                strlen
 .text          0x08013d80        0x0 c:/users/mark/documents/mcha3500/mcha3500_windows_toolchain/toolchain/gcc-arm-none-eabi/bin/../lib/gcc/arm-none-eabi/9.2.1/../../../../arm-none-eabi/lib/thumb/v7e-m+fp/hard\libc_nano.a(lib_a-strtod.o)
 .text          0x08013d80        0x0 c:/users/mark/documents/mcha3500/mcha3500_windows_toolchain/toolchain/gcc-arm-none-eabi/bin/../lib/gcc/arm-none-eabi/9.2.1/../../../../arm-none-eabi/lib/thumb/v7e-m+fp/hard\libc_nano.a(lib_a-strtol.o)
 .text          0x08013d80        0x0 c:/users/mark/documents/mcha3500/mcha3500_windows_toolchain/toolchain/gcc-arm-none-eabi/bin/../lib/gcc/arm-none-eabi/9.2.1/../../../../arm-none-eabi/lib/thumb/v7e-m+fp/hard\libc_nano.a(lib_a-vprintf.o)
 .text          0x08013d80        0x0 c:/users/mark/documents/mcha3500/mcha3500_windows_toolchain/toolchain/gcc-arm-none-eabi/bin/../lib/gcc/arm-none-eabi/9.2.1/../../../../arm-none-eabi/lib/thumb/v7e-m+fp/hard\libc_nano.a(lib_a-dtoa.o)
 .text          0x08013d80        0x0 c:/users/mark/documents/mcha3500/mcha3500_windows_toolchain/toolchain/gcc-arm-none-eabi/bin/../lib/gcc/arm-none-eabi/9.2.1/../../../../arm-none-eabi/lib/thumb/v7e-m+fp/hard\libc_nano.a(lib_a-fflush.o)
 .text          0x08013d80        0x0 c:/users/mark/documents/mcha3500/mcha3500_windows_toolchain/toolchain/gcc-arm-none-eabi/bin/../lib/gcc/arm-none-eabi/9.2.1/../../../../arm-none-eabi/lib/thumb/v7e-m+fp/hard\libc_nano.a(lib_a-findfp.o)
 .text          0x08013d80        0x0 c:/users/mark/documents/mcha3500/mcha3500_windows_toolchain/toolchain/gcc-arm-none-eabi/bin/../lib/gcc/arm-none-eabi/9.2.1/../../../../arm-none-eabi/lib/thumb/v7e-m+fp/hard\libc_nano.a(lib_a-fprintf.o)
 .text          0x08013d80        0x0 c:/users/mark/documents/mcha3500/mcha3500_windows_toolchain/toolchain/gcc-arm-none-eabi/bin/../lib/gcc/arm-none-eabi/9.2.1/../../../../arm-none-eabi/lib/thumb/v7e-m+fp/hard\libc_nano.a(lib_a-fwalk.o)
 .text          0x08013d80        0x0 c:/users/mark/documents/mcha3500/mcha3500_windows_toolchain/toolchain/gcc-arm-none-eabi/bin/../lib/gcc/arm-none-eabi/9.2.1/../../../../arm-none-eabi/lib/thumb/v7e-m+fp/hard\libc_nano.a(lib_a-gdtoa-gethex.o)
 .text          0x08013d80        0x0 c:/users/mark/documents/mcha3500/mcha3500_windows_toolchain/toolchain/gcc-arm-none-eabi/bin/../lib/gcc/arm-none-eabi/9.2.1/../../../../arm-none-eabi/lib/thumb/v7e-m+fp/hard\libc_nano.a(lib_a-gdtoa-hexnan.o)
 .text          0x08013d80        0x0 c:/users/mark/documents/mcha3500/mcha3500_windows_toolchain/toolchain/gcc-arm-none-eabi/bin/../lib/gcc/arm-none-eabi/9.2.1/../../../../arm-none-eabi/lib/thumb/v7e-m+fp/hard\libc_nano.a(lib_a-getc.o)
 .text          0x08013d80        0x0 c:/users/mark/documents/mcha3500/mcha3500_windows_toolchain/toolchain/gcc-arm-none-eabi/bin/../lib/gcc/arm-none-eabi/9.2.1/../../../../arm-none-eabi/lib/thumb/v7e-m+fp/hard\libc_nano.a(lib_a-lnumeric.o)
 .text          0x08013d80        0x0 c:/users/mark/documents/mcha3500/mcha3500_windows_toolchain/toolchain/gcc-arm-none-eabi/bin/../lib/gcc/arm-none-eabi/9.2.1/../../../../arm-none-eabi/lib/thumb/v7e-m+fp/hard\libc_nano.a(lib_a-locale.o)
 .text          0x08013d80        0x0 c:/users/mark/documents/mcha3500/mcha3500_windows_toolchain/toolchain/gcc-arm-none-eabi/bin/../lib/gcc/arm-none-eabi/9.2.1/../../../../arm-none-eabi/lib/thumb/v7e-m+fp/hard\libc_nano.a(lib_a-localeconv.o)
 .text          0x08013d80        0x0 c:/users/mark/documents/mcha3500/mcha3500_windows_toolchain/toolchain/gcc-arm-none-eabi/bin/../lib/gcc/arm-none-eabi/9.2.1/../../../../arm-none-eabi/lib/thumb/v7e-m+fp/hard\libc_nano.a(lib_a-lock.o)
 .text          0x08013d80        0x0 c:/users/mark/documents/mcha3500/mcha3500_windows_toolchain/toolchain/gcc-arm-none-eabi/bin/../lib/gcc/arm-none-eabi/9.2.1/../../../../arm-none-eabi/lib/thumb/v7e-m+fp/hard\libc_nano.a(lib_a-makebuf.o)
 .text          0x08013d80        0x0 c:/users/mark/documents/mcha3500/mcha3500_windows_toolchain/toolchain/gcc-arm-none-eabi/bin/../lib/gcc/arm-none-eabi/9.2.1/../../../../arm-none-eabi/lib/thumb/v7e-m+fp/hard\libc_nano.a(lib_a-mbtowc_r.o)
 .text          0x08013d80       0xa0 c:/users/mark/documents/mcha3500/mcha3500_windows_toolchain/toolchain/gcc-arm-none-eabi/bin/../lib/gcc/arm-none-eabi/9.2.1/../../../../arm-none-eabi/lib/thumb/v7e-m+fp/hard\libc_nano.a(lib_a-memchr.o)
                0x08013d80                memchr
 .text          0x08013e20        0x0 c:/users/mark/documents/mcha3500/mcha3500_windows_toolchain/toolchain/gcc-arm-none-eabi/bin/../lib/gcc/arm-none-eabi/9.2.1/../../../../arm-none-eabi/lib/thumb/v7e-m+fp/hard\libc_nano.a(lib_a-mprec.o)
 .text          0x08013e20        0x0 c:/users/mark/documents/mcha3500/mcha3500_windows_toolchain/toolchain/gcc-arm-none-eabi/bin/../lib/gcc/arm-none-eabi/9.2.1/../../../../arm-none-eabi/lib/thumb/v7e-m+fp/hard\libc_nano.a(lib_a-nano-callocr.o)
 .text          0x08013e20        0x0 c:/users/mark/documents/mcha3500/mcha3500_windows_toolchain/toolchain/gcc-arm-none-eabi/bin/../lib/gcc/arm-none-eabi/9.2.1/../../../../arm-none-eabi/lib/thumb/v7e-m+fp/hard\libc_nano.a(lib_a-nano-svfprintf.o)
 .text          0x08013e20        0x0 c:/users/mark/documents/mcha3500/mcha3500_windows_toolchain/toolchain/gcc-arm-none-eabi/bin/../lib/gcc/arm-none-eabi/9.2.1/../../../../arm-none-eabi/lib/thumb/v7e-m+fp/hard\libc_nano.a(lib_a-nano-vfprintf.o)
 .text          0x08013e20        0x0 c:/users/mark/documents/mcha3500/mcha3500_windows_toolchain/toolchain/gcc-arm-none-eabi/bin/../lib/gcc/arm-none-eabi/9.2.1/../../../../arm-none-eabi/lib/thumb/v7e-m+fp/hard\libc_nano.a(lib_a-rget.o)
 .text          0x08013e20        0x0 c:/users/mark/documents/mcha3500/mcha3500_windows_toolchain/toolchain/gcc-arm-none-eabi/bin/../lib/gcc/arm-none-eabi/9.2.1/../../../../arm-none-eabi/lib/thumb/v7e-m+fp/hard\libc_nano.a(lib_a-s_nan.o)
 .text          0x08013e20        0x0 c:/users/mark/documents/mcha3500/mcha3500_windows_toolchain/toolchain/gcc-arm-none-eabi/bin/../lib/gcc/arm-none-eabi/9.2.1/../../../../arm-none-eabi/lib/thumb/v7e-m+fp/hard\libc_nano.a(lib_a-stdio.o)
 .text          0x08013e20        0x0 c:/users/mark/documents/mcha3500/mcha3500_windows_toolchain/toolchain/gcc-arm-none-eabi/bin/../lib/gcc/arm-none-eabi/9.2.1/../../../../arm-none-eabi/lib/thumb/v7e-m+fp/hard\libc_nano.a(lib_a-strncmp.o)
 .text          0x08013e20        0x0 c:/users/mark/documents/mcha3500/mcha3500_windows_toolchain/toolchain/gcc-arm-none-eabi/bin/../lib/gcc/arm-none-eabi/9.2.1/../../../../arm-none-eabi/lib/thumb/v7e-m+fp/hard\libc_nano.a(lib_a-wbuf.o)
 .text          0x08013e20        0x0 c:/users/mark/documents/mcha3500/mcha3500_windows_toolchain/toolchain/gcc-arm-none-eabi/bin/../lib/gcc/arm-none-eabi/9.2.1/../../../../arm-none-eabi/lib/thumb/v7e-m+fp/hard\libc_nano.a(lib_a-wctomb_r.o)
 .text          0x08013e20        0x0 c:/users/mark/documents/mcha3500/mcha3500_windows_toolchain/toolchain/gcc-arm-none-eabi/bin/../lib/gcc/arm-none-eabi/9.2.1/../../../../arm-none-eabi/lib/thumb/v7e-m+fp/hard\libc_nano.a(lib_a-writer.o)
 .text          0x08013e20        0x0 c:/users/mark/documents/mcha3500/mcha3500_windows_toolchain/toolchain/gcc-arm-none-eabi/bin/../lib/gcc/arm-none-eabi/9.2.1/../../../../arm-none-eabi/lib/thumb/v7e-m+fp/hard\libc_nano.a(lib_a-wsetup.o)
 .text          0x08013e20        0x0 c:/users/mark/documents/mcha3500/mcha3500_windows_toolchain/toolchain/gcc-arm-none-eabi/bin/../lib/gcc/arm-none-eabi/9.2.1/../../../../arm-none-eabi/lib/thumb/v7e-m+fp/hard\libc_nano.a(lib_a-closer.o)
 .text          0x08013e20        0x0 c:/users/mark/documents/mcha3500/mcha3500_windows_toolchain/toolchain/gcc-arm-none-eabi/bin/../lib/gcc/arm-none-eabi/9.2.1/../../../../arm-none-eabi/lib/thumb/v7e-m+fp/hard\libc_nano.a(lib_a-fstatr.o)
 .text          0x08013e20        0x0 c:/users/mark/documents/mcha3500/mcha3500_windows_toolchain/toolchain/gcc-arm-none-eabi/bin/../lib/gcc/arm-none-eabi/9.2.1/../../../../arm-none-eabi/lib/thumb/v7e-m+fp/hard\libc_nano.a(lib_a-fvwrite.o)
 .text          0x08013e20        0x0 c:/users/mark/documents/mcha3500/mcha3500_windows_toolchain/toolchain/gcc-arm-none-eabi/bin/../lib/gcc/arm-none-eabi/9.2.1/../../../../arm-none-eabi/lib/thumb/v7e-m+fp/hard\libc_nano.a(lib_a-isattyr.o)
 .text          0x08013e20        0x0 c:/users/mark/documents/mcha3500/mcha3500_windows_toolchain/toolchain/gcc-arm-none-eabi/bin/../lib/gcc/arm-none-eabi/9.2.1/../../../../arm-none-eabi/lib/thumb/v7e-m+fp/hard\libc_nano.a(lib_a-lseekr.o)
 .text          0x08013e20        0x0 c:/users/mark/documents/mcha3500/mcha3500_windows_toolchain/toolchain/gcc-arm-none-eabi/bin/../lib/gcc/arm-none-eabi/9.2.1/../../../../arm-none-eabi/lib/thumb/v7e-m+fp/hard\libc_nano.a(lib_a-memmove.o)
 .text          0x08013e20        0x0 c:/users/mark/documents/mcha3500/mcha3500_windows_toolchain/toolchain/gcc-arm-none-eabi/bin/../lib/gcc/arm-none-eabi/9.2.1/../../../../arm-none-eabi/lib/thumb/v7e-m+fp/hard\libc_nano.a(lib_a-nano-reallocr.o)
 .text          0x08013e20        0x0 c:/users/mark/documents/mcha3500/mcha3500_windows_toolchain/toolchain/gcc-arm-none-eabi/bin/../lib/gcc/arm-none-eabi/9.2.1/../../../../arm-none-eabi/lib/thumb/v7e-m+fp/hard\libc_nano.a(lib_a-readr.o)
 .text          0x08013e20        0x0 c:/users/mark/documents/mcha3500/mcha3500_windows_toolchain/toolchain/gcc-arm-none-eabi/bin/../lib/gcc/arm-none-eabi/9.2.1/../../../../arm-none-eabi/lib/thumb/v7e-m+fp/hard\libc_nano.a(lib_a-refill.o)
 .text          0x08013e20        0x0 c:/users/mark/documents/mcha3500/mcha3500_windows_toolchain/toolchain/gcc-arm-none-eabi/bin/../lib/gcc/arm-none-eabi/9.2.1/../../../../arm-none-eabi/lib/thumb/v7e-m+fp/hard\libc_nano.a(lib_a-nano-msizer.o)
 .text          0x08013e20       0x2c c:/users/mark/documents/mcha3500/mcha3500_windows_toolchain/toolchain/gcc-arm-none-eabi/bin/../lib/gcc/arm-none-eabi/9.2.1/thumb/v7e-m+fp/hard\libgcc.a(_arm_unorddf2.o)
                0x08013e20                __unorddf2
                0x08013e20                __aeabi_dcmpun
 .text          0x08013e4c       0x50 c:/users/mark/documents/mcha3500/mcha3500_windows_toolchain/toolchain/gcc-arm-none-eabi/bin/../lib/gcc/arm-none-eabi/9.2.1/thumb/v7e-m+fp/hard\libgcc.a(_arm_fixdfsi.o)
                0x08013e4c                __aeabi_d2iz
                0x08013e4c                __fixdfsi
 .text          0x08013e9c       0x40 c:/users/mark/documents/mcha3500/mcha3500_windows_toolchain/toolchain/gcc-arm-none-eabi/bin/../lib/gcc/arm-none-eabi/9.2.1/thumb/v7e-m+fp/hard\libgcc.a(_arm_fixunsdfsi.o)
                0x08013e9c                __aeabi_d2uiz
                0x08013e9c                __fixunsdfsi
 .text          0x08013edc       0x30 c:/users/mark/documents/mcha3500/mcha3500_windows_toolchain/toolchain/gcc-arm-none-eabi/bin/../lib/gcc/arm-none-eabi/9.2.1/thumb/v7e-m+fp/hard\libgcc.a(_fixdfdi.o)
                0x08013edc                __fixdfdi
                0x08013edc                __aeabi_d2lz
 .text          0x08013f0c       0x3c c:/users/mark/documents/mcha3500/mcha3500_windows_toolchain/toolchain/gcc-arm-none-eabi/bin/../lib/gcc/arm-none-eabi/9.2.1/thumb/v7e-m+fp/hard\libgcc.a(_fixunsdfdi.o)
                0x08013f0c                __fixunsdfdi
                0x08013f0c                __aeabi_d2ulz
 .text          0x08013f48        0x0 c:/users/mark/documents/mcha3500/mcha3500_windows_toolchain/toolchain/gcc-arm-none-eabi/bin/../lib/gcc/arm-none-eabi/9.2.1/../../../../arm-none-eabi/lib/thumb/v7e-m+fp/hard\libnosys.a(close.o)
 .text          0x08013f48        0x0 c:/users/mark/documents/mcha3500/mcha3500_windows_toolchain/toolchain/gcc-arm-none-eabi/bin/../lib/gcc/arm-none-eabi/9.2.1/../../../../arm-none-eabi/lib/thumb/v7e-m+fp/hard\libnosys.a(fstat.o)
 .text          0x08013f48        0x0 c:/users/mark/documents/mcha3500/mcha3500_windows_toolchain/toolchain/gcc-arm-none-eabi/bin/../lib/gcc/arm-none-eabi/9.2.1/../../../../arm-none-eabi/lib/thumb/v7e-m+fp/hard\libnosys.a(isatty.o)
 .text          0x08013f48        0x0 c:/users/mark/documents/mcha3500/mcha3500_windows_toolchain/toolchain/gcc-arm-none-eabi/bin/../lib/gcc/arm-none-eabi/9.2.1/../../../../arm-none-eabi/lib/thumb/v7e-m+fp/hard\libnosys.a(lseek.o)
 .text          0x08013f48        0x0 c:/users/mark/documents/mcha3500/mcha3500_windows_toolchain/toolchain/gcc-arm-none-eabi/bin/../lib/gcc/arm-none-eabi/9.2.1/../../../../arm-none-eabi/lib/thumb/v7e-m+fp/hard\libnosys.a(_exit.o)
 .text          0x08013f48        0x0 c:/users/mark/documents/mcha3500/mcha3500_windows_toolchain/toolchain/gcc-arm-none-eabi/bin/../lib/gcc/arm-none-eabi/9.2.1/thumb/v7e-m+fp/hard/crtend.o
 .text          0x08013f48        0x0 c:/users/mark/documents/mcha3500/mcha3500_windows_toolchain/toolchain/gcc-arm-none-eabi/bin/../lib/gcc/arm-none-eabi/9.2.1/thumb/v7e-m+fp/hard/crtn.o
 *(.text*)
 .text.startup  0x08013f48       0xc4 build/main.o
                0x08013f48                main
 .text.Reset_Handler
                0x0801400c       0x50 build/startup_stm32f446xx.o
                0x0801400c                Reset_Handler
 .text.Default_Handler
                0x0801405c        0x2 build/startup_stm32f446xx.o
                0x0801405c                RTC_Alarm_IRQHandler
                0x0801405c                EXTI2_IRQHandler
                0x0801405c                TIM8_CC_IRQHandler
                0x0801405c                SPI4_IRQHandler
                0x0801405c                TIM1_CC_IRQHandler
                0x0801405c                DMA2_Stream5_IRQHandler
                0x0801405c                DMA1_Stream5_IRQHandler
                0x0801405c                PVD_IRQHandler
                0x0801405c                SDIO_IRQHandler
                0x0801405c                TAMP_STAMP_IRQHandler
                0x0801405c                CAN2_RX1_IRQHandler
                0x0801405c                EXTI3_IRQHandler
                0x0801405c                TIM8_TRG_COM_TIM14_IRQHandler
                0x0801405c                TIM1_UP_TIM10_IRQHandler
                0x0801405c                TIM8_UP_TIM13_IRQHandler
                0x0801405c                I2C3_ER_IRQHandler
                0x0801405c                FMPI2C1_Event_IRQHandler
                0x0801405c                I2C2_EV_IRQHandler
                0x0801405c                DMA1_Stream2_IRQHandler
                0x0801405c                CAN1_RX0_IRQHandler
                0x0801405c                FPU_IRQHandler
                0x0801405c                OTG_HS_WKUP_IRQHandler
                0x0801405c                CAN2_SCE_IRQHandler
                0x0801405c                DMA2_Stream2_IRQHandler
                0x0801405c                SPI1_IRQHandler
                0x0801405c                TIM6_DAC_IRQHandler
                0x0801405c                TIM1_BRK_TIM9_IRQHandler
                0x0801405c                DCMI_IRQHandler
                0x0801405c                CAN2_RX0_IRQHandler
                0x0801405c                DMA2_Stream3_IRQHandler
                0x0801405c                SAI2_IRQHandler
                0x0801405c                USART6_IRQHandler
                0x0801405c                USART3_IRQHandler
                0x0801405c                CAN1_RX1_IRQHandler
                0x0801405c                UART5_IRQHandler
                0x0801405c                DMA2_Stream0_IRQHandler
                0x0801405c                TIM4_IRQHandler
                0x0801405c                QUADSPI_IRQHandler
                0x0801405c                I2C1_EV_IRQHandler
                0x0801405c                DMA1_Stream6_IRQHandler
                0x0801405c                DMA1_Stream1_IRQHandler
                0x0801405c                UART4_IRQHandler
                0x0801405c                TIM3_IRQHandler
                0x0801405c                RCC_IRQHandler
                0x0801405c                TIM8_BRK_TIM12_IRQHandler
                0x0801405c                Default_Handler
                0x0801405c                CEC_IRQHandler
                0x0801405c                EXTI15_10_IRQHandler
                0x0801405c                ADC_IRQHandler
                0x0801405c                DMA1_Stream7_IRQHandler
                0x0801405c                TIM7_IRQHandler
                0x0801405c                CAN2_TX_IRQHandler
                0x0801405c                TIM5_IRQHandler
                0x0801405c                DMA2_Stream7_IRQHandler
                0x0801405c                I2C3_EV_IRQHandler
                0x0801405c                EXTI9_5_IRQHandler
                0x0801405c                RTC_WKUP_IRQHandler
                0x0801405c                SPDIF_RX_IRQHandler
                0x0801405c                SPI2_IRQHandler
                0x0801405c                OTG_HS_EP1_IN_IRQHandler
                0x0801405c                DMA1_Stream0_IRQHandler
                0x0801405c                CAN1_TX_IRQHandler
                0x0801405c                EXTI4_IRQHandler
                0x0801405c                OTG_HS_EP1_OUT_IRQHandler
                0x0801405c                WWDG_IRQHandler
                0x0801405c                TIM2_IRQHandler
                0x0801405c                OTG_FS_WKUP_IRQHandler
                0x0801405c                TIM1_TRG_COM_TIM11_IRQHandler
                0x0801405c                OTG_HS_IRQHandler
                0x0801405c                I2C2_ER_IRQHandler
                0x0801405c                DMA2_Stream1_IRQHandler
                0x0801405c                CAN1_SCE_IRQHandler
                0x0801405c                FLASH_IRQHandler
                0x0801405c                DMA2_Stream4_IRQHandler
                0x0801405c                USART1_IRQHandler
                0x0801405c                OTG_FS_IRQHandler
                0x0801405c                SPI3_IRQHandler
                0x0801405c                DMA1_Stream4_IRQHandler
                0x0801405c                I2C1_ER_IRQHandler
                0x0801405c                FMC_IRQHandler
                0x0801405c                DMA2_Stream6_IRQHandler
                0x0801405c                SAI1_IRQHandler
                0x0801405c                DMA1_Stream3_IRQHandler
                0x0801405c                FMPI2C1_Error_IRQHandler
 *fill*         0x0801405e        0x2 
 .text.atan2    0x08014060        0x4 c:/users/mark/documents/mcha3500/mcha3500_windows_toolchain/toolchain/gcc-arm-none-eabi/bin/../lib/gcc/arm-none-eabi/9.2.1/../../../../arm-none-eabi/lib/thumb/v7e-m+fp/hard\libm.a(lib_a-w_atan2.o)
                0x08014060                atan2
 .text.sqrtf    0x08014064       0xb0 c:/users/mark/documents/mcha3500/mcha3500_windows_toolchain/toolchain/gcc-arm-none-eabi/bin/../lib/gcc/arm-none-eabi/9.2.1/../../../../arm-none-eabi/lib/thumb/v7e-m+fp/hard\libm.a(lib_a-wf_sqrt.o)
                0x08014064                sqrtf
 *fill*         0x08014114        0x4 
 .text.__ieee754_atan2
                0x08014118      0x1fc c:/users/mark/documents/mcha3500/mcha3500_windows_toolchain/toolchain/gcc-arm-none-eabi/bin/../lib/gcc/arm-none-eabi/9.2.1/../../../../arm-none-eabi/lib/thumb/v7e-m+fp/hard\libm.a(lib_a-e_atan2.o)
                0x08014118                __ieee754_atan2
 .text.__ieee754_sqrtf
                0x08014314        0x8 c:/users/mark/documents/mcha3500/mcha3500_windows_toolchain/toolchain/gcc-arm-none-eabi/bin/../lib/gcc/arm-none-eabi/9.2.1/../../../../arm-none-eabi/lib/thumb/v7e-m+fp/hard\libm.a(lib_a-ef_sqrt.o)
                0x08014314                __ieee754_sqrtf
 *fill*         0x0801431c        0x4 
 .text.atan     0x08014320      0x368 c:/users/mark/documents/mcha3500/mcha3500_windows_toolchain/toolchain/gcc-arm-none-eabi/bin/../lib/gcc/arm-none-eabi/9.2.1/../../../../arm-none-eabi/lib/thumb/v7e-m+fp/hard\libm.a(lib_a-s_atan.o)
                0x08014320                atan
 .text.fabs     0x08014688       0x14 c:/users/mark/documents/mcha3500/mcha3500_windows_toolchain/toolchain/gcc-arm-none-eabi/bin/../lib/gcc/arm-none-eabi/9.2.1/../../../../arm-none-eabi/lib/thumb/v7e-m+fp/hard\libm.a(lib_a-s_fabs.o)
                0x08014688                fabs
 .text.matherr  0x0801469c        0x4 c:/users/mark/documents/mcha3500/mcha3500_windows_toolchain/toolchain/gcc-arm-none-eabi/bin/../lib/gcc/arm-none-eabi/9.2.1/../../../../arm-none-eabi/lib/thumb/v7e-m+fp/hard\libm.a(lib_a-s_matherr.o)
                0x0801469c                matherr
 .text.arm_mat_trans_f32
                0x080146a0       0xe8 ../STM32Cube_F4_FW/Drivers/CMSIS/Lib/GCC/libarm_cortexM4lf_math.a(arm_mat_trans_f32.o)
                0x080146a0                arm_mat_trans_f32
 .text.arm_mat_sub_f32
                0x08014788       0xb4 ../STM32Cube_F4_FW/Drivers/CMSIS/Lib/GCC/libarm_cortexM4lf_math.a(arm_mat_sub_f32.o)
                0x08014788                arm_mat_sub_f32
 .text.arm_mat_mult_f32
                0x0801483c      0x14c ../STM32Cube_F4_FW/Drivers/CMSIS/Lib/GCC/libarm_cortexM4lf_math.a(arm_mat_mult_f32.o)
                0x0801483c                arm_mat_mult_f32
 .text.arm_mat_inverse_f32
                0x08014988      0x2a0 ../STM32Cube_F4_FW/Drivers/CMSIS/Lib/GCC/libarm_cortexM4lf_math.a(arm_mat_inverse_f32.o)
                0x08014988                arm_mat_inverse_f32
 .text.arm_mat_init_f32
                0x08014c28        0x8 ../STM32Cube_F4_FW/Drivers/CMSIS/Lib/GCC/libarm_cortexM4lf_math.a(arm_mat_init_f32.o)
                0x08014c28                arm_mat_init_f32
 .text.arm_mat_add_f32
                0x08014c30       0xb4 ../STM32Cube_F4_FW/Drivers/CMSIS/Lib/GCC/libarm_cortexM4lf_math.a(arm_mat_add_f32.o)
                0x08014c30                arm_mat_add_f32
 .text.atof     0x08014ce4        0x6 c:/users/mark/documents/mcha3500/mcha3500_windows_toolchain/toolchain/gcc-arm-none-eabi/bin/../lib/gcc/arm-none-eabi/9.2.1/../../../../arm-none-eabi/lib/thumb/v7e-m+fp/hard\libc_nano.a(lib_a-atof.o)
                0x08014ce4                atof
 *fill*         0x08014cea        0x2 
 .text.__errno  0x08014cec        0xc c:/users/mark/documents/mcha3500/mcha3500_windows_toolchain/toolchain/gcc-arm-none-eabi/bin/../lib/gcc/arm-none-eabi/9.2.1/../../../../arm-none-eabi/lib/thumb/v7e-m+fp/hard\libc_nano.a(lib_a-errno.o)
                0x08014cec                __errno
 .text.exit     0x08014cf8       0x28 c:/users/mark/documents/mcha3500/mcha3500_windows_toolchain/toolchain/gcc-arm-none-eabi/bin/../lib/gcc/arm-none-eabi/9.2.1/../../../../arm-none-eabi/lib/thumb/v7e-m+fp/hard\libc_nano.a(lib_a-exit.o)
                0x08014cf8                exit
 .text._getchar_r
                0x08014d20       0x1a c:/users/mark/documents/mcha3500/mcha3500_windows_toolchain/toolchain/gcc-arm-none-eabi/bin/../lib/gcc/arm-none-eabi/9.2.1/../../../../arm-none-eabi/lib/thumb/v7e-m+fp/hard\libc_nano.a(lib_a-getchar.o)
                0x08014d20                _getchar_r
 *fill*         0x08014d3a        0x2 
 .text.getchar  0x08014d3c       0x24 c:/users/mark/documents/mcha3500/mcha3500_windows_toolchain/toolchain/gcc-arm-none-eabi/bin/../lib/gcc/arm-none-eabi/9.2.1/../../../../arm-none-eabi/lib/thumb/v7e-m+fp/hard\libc_nano.a(lib_a-getchar.o)
                0x08014d3c                getchar