Archive member included to satisfy reference by file (symbol)

c:/users/mark/documents/mcha3500/mcha3500_windows_toolchain/toolchain/gcc-arm-none-eabi/bin/../lib/gcc/arm-none-eabi/9.2.1/../../../../arm-none-eabi/lib/thumb/v7e-m+fp/hard\libm.a(lib_a-w_atan2.o)
                              build/IMU.o (atan2)
c:/users/mark/documents/mcha3500/mcha3500_windows_toolchain/toolchain/gcc-arm-none-eabi/bin/../lib/gcc/arm-none-eabi/9.2.1/../../../../arm-none-eabi/lib/thumb/v7e-m+fp/hard\libm.a(lib_a-wf_sqrt.o)
                              build/qpas_sub_noblas.o (sqrtf)
c:/users/mark/documents/mcha3500/mcha3500_windows_toolchain/toolchain/gcc-arm-none-eabi/bin/../lib/gcc/arm-none-eabi/9.2.1/../../../../arm-none-eabi/lib/thumb/v7e-m+fp/hard\libm.a(lib_a-e_atan2.o)
                              c:/users/mark/documents/mcha3500/mcha3500_windows_toolchain/toolchain/gcc-arm-none-eabi/bin/../lib/gcc/arm-none-eabi/9.2.1/../../../../arm-none-eabi/lib/thumb/v7e-m+fp/hard\libm.a(lib_a-w_atan2.o) (__ieee754_atan2)
c:/users/mark/documents/mcha3500/mcha3500_windows_toolchain/toolchain/gcc-arm-none-eabi/bin/../lib/gcc/arm-none-eabi/9.2.1/../../../../arm-none-eabi/lib/thumb/v7e-m+fp/hard\libm.a(lib_a-ef_sqrt.o)
                              c:/users/mark/documents/mcha3500/mcha3500_windows_toolchain/toolchain/gcc-arm-none-eabi/bin/../lib/gcc/arm-none-eabi/9.2.1/../../../../arm-none-eabi/lib/thumb/v7e-m+fp/hard\libm.a(lib_a-wf_sqrt.o) (__ieee754_sqrtf)
c:/users/mark/documents/mcha3500/mcha3500_windows_toolchain/toolchain/gcc-arm-none-eabi/bin/../lib/gcc/arm-none-eabi/9.2.1/../../../../arm-none-eabi/lib/thumb/v7e-m+fp/hard\libm.a(lib_a-s_atan.o)
                              c:/users/mark/documents/mcha3500/mcha3500_windows_toolchain/toolchain/gcc-arm-none-eabi/bin/../lib/gcc/arm-none-eabi/9.2.1/../../../../arm-none-eabi/lib/thumb/v7e-m+fp/hard\libm.a(lib_a-e_atan2.o) (atan)
c:/users/mark/documents/mcha3500/mcha3500_windows_toolchain/toolchain/gcc-arm-none-eabi/bin/../lib/gcc/arm-none-eabi/9.2.1/../../../../arm-none-eabi/lib/thumb/v7e-m+fp/hard\libm.a(lib_a-s_fabs.o)
                              c:/users/mark/documents/mcha3500/mcha3500_windows_toolchain/toolchain/gcc-arm-none-eabi/bin/../lib/gcc/arm-none-eabi/9.2.1/../../../../arm-none-eabi/lib/thumb/v7e-m+fp/hard\libm.a(lib_a-e_atan2.o) (fabs)
c:/users/mark/documents/mcha3500/mcha3500_windows_toolchain/toolchain/gcc-arm-none-eabi/bin/../lib/gcc/arm-none-eabi/9.2.1/../../../../arm-none-eabi/lib/thumb/v7e-m+fp/hard\libm.a(lib_a-s_lib_ver.o)
                              c:/users/mark/documents/mcha3500/mcha3500_windows_toolchain/toolchain/gcc-arm-none-eabi/bin/../lib/gcc/arm-none-eabi/9.2.1/../../../../arm-none-eabi/lib/thumb/v7e-m+fp/hard\libm.a(lib_a-wf_sqrt.o) (__fdlib_version)
c:/users/mark/documents/mcha3500/mcha3500_windows_toolchain/toolchain/gcc-arm-none-eabi/bin/../lib/gcc/arm-none-eabi/9.2.1/../../../../arm-none-eabi/lib/thumb/v7e-m+fp/hard\libm.a(lib_a-s_matherr.o)
                              c:/users/mark/documents/mcha3500/mcha3500_windows_toolchain/toolchain/gcc-arm-none-eabi/bin/../lib/gcc/arm-none-eabi/9.2.1/../../../../arm-none-eabi/lib/thumb/v7e-m+fp/hard\libm.a(lib_a-wf_sqrt.o) (matherr)
../STM32Cube_F4_FW/Drivers/CMSIS/Lib/GCC/libarm_cortexM4lf_math.a(arm_mat_trans_f32.o)
                              build/kalman.o (arm_mat_trans_f32)
../STM32Cube_F4_FW/Drivers/CMSIS/Lib/GCC/libarm_cortexM4lf_math.a(arm_mat_sub_f32.o)
                              build/controller.o (arm_mat_sub_f32)
../STM32Cube_F4_FW/Drivers/CMSIS/Lib/GCC/libarm_cortexM4lf_math.a(arm_mat_mult_f32.o)
                              build/controller.o (arm_mat_mult_f32)
../STM32Cube_F4_FW/Drivers/CMSIS/Lib/GCC/libarm_cortexM4lf_math.a(arm_mat_inverse_f32.o)
                              build/kalman.o (arm_mat_inverse_f32)
../STM32Cube_F4_FW/Drivers/CMSIS/Lib/GCC/libarm_cortexM4lf_math.a(arm_mat_init_f32.o)
                              build/controller.o (arm_mat_init_f32)
../STM32Cube_F4_FW/Drivers/CMSIS/Lib/GCC/libarm_cortexM4lf_math.a(arm_mat_add_f32.o)
                              build/controller.o (arm_mat_add_f32)
c:/users/mark/documents/mcha3500/mcha3500_windows_toolchain/toolchain/gcc-arm-none-eabi/bin/../lib/gcc/arm-none-eabi/9.2.1/thumb/v7e-m+fp/hard\libgcc.a(_arm_muldf3.o)
                              build/pendulum.o (__aeabi_dmul)
c:/users/mark/documents/mcha3500/mcha3500_windows_toolchain/toolchain/gcc-arm-none-eabi/bin/../lib/gcc/arm-none-eabi/9.2.1/thumb/v7e-m+fp/hard\libgcc.a(_arm_addsubdf3.o)
                              build/control_loop.o (__aeabi_dsub)
c:/users/mark/documents/mcha3500/mcha3500_windows_toolchain/toolchain/gcc-arm-none-eabi/bin/../lib/gcc/arm-none-eabi/9.2.1/thumb/v7e-m+fp/hard\libgcc.a(_arm_muldivdf3.o)
                              build/motor.o (__aeabi_ddiv)
c:/users/mark/documents/mcha3500/mcha3500_windows_toolchain/toolchain/gcc-arm-none-eabi/bin/../lib/gcc/arm-none-eabi/9.2.1/thumb/v7e-m+fp/hard\libgcc.a(_arm_cmpdf2.o)
[...]
Memory Configuration

Name             Origin             Length             Attributes
FLASH            0x08000000         0x00080000         xr
RAM              0x20000000         0x00020000         xrw
*default*        0x00000000         0xffffffff

Linker script and memory map

LOAD c:/users/mark/documents/mcha3500/mcha3500_windows_toolchain/toolchain/gcc-arm-none-eabi/bin/../lib/gcc/arm-none-eabi/9.2.1/thumb/v7e-m+fp/hard/crti.o
LOAD c:/users/mark/documents/mcha3500/mcha3500_windows_toolchain/toolchain/gcc-arm-none-eabi/bin/../lib/gcc/arm-none-eabi/9.2.1/thumb/v7e-m+fp/hard/crtbegin.o
LOAD c:/users/mark/documents/mcha3500/mcha3500_windows_toolchain/toolchain/gcc-arm-none-eabi/bin/../lib/gcc/arm-none-eabi/9.2.1/../../../../arm-none-eabi/lib/thumb/v7e-m+fp/hard/crt0.o
LOAD build/stm32f4xx_it.o
LOAD build/system_stm32f4xx.o
LOAD build/cmd_line_buffer.o
LOAD build/cmd_parser.o
LOAD build/cmd_task.o
LOAD build/main.o
LOAD build/uart.o
LOAD build/heartbeat_task.o
LOAD build/heartbeat_cmd.o
LOAD build/dummy_task.o
LOAD build/pendulum.o
LOAD build/motor.o
LOAD build/data_logging.o
LOAD build/controller.o
LOAD build/IMU.o
LOAD build/kalman.o
LOAD build/control_loop.o
LOAD build/qpas_sub_noblas.o
LOAD build/startup_stm32f446xx.o
LOAD build/stm32f4_HAL/stm32f4xx_hal.o
LOAD build/stm32f4_HAL/stm32f4xx_hal_dma.o
LOAD build/stm32f4_HAL/stm32f4xx_hal_adc.o
LOAD build/stm32f4_HAL/stm32f4xx_hal_adc_ex.o
LOAD build/stm32f4_HAL/stm32f4xx_hal_gpio.o
LOAD build/stm32f4_HAL/stm32f4xx_ll_gpio.o
LOAD build/stm32f4_HAL/stm32f4xx_ll_usart.o
LOAD build/stm32f4_HAL/stm32f4xx_ll_dma.o
LOAD build/stm32f4_HAL/stm32f4xx_ll_rcc.o
LOAD build/stm32f4_HAL/stm32f4xx_hal_i2c.o
LOAD build/stm32f4_HAL/stm32f4xx_hal_i2c_ex.o
LOAD build/stm32f4_HAL/stm32f4xx_hal_tim.o
LOAD build/stm32f4_HAL/stm32f4xx_hal_tim_ex.o
LOAD build/stm32f4_HAL/stm32f4xx_hal_rtc.o
LOAD build/stm32f4_HAL/stm32f4xx_hal_rcc.o
LOAD build/stm32f4_HAL/stm32f4xx_hal_rcc_ex.o
LOAD build/stm32f4_HAL/stm32f4xx_hal_pwr.o
LOAD build/stm32f4_HAL/stm32f4xx_hal_pwr_ex.o
LOAD build/stm32f4_HAL/stm32f4xx_hal_cortex.o
LOAD build/stm32f4_HAL/stm32f4xx_hal_spi.o
LOAD build/stm32f4_HAL/stm32f4xx_hal_dac.o
LOAD build/stm32f4_HAL/stm32f4xx_hal_dac_ex.o
LOAD build/stm32f4_HAL/stm32f4xx_hal_can.o
LOAD build/FreeRTOS/croutine.o
LOAD build/FreeRTOS/event_groups.o
LOAD build/FreeRTOS/list.o
LOAD build/FreeRTOS/queue.o
LOAD build/FreeRTOS/tasks.o
LOAD build/FreeRTOS/timers.o
LOAD build/FreeRTOS/stream_buffer.o
LOAD build/FreeRTOS/cmsis_os2.o
LOAD build/FreeRTOS/clib_arm.o
LOAD build/FreeRTOS/os_systick.o
LOAD build/FreeRTOS/heap_useNewlib.o
LOAD build/FreeRTOS/port.o
LOAD build/tm_stm32_gpio.o
LOAD build/tm_stm32_i2c.o
LOAD build/tm_stm32_mpu6050.o
LOAD c:/users/mark/documents/mcha3500/mcha3500_windows_toolchain/toolchain/gcc-arm-none-eabi/bin/../lib/gcc/arm-none-eabi/9.2.1/../../../../arm-none-eabi/lib/thumb/v7e-m+fp/hard\libm.a
LOAD ../STM32Cube_F4_FW/Drivers/CMSIS/Lib/GCC/libarm_cortexM4lf_math.a
START GROUP
LOAD c:/users/mark/documents/mcha3500/mcha3500_windows_toolchain/toolchain/gcc-arm-none-eabi/bin/../lib/gcc/arm-none-eabi/9.2.1/thumb/v7e-m+fp/hard\libgcc.a
LOAD c:/users/mark/documents/mcha3500/mcha3500_windows_toolchain/toolchain/gcc-arm-none-eabi/bin/../lib/gcc/arm-none-eabi/9.2.1/../../../../arm-none-eabi/lib/thumb/v7e-m+fp/hard\libc_nano.a
END GROUP
START GROUP
LOAD c:/users/mark/documents/mcha3500/mcha3500_windows_toolchain/toolchain/gcc-arm-none-eabi/bin/../lib/gcc/arm-none-eabi/9.2.1/thumb/v7e-m+fp/hard\libgcc.a
LOAD c:/users/mark/documents/mcha3500/mcha3500_windows_toolchain/toolchain/gcc-arm-none-eabi/bin/../lib/gcc/arm-none-eabi/9.2.1/../../../../arm-none-eabi/lib/thumb/v7e-m+fp/hard\libc_nano.a
LOAD c:/users/mark/documents/mcha3500/mcha3500_windows_toolchain/toolchain/gcc-arm-none-eabi/bin/../lib/gcc/arm-none-eabi/9.2.1/../../../../arm-none-eabi/lib/thumb/v7e-m+fp/hard\libnosys.a
END GROUP
START GROUP
LOAD c:/users/mark/documents/mcha3500/mcha3500_windows_toolchain/toolchain/gcc-arm-none-eabi/bin/../lib/gcc/arm-none-eabi/9.2.1/thumb/v7e-m+fp/hard\libgcc.a
LOAD c:/users/mark/documents/mcha3500/mcha3500_windows_toolchain/toolchain/gcc-arm-none-eabi/bin/../lib/gcc/arm-none-eabi/9.2.1/../../../../arm-none-eabi/lib/thumb/v7e-m+fp/hard\libc_nano.a
LOAD c:/users/mark/documents/mcha3500/mcha3500_windows_toolchain/toolchain/gcc-arm-none-eabi/bin/../lib/gcc/arm-none-eabi/9.2.1/../../../../arm-none-eabi/lib/thumb/v7e-m+fp/hard\libnosys.a
END GROUP
LOAD c:/users/mark/documents/mcha3500/mcha3500_windows_toolchain/toolchain/gcc-arm-none-eabi/bin/../lib/gcc/arm-none-eabi/9.2.1/thumb/v7e-m+fp/hard/crtend.o
LOAD c:/users/mark/documents/mcha3500/mcha3500_windows_toolchain/toolchain/gcc-arm-none-eabi/bin/../lib/gcc/arm-none-eabi/9.2.1/thumb/v7e-m+fp/hard/crtn.o
                0x20020000                _estack = 0x20020000
                0x00010000                _Min_Heap_Size = 0x10000
                0x00002000                _Min_Stack_Size = 0x2000

.isr_vector     0x08000000      0x1c4
                0x08000000                . = ALIGN (0x4)
 *(.isr_vector)
 .isr_vector    0x08000000      0x1c4 build/startup_stm32f446xx.o
                0x08000000                g_pfnVectors
                0x080001c4                . = ALIGN (0x4)

.text           0x080001d0    0x1a534
                0x080001d0                . = ALIGN (0x4)
 *(.text)
 .text          0x080001d0        0x0 c:/users/mark/documents/mcha3500/mcha3500_windows_toolchain/toolchain/gcc-arm-none-eabi/bin/../lib/gcc/arm-none-eabi/9.2.1/thumb/v7e-m+fp/hard/crti.o
 .text          0x080001d0       0x40 c:/users/mark/documents/mcha3500/mcha3500_windows_toolchain/toolchain/gcc-arm-none-eabi/bin/../lib/gcc/arm-none-eabi/9.2.1/thumb/v7e-m+fp/hard/crtbegin.o
 .text          0x08000210       0x74 c:/users/mark/documents/mcha3500/mcha3500_windows_toolchain/toolchain/gcc-arm-none-eabi/bin/../lib/gcc/arm-none-eabi/9.2.1/../../../../arm-none-eabi/lib/thumb/v7e-m+fp/hard/crt0.o
                0x08000210                _start
                0x08000210                _mainCRTStartup
 .text          0x08000284        0xc build/stm32f4xx_it.o
                0x08000284                NMI_Handler
                0x08000286                HardFault_Handler
                0x08000288                MemManage_Handler
                0x0800028a                BusFault_Handler
                0x0800028c                UsageFault_Handler
                0x0800028e                DebugMon_Handler
 .text          0x08000290       0xc0 build/system_stm32f4xx.o
                0x08000290                SystemInit
                0x080002dc                SystemCoreClockUpdate
 .text          0x08000350      0x104 build/cmd_line_buffer.o
                0x08000350                clb_init
                0x0800035a                clb_is_empty
                0x08000364                clb_is_full
                0x08000372                clb_delc
                0x0800037c                clb_is_cmd_ready
                0x08000394                clb_putc
                0x080003b4                clb_consume_char
                0x080003dc                clb_consume_str
                0x080003f6                clb_gets_at
                0x0800040e                clb_gets
                0x08000414                clb_process
 .text          0x08000454      0x280 build/cmd_parser.o
                0x08000624                cmd_parse
 .text          0x080006d4       0x4c build/cmd_task.o
                0x080006f4                cmd_task_init
 .text          0x08000720        0x0 build/main.o
 .text          0x08000720      0x47c build/uart.o
                0x08000720                uart_init
                0x080009f4                __wrap_printf
                0x08000a2c                __io_putchar
                0x08000a5c                __io_getchar
                0x08000a78                _write
                0x08000a94                _read
                0x08000aa8                _uart_rxne_isr
                0x08000ad0                _uart_txe_isr
                0x08000b08                _uart_error
                0x08000b60                USART2_IRQHandler
 .text          0x08000b9c       0xc4 build/heartbeat_task.o
                0x08000bb8                heartbeat_task_init
                0x08000c14                heartbeat_task_start
                0x08000c2c                heartbeat_task_stop
                0x08000c44                heartbeat_task_is_running
                0x08000c50                heartbeat_task_deinit
 .text          0x08000c60       0x70 build/heartbeat_cmd.o
                0x08000c60                heartbeat_cmd
 .text          0x08000cd0      0x118 build/dummy_task.o
                0x08000cd0                dummy_task_init
                0x08000d2c                dummy_task_start
                0x08000d44                dummy_task_stop
                0x08000dcc                dummy_task_is_running
                0x08000dd8                dummy_task_deinit
 .text          0x08000de8       0xd4 build/pendulum.o
                0x08000de8                pendulum_init
                0x08000e70                pendulum_read_voltage
 *fill*         0x08000ebc        0x4 
 .text          0x08000ec0      0x440 build/motor.o
                0x08000ec0                direction_adjust
                0x08000f40                microstep
                0x08001058                velocity_adjust
                0x080010e4                motor_PWM_init
                0x080011e4                motor_encoder_init
                0x08001248                EXTI1_IRQHandler
                0x08001280                EXTI2_IRQHandler
                0x080012b8                motor_encoder_getValue
                0x080012c4                motor_encoder_getAngle
 .text          0x08001300      0x1b0 build/data_logging.o
                0x0800130c                logging_init
                0x0800132c                pend_logging_start
                0x08001348                logging_stop
                0x08001494                imu_logging_start
 .text          0x080014b0      0x29c build/controller.o
                0x080014b0                ctrl_init
                0x080015b0                getControl
                0x080015bc                ctrl_set_x1
                0x080015c8                ctrl_set_x2
                0x080015d4                ctrl_set_yref
                0x080015e0                getReference
                0x080015ec                ctrl_update
 *fill*         0x0800174c        0x4 
 .text          0x08001750      0x260 build/IMU.o
                0x08001750                IMU_read
                0x0800175c                get_accY
                0x080017dc                get_accZ
                0x0800185c                get_accX
                0x080018dc                get_gyroY
                0x08001964                get_acc_angle
                0x080019a0                IMU_init
 .text          0x080019b0      0x314 build/kalman.o
                0x080019b0                kalman_init
                0x08001b40                kalman_update
                0x08001c88                getKalmanAngle
                0x08001c94                getKalmanVelocity
                0x08001ca0                getKalmanBias
                0x08001cac                kalman_set_angle
                0x08001cb8                kalman_set_velocity
 *fill*         0x08001cc4        0x4 
 .text          0x08001cc8      0x230 build/control_loop.o
                0x08001e7c                control_loop_init
                0x08001eb4                kalman_timer_start
                0x08001ec4                kalman_timer_stop
                0x08001ed0                control_timer_start
                0x08001ee0                control_timer_stop
                0x08001eec                control_set_speed
 .text          0x08001ef8     0x16d8 build/qpas_sub_noblas.o
                0x08001ef8                printvector
                0x08001f88                printmatrix
                0x0800206c                qpas_sub_noblas
 .text          0x080035d0       0x14 build/startup_stm32f446xx.o
 .text          0x080035e4      0x20c build/stm32f4_HAL/stm32f4xx_hal.o
                0x080035e4                HAL_MspInit
                0x080035e6                HAL_MspDeInit
                0x080035e8                HAL_DeInit
                0x08003614                HAL_InitTick
                0x08003658                HAL_Init
                0x0800368c                HAL_IncTick
                0x080036a4                HAL_GetTick
                0x080036b0                HAL_GetTickPrio
                0x080036bc                HAL_SetTickFreq
                0x080036dc                HAL_GetTickFreq
                0x080036e8                HAL_Delay
                0x08003710                HAL_SuspendTick
                0x08003720                HAL_ResumeTick
                0x08003730                HAL_GetHalVersion
                0x08003738                HAL_GetREVID
                0x08003744                HAL_GetDEVID
                0x08003754                HAL_DBGMCU_EnableDBGSleepMode
                0x08003764                HAL_DBGMCU_DisableDBGSleepMode
                0x08003774                HAL_DBGMCU_EnableDBGStopMode
                0x08003784                HAL_DBGMCU_DisableDBGStopMode
                0x08003794                HAL_DBGMCU_EnableDBGStandbyMode
                0x080037a4                HAL_DBGMCU_DisableDBGStandbyMode
                0x080037b4                HAL_EnableCompensationCell
                0x080037c0                HAL_DisableCompensationCell
                0x080037cc                HAL_GetUIDw0
                0x080037d8                HAL_GetUIDw1
                0x080037e4                HAL_GetUIDw2
 .text          0x080037f0      0x630 build/stm32f4_HAL/stm32f4xx_hal_dma.o
                0x0800381c                HAL_DMA_Init
                0x0800391c                HAL_DMA_DeInit
                0x08003970                HAL_DMA_Start
                0x080039c4                HAL_DMA_Start_IT
                0x08003a38                HAL_DMA_Abort
                0x08003ac0                HAL_DMA_Abort_IT
                0x08003ae4                HAL_DMA_PollForTransfer
                0x08003bf2                HAL_DMA_IRQHandler
                0x08003d6c                HAL_DMA_RegisterCallback
                0x08003db4                HAL_DMA_UnRegisterCallback
                0x08003e16                HAL_DMA_GetState
                0x08003e1c                HAL_DMA_GetError
 .text          0x08003e20      0x9c8 build/stm32f4_HAL/stm32f4xx_hal_adc.o
                0x08003e20                HAL_ADC_MspInit
                0x08003e22                HAL_ADC_Init
                0x08003f70                HAL_ADC_MspDeInit
                0x08003f72                HAL_ADC_DeInit
                0x08003fa6                HAL_ADC_Start
                0x08004090                HAL_ADC_Stop
                0x080040c6                HAL_ADC_PollForConversion
                0x08004164                HAL_ADC_PollForEvent
                0x080041ca                HAL_ADC_Start_IT
                0x080042c0                HAL_ADC_Stop_IT
                0x08004308                HAL_ADC_Start_DMA
                0x0800442c                HAL_ADC_Stop_DMA
                0x08004486                HAL_ADC_GetValue
                0x0800448c                HAL_ADC_ConvCpltCallback
                0x0800448e                HAL_ADC_ConvHalfCpltCallback
                0x0800449a                HAL_ADC_LevelOutOfWindowCallback
                0x0800449c                HAL_ADC_ErrorCallback
                0x0800449e                HAL_ADC_IRQHandler
                0x08004648                HAL_ADC_ConfigChannel
                0x08004780                HAL_ADC_AnalogWDGConfig
                0x080047de                HAL_ADC_GetState
                0x080047e2                HAL_ADC_GetError
 .text          0x080047e8      0x6ac build/stm32f4_HAL/stm32f4xx_hal_adc_ex.o
                0x08004858                HAL_ADCEx_InjectedStart
                0x0800490c                HAL_ADCEx_InjectedStart_IT
                0x080049c8                HAL_ADCEx_InjectedStop
                0x08004a22                HAL_ADCEx_InjectedPollForConversion
                0x08004aaa                HAL_ADCEx_InjectedStop_IT
                0x08004b0c                HAL_ADCEx_InjectedGetValue
                0x08004b3e                HAL_ADCEx_MultiModeStart_DMA
                0x08004c38                HAL_ADCEx_MultiModeStop_DMA
                0x08004c98                HAL_ADCEx_MultiModeGetValue
                0x08004ca4                HAL_ADCEx_InjectedConvCpltCallback
                0x08004ca6                HAL_ADCEx_InjectedConfigChannel
                0x08004e44                HAL_ADCEx_MultiModeConfigChannel
 .text          0x08004e94      0x334 build/stm32f4_HAL/stm32f4xx_hal_gpio.o
                0x08004e94                HAL_GPIO_Init
                0x08005044                HAL_GPIO_DeInit
                0x08005160                HAL_GPIO_ReadPin
                0x0800516c                HAL_GPIO_WritePin
                0x08005176                HAL_GPIO_TogglePin
                0x08005184                HAL_GPIO_LockPin
                0x080051ae                HAL_GPIO_EXTI_Callback
                0x080051b0                HAL_GPIO_EXTI_IRQHandler
 .text          0x080051c8      0x220 build/stm32f4_HAL/stm32f4xx_ll_gpio.o
                0x080051e8                LL_GPIO_DeInit
                0x08005294                LL_GPIO_Init
                0x080053d0                LL_GPIO_StructInit
 .text          0x080053e8      0x21c build/stm32f4_HAL/stm32f4xx_ll_usart.o
                0x080053e8                LL_USART_DeInit
                0x080054a8                LL_USART_Init
                0x080055a4                LL_USART_StructInit
                0x080055bc                LL_USART_ClockInit
                0x080055f6                LL_USART_ClockStructInit
 .text          0x08005604      0x238 build/stm32f4_HAL/stm32f4xx_ll_dma.o
                0x08005604                LL_DMA_DeInit
                0x08005794                LL_DMA_Init
                0x08005818                LL_DMA_StructInit
 .text          0x0800583c      0x604 build/stm32f4_HAL/stm32f4xx_ll_rcc.o
                0x0800584c                LL_RCC_DeInit
                0x080058fc                LL_RCC_GetCECClockFreq
                0x0800592c                RCC_GetHCLKClockFreq
                0x08005944                RCC_GetPCLK1ClockFreq
                0x0800595c                RCC_GetPCLK2ClockFreq
                0x08005974                RCC_PLL_GetFreqDomain_SYS
                0x080059bc                RCC_GetSystemClockFreq
                0x080059ec                LL_RCC_GetSystemClocksFreq
                0x08005a0c                LL_RCC_GetFMPI2CClockFreq
                0x08005a5c                RCC_PLL_GetFreqDomain_48M
                0x08005a98                RCC_PLL_GetFreqDomain_I2S
                0x08005ad4                RCC_PLL_GetFreqDomain_SPDIFRX
                0x08005ad8                RCC_PLL_GetFreqDomain_SAI
                0x08005adc                RCC_PLLSAI_GetFreqDomain_SAI
                0x08005b2c                RCC_PLLSAI_GetFreqDomain_48M
                0x08005b70                LL_RCC_GetSDIOClockFreq
                0x08005bb8                LL_RCC_GetUSBClockFreq
                0x08005bec                RCC_PLLI2S_GetFreqDomain_SAI
                0x08005c3c                LL_RCC_GetSAIClockFreq
                0x08005cf0                RCC_PLLI2S_GetFreqDomain_SPDIFRX
                0x08005d34                LL_RCC_GetSPDIFRXClockFreq
                0x08005d68                RCC_PLLI2S_GetFreqDomain_I2S
                0x08005da8                LL_RCC_GetI2SClockFreq
 .text          0x08005e40     0x31e0 build/stm32f4_HAL/stm32f4xx_hal_i2c.o
                0x08006264                HAL_I2C_MspInit
                0x08006266                HAL_I2C_Init
                0x080063b4                HAL_I2C_MspDeInit
                0x080063b6                HAL_I2C_DeInit
                0x080063e8                HAL_I2C_Master_Transmit
                0x08006598                HAL_I2C_Master_Receive
                0x08006878                HAL_I2C_Slave_Transmit
                0x080069d8                HAL_I2C_Slave_Receive
                0x08006b54                HAL_I2C_Master_Transmit_IT
                0x08006c04                HAL_I2C_Master_Receive_IT
                0x08006cbc                HAL_I2C_Slave_Transmit_IT
                0x08006d2c                HAL_I2C_Slave_Receive_IT
                0x08006d9c                HAL_I2C_Master_Transmit_DMA
                0x08006ec8                HAL_I2C_Master_Receive_DMA
                0x08006ff0                HAL_I2C_Slave_Transmit_DMA
                0x080070b0                HAL_I2C_Slave_Receive_DMA
                0x08007170                HAL_I2C_Mem_Write
                0x08007290                HAL_I2C_Mem_Read
                0x080074a0                HAL_I2C_Mem_Write_IT
                0x0800755c                HAL_I2C_Mem_Read_IT
                0x08007628                HAL_I2C_Mem_Write_DMA
                0x08007770                HAL_I2C_Mem_Read_DMA
                0x080078fc                HAL_I2C_IsDeviceReady
                0x08007a5c                HAL_I2C_Master_Seq_Transmit_IT
                0x08007b2c                HAL_I2C_Master_Seq_Transmit_DMA
                0x08007ca0                HAL_I2C_Master_Seq_Receive_IT
                0x08007dac                HAL_I2C_Master_Seq_Receive_DMA
                0x08007f78                HAL_I2C_Slave_Seq_Transmit_IT
                0x08007fee                HAL_I2C_Slave_Seq_Transmit_DMA
                0x0800812c                HAL_I2C_Slave_Seq_Receive_IT
                0x080081a2                HAL_I2C_Slave_Seq_Receive_DMA
                0x080082e0                HAL_I2C_EnableListen_IT
                0x08008316                HAL_I2C_DisableListen_IT
                0x08008354                HAL_I2C_MasterTxCpltCallback
                0x08008356                HAL_I2C_MasterRxCpltCallback
                0x08008358                HAL_I2C_SlaveTxCpltCallback
                0x0800835a                HAL_I2C_SlaveRxCpltCallback
                0x0800835c                HAL_I2C_AddrCallback
                0x0800835e                HAL_I2C_ListenCpltCallback
                0x08008360                HAL_I2C_MemTxCpltCallback
                0x08008362                HAL_I2C_MemRxCpltCallback
                0x08008364                HAL_I2C_ErrorCallback
                0x080084b2                HAL_I2C_AbortCpltCallback
                0x08008684                HAL_I2C_Master_Abort_IT
                0x080086d0                HAL_I2C_EV_IRQHandler
                0x08008edc                HAL_I2C_ER_IRQHandler
                0x08009010                HAL_I2C_GetState
                0x08009016                HAL_I2C_GetMode
                0x0800901c                HAL_I2C_GetError
 .text          0x08009020       0x7c build/stm32f4_HAL/stm32f4xx_hal_i2c_ex.o
                0x08009020                HAL_I2CEx_ConfigAnalogFilter
                0x0800905e                HAL_I2CEx_ConfigDigitalFilter
 .text          0x0800909c     0x1dec build/stm32f4_HAL/stm32f4xx_hal_tim.o
                0x080091b8                HAL_TIM_Base_MspInit
                0x080091ba                HAL_TIM_Base_MspDeInit
                0x080091bc                HAL_TIM_Base_DeInit
                0x080091f6                HAL_TIM_Base_Start
                0x0800921a                HAL_TIM_Base_Stop
                0x08009248                HAL_TIM_Base_Start_IT
                0x08009268                HAL_TIM_Base_Stop_IT
                0x08009292                HAL_TIM_Base_Start_DMA
                0x080092fc                HAL_TIM_Base_Stop_DMA
                0x08009338                HAL_TIM_OC_MspInit
                0x0800933a                HAL_TIM_OC_MspDeInit
                0x0800933c                HAL_TIM_OC_DeInit
                0x08009376                HAL_TIM_PWM_MspInit
                0x08009378                HAL_TIM_PWM_MspDeInit
                0x0800937a                HAL_TIM_PWM_DeInit
                0x080093b4                HAL_TIM_IC_MspInit
                0x080093b6                HAL_TIM_IC_MspDeInit
                0x080093b8                HAL_TIM_IC_DeInit
                0x080093f2                HAL_TIM_OnePulse_MspInit
                0x080093f4                HAL_TIM_OnePulse_MspDeInit
                0x080093f6                HAL_TIM_OnePulse_DeInit
                0x08009430                HAL_TIM_OnePulse_Start
                0x08009470                HAL_TIM_OnePulse_Stop
                0x080094d8                HAL_TIM_OnePulse_Start_IT
                0x08009528                HAL_TIM_OnePulse_Stop_IT
                0x080095a0                HAL_TIM_Encoder_MspInit
                0x080095a2                HAL_TIM_Encoder_MspDeInit
                0x080095a4                HAL_TIM_Encoder_DeInit
                0x080095de                HAL_TIM_Encoder_Start
                0x08009622                HAL_TIM_Encoder_Stop
                0x0800966a                HAL_TIM_Encoder_Start_IT
                0x080096d8                HAL_TIM_Encoder_Stop_IT
                0x0800974c                HAL_TIM_Encoder_Start_DMA
                0x0800988c                HAL_TIM_Encoder_Stop_DMA
                0x0800991e                HAL_TIM_DMABurst_WriteStart
                0x080099fc                HAL_TIM_DMABurst_WriteStop
                0x08009a60                HAL_TIM_DMABurst_ReadStart
                0x08009b44                HAL_TIM_DMABurst_ReadStop
                0x08009b48                HAL_TIM_GenerateEvent
                0x08009b6c                HAL_TIM_ConfigTI1Input
                0x08009b7c                HAL_TIM_ReadCapturedValue
                0x08009ba8                HAL_TIM_PeriodElapsedCallback
                0x08009bba                HAL_TIM_PeriodElapsedHalfCpltCallback
                0x08009bcc                HAL_TIM_OC_DelayElapsedCallback
                0x08009bce                HAL_TIM_IC_CaptureCallback
                0x08009bd0                TIM_DMACaptureCplt
                0x08009c0c                HAL_TIM_IC_CaptureHalfCpltCallback
                0x08009c0e                TIM_DMACaptureHalfCplt
                0x08009c4a                HAL_TIM_PWM_PulseFinishedCallback
                0x08009c4c                TIM_DMADelayPulseCplt
                0x08009c88                HAL_TIM_PWM_PulseFinishedHalfCpltCallback
                0x08009c8a                TIM_DMADelayPulseHalfCplt
                0x08009cc6                HAL_TIM_TriggerCallback
                0x08009cc8                HAL_TIM_IRQHandler
                0x08009e1c                HAL_TIM_TriggerHalfCpltCallback
                0x08009e2e                HAL_TIM_ErrorCallback
                0x08009e30                TIM_DMAError
                0x08009e40                HAL_TIM_Base_GetState
                0x08009e46                HAL_TIM_OC_GetState
                0x08009e4c                HAL_TIM_PWM_GetState
                0x08009e52                HAL_TIM_IC_GetState
                0x08009e58                HAL_TIM_OnePulse_GetState
                0x08009e5e                HAL_TIM_Encoder_GetState
                0x08009e64                TIM_Base_SetConfig
                0x08009f30                HAL_TIM_Base_Init
                0x08009f64                HAL_TIM_OC_Init
                0x08009f98                HAL_TIM_PWM_Init
                0x08009fcc                HAL_TIM_IC_Init
                0x0800a000                HAL_TIM_OnePulse_Init
                0x0800a046                HAL_TIM_Encoder_Init
                0x0800a0dc                TIM_OC2_SetConfig
                0x0800a148                HAL_TIM_OC_ConfigChannel
                0x0800a1a0                HAL_TIM_PWM_ConfigChannel
                0x0800a260                TIM_TI1_SetConfig
                0x0800a2d4                HAL_TIM_IC_ConfigChannel
                0x0800a3e8                HAL_TIM_OnePulse_ConfigChannel
                0x0800a4de                TIM_ETR_SetConfig
                0x0800a4f2                HAL_TIM_ConfigOCrefClear
                0x0800a5ba                HAL_TIM_ConfigClockSource
                0x0800a786                HAL_TIM_SlaveConfigSynchro
                0x0800a7d4                HAL_TIM_SlaveConfigSynchro_IT
                0x0800a822                TIM_CCxChannelCmd
                0x0800a83e                HAL_TIM_OC_Start
                0x0800a87c                HAL_TIM_PWM_Start
                0x0800a880                HAL_TIM_OC_Stop
                0x0800a8dc                HAL_TIM_OC_Start_IT
                0x0800a94c                HAL_TIM_PWM_Start_IT
                0x0800a950                HAL_TIM_OC_Stop_IT
                0x0800a9e0                HAL_TIM_PWM_Stop_IT
                0x0800a9e4                HAL_TIM_OC_Start_DMA
                0x0800aaf4                HAL_TIM_PWM_Start_DMA
                0x0800aaf8                HAL_TIM_OC_Stop_DMA
                0x0800aba8                HAL_TIM_PWM_Stop_DMA
                0x0800abac                HAL_TIM_PWM_Stop
                0x0800ac10                HAL_TIM_IC_Start
                0x0800ac34                HAL_TIM_IC_Stop
                0x0800ac62                HAL_TIM_IC_Start_IT
                0x0800acb8                HAL_TIM_IC_Stop_IT
                0x0800ad18                HAL_TIM_IC_Start_DMA
                0x0800ae08                HAL_TIM_IC_Stop_DMA
 .text          0x0800ae88      0x814 build/stm32f4_HAL/stm32f4xx_hal_tim_ex.o
                0x0800aea4                HAL_TIMEx_HallSensor_MspInit
                0x0800aea6                HAL_TIMEx_HallSensor_Init
                0x0800af54                HAL_TIMEx_HallSensor_MspDeInit
                0x0800af56                HAL_TIMEx_HallSensor_DeInit
                0x0800af90                HAL_TIMEx_HallSensor_Start
                0x0800afb6                HAL_TIMEx_HallSensor_Stop
                0x0800afe6                HAL_TIMEx_HallSensor_Start_IT
                0x0800b014                HAL_TIMEx_HallSensor_Stop_IT
                0x0800b04c                HAL_TIMEx_HallSensor_Start_DMA
                0x0800b0c8                HAL_TIMEx_HallSensor_Stop_DMA
                0x0800b108                HAL_TIMEx_OCN_Start
                0x0800b134                HAL_TIMEx_OCN_Stop
                0x0800b17e                HAL_TIMEx_OCN_Start_IT
                0x0800b1d4                HAL_TIMEx_OCN_Stop_IT
                0x0800b252                HAL_TIMEx_OCN_Start_DMA
                0x0800b324                HAL_TIMEx_OCN_Stop_DMA
                0x0800b3aa                HAL_TIMEx_PWMN_Start
                0x0800b3ae                HAL_TIMEx_PWMN_Stop
                0x0800b3b2                HAL_TIMEx_PWMN_Start_IT
                0x0800b3b6                HAL_TIMEx_PWMN_Stop_IT
                0x0800b3ba                HAL_TIMEx_PWMN_Start_DMA
                0x0800b3be                HAL_TIMEx_PWMN_Stop_DMA
                0x0800b3c2                HAL_TIMEx_OnePulseN_Start
                0x0800b3dc                HAL_TIMEx_OnePulseN_Stop
                0x0800b3e0                HAL_TIMEx_OnePulseN_Start_IT
                0x0800b40a                HAL_TIMEx_OnePulseN_Stop_IT
                0x0800b464                HAL_TIMEx_ConfigCommutEvent
                0x0800b4be                HAL_TIMEx_ConfigCommutEvent_IT
                0x0800b518                HAL_TIMEx_ConfigCommutEvent_DMA
                0x0800b58c                HAL_TIMEx_MasterConfigSynchronization
                0x0800b608                HAL_TIMEx_ConfigBreakDeadTime
                0x0800b654                HAL_TIMEx_RemapConfig
                0x0800b66e                HAL_TIMEx_CommutCallback
                0x0800b670                TIMEx_DMACommutationCplt
                0x0800b680                HAL_TIMEx_CommutHalfCpltCallback
                0x0800b682                TIMEx_DMACommutationHalfCplt
                0x0800b692                HAL_TIMEx_BreakCallback
                0x0800b694                HAL_TIMEx_HallSensor_GetState
 .text          0x0800b69c        0x0 build/stm32f4_HAL/stm32f4xx_hal_rtc.o
 .text          0x0800b69c      0x6d4 build/stm32f4_HAL/stm32f4xx_hal_rcc.o
                0x0800b9ee                HAL_RCC_MCOConfig
                0x0800ba88                HAL_RCC_EnableCSS
                0x0800ba94                HAL_RCC_DisableCSS
                0x0800bafc                HAL_RCC_ClockConfig
                0x0800bc34                HAL_RCC_GetHCLKFreq
                0x0800bc40                HAL_RCC_GetPCLK1Freq
                0x0800bc60                HAL_RCC_GetPCLK2Freq
                0x0800bd14                HAL_RCC_GetClockConfig
                0x0800bd50                HAL_RCC_CSSCallback
                0x0800bd52                HAL_RCC_NMI_IRQHandler
 .text          0x0800bd70      0xdc8 build/stm32f4_HAL/stm32f4xx_hal_rcc_ex.o
                0x0800bd70                HAL_RCCEx_PeriphCLKConfig
                0x0800c188                HAL_RCCEx_GetPeriphCLKConfig
                0x0800c284                HAL_RCCEx_GetPeriphCLKFreq
                0x0800c42c                HAL_RCCEx_SelectLSEMode
                0x0800c444                HAL_RCCEx_EnablePLLI2S
                0x0800c4b8                HAL_RCCEx_DisablePLLI2S
                0x0800c4ec                HAL_RCCEx_EnablePLLSAI
                0x0800c558                HAL_RCCEx_DisablePLLSAI
                0x0800c58c                HAL_RCC_GetSysClockFreq
                0x0800c61c                HAL_RCC_DeInit
                0x0800c770                HAL_RCC_OscConfig
                0x0800ca9c                HAL_RCC_GetOscConfig
 .text          0x0800cb38      0x1ac build/stm32f4_HAL/stm32f4xx_hal_pwr.o
                0x0800cb38                HAL_PWR_DeInit
                0x0800cb50                HAL_PWR_EnableBkUpAccess
                0x0800cb5c                HAL_PWR_DisableBkUpAccess
                0x0800cb68                HAL_PWR_ConfigPVD
                0x0800cbd8                HAL_PWR_EnablePVD
                0x0800cbe4                HAL_PWR_DisablePVD
                0x0800cbf0                HAL_PWR_EnableWakeUpPin
                0x0800cc00                HAL_PWR_DisableWakeUpPin
                0x0800cc10                HAL_PWR_EnterSLEEPMode
                0x0800cc30                HAL_PWR_EnterSTOPMode
                0x0800cc68                HAL_PWR_EnterSTANDBYMode
                0x0800cc88                HAL_PWR_PVDCallback
                0x0800cc8a                HAL_PWR_PVD_IRQHandler
                0x0800cca4                HAL_PWR_EnableSleepOnExit
                0x0800ccb4                HAL_PWR_DisableSleepOnExit
                0x0800ccc4                HAL_PWR_EnableSEVOnPend
                0x0800ccd4                HAL_PWR_DisableSEVOnPend
 .text          0x0800cce4      0x298 build/stm32f4_HAL/stm32f4xx_hal_pwr_ex.o
                0x0800cce4                HAL_PWREx_EnableBkUpReg
                0x0800cd18                HAL_PWREx_DisableBkUpReg
                0x0800cd4c                HAL_PWREx_EnableFlashPowerDown
                0x0800cd58                HAL_PWREx_DisableFlashPowerDown
                0x0800cd64                HAL_PWREx_GetVoltageRange
                0x0800cd74                HAL_PWREx_ControlVoltageScaling
                0x0800ce24                HAL_PWREx_EnableOverDrive
                0x0800ce9c                HAL_PWREx_DisableOverDrive
                0x0800cf14                HAL_PWREx_EnterUnderDriveSTOPMode
 .text          0x0800cf7c      0x2c8 build/stm32f4_HAL/stm32f4xx_hal_cortex.o
                0x0800cf7c                HAL_NVIC_SetPriorityGrouping
                0x0800cfa0                HAL_NVIC_SetPriority
                0x0800d004                HAL_NVIC_EnableIRQ
                0x0800d020                HAL_NVIC_DisableIRQ
                0x0800d048                HAL_NVIC_SystemReset
                0x0800d06c                HAL_SYSTICK_Config
                0x0800d098                HAL_MPU_Disable
                0x0800d0b8                HAL_MPU_Enable
                0x0800d0dc                HAL_MPU_ConfigRegion
                0x0800d12c                HAL_NVIC_GetPriorityGrouping
                0x0800d13c                HAL_NVIC_GetPriority
                0x0800d198                HAL_NVIC_SetPendingIRQ
                0x0800d1b8                HAL_NVIC_GetPendingIRQ
                0x0800d1dc                HAL_NVIC_ClearPendingIRQ
                0x0800d1fc                HAL_NVIC_GetActive
                0x0800d220                HAL_SYSTICK_CLKSourceConfig
                0x0800d238                HAL_SYSTICK_Callback
                0x0800d23a                HAL_SYSTICK_IRQHandler
 .text          0x0800d244     0x1820 build/stm32f4_HAL/stm32f4xx_hal_spi.o
                0x0800d3e8                HAL_SPI_MspInit
                0x0800d3ea                HAL_SPI_Init
                0x0800d46e                HAL_SPI_MspDeInit
                0x0800d470                HAL_SPI_DeInit
                0x0800d49c                HAL_SPI_Transmit
                0x0800d616                HAL_SPI_TransmitReceive
                0x0800d896                HAL_SPI_Receive
                0x0800da56                HAL_SPI_Transmit_IT
                0x0800dafc                HAL_SPI_TransmitReceive_IT
                0x0800dbc4                HAL_SPI_Receive_IT
                0x0800dc8c                HAL_SPI_Transmit_DMA
                0x0800dd64                HAL_SPI_TransmitReceive_DMA
                0x0800de88                HAL_SPI_Receive_DMA
                0x0800df84                HAL_SPI_Abort
                0x0800e0ac                HAL_SPI_DMAPause
                0x0800e0cc                HAL_SPI_DMAResume
                0x0800e0ec                HAL_SPI_DMAStop
                0x0800e132                HAL_SPI_TxCpltCallback
                0x0800e134                HAL_SPI_RxCpltCallback
                0x0800e136                HAL_SPI_TxRxCpltCallback
                0x0800e138                HAL_SPI_TxHalfCpltCallback
                0x0800e144                HAL_SPI_RxHalfCpltCallback
                0x0800e150                HAL_SPI_TxRxHalfCpltCallback
                0x0800e15c                HAL_SPI_ErrorCallback
                0x0800e71e                HAL_SPI_IRQHandler
                0x0800e838                HAL_SPI_AbortCpltCallback
                0x0800e83a                HAL_SPI_Abort_IT
                0x0800ea58                HAL_SPI_GetState
                0x0800ea5e                HAL_SPI_GetError
 .text          0x0800ea64        0x0 build/stm32f4_HAL/stm32f4xx_hal_dac.o
 .text          0x0800ea64        0x0 build/stm32f4_HAL/stm32f4xx_hal_dac_ex.o
 .text          0x0800ea64        0x0 build/stm32f4_HAL/stm32f4xx_hal_can.o
 .text          0x0800ea64        0x0 build/FreeRTOS/croutine.o
 .text          0x0800ea64      0x274 build/FreeRTOS/event_groups.o
                0x0800ea64                xEventGroupCreateStatic
                0x0800ea7c                xEventGroupCreate
                0x0800ea98                xEventGroupWaitBits
                0x0800eb50                xEventGroupClearBits
                0x0800eb6a                vEventGroupClearBitsCallback
                0x0800eb6e                xEventGroupClearBitsFromISR
                0x0800eb80                xEventGroupGetBitsFromISR
                0x0800eb9c                xEventGroupSetBits
                0x0800ebf8                xEventGroupSync
                0x0800ec8c                vEventGroupSetBitsCallback
                0x0800ec90                vEventGroupDelete
                0x0800ecba                xEventGroupSetBitsFromISR
                0x0800eccc                uxEventGroupGetNumber
                0x0800ecd2                vEventGroupSetNumber
 .text          0x0800ecd8       0x82 build/FreeRTOS/list.o
                0x0800ecd8                vListInitialise
                0x0800ecee                vListInitialiseItem
                0x0800ecf4                vListInsertEnd
                0x0800ed0c                vListInsert
                0x0800ed3a                uxListRemove
 *fill*         0x0800ed5a        0x2 
 .text          0x0800ed5c      0x8fc build/FreeRTOS/queue.o
                0x0800ee78                xQueueGenericReset
                0x0800eee4                xQueueGenericCreateStatic
                0x0800ef10                xQueueGenericCreate
                0x0800ef4a                xQueueGetMutexHolder
                0x0800ef64                xQueueGetMutexHolderFromISR
                0x0800ef70                xQueueCreateCountingSemaphoreStatic
                0x0800ef8a                xQueueCreateCountingSemaphore
                0x0800ef9c                xQueueGenericSend
                0x0800f0a0                xQueueCreateMutexStatic
                0x0800f0ca                xQueueGiveMutexRecursive
                0x0800f0f2                xQueueCreateMutex
                0x0800f116                xQueueGenericSendFromISR
                0x0800f180                xQueueGiveFromISR
                0x0800f1dc                xQueueReceive
                0x0800f2cc                xQueueSemaphoreTake
                0x0800f3f4                xQueueTakeMutexRecursive
                0x0800f424                xQueuePeek
                0x0800f514                xQueueReceiveFromISR
                0x0800f57c                xQueuePeekFromISR
                0x0800f5ac                uxQueueMessagesWaiting
                0x0800f5c2                uxQueueSpacesAvailable
                0x0800f5dc                uxQueueMessagesWaitingFromISR
                0x0800f5e0                vQueueDelete
                0x0800f5ec                uxQueueGetQueueNumber
                0x0800f5f0                vQueueSetQueueNumber
                0x0800f5f4                ucQueueGetQueueType
                0x0800f5fa                xQueueIsQueueEmptyFromISR
                0x0800f604                xQueueIsQueueFullFromISR
                0x0800f610                vQueueWaitForMessageRestricted
 .text          0x0800f658     0x12d4 build/FreeRTOS/tasks.o
                0x0800f928                xTaskCreateStatic
                0x0800f95c                xTaskCreate
                0x0800f9b8                vTaskDelete
                0x0800fa3c                eTaskGetState
                0x0800faa4                uxTaskPriorityGet
                0x0800fac4                uxTaskPriorityGetFromISR
                0x0800faec                vTaskPrioritySet
                0x0800fb9c                vTaskResume
                0x0800fc20                xTaskResumeFromISR
                0x0800fca8                vTaskStartScheduler
                0x0800fd20                vTaskEndScheduler
                0x0800fd40                vTaskSuspendAll
                0x0800fd54                xTaskGetTickCount
                0x0800fd60                xTaskGetTickCountFromISR
                0x0800fd6c                uxTaskGetNumberOfTasks
                0x0800fd78                pcTaskGetName
                0x0800fd88                xTaskIncrementTick
                0x0800fe6c                xTaskResumeAll
                0x0800ff30                vTaskDelayUntil
                0x0800ff80                vTaskDelay
                0x0800ffb0                xTaskCatchUpTicks
                0x0800ffd0                vTaskSwitchContext
                0x08010034                vTaskSuspend
                0x080100c4                vTaskPlaceOnEventList
                0x080100e4                vTaskPlaceOnUnorderedEventList
                0x0801010c                vTaskPlaceOnEventListRestricted
                0x08010134                xTaskRemoveFromEventList
                0x0801019c                vTaskRemoveFromUnorderedEventList
                0x080101f0                vTaskSetTimeOutState
                0x08010214                vTaskInternalSetTimeOutState
                0x08010228                xTaskCheckForTimeOut
                0x08010278                vTaskMissedYield
                0x08010288                uxTaskGetTaskNumber
                0x0801028e                vTaskSetTaskNumber
                0x08010294                vTaskGetInfo
                0x0801036e                uxTaskGetSystemState
                0x08010404                uxTaskGetStackHighWaterMark
                0x08010424                xTaskGetCurrentTaskHandle
                0x08010430                xTaskGetSchedulerState
                0x08010450                xTaskPriorityInherit
                0x080104d0                xTaskPriorityDisinherit
                0x0801052c                vTaskPriorityDisinheritAfterTimeout
                0x0801059c                uxTaskResetEventItemValue
                0x080105b4                pvTaskIncrementMutexHeldCount
                0x080105cc                ulTaskNotifyTake
                0x08010638                xTaskNotifyWait
                0x080106cc                xTaskGenericNotify
                0x0801077c                xTaskGenericNotifyFromISR
                0x0801083c                vTaskNotifyGiveFromISR
                0x080108cc                xTaskNotifyStateClear
                0x080108f8                ulTaskNotifyValueClear
 .text          0x0801092c      0x49c build/FreeRTOS/timers.o
                0x080109a8                xTimerCreateTimerTask
                0x080109f8                xTimerCreate
                0x08010a3e                xTimerCreateStatic
                0x08010a7e                xTimerGenericCommand
                0x08010cd0                xTimerGetTimerDaemonTaskHandle
                0x08010cdc                xTimerGetPeriod
                0x08010ce0                vTimerSetReloadMode
                0x08010d06                uxTimerGetReloadMode
                0x08010d22                xTimerGetExpiryTime
                0x08010d26                pcTimerGetName
                0x08010d2a                xTimerIsTimerActive
                0x08010d46                pvTimerGetTimerID
                0x08010d5c                vTimerSetTimerID
                0x08010d70                xTimerPendFunctionCallFromISR
                0x08010d98                xTimerPendFunctionCall
                0x08010dc0                uxTimerGetTimerNumber
                0x08010dc4                vTimerSetTimerNumber
 .text          0x08010dc8      0x532 build/FreeRTOS/stream_buffer.o
                0x08010e68                xStreamBufferGenericCreate
                0x08010ea4                xStreamBufferGenericCreateStatic
                0x08010ee4                vStreamBufferDelete
                0x08010ef6                xStreamBufferReset
                0x08010f3c                xStreamBufferSetTriggerLevel
                0x08010f50                xStreamBufferSpacesAvailable
                0x08010f64                xStreamBufferBytesAvailable
                0x08010f66                xStreamBufferSend
                0x08011044                xStreamBufferSendFromISR
                0x080110d8                xStreamBufferReceive
                0x08011190                xStreamBufferNextMessageLengthBytes
                0x080111be                xStreamBufferReceiveFromISR
                0x08011252                xStreamBufferIsEmpty
                0x0801125e                xStreamBufferIsFull
                0x0801127a                xStreamBufferSendCompletedFromISR
                0x080112b2                xStreamBufferReceiveCompletedFromISR
                0x080112ea                uxStreamBufferGetStreamBufferNumber
                0x080112ee                vStreamBufferSetStreamBufferNumber
                0x080112f2                ucStreamBufferGetStreamBufferType
 *fill*         0x080112fa        0x2 
 .text          0x080112fc     0x1160 build/FreeRTOS/cmsis_os2.o
                0x0801133a                SysTick_Handler
                0x08011358                osKernelInitialize
                0x08011384                osKernelGetInfo
                0x080113b0                osKernelGetState
                0x080113d0                osKernelStart
                0x08011410                osKernelLock
                0x0801143c                osKernelUnlock
                0x08011474                osKernelRestoreLock
                0x080114b8                osKernelGetTickCount
                0x080114d0                osKernelGetTickFreq
                0x080114d6                osKernelGetSysTimerCount
                0x08011516                osKernelGetSysTimerFreq
                0x08011520                osThreadNew
                0x080115be                osThreadGetName
                0x080115d8                osThreadGetId
                0x080115dc                osThreadGetState
                0x08011604                osThreadGetStackSpace
                0x0801161e                osThreadSetPriority
                0x0801164c                osThreadGetPriority
                0x08011668                osThreadYield
                0x0801168c                osThreadSuspend
                0x080116b0                osThreadResume
                0x080116d4                osThreadExit
                0x080116de                osThreadTerminate
                0x08011712                osThreadGetCount
                0x08011726                osThreadEnumerate
                0x08011790                osThreadFlagsSet
                0x08011810                osThreadFlagsClear
                0x08011860                osThreadFlagsGet
                0x0801188e                osThreadFlagsWait
                0x08011928                osDelay
                0x08011946                osDelayUntil
                0x08011976                osTimerNew
                0x080119f4                osTimerGetName
                0x08011a0e                osTimerStart
                0x08011a44                osTimerStop
                0x08011a86                osTimerIsRunning
                0x08011aa0                osTimerDelete
                0x08011ae6                osEventFlagsNew
                0x08011b12                osEventFlagsSet
                0x08011b6c                osEventFlagsClear
                0x08011bb2                osEventFlagsGet
                0x08011bd4                osEventFlagsWait
                0x08011c38                osEventFlagsDelete
                0x08011c5c                osMutexNew
                0x08011cb6                osMutexAcquire
                0x08011cfc                osMutexRelease
                0x08011d3c                osMutexGetOwner
                0x08011d58                osMutexDelete
                0x08011d7e                osSemaphoreNew
                0x08011e0c                osSemaphoreAcquire
                0x08011e70                osSemaphoreRelease
                0x08011ec8                osSemaphoreGetCount
                0x08011eea                osSemaphoreDelete
                0x08011f0e                osMessageQueueNew
                0x08011f72                osMessageQueuePut
                0x08011fe0                osMessageQueueGet
                0x0801204c                osMessageQueueGetCapacity
                0x08012052                osMessageQueueGetMsgSize
                0x08012058                osMessageQueueGetCount
                0x0801205c                osMessageQueueGetSpace
                0x08012092                osMessageQueueReset
                0x080120b8                osMessageQueueDelete
                0x080120bc                osMemoryPoolNew
                0x080121b0                osMemoryPoolGetName
                0x080121c6                osMemoryPoolAlloc
                0x0801227c                osMemoryPoolFree
                0x08012338                osMemoryPoolGetCapacity
                0x08012350                osMemoryPoolGetBlockSize
                0x08012368                osMemoryPoolGetCount
                0x08012398                osMemoryPoolGetSpace
                0x080123c8                osMemoryPoolDelete
                0x08012424                vApplicationGetIdleTaskMemory
                0x08012440                vApplicationGetTimerTaskMemory
 .text          0x0801245c        0x2 build/FreeRTOS/clib_arm.o
                0x0801245c                software_init_hook
 *fill*         0x0801245e        0x2 
 .text          0x08012460       0xe0 build/FreeRTOS/os_systick.o
                0x08012460                OS_Tick_Setup
                0x080124a0                OS_Tick_Enable
                0x080124cc                OS_Tick_Disable
                0x080124f8                OS_Tick_AcknowledgeIRQ
                0x08012504                OS_Tick_GetIRQn
                0x0801250a                OS_Tick_GetClock
                0x08012514                OS_Tick_GetInterval
                0x08012520                OS_Tick_GetCount
                0x08012530                OS_Tick_GetOverflow
 .text          0x08012540       0x8c build/FreeRTOS/heap_useNewlib.o
                0x08012540                sbrk
                0x08012590                _sbrk
                0x08012594                __malloc_lock
                0x08012598                __malloc_unlock
                0x0801259c                __env_lock
                0x080125a0                __env_unlock
                0x080125a4                pvPortMalloc
                0x080125a8                vPortFree
                0x080125ac                xPortGetFreeHeapSize
                0x080125c8                vPortInitialiseBlocks
 *fill*         0x080125cc        0x4 
 .text          0x080125d0      0x1f8 build/FreeRTOS/port.o
                0x08012620                pxPortInitialiseStack
                0x0801264c                SVC_Handler
                0x08012674                vPortEndScheduler
                0x08012676                vPortEnterCritical
                0x08012694                vPortExitCritical
                0x080126a8                PendSV_Handler
                0x08012714                xPortSysTickHandler
                0x08012744                vPortSetupTimerInterrupt
                0x08012778                xPortStartScheduler
 .text          0x080127c8      0x308 build/tm_stm32_gpio.o
                0x080127c8                TM_GPIO_DeInit
                0x08012810                TM_GPIO_SetPinAsInput
                0x08012834                TM_GPIO_SetPinAsOutput
                0x08012860                TM_GPIO_SetPinAsAnalog
                0x08012882                TM_GPIO_SetPinAsAlternate
                0x080128ae                TM_GPIO_SetPullResistor
                0x080128d8                TM_GPIO_Lock
                0x080128e8                TM_GPIO_GetPinSource
                0x080128fc                TM_GPIO_GetPortSource
                0x0801290a                TM_GPIO_INT_EnableClock
                0x0801292c                TM_GPIO_INT_DisableClock
                0x08012950                TM_GPIO_INT_Init
                0x08012a04                TM_GPIO_Init
                0x08012a36                TM_GPIO_InitAlternate
                0x08012a9c                TM_GPIO_GetUsedPins
                0x08012ab4                TM_GPIO_GetFreePins
 .text          0x08012ad0      0x424 build/tm_stm32_i2c.o
                0x08012ad0                TM_I2C_GetHandle
                0x08012b08                TM_I2C_Read
                0x08012b4c                TM_I2C_ReadMulti
                0x08012b92                TM_I2C_ReadNoRegister
                0x08012bb8                TM_I2C_ReadMultiNoRegister
                0x08012be2                TM_I2C_Write
                0x08012c12                TM_I2C_WriteMulti
                0x08012c48                TM_I2C_WriteNoRegister
                0x08012c72                TM_I2C_WriteMultiNoRegister
                0x08012c9c                TM_I2C_Write16
                0x08012cce                TM_I2C_Read16
                0x08012d16                TM_I2C_IsDeviceConnected
                0x08012d2c                TM_I2C_WriteReadRepeatedStart
                0x08012d7e                TM_I2C_InitCustomPinsCallback
                0x08012d80                TM_I2C_Init
 .text          0x08012ef4      0x390 build/tm_stm32_mpu6050.o
                0x08012ef4                TM_MPU6050_SetGyroscope
                0x08012f5c                TM_MPU6050_SetAccelerometer
                0x08012fbc                TM_MPU6050_SetDataRate
                0x08012fd8                TM_MPU6050_Init
                0x08013070                TM_MPU6050_EnableInterrupts
                0x080130b0                TM_MPU6050_DisableInterrupts
                0x080130cc                TM_MPU6050_ReadInterrupts
                0x080130f8                TM_MPU6050_ReadAccelerometer
                0x08013140                TM_MPU6050_ReadGyroscope
                0x08013188                TM_MPU6050_ReadTemperature
                0x080131d8                TM_MPU6050_ReadAll
 .text          0x08013284        0x0 c:/users/mark/documents/mcha3500/mcha3500_windows_toolchain/toolchain/gcc-arm-none-eabi/bin/../lib/gcc/arm-none-eabi/9.2.1/../../../../arm-none-eabi/lib/thumb/v7e-m+fp/hard\libm.a(lib_a-w_atan2.o)
 .text          0x08013284        0x0 c:/users/mark/documents/mcha3500/mcha3500_windows_toolchain/toolchain/gcc-arm-none-eabi/bin/../lib/gcc/arm-none-eabi/9.2.1/../../../../arm-none-eabi/lib/thumb/v7e-m+fp/hard\libm.a(lib_a-wf_sqrt.o)
 .text          0x08013284        0x0 c:/users/mark/documents/mcha3500/mcha3500_windows_toolchain/toolchain/gcc-arm-none-eabi/bin/../lib/gcc/arm-none-eabi/9.2.1/../../../../arm-none-eabi/lib/thumb/v7e-m+fp/hard\libm.a(lib_a-e_atan2.o)
 .text          0x08013284        0x0 c:/users/mark/documents/mcha3500/mcha3500_windows_toolchain/toolchain/gcc-arm-none-eabi/bin/../lib/gcc/arm-none-eabi/9.2.1/../../../../arm-none-eabi/lib/thumb/v7e-m+fp/hard\libm.a(lib_a-ef_sqrt.o)
 .text          0x08013284        0x0 c:/users/mark/documents/mcha3500/mcha3500_windows_toolchain/toolchain/gcc-arm-none-eabi/bin/../lib/gcc/arm-none-eabi/9.2.1/../../../../arm-none-eabi/lib/thumb/v7e-m+fp/hard\libm.a(lib_a-s_atan.o)
 .text          0x08013284        0x0 c:/users/mark/documents/mcha3500/mcha3500_windows_toolchain/toolchain/gcc-arm-none-eabi/bin/../lib/gcc/arm-none-eabi/9.2.1/../../../../arm-none-eabi/lib/thumb/v7e-m+fp/hard\libm.a(lib_a-s_fabs.o)
 .text          0x08013284        0x0 c:/users/mark/documents/mcha3500/mcha3500_windows_toolchain/toolchain/gcc-arm-none-eabi/bin/../lib/gcc/arm-none-eabi/9.2.1/../../../../arm-none-eabi/lib/thumb/v7e-m+fp/hard\libm.a(lib_a-s_lib_ver.o)
 .text          0x08013284        0x0 c:/users/mark/documents/mcha3500/mcha3500_windows_toolchain/toolchain/gcc-arm-none-eabi/bin/../lib/gcc/arm-none-eabi/9.2.1/../../../../arm-none-eabi/lib/thumb/v7e-m+fp/hard\libm.a(lib_a-s_matherr.o)
 .text          0x08013284        0x0 ../STM32Cube_F4_FW/Drivers/CMSIS/Lib/GCC/libarm_cortexM4lf_math.a(arm_mat_trans_f32.o)
 .text          0x08013284        0x0 ../STM32Cube_F4_FW/Drivers/CMSIS/Lib/GCC/libarm_cortexM4lf_math.a(arm_mat_sub_f32.o)
 .text          0x08013284        0x0 ../STM32Cube_F4_FW/Drivers/CMSIS/Lib/GCC/libarm_cortexM4lf_math.a(arm_mat_mult_f32.o)
 .text          0x08013284        0x0 ../STM32Cube_F4_FW/Drivers/CMSIS/Lib/GCC/libarm_cortexM4lf_math.a(arm_mat_inverse_f32.o)
 .text          0x08013284        0x0 ../STM32Cube_F4_FW/Drivers/CMSIS/Lib/GCC/libarm_cortexM4lf_math.a(arm_mat_init_f32.o)
 .text          0x08013284        0x0 ../STM32Cube_F4_FW/Drivers/CMSIS/Lib/GCC/libarm_cortexM4lf_math.a(arm_mat_add_f32.o)
 .text          0x08013284      0x254 c:/users/mark/documents/mcha3500/mcha3500_windows_toolchain/toolchain/gcc-arm-none-eabi/bin/../lib/gcc/arm-none-eabi/9.2.1/thumb/v7e-m+fp/hard\libgcc.a(_arm_muldf3.o)
 .text          0x080134d8      0x378 c:/users/mark/documents/mcha3500/mcha3500_windows_toolchain/toolchain/gcc-arm-none-eabi/bin/../lib/gcc/arm-none-eabi/9.2.1/thumb/v7e-m+fp/hard\libgcc.a(_arm_addsubdf3.o)
                0x080134d8                __aeabi_drsub
                0x080134e0                __aeabi_dsub
                0x080134e0                __subdf3
                0x080134e4                __aeabi_dadd
                0x080134e4                __adddf3
                0x0801375c                __floatunsidf
                0x0801375c                __aeabi_ui2d
                0x0801377c                __floatsidf
                0x0801377c                __aeabi_i2d
                0x080137a0                __aeabi_f2d
                0x080137a0                __extendsfdf2
                0x080137e4                __floatundidf
                0x080137e4                __aeabi_ul2d
                0x080137f4                __floatdidf
                0x080137f4                __aeabi_l2d
 .text          0x08013850      0x424 c:/users/mark/documents/mcha3500/mcha3500_windows_toolchain/toolchain/gcc-arm-none-eabi/bin/../lib/gcc/arm-none-eabi/9.2.1/thumb/v7e-m+fp/hard\libgcc.a(_arm_muldivdf3.o)
                0x08013850                __aeabi_dmul
                0x08013850                __muldf3
                0x08013aa4                __divdf3
                0x08013aa4                __aeabi_ddiv
 .text          0x08013c74      0x110 c:/users/mark/documents/mcha3500/mcha3500_windows_toolchain/toolchain/gcc-arm-none-eabi/bin/../lib/gcc/arm-none-eabi/9.2.1/thumb/v7e-m+fp/hard\libgcc.a(_arm_cmpdf2.o)
                0x08013c74                __gtdf2
                0x08013c74                __gedf2
                0x08013c7c                __ltdf2
                0x08013c7c                __ledf2
                0x08013c84                __nedf2
                0x08013c84                __eqdf2
                0x08013c84                __cmpdf2
                0x08013d00                __aeabi_cdrcmple
                0x08013d10                __aeabi_cdcmpeq
                0x08013d10                __aeabi_cdcmple
                0x08013d20                __aeabi_dcmpeq
                0x08013d34                __aeabi_dcmplt
                0x08013d48                __aeabi_dcmple
                0x08013d5c                __aeabi_dcmpge
                0x08013d70                __aeabi_dcmpgt
 .text          0x08013d84       0xa0 c:/users/mark/documents/mcha3500/mcha3500_windows_toolchain/toolchain/gcc-arm-none-eabi/bin/../lib/gcc/arm-none-eabi/9.2.1/thumb/v7e-m+fp/hard\libgcc.a(_arm_truncdfsf2.o)
                0x08013d84                __truncdfsf2
                0x08013d84                __aeabi_d2f
 .text          0x08013e24       0xa0 c:/users/mark/documents/mcha3500/mcha3500_windows_toolchain/toolchain/gcc-arm-none-eabi/bin/../lib/gcc/arm-none-eabi/9.2.1/thumb/v7e-m+fp/hard\libgcc.a(_aeabi_ldivmod.o)
                0x08013e24                __aeabi_ldivmod
 .text          0x08013ec4       0x30 c:/users/mark/documents/mcha3500/mcha3500_windows_toolchain/toolchain/gcc-arm-none-eabi/bin/../lib/gcc/arm-none-eabi/9.2.1/thumb/v7e-m+fp/hard\libgcc.a(_aeabi_uldivmod.o)
                0x08013ec4                __aeabi_uldivmod
 .text          0x08013ef4      0x2c4 c:/users/mark/documents/mcha3500/mcha3500_windows_toolchain/toolchain/gcc-arm-none-eabi/bin/../lib/gcc/arm-none-eabi/9.2.1/thumb/v7e-m+fp/hard\libgcc.a(_udivmoddi4.o)
                0x08013ef4                __udivmoddi4
 .text          0x080141b8        0x4 c:/users/mark/documents/mcha3500/mcha3500_windows_toolchain/toolchain/gcc-arm-none-eabi/bin/../lib/gcc/arm-none-eabi/9.2.1/thumb/v7e-m+fp/hard\libgcc.a(_dvmd_tls.o)
                0x080141b8                __aeabi_idiv0
                0x080141b8                __aeabi_ldiv0
 .text          0x080141bc        0x0 c:/users/mark/documents/mcha3500/mcha3500_windows_toolchain/toolchain/gcc-arm-none-eabi/bin/../lib/gcc/arm-none-eabi/9.2.1/../../../../arm-none-eabi/lib/thumb/v7e-m+fp/hard\libc_nano.a(lib_a-atof.o)
 .text          0x080141bc        0x0 c:/users/mark/documents/mcha3500/mcha3500_windows_toolchain/toolchain/gcc-arm-none-eabi/bin/../lib/gcc/arm-none-eabi/9.2.1/../../../../arm-none-eabi/lib/thumb/v7e-m+fp/hard\libc_nano.a(lib_a-ctype_.o)
 .text          0x080141bc        0x0 c:/users/mark/documents/mcha3500/mcha3500_windows_toolchain/toolchain/gcc-arm-none-eabi/bin/../lib/gcc/arm-none-eabi/9.2.1/../../../../arm-none-eabi/lib/thumb/v7e-m+fp/hard\libc_nano.a(lib_a-errno.o)
 .text          0x080141bc        0x0 c:/users/mark/documents/mcha3500/mcha3500_windows_toolchain/toolchain/gcc-arm-none-eabi/bin/../lib/gcc/arm-none-eabi/9.2.1/../../../../arm-none-eabi/lib/thumb/v7e-m+fp/hard\libc_nano.a(lib_a-exit.o)
 .text          0x080141bc        0x0 c:/users/mark/documents/mcha3500/mcha3500_windows_toolchain/toolchain/gcc-arm-none-eabi/bin/../lib/gcc/arm-none-eabi/9.2.1/../../../../arm-none-eabi/lib/thumb/v7e-m+fp/hard\libc_nano.a(lib_a-getchar.o)
 .text          0x080141bc        0x0 c:/users/mark/documents/mcha3500/mcha3500_windows_toolchain/toolchain/gcc-arm-none-eabi/bin/../lib/gcc/arm-none-eabi/9.2.1/../../../../arm-none-eabi/lib/thumb/v7e-m+fp/hard\libc_nano.a(lib_a-impure.o)
 .text          0x080141bc        0x0 c:/users/mark/documents/mcha3500/mcha3500_windows_toolchain/toolchain/gcc-arm-none-eabi/bin/../lib/gcc/arm-none-eabi/9.2.1/../../../../arm-none-eabi/lib/thumb/v7e-m+fp/hard\libc_nano.a(lib_a-init.o)
 .text          0x080141bc        0x0 c:/users/mark/documents/mcha3500/mcha3500_windows_toolchain/toolchain/gcc-arm-none-eabi/bin/../lib/gcc/arm-none-eabi/9.2.1/../../../../arm-none-eabi/lib/thumb/v7e-m+fp/hard\libc_nano.a(lib_a-malloc.o)
 .text          0x080141bc        0x0 c:/users/mark/documents/mcha3500/mcha3500_windows_toolchain/toolchain/gcc-arm-none-eabi/bin/../lib/gcc/arm-none-eabi/9.2.1/../../../../arm-none-eabi/lib/thumb/v7e-m+fp/hard\libc_nano.a(lib_a-memcpy-stub.o)
 .text          0x080141bc        0x0 c:/users/mark/documents/mcha3500/mcha3500_windows_toolchain/toolchain/gcc-arm-none-eabi/bin/../lib/gcc/arm-none-eabi/9.2.1/../../../../arm-none-eabi/lib/thumb/v7e-m+fp/hard\libc_nano.a(lib_a-memset.o)
 .text          0x080141bc        0x0 c:/users/mark/documents/mcha3500/mcha3500_windows_toolchain/toolchain/gcc-arm-none-eabi/bin/../lib/gcc/arm-none-eabi/9.2.1/../../../../arm-none-eabi/lib/thumb/v7e-m+fp/hard\libc_nano.a(lib_a-mstats.o)
 .text          0x080141bc        0x0 c:/users/mark/documents/mcha3500/mcha3500_windows_toolchain/toolchain/gcc-arm-none-eabi/bin/../lib/gcc/arm-none-eabi/9.2.1/../../../../arm-none-eabi/lib/thumb/v7e-m+fp/hard\libc_nano.a(lib_a-nano-freer.o)
 .text          0x080141bc        0x0 c:/users/mark/documents/mcha3500/mcha3500_windows_toolchain/toolchain/gcc-arm-none-eabi/bin/../lib/gcc/arm-none-eabi/9.2.1/../../../../arm-none-eabi/lib/thumb/v7e-m+fp/hard\libc_nano.a(lib_a-nano-mallinfor.o)
 .text          0x080141bc        0x0 c:/users/mark/documents/mcha3500/mcha3500_windows_toolchain/toolchain/gcc-arm-none-eabi/bin/../lib/gcc/arm-none-eabi/9.2.1/../../../../arm-none-eabi/lib/thumb/v7e-m+fp/hard\libc_nano.a(lib_a-nano-mallocr.o)
 .text          0x080141bc        0x0 c:/users/mark/documents/mcha3500/mcha3500_windows_toolchain/toolchain/gcc-arm-none-eabi/bin/../lib/gcc/arm-none-eabi/9.2.1/../../../../arm-none-eabi/lib/thumb/v7e-m+fp/hard\libc_nano.a(lib_a-nano-malloptr.o)
 .text          0x080141bc        0x0 c:/users/mark/documents/mcha3500/mcha3500_windows_toolchain/toolchain/gcc-arm-none-eabi/bin/../lib/gcc/arm-none-eabi/9.2.1/../../../../arm-none-eabi/lib/thumb/v7e-m+fp/hard\libc_nano.a(lib_a-nano-mallstatsr.o)
 .text          0x080141bc        0x0 c:/users/mark/documents/mcha3500/mcha3500_windows_toolchain/toolchain/gcc-arm-none-eabi/bin/../lib/gcc/arm-none-eabi/9.2.1/../../../../arm-none-eabi/lib/thumb/v7e-m+fp/hard\libc_nano.a(lib_a-nano-vfprintf_float.o)
 .text          0x080141bc        0x0 c:/users/mark/documents/mcha3500/mcha3500_windows_toolchain/toolchain/gcc-arm-none-eabi/bin/../lib/gcc/arm-none-eabi/9.2.1/../../../../arm-none-eabi/lib/thumb/v7e-m+fp/hard\libc_nano.a(lib_a-nano-vfprintf_i.o)
 .text          0x080141bc        0x0 c:/users/mark/documents/mcha3500/mcha3500_windows_toolchain/toolchain/gcc-arm-none-eabi/bin/../lib/gcc/arm-none-eabi/9.2.1/../../../../arm-none-eabi/lib/thumb/v7e-m+fp/hard\libc_nano.a(lib_a-nano-vfscanf_float.o)
 .text          0x080141bc        0x0 c:/users/mark/documents/mcha3500/mcha3500_windows_toolchain/toolchain/gcc-arm-none-eabi/bin/../lib/gcc/arm-none-eabi/9.2.1/../../../../arm-none-eabi/lib/thumb/v7e-m+fp/hard\libc_nano.a(lib_a-printf.o)
 .text          0x080141bc        0x0 c:/users/mark/documents/mcha3500/mcha3500_windows_toolchain/toolchain/gcc-arm-none-eabi/bin/../lib/gcc/arm-none-eabi/9.2.1/../../../../arm-none-eabi/lib/thumb/v7e-m+fp/hard\libc_nano.a(lib_a-reent.o)
 .text          0x080141bc        0x0 c:/users/mark/documents/mcha3500/mcha3500_windows_toolchain/toolchain/gcc-arm-none-eabi/bin/../lib/gcc/arm-none-eabi/9.2.1/../../../../arm-none-eabi/lib/thumb/v7e-m+fp/hard\libc_nano.a(lib_a-sbrkr.o)
 .text          0x080141bc        0x0 c:/users/mark/documents/mcha3500/mcha3500_windows_toolchain/toolchain/gcc-arm-none-eabi/bin/../lib/gcc/arm-none-eabi/9.2.1/../../../../arm-none-eabi/lib/thumb/v7e-m+fp/hard\libc_nano.a(lib_a-setvbuf.o)
 .text          0x080141bc        0x0 c:/users/mark/documents/mcha3500/mcha3500_windows_toolchain/toolchain/gcc-arm-none-eabi/bin/../lib/gcc/arm-none-eabi/9.2.1/../../../../arm-none-eabi/lib/thumb/v7e-m+fp/hard\libc_nano.a(lib_a-sf_nan.o)
 .text          0x080141bc        0x0 c:/users/mark/documents/mcha3500/mcha3500_windows_toolchain/toolchain/gcc-arm-none-eabi/bin/../lib/gcc/arm-none-eabi/9.2.1/../../../../arm-none-eabi/lib/thumb/v7e-m+fp/hard\libc_nano.a(lib_a-sprintf.o)
 .text          0x080141bc       0x14 c:/users/mark/documents/mcha3500/mcha3500_windows_toolchain/toolchain/gcc-arm-none-eabi/bin/../lib/gcc/arm-none-eabi/9.2.1/../../../../arm-none-eabi/lib/thumb/v7e-m+fp/hard\libc_nano.a(lib_a-strcmp.o)
                0x080141bc                strcmp
 .text          0x080141d0        0x0 c:/users/mark/documents/mcha3500/mcha3500_windows_toolchain/toolchain/gcc-arm-none-eabi/bin/../lib/gcc/arm-none-eabi/9.2.1/../../../../arm-none-eabi/lib/thumb/v7e-m+fp/hard\libc_nano.a(lib_a-strcpy.o)
 .text          0x080141d0       0x10 c:/users/mark/documents/mcha3500/mcha3500_windows_toolchain/toolchain/gcc-arm-none-eabi/bin/../lib/gcc/arm-none-eabi/9.2.1/../../../../arm-none-eabi/lib/thumb/v7e-m+fp/hard\libc_nano.a(lib_a-strlen.o)
                0x080141d0                strlen
 .text          0x080141e0        0x0 c:/users/mark/documents/mcha3500/mcha3500_windows_toolchain/toolchain/gcc-arm-none-eabi/bin/../lib/gcc/arm-none-eabi/9.2.1/../../../../arm-none-eabi/lib/thumb/v7e-m+fp/hard\libc_nano.a(lib_a-strtod.o)
 .text          0x080141e0        0x0 c:/users/mark/documents/mcha3500/mcha3500_windows_toolchain/toolchain/gcc-arm-none-eabi/bin/../lib/gcc/arm-none-eabi/9.2.1/../../../../arm-none-eabi/lib/thumb/v7e-m+fp/hard\libc_nano.a(lib_a-strtol.o)
 .text          0x080141e0        0x0 c:/users/mark/documents/mcha3500/mcha3500_windows_toolchain/toolchain/gcc-arm-none-eabi/bin/../lib/gcc/arm-none-eabi/9.2.1/../../../../arm-none-eabi/lib/thumb/v7e-m+fp/hard\libc_nano.a(lib_a-vprintf.o)
 .text          0x080141e0        0x0 c:/users/mark/documents/mcha3500/mcha3500_windows_toolchain/toolchain/gcc-arm-none-eabi/bin/../lib/gcc/arm-none-eabi/9.2.1/../../../../arm-none-eabi/lib/thumb/v7e-m+fp/hard\libc_nano.a(lib_a-dtoa.o)
 .text          0x080141e0        0x0 c:/users/mark/documents/mcha3500/mcha3500_windows_toolchain/toolchain/gcc-arm-none-eabi/bin/../lib/gcc/arm-none-eabi/9.2.1/../../../../arm-none-eabi/lib/thumb/v7e-m+fp/hard\libc_nano.a(lib_a-fflush.o)
 .text          0x080141e0        0x0 c:/users/mark/documents/mcha3500/mcha3500_windows_toolchain/toolchain/gcc-arm-none-eabi/bin/../lib/gcc/arm-none-eabi/9.2.1/../../../../arm-none-eabi/lib/thumb/v7e-m+fp/hard\libc_nano.a(lib_a-findfp.o)
 .text          0x080141e0        0x0 c:/users/mark/documents/mcha3500/mcha3500_windows_toolchain/toolchain/gcc-arm-none-eabi/bin/../lib/gcc/arm-none-eabi/9.2.1/../../../../arm-none-eabi/lib/thumb/v7e-m+fp/hard\libc_nano.a(lib_a-fprintf.o)
 .text          0x080141e0        0x0 c:/users/mark/documents/mcha3500/mcha3500_windows_toolchain/toolchain/gcc-arm-none-eabi/bin/../lib/gcc/arm-none-eabi/9.2.1/../../../../arm-none-eabi/lib/thumb/v7e-m+fp/hard\libc_nano.a(lib_a-fwalk.o)
 .text          0x080141e0        0x0 c:/users/mark/documents/mcha3500/mcha3500_windows_toolchain/toolchain/gcc-arm-none-eabi/bin/../lib/gcc/arm-none-eabi/9.2.1/../../../../arm-none-eabi/lib/thumb/v7e-m+fp/hard\libc_nano.a(lib_a-gdtoa-gethex.o)
 .text          0x080141e0        0x0 c:/users/mark/documents/mcha3500/mcha3500_windows_toolchain/toolchain/gcc-arm-none-eabi/bin/../lib/gcc/arm-none-eabi/9.2.1/../../../../arm-none-eabi/lib/thumb/v7e-m+fp/hard\libc_nano.a(lib_a-gdtoa-hexnan.o)
 .text          0x080141e0        0x0 c:/users/mark/documents/mcha3500/mcha3500_windows_toolchain/toolchain/gcc-arm-none-eabi/bin/../lib/gcc/arm-none-eabi/9.2.1/../../../../arm-none-eabi/lib/thumb/v7e-m+fp/hard\libc_nano.a(lib_a-getc.o)
 .text          0x080141e0        0x0 c:/users/mark/documents/mcha3500/mcha3500_windows_toolchain/toolchain/gcc-arm-none-eabi/bin/../lib/gcc/arm-none-eabi/9.2.1/../../../../arm-none-eabi/lib/thumb/v7e-m+fp/hard\libc_nano.a(lib_a-lnumeric.o)
 .text          0x080141e0        0x0 c:/users/mark/documents/mcha3500/mcha3500_windows_toolchain/toolchain/gcc-arm-none-eabi/bin/../lib/gcc/arm-none-eabi/9.2.1/../../../../arm-none-eabi/lib/thumb/v7e-m+fp/hard\libc_nano.a(lib_a-locale.o)
 .text          0x080141e0        0x0 c:/users/mark/documents/mcha3500/mcha3500_windows_toolchain/toolchain/gcc-arm-none-eabi/bin/../lib/gcc/arm-none-eabi/9.2.1/../../../../arm-none-eabi/lib/thumb/v7e-m+fp/hard\libc_nano.a(lib_a-localeconv.o)
 .text          0x080141e0        0x0 c:/users/mark/documents/mcha3500/mcha3500_windows_toolchain/toolchain/gcc-arm-none-eabi/bin/../lib/gcc/arm-none-eabi/9.2.1/../../../../arm-none-eabi/lib/thumb/v7e-m+fp/hard\libc_nano.a(lib_a-lock.o)
 .text          0x080141e0        0x0 c:/users/mark/documents/mcha3500/mcha3500_windows_toolchain/toolchain/gcc-arm-none-eabi/bin/../lib/gcc/arm-none-eabi/9.2.1/../../../../arm-none-eabi/lib/thumb/v7e-m+fp/hard\libc_nano.a(lib_a-makebuf.o)
 .text          0x080141e0        0x0 c:/users/mark/documents/mcha3500/mcha3500_windows_toolchain/toolchain/gcc-arm-none-eabi/bin/../lib/gcc/arm-none-eabi/9.2.1/../../../../arm-none-eabi/lib/thumb/v7e-m+fp/hard\libc_nano.a(lib_a-mbtowc_r.o)
 .text          0x080141e0       0xa0 c:/users/mark/documents/mcha3500/mcha3500_windows_toolchain/toolchain/gcc-arm-none-eabi/bin/../lib/gcc/arm-none-eabi/9.2.1/../../../../arm-none-eabi/lib/thumb/v7e-m+fp/hard\libc_nano.a(lib_a-memchr.o)
                0x080141e0                memchr
 .text          0x08014280        0x0 c:/users/mark/documents/mcha3500/mcha3500_windows_toolchain/toolchain/gcc-arm-none-eabi/bin/../lib/gcc/arm-none-eabi/9.2.1/../../../../arm-none-eabi/lib/thumb/v7e-m+fp/hard\libc_nano.a(lib_a-mprec.o)
 .text          0x08014280        0x0 c:/users/mark/documents/mcha3500/mcha3500_windows_toolchain/toolchain/gcc-arm-none-eabi/bin/../lib/gcc/arm-none-eabi/9.2.1/../../../../arm-none-eabi/lib/thumb/v7e-m+fp/hard\libc_nano.a(lib_a-nano-callocr.o)
 .text          0x08014280        0x0 c:/users/mark/documents/mcha3500/mcha3500_windows_toolchain/toolchain/gcc-arm-none-eabi/bin/../lib/gcc/arm-none-eabi/9.2.1/../../../../arm-none-eabi/lib/thumb/v7e-m+fp/hard\libc_nano.a(lib_a-nano-svfprintf.o)
 .text          0x08014280        0x0 c:/users/mark/documents/mcha3500/mcha3500_windows_toolchain/toolchain/gcc-arm-none-eabi/bin/../lib/gcc/arm-none-eabi/9.2.1/../../../../arm-none-eabi/lib/thumb/v7e-m+fp/hard\libc_nano.a(lib_a-nano-vfprintf.o)
 .text          0x08014280        0x0 c:/users/mark/documents/mcha3500/mcha3500_windows_toolchain/toolchain/gcc-arm-none-eabi/bin/../lib/gcc/arm-none-eabi/9.2.1/../../../../arm-none-eabi/lib/thumb/v7e-m+fp/hard\libc_nano.a(lib_a-rget.o)
 .text          0x08014280        0x0 c:/users/mark/documents/mcha3500/mcha3500_windows_toolchain/toolchain/gcc-arm-none-eabi/bin/../lib/gcc/arm-none-eabi/9.2.1/../../../../arm-none-eabi/lib/thumb/v7e-m+fp/hard\libc_nano.a(lib_a-s_nan.o)
 .text          0x08014280        0x0 c:/users/mark/documents/mcha3500/mcha3500_windows_toolchain/toolchain/gcc-arm-none-eabi/bin/../lib/gcc/arm-none-eabi/9.2.1/../../../../arm-none-eabi/lib/thumb/v7e-m+fp/hard\libc_nano.a(lib_a-stdio.o)
 .text          0x08014280        0x0 c:/users/mark/documents/mcha3500/mcha3500_windows_toolchain/toolchain/gcc-arm-none-eabi/bin/../lib/gcc/arm-none-eabi/9.2.1/../../../../arm-none-eabi/lib/thumb/v7e-m+fp/hard\libc_nano.a(lib_a-strncmp.o)
 .text          0x08014280        0x0 c:/users/mark/documents/mcha3500/mcha3500_windows_toolchain/toolchain/gcc-arm-none-eabi/bin/../lib/gcc/arm-none-eabi/9.2.1/../../../../arm-none-eabi/lib/thumb/v7e-m+fp/hard\libc_nano.a(lib_a-wbuf.o)
 .text          0x08014280        0x0 c:/users/mark/documents/mcha3500/mcha3500_windows_toolchain/toolchain/gcc-arm-none-eabi/bin/../lib/gcc/arm-none-eabi/9.2.1/../../../../arm-none-eabi/lib/thumb/v7e-m+fp/hard\libc_nano.a(lib_a-wctomb_r.o)
 .text          0x08014280        0x0 c:/users/mark/documents/mcha3500/mcha3500_windows_toolchain/toolchain/gcc-arm-none-eabi/bin/../lib/gcc/arm-none-eabi/9.2.1/../../../../arm-none-eabi/lib/thumb/v7e-m+fp/hard\libc_nano.a(lib_a-writer.o)
 .text          0x08014280        0x0 c:/users/mark/documents/mcha3500/mcha3500_windows_toolchain/toolchain/gcc-arm-none-eabi/bin/../lib/gcc/arm-none-eabi/9.2.1/../../../../arm-none-eabi/lib/thumb/v7e-m+fp/hard\libc_nano.a(lib_a-wsetup.o)
 .text          0x08014280        0x0 c:/users/mark/documents/mcha3500/mcha3500_windows_toolchain/toolchain/gcc-arm-none-eabi/bin/../lib/gcc/arm-none-eabi/9.2.1/../../../../arm-none-eabi/lib/thumb/v7e-m+fp/hard\libc_nano.a(lib_a-closer.o)
 .text          0x08014280        0x0 c:/users/mark/documents/mcha3500/mcha3500_windows_toolchain/toolchain/gcc-arm-none-eabi/bin/../lib/gcc/arm-none-eabi/9.2.1/../../../../arm-none-eabi/lib/thumb/v7e-m+fp/hard\libc_nano.a(lib_a-fstatr.o)
 .text          0x08014280        0x0 c:/users/mark/documents/mcha3500/mcha3500_windows_toolchain/toolchain/gcc-arm-none-eabi/bin/../lib/gcc/arm-none-eabi/9.2.1/../../../../arm-none-eabi/lib/thumb/v7e-m+fp/hard\libc_nano.a(lib_a-fvwrite.o)
 .text          0x08014280        0x0 c:/users/mark/documents/mcha3500/mcha3500_windows_toolchain/toolchain/gcc-arm-none-eabi/bin/../lib/gcc/arm-none-eabi/9.2.1/../../../../arm-none-eabi/lib/thumb/v7e-m+fp/hard\libc_nano.a(lib_a-isattyr.o)
 .text          0x08014280        0x0 c:/users/mark/documents/mcha3500/mcha3500_windows_toolchain/toolchain/gcc-arm-none-eabi/bin/../lib/gcc/arm-none-eabi/9.2.1/../../../../arm-none-eabi/lib/thumb/v7e-m+fp/hard\libc_nano.a(lib_a-lseekr.o)
 .text          0x08014280        0x0 c:/users/mark/documents/mcha3500/mcha3500_windows_toolchain/toolchain/gcc-arm-none-eabi/bin/../lib/gcc/arm-none-eabi/9.2.1/../../../../arm-none-eabi/lib/thumb/v7e-m+fp/hard\libc_nano.a(lib_a-memmove.o)
 .text          0x08014280        0x0 c:/users/mark/documents/mcha3500/mcha3500_windows_toolchain/toolchain/gcc-arm-none-eabi/bin/../lib/gcc/arm-none-eabi/9.2.1/../../../../arm-none-eabi/lib/thumb/v7e-m+fp/hard\libc_nano.a(lib_a-nano-reallocr.o)
 .text          0x08014280        0x0 c:/users/mark/documents/mcha3500/mcha3500_windows_toolchain/toolchain/gcc-arm-none-eabi/bin/../lib/gcc/arm-none-eabi/9.2.1/../../../../arm-none-eabi/lib/thumb/v7e-m+fp/hard\libc_nano.a(lib_a-readr.o)
 .text          0x08014280        0x0 c:/users/mark/documents/mcha3500/mcha3500_windows_toolchain/toolchain/gcc-arm-none-eabi/bin/../lib/gcc/arm-none-eabi/9.2.1/../../../../arm-none-eabi/lib/thumb/v7e-m+fp/hard\libc_nano.a(lib_a-refill.o)
 .text          0x08014280        0x0 c:/users/mark/documents/mcha3500/mcha3500_windows_toolchain/toolchain/gcc-arm-none-eabi/bin/../lib/gcc/arm-none-eabi/9.2.1/../../../../arm-none-eabi/lib/thumb/v7e-m+fp/hard\libc_nano.a(lib_a-nano-msizer.o)
 .text          0x08014280       0x2c c:/users/mark/documents/mcha3500/mcha3500_windows_toolchain/toolchain/gcc-arm-none-eabi/bin/../lib/gcc/arm-none-eabi/9.2.1/thumb/v7e-m+fp/hard\libgcc.a(_arm_unorddf2.o)
                0x08014280                __unorddf2
                0x08014280                __aeabi_dcmpun
 .text          0x080142ac       0x50 c:/users/mark/documents/mcha3500/mcha3500_windows_toolchain/toolchain/gcc-arm-none-eabi/bin/../lib/gcc/arm-none-eabi/9.2.1/thumb/v7e-m+fp/hard\libgcc.a(_arm_fixdfsi.o)
                0x080142ac                __aeabi_d2iz
                0x080142ac                __fixdfsi
 .text          0x080142fc       0x40 c:/users/mark/documents/mcha3500/mcha3500_windows_toolchain/toolchain/gcc-arm-none-eabi/bin/../lib/gcc/arm-none-eabi/9.2.1/thumb/v7e-m+fp/hard\libgcc.a(_arm_fixunsdfsi.o)
                0x080142fc                __aeabi_d2uiz
                0x080142fc                __fixunsdfsi
 .text          0x0801433c       0x30 c:/users/mark/documents/mcha3500/mcha3500_windows_toolchain/toolchain/gcc-arm-none-eabi/bin/../lib/gcc/arm-none-eabi/9.2.1/thumb/v7e-m+fp/hard\libgcc.a(_fixdfdi.o)
                0x0801433c                __fixdfdi
                0x0801433c                __aeabi_d2lz
 .text          0x0801436c       0x3c c:/users/mark/documents/mcha3500/mcha3500_windows_toolchain/toolchain/gcc-arm-none-eabi/bin/../lib/gcc/arm-none-eabi/9.2.1/thumb/v7e-m+fp/hard\libgcc.a(_fixunsdfdi.o)
                0x0801436c                __fixunsdfdi
                0x0801436c                __aeabi_d2ulz
 .text          0x080143a8        0x0 c:/users/mark/documents/mcha3500/mcha3500_windows_toolchain/toolchain/gcc-arm-none-eabi/bin/../lib/gcc/arm-none-eabi/9.2.1/../../../../arm-none-eabi/lib/thumb/v7e-m+fp/hard\libnosys.a(close.o)
 .text          0x080143a8        0x0 c:/users/mark/documents/mcha3500/mcha3500_windows_toolchain/toolchain/gcc-arm-none-eabi/bin/../lib/gcc/arm-none-eabi/9.2.1/../../../../arm-none-eabi/lib/thumb/v7e-m+fp/hard\libnosys.a(fstat.o)
 .text          0x080143a8        0x0 c:/users/mark/documents/mcha3500/mcha3500_windows_toolchain/toolchain/gcc-arm-none-eabi/bin/../lib/gcc/arm-none-eabi/9.2.1/../../../../arm-none-eabi/lib/thumb/v7e-m+fp/hard\libnosys.a(isatty.o)
 .text          0x080143a8        0x0 c:/users/mark/documents/mcha3500/mcha3500_windows_toolchain/toolchain/gcc-arm-none-eabi/bin/../lib/gcc/arm-none-eabi/9.2.1/../../../../arm-none-eabi/lib/thumb/v7e-m+fp/hard\libnosys.a(lseek.o)
 .text          0x080143a8        0x0 c:/users/mark/documents/mcha3500/mcha3500_windows_toolchain/toolchain/gcc-arm-none-eabi/bin/../lib/gcc/arm-none-eabi/9.2.1/../../../../arm-none-eabi/lib/thumb/v7e-m+fp/hard\libnosys.a(_exit.o)
 .text          0x080143a8        0x0 c:/users/mark/documents/mcha3500/mcha3500_windows_toolchain/toolchain/gcc-arm-none-eabi/bin/../lib/gcc/arm-none-eabi/9.2.1/thumb/v7e-m+fp/hard/crtend.o
 .text          0x080143a8        0x0 c:/users/mark/documents/mcha3500/mcha3500_windows_toolchain/toolchain/gcc-arm-none-eabi/bin/../lib/gcc/arm-none-eabi/9.2.1/thumb/v7e-m+fp/hard/crtn.o
 *(.text*)
 .text.startup  0x080143a8       0xc4 build/main.o
                0x080143a8                main
 .text.Reset_Handler
                0x0801446c       0x50 build/startup_stm32f446xx.o
                0x0801446c                Reset_Handler
 .text.Default_Handler
                0x080144bc        0x2 build/startup_stm32f446xx.o
                0x080144bc                RTC_Alarm_IRQHandler
                0x080144bc                TIM8_CC_IRQHandler
                0x080144bc                SPI4_IRQHandler
                0x080144bc                TIM1_CC_IRQHandler
                0x080144bc                DMA2_Stream5_IRQHandler
                0x080144bc                DMA1_Stream5_IRQHandler
                0x080144bc                PVD_IRQHandler
                0x080144bc                SDIO_IRQHandler
                0x080144bc                TAMP_STAMP_IRQHandler
                0x080144bc                CAN2_RX1_IRQHandler
                0x080144bc                EXTI3_IRQHandler
                0x080144bc                TIM8_TRG_COM_TIM14_IRQHandler
                0x080144bc                TIM1_UP_TIM10_IRQHandler
                0x080144bc                TIM8_UP_TIM13_IRQHandler
                0x080144bc                I2C3_ER_IRQHandler
                0x080144bc                FMPI2C1_Event_IRQHandler
                0x080144bc                EXTI0_IRQHandler
                0x080144bc                I2C2_EV_IRQHandler
                0x080144bc                DMA1_Stream2_IRQHandler
                0x080144bc                CAN1_RX0_IRQHandler
                0x080144bc                FPU_IRQHandler
                0x080144bc                OTG_HS_WKUP_IRQHandler
                0x080144bc                CAN2_SCE_IRQHandler
                0x080144bc                DMA2_Stream2_IRQHandler
                0x080144bc                SPI1_IRQHandler
                0x080144bc                TIM6_DAC_IRQHandler
                0x080144bc                TIM1_BRK_TIM9_IRQHandler
                0x080144bc                DCMI_IRQHandler
                0x080144bc                CAN2_RX0_IRQHandler
                0x080144bc                DMA2_Stream3_IRQHandler
                0x080144bc                SAI2_IRQHandler
                0x080144bc                USART6_IRQHandler
                0x080144bc                USART3_IRQHandler
                0x080144bc                CAN1_RX1_IRQHandler
                0x080144bc                UART5_IRQHandler
                0x080144bc                DMA2_Stream0_IRQHandler
                0x080144bc                TIM4_IRQHandler
                0x080144bc                QUADSPI_IRQHandler
                0x080144bc                I2C1_EV_IRQHandler
                0x080144bc                DMA1_Stream6_IRQHandler
                0x080144bc                DMA1_Stream1_IRQHandler
                0x080144bc                UART4_IRQHandler
                0x080144bc                TIM3_IRQHandler
                0x080144bc                RCC_IRQHandler
                0x080144bc                TIM8_BRK_TIM12_IRQHandler
                0x080144bc                Default_Handler
                0x080144bc                CEC_IRQHandler
                0x080144bc                EXTI15_10_IRQHandler
                0x080144bc                ADC_IRQHandler
                0x080144bc                DMA1_Stream7_IRQHandler
                0x080144bc                TIM7_IRQHandler
                0x080144bc                CAN2_TX_IRQHandler
                0x080144bc                TIM5_IRQHandler
                0x080144bc                DMA2_Stream7_IRQHandler
                0x080144bc                I2C3_EV_IRQHandler
                0x080144bc                EXTI9_5_IRQHandler
                0x080144bc                RTC_WKUP_IRQHandler
                0x080144bc                SPDIF_RX_IRQHandler
                0x080144bc                SPI2_IRQHandler
                0x080144bc                OTG_HS_EP1_IN_IRQHandler
                0x080144bc                DMA1_Stream0_IRQHandler
                0x080144bc                CAN1_TX_IRQHandler
                0x080144bc                EXTI4_IRQHandler
                0x080144bc                OTG_HS_EP1_OUT_IRQHandler
                0x080144bc                WWDG_IRQHandler
                0x080144bc                TIM2_IRQHandler
                0x080144bc                OTG_FS_WKUP_IRQHandler
                0x080144bc                TIM1_TRG_COM_TIM11_IRQHandler
                0x080144bc                OTG_HS_IRQHandler
                0x080144bc                I2C2_ER_IRQHandler
                0x080144bc                DMA2_Stream1_IRQHandler
                0x080144bc                CAN1_SCE_IRQHandler
                0x080144bc                FLASH_IRQHandler
                0x080144bc                DMA2_Stream4_IRQHandler
                0x080144bc                USART1_IRQHandler
                0x080144bc                OTG_FS_IRQHandler
                0x080144bc                SPI3_IRQHandler
                0x080144bc                DMA1_Stream4_IRQHandler
                0x080144bc                I2C1_ER_IRQHandler
                0x080144bc                FMC_IRQHandler
                0x080144bc                DMA2_Stream6_IRQHandler
                0x080144bc                SAI1_IRQHandler
                0x080144bc                DMA1_Stream3_IRQHandler
                0x080144bc                FMPI2C1_Error_IRQHandler
 *fill*         0x080144be        0x2 
 .text.atan2    0x080144c0        0x4 c:/users/mark/documents/mcha3500/mcha3500_windows_toolchain/toolchain/gcc-arm-none-eabi/bin/../lib/gcc/arm-none-eabi/9.2.1/../../../../arm-none-eabi/lib/thumb/v7e-m+fp/hard\libm.a(lib_a-w_atan2.o)
                0x080144c0                atan2
 .text.sqrtf    0x080144c4       0xb0 c:/users/mark/documents/mcha3500/mcha3500_windows_toolchain/toolchain/gcc-arm-none-eabi/bin/../lib/gcc/arm-none-eabi/9.2.1/../../../../arm-none-eabi/lib/thumb/v7e-m+fp/hard\libm.a(lib_a-wf_sqrt.o)
                0x080144c4                sqrtf
 *fill*         0x08014574        0x4 
 .text.__ieee754_atan2
                0x08014578      0x1fc c:/users/mark/documents/mcha3500/mcha3500_windows_toolchain/toolchain/gcc-arm-none-eabi/bin/../lib/gcc/arm-none-eabi/9.2.1/../../../../arm-none-eabi/lib/thumb/v7e-m+fp/hard\libm.a(lib_a-e_atan2.o)
                0x08014578                __ieee754_atan2
 .text.__ieee754_sqrtf
                0x08014774        0x8 c:/users/mark/documents/mcha3500/mcha3500_windows_toolchain/toolchain/gcc-arm-none-eabi/bin/../lib/gcc/arm-none-eabi/9.2.1/../../../../arm-none-eabi/lib/thumb/v7e-m+fp/hard\libm.a(lib_a-ef_sqrt.o)
                0x08014774                __ieee754_sqrtf
 *fill*         0x0801477c        0x4 
 .text.atan     0x08014780      0x368 c:/users/mark/documents/mcha3500/mcha3500_windows_toolchain/toolchain/gcc-arm-none-eabi/bin/../lib/gcc/arm-none-eabi/9.2.1/../../../../arm-none-eabi/lib/thumb/v7e-m+fp/hard\libm.a(lib_a-s_atan.o)
                0x08014780                atan
 .text.fabs     0x08014ae8       0x14 c:/users/mark/documents/mcha3500/mcha3500_windows_toolchain/toolchain/gcc-arm-none-eabi/bin/../lib/gcc/arm-none-eabi/9.2.1/../../../../arm-none-eabi/lib/thumb/v7e-m+fp/hard\libm.a(lib_a-s_fabs.o)
                0x08014ae8                fabs
 .text.matherr  0x08014afc        0x4 c:/users/mark/documents/mcha3500/mcha3500_windows_toolchain/toolchain/gcc-arm-none-eabi/bin/../lib/gcc/arm-none-eabi/9.2.1/../../../../arm-none-eabi/lib/thumb/v7e-m+fp/hard\libm.a(lib_a-s_matherr.o)
                0x08014afc                matherr
 .text.arm_mat_trans_f32
                0x08014b00       0xe8 ../STM32Cube_F4_FW/Drivers/CMSIS/Lib/GCC/libarm_cortexM4lf_math.a(arm_mat_trans_f32.o)
                0x08014b00                arm_mat_trans_f32
 .text.arm_mat_sub_f32
                0x08014be8       0xb4 ../STM32Cube_F4_FW/Drivers/CMSIS/Lib/GCC/libarm_cortexM4lf_math.a(arm_mat_sub_f32.o)
                0x08014be8                arm_mat_sub_f32
 .text.arm_mat_mult_f32
                0x08014c9c      0x14c ../STM32Cube_F4_FW/Drivers/CMSIS/Lib/GCC/libarm_cortexM4lf_math.a(arm_mat_mult_f32.o)
                0x08014c9c                arm_mat_mult_f32
 .text.arm_mat_inverse_f32
                0x08014de8      0x2a0 ../STM32Cube_F4_FW/Drivers/CMSIS/Lib/GCC/libarm_cortexM4lf_math.a(arm_mat_inverse_f32.o)
                0x08014de8                arm_mat_inverse_f32
 .text.arm_mat_init_f32
                0x08015088        0x8 ../STM32Cube_F4_FW/Drivers/CMSIS/Lib/GCC/libarm_cortexM4lf_math.a(arm_mat_init_f32.o)
                0x08015088                arm_mat_init_f32
 .text.arm_mat_add_f32
                0x08015090       0xb4 ../STM32Cube_F4_FW/Drivers/CMSIS/Lib/GCC/libarm_cortexM4lf_math.a(arm_mat_add_f32.o)
                0x08015090                arm_mat_add_f32
 .text.atof     0x08015144        0x6 c:/users/mark/documents/mcha3500/mcha3500_windows_toolchain/toolchain/gcc-arm-none-eabi/bin/../lib/gcc/arm-none-eabi/9.2.1/../../../../arm-none-eabi/lib/thumb/v7e-m+fp/hard\libc_nano.a(lib_a-atof.o)
                0x08015144                atof
 *fill*         0x0801514a        0x2 
 .text.__errno  0x0801514c        0xc c:/users/mark/documents/mcha3500/mcha3500_windows_toolchain/toolchain/gcc-arm-none-eabi/bin/../lib/gcc/arm-none-eabi/9.2.1/../../../../arm-none-eabi/lib/thumb/v7e-m+fp/hard\libc_nano.a(lib_a-errno.o)
                0x0801514c                __errno
 .text.exit     0x08015158       0x28 c:/users/mark/documents/mcha3500/mcha3500_windows_toolchain/toolchain/gcc-arm-none-eabi/bin/../lib/gcc/arm-none-eabi/9.2.1/../../../../arm-none-eabi/lib/thumb/v7e-m+fp/hard\libc_nano.a(lib_a-exit.o)
                0x08015158                exit
 .text._getchar_r
                0x08015180       0x1a c:/users/mark/documents/mcha3500/mcha3500_windows_toolchain/toolchain/gcc-arm-none-eabi/bin/../lib/gcc/arm-none-eabi/9.2.1/../../../../arm-none-eabi/lib/thumb/v7e-m+fp/hard\libc_nano.a(lib_a-getchar.o)
                0x08015180                _getchar_r
 *fill*         0x0801519a        0x2 