Archive member included to satisfy reference by file (symbol)

c:/users/mark/documents/mcha3500/mcha3500_windows_toolchain/toolchain/gcc-arm-none-eabi/bin/../lib/gcc/arm-none-eabi/9.2.1/../../../../arm-none-eabi/lib/thumb/v7e-m+fp/hard\libm.a(lib_a-w_atan2.o)
                              build/IMU.o (atan2)
c:/users/mark/documents/mcha3500/mcha3500_windows_toolchain/toolchain/gcc-arm-none-eabi/bin/../lib/gcc/arm-none-eabi/9.2.1/../../../../arm-none-eabi/lib/thumb/v7e-m+fp/hard\libm.a(lib_a-wf_sqrt.o)
                              build/qpas_sub_noblas.o (sqrtf)
c:/users/mark/documents/mcha3500/mcha3500_windows_toolchain/toolchain/gcc-arm-none-eabi/bin/../lib/gcc/arm-none-eabi/9.2.1/../../../../arm-none-eabi/lib/thumb/v7e-m+fp/hard\libm.a(lib_a-e_atan2.o)
                              c:/users/mark/documents/mcha3500/mcha3500_windows_toolchain/toolchain/gcc-arm-none-eabi/bin/../lib/gcc/arm-none-eabi/9.2.1/../../../../arm-none-eabi/lib/thumb/v7e-m+fp/hard\libm.a(lib_a-w_atan2.o) (__ieee754_atan2)
c:/users/mark/documents/mcha3500/mcha3500_windows_toolchain/toolchain/gcc-arm-none-eabi/bin/../lib/gcc/arm-none-eabi/9.2.1/../../../../arm-none-eabi/lib/thumb/v7e-m+fp/hard\libm.a(lib_a-ef_sqrt.o)
                              c:/users/mark/documents/mcha3500/mcha3500_windows_toolchain/toolchain/gcc-arm-none-eabi/bin/../lib/gcc/arm-none-eabi/9.2.1/../../../../arm-none-eabi/lib/thumb/v7e-m+fp/hard\libm.a(lib_a-wf_sqrt.o) (__ieee754_sqrtf)
c:/users/mark/documents/mcha3500/mcha3500_windows_toolchain/toolchain/gcc-arm-none-eabi/bin/../lib/gcc/arm-none-eabi/9.2.1/../../../../arm-none-eabi/lib/thumb/v7e-m+fp/hard\libm.a(lib_a-s_atan.o)
                              c:/users/mark/documents/mcha3500/mcha3500_windows_toolchain/toolchain/gcc-arm-none-eabi/bin/../lib/gcc/arm-none-eabi/9.2.1/../../../../arm-none-eabi/lib/thumb/v7e-m+fp/hard\libm.a(lib_a-e_atan2.o) (atan)
c:/users/mark/documents/mcha3500/mcha3500_windows_toolchain/toolchain/gcc-arm-none-eabi/bin/../lib/gcc/arm-none-eabi/9.2.1/../../../../arm-none-eabi/lib/thumb/v7e-m+fp/hard\libm.a(lib_a-s_fabs.o)
                              c:/users/mark/documents/mcha3500/mcha3500_windows_toolchain/toolchain/gcc-arm-none-eabi/bin/../lib/gcc/arm-none-eabi/9.2.1/../../../../arm-none-eabi/lib/thumb/v7e-m+fp/hard\libm.a(lib_a-e_atan2.o) (fabs)
c:/users/mark/documents/mcha3500/mcha3500_windows_toolchain/toolchain/gcc-arm-none-eabi/bin/../lib/gcc/arm-none-eabi/9.2.1/../../../../arm-none-eabi/lib/thumb/v7e-m+fp/hard\libm.a(lib_a-s_lib_ver.o)
                              c:/users/mark/documents/mcha3500/mcha3500_windows_toolchain/toolchain/gcc-arm-none-eabi/bin/../lib/gcc/arm-none-eabi/9.2.1/../../../../arm-none-eabi/lib/thumb/v7e-m+fp/hard\libm.a(lib_a-wf_sqrt.o) (__fdlib_version)
c:/users/mark/documents/mcha3500/mcha3500_windows_toolchain/toolchain/gcc-arm-none-eabi/bin/../lib/gcc/arm-none-eabi/9.2.1/../../../../arm-none-eabi/lib/thumb/v7e-m+fp/hard\libm.a(lib_a-s_matherr.o)
                              c:/users/mark/documents/mcha3500/mcha3500_windows_toolchain/toolchain/gcc-arm-none-eabi/bin/../lib/gcc/arm-none-eabi/9.2.1/../../../../arm-none-eabi/lib/thumb/v7e-m+fp/hard\libm.a(lib_a-wf_sqrt.o) (matherr)
../STM32Cube_F4_FW/Drivers/CMSIS/Lib/GCC/libarm_cortexM4lf_math.a(arm_mat_trans_f32.o)
                              build/kalman.o (arm_mat_trans_f32)
../STM32Cube_F4_FW/Drivers/CMSIS/Lib/GCC/libarm_cortexM4lf_math.a(arm_mat_sub_f32.o)
                              build/kalman.o (arm_mat_sub_f32)
../STM32Cube_F4_FW/Drivers/CMSIS/Lib/GCC/libarm_cortexM4lf_math.a(arm_mat_mult_f32.o)
                              build/kalman.o (arm_mat_mult_f32)
../STM32Cube_F4_FW/Drivers/CMSIS/Lib/GCC/libarm_cortexM4lf_math.a(arm_mat_inverse_f32.o)
                              build/kalman.o (arm_mat_inverse_f32)
../STM32Cube_F4_FW/Drivers/CMSIS/Lib/GCC/libarm_cortexM4lf_math.a(arm_mat_init_f32.o)
                              build/kalman.o (arm_mat_init_f32)
../STM32Cube_F4_FW/Drivers/CMSIS/Lib/GCC/libarm_cortexM4lf_math.a(arm_mat_add_f32.o)
                              build/kalman.o (arm_mat_add_f32)
c:/users/mark/documents/mcha3500/mcha3500_windows_toolchain/toolchain/gcc-arm-none-eabi/bin/../lib/gcc/arm-none-eabi/9.2.1/thumb/v7e-m+fp/hard\libgcc.a(_arm_muldf3.o)
                              build/pendulum.o (__aeabi_dmul)
c:/users/mark/documents/mcha3500/mcha3500_windows_toolchain/toolchain/gcc-arm-none-eabi/bin/../lib/gcc/arm-none-eabi/9.2.1/thumb/v7e-m+fp/hard\libgcc.a(_arm_addsubdf3.o)
                              c:/users/mark/documents/mcha3500/mcha3500_windows_toolchain/toolchain/gcc-arm-none-eabi/bin/../lib/gcc/arm-none-eabi/9.2.1/../../../../arm-none-eabi/lib/thumb/v7e-m+fp/hard\libm.a(lib_a-e_atan2.o) (__aeabi_dsub)
c:/users/mark/documents/mcha3500/mcha3500_windows_toolchain/toolchain/gcc-arm-none-eabi/bin/../lib/gcc/arm-none-eabi/9.2.1/thumb/v7e-m+fp/hard\libgcc.a(_arm_muldivdf3.o)
                              build/motor.o (__aeabi_ddiv)
[...]
Memory Configuration

Name             Origin             Length             Attributes
FLASH            0x08000000         0x00080000         xr
RAM              0x20000000         0x00020000         xrw
*default*        0x00000000         0xffffffff

Linker script and memory map

LOAD c:/users/mark/documents/mcha3500/mcha3500_windows_toolchain/toolchain/gcc-arm-none-eabi/bin/../lib/gcc/arm-none-eabi/9.2.1/thumb/v7e-m+fp/hard/crti.o
LOAD c:/users/mark/documents/mcha3500/mcha3500_windows_toolchain/toolchain/gcc-arm-none-eabi/bin/../lib/gcc/arm-none-eabi/9.2.1/thumb/v7e-m+fp/hard/crtbegin.o
LOAD c:/users/mark/documents/mcha3500/mcha3500_windows_toolchain/toolchain/gcc-arm-none-eabi/bin/../lib/gcc/arm-none-eabi/9.2.1/../../../../arm-none-eabi/lib/thumb/v7e-m+fp/hard/crt0.o
LOAD build/stm32f4xx_it.o
LOAD build/system_stm32f4xx.o
LOAD build/cmd_line_buffer.o
LOAD build/cmd_parser.o
LOAD build/cmd_task.o
LOAD build/main.o
LOAD build/uart.o
LOAD build/heartbeat_task.o
LOAD build/heartbeat_cmd.o
LOAD build/dummy_task.o
LOAD build/pendulum.o
LOAD build/motor.o
LOAD build/data_logging.o
LOAD build/controller.o
LOAD build/IMU.o
LOAD build/kalman.o
LOAD build/control_loop.o
LOAD build/qpas_sub_noblas.o
LOAD build/startup_stm32f446xx.o
LOAD build/stm32f4_HAL/stm32f4xx_hal.o
LOAD build/stm32f4_HAL/stm32f4xx_hal_dma.o
LOAD build/stm32f4_HAL/stm32f4xx_hal_adc.o
LOAD build/stm32f4_HAL/stm32f4xx_hal_adc_ex.o
LOAD build/stm32f4_HAL/stm32f4xx_hal_gpio.o
LOAD build/stm32f4_HAL/stm32f4xx_ll_gpio.o
LOAD build/stm32f4_HAL/stm32f4xx_ll_usart.o
LOAD build/stm32f4_HAL/stm32f4xx_ll_dma.o
LOAD build/stm32f4_HAL/stm32f4xx_ll_rcc.o
LOAD build/stm32f4_HAL/stm32f4xx_hal_i2c.o
LOAD build/stm32f4_HAL/stm32f4xx_hal_i2c_ex.o
LOAD build/stm32f4_HAL/stm32f4xx_hal_tim.o
LOAD build/stm32f4_HAL/stm32f4xx_hal_tim_ex.o
LOAD build/stm32f4_HAL/stm32f4xx_hal_rtc.o
LOAD build/stm32f4_HAL/stm32f4xx_hal_rcc.o
LOAD build/stm32f4_HAL/stm32f4xx_hal_rcc_ex.o
LOAD build/stm32f4_HAL/stm32f4xx_hal_pwr.o
LOAD build/stm32f4_HAL/stm32f4xx_hal_pwr_ex.o
LOAD build/stm32f4_HAL/stm32f4xx_hal_cortex.o
LOAD build/stm32f4_HAL/stm32f4xx_hal_spi.o
LOAD build/stm32f4_HAL/stm32f4xx_hal_dac.o
LOAD build/stm32f4_HAL/stm32f4xx_hal_dac_ex.o
LOAD build/stm32f4_HAL/stm32f4xx_hal_can.o
LOAD build/FreeRTOS/croutine.o
LOAD build/FreeRTOS/event_groups.o
LOAD build/FreeRTOS/list.o
LOAD build/FreeRTOS/queue.o
LOAD build/FreeRTOS/tasks.o
LOAD build/FreeRTOS/timers.o
LOAD build/FreeRTOS/stream_buffer.o
LOAD build/FreeRTOS/cmsis_os2.o
LOAD build/FreeRTOS/clib_arm.o
LOAD build/FreeRTOS/os_systick.o
LOAD build/FreeRTOS/heap_useNewlib.o
LOAD build/FreeRTOS/port.o
LOAD build/tm_stm32_gpio.o
LOAD build/tm_stm32_i2c.o
LOAD build/tm_stm32_mpu6050.o
LOAD c:/users/mark/documents/mcha3500/mcha3500_windows_toolchain/toolchain/gcc-arm-none-eabi/bin/../lib/gcc/arm-none-eabi/9.2.1/../../../../arm-none-eabi/lib/thumb/v7e-m+fp/hard\libm.a
LOAD ../STM32Cube_F4_FW/Drivers/CMSIS/Lib/GCC/libarm_cortexM4lf_math.a
START GROUP
LOAD c:/users/mark/documents/mcha3500/mcha3500_windows_toolchain/toolchain/gcc-arm-none-eabi/bin/../lib/gcc/arm-none-eabi/9.2.1/thumb/v7e-m+fp/hard\libgcc.a
LOAD c:/users/mark/documents/mcha3500/mcha3500_windows_toolchain/toolchain/gcc-arm-none-eabi/bin/../lib/gcc/arm-none-eabi/9.2.1/../../../../arm-none-eabi/lib/thumb/v7e-m+fp/hard\libc_nano.a
END GROUP
START GROUP
LOAD c:/users/mark/documents/mcha3500/mcha3500_windows_toolchain/toolchain/gcc-arm-none-eabi/bin/../lib/gcc/arm-none-eabi/9.2.1/thumb/v7e-m+fp/hard\libgcc.a
LOAD c:/users/mark/documents/mcha3500/mcha3500_windows_toolchain/toolchain/gcc-arm-none-eabi/bin/../lib/gcc/arm-none-eabi/9.2.1/../../../../arm-none-eabi/lib/thumb/v7e-m+fp/hard\libc_nano.a
LOAD c:/users/mark/documents/mcha3500/mcha3500_windows_toolchain/toolchain/gcc-arm-none-eabi/bin/../lib/gcc/arm-none-eabi/9.2.1/../../../../arm-none-eabi/lib/thumb/v7e-m+fp/hard\libnosys.a
END GROUP
START GROUP
LOAD c:/users/mark/documents/mcha3500/mcha3500_windows_toolchain/toolchain/gcc-arm-none-eabi/bin/../lib/gcc/arm-none-eabi/9.2.1/thumb/v7e-m+fp/hard\libgcc.a
LOAD c:/users/mark/documents/mcha3500/mcha3500_windows_toolchain/toolchain/gcc-arm-none-eabi/bin/../lib/gcc/arm-none-eabi/9.2.1/../../../../arm-none-eabi/lib/thumb/v7e-m+fp/hard\libc_nano.a
LOAD c:/users/mark/documents/mcha3500/mcha3500_windows_toolchain/toolchain/gcc-arm-none-eabi/bin/../lib/gcc/arm-none-eabi/9.2.1/../../../../arm-none-eabi/lib/thumb/v7e-m+fp/hard\libnosys.a
END GROUP
LOAD c:/users/mark/documents/mcha3500/mcha3500_windows_toolchain/toolchain/gcc-arm-none-eabi/bin/../lib/gcc/arm-none-eabi/9.2.1/thumb/v7e-m+fp/hard/crtend.o
LOAD c:/users/mark/documents/mcha3500/mcha3500_windows_toolchain/toolchain/gcc-arm-none-eabi/bin/../lib/gcc/arm-none-eabi/9.2.1/thumb/v7e-m+fp/hard/crtn.o
                0x20020000                _estack = 0x20020000
                0x00010000                _Min_Heap_Size = 0x10000
                0x00002000                _Min_Stack_Size = 0x2000

.isr_vector     0x08000000      0x1c4
                0x08000000                . = ALIGN (0x4)
 *(.isr_vector)
 .isr_vector    0x08000000      0x1c4 build/startup_stm32f446xx.o
                0x08000000                g_pfnVectors
                0x080001c4                . = ALIGN (0x4)

.text           0x080001d0    0x1a75c
                0x080001d0                . = ALIGN (0x4)
 *(.text)
 .text          0x080001d0        0x0 c:/users/mark/documents/mcha3500/mcha3500_windows_toolchain/toolchain/gcc-arm-none-eabi/bin/../lib/gcc/arm-none-eabi/9.2.1/thumb/v7e-m+fp/hard/crti.o
 .text          0x080001d0       0x40 c:/users/mark/documents/mcha3500/mcha3500_windows_toolchain/toolchain/gcc-arm-none-eabi/bin/../lib/gcc/arm-none-eabi/9.2.1/thumb/v7e-m+fp/hard/crtbegin.o
 .text          0x08000210       0x74 c:/users/mark/documents/mcha3500/mcha3500_windows_toolchain/toolchain/gcc-arm-none-eabi/bin/../lib/gcc/arm-none-eabi/9.2.1/../../../../arm-none-eabi/lib/thumb/v7e-m+fp/hard/crt0.o
                0x08000210                _start
                0x08000210                _mainCRTStartup
 .text          0x08000284        0xc build/stm32f4xx_it.o
                0x08000284                NMI_Handler
                0x08000286                HardFault_Handler
                0x08000288                MemManage_Handler
                0x0800028a                BusFault_Handler
                0x0800028c                UsageFault_Handler
                0x0800028e                DebugMon_Handler
 .text          0x08000290       0xc0 build/system_stm32f4xx.o
                0x08000290                SystemInit
                0x080002dc                SystemCoreClockUpdate
 .text          0x08000350      0x104 build/cmd_line_buffer.o
                0x08000350                clb_init
                0x0800035a                clb_is_empty
                0x08000364                clb_is_full
                0x08000372                clb_delc
                0x0800037c                clb_is_cmd_ready
                0x08000394                clb_putc
                0x080003b4                clb_consume_char
                0x080003dc                clb_consume_str
                0x080003f6                clb_gets_at
                0x0800040e                clb_gets
                0x08000414                clb_process
 .text          0x08000454      0x1e0 build/cmd_parser.o
                0x08000584                cmd_parse
 .text          0x08000634       0x4c build/cmd_task.o
                0x08000654                cmd_task_init
 .text          0x08000680        0x0 build/main.o
 .text          0x08000680      0x47c build/uart.o
                0x08000680                uart_init
                0x08000954                __wrap_printf
                0x0800098c                __io_putchar
                0x080009bc                __io_getchar
                0x080009d8                _write
                0x080009f4                _read
                0x08000a08                _uart_rxne_isr
                0x08000a30                _uart_txe_isr
                0x08000a68                _uart_error
                0x08000ac0                USART2_IRQHandler
 .text          0x08000afc       0xc4 build/heartbeat_task.o
                0x08000b18                heartbeat_task_init
                0x08000b74                heartbeat_task_start
                0x08000b8c                heartbeat_task_stop
                0x08000ba4                heartbeat_task_is_running
                0x08000bb0                heartbeat_task_deinit
 .text          0x08000bc0       0x70 build/heartbeat_cmd.o
                0x08000bc0                heartbeat_cmd
 .text          0x08000c30       0x80 build/dummy_task.o
                0x08000c30                dummy_task_init
                0x08000c58                dummy_task_start
                0x08000c70                dummy_task_stop
                0x08000c94                dummy_task_is_running
                0x08000ca0                dummy_task_deinit
 .text          0x08000cb0       0xd4 build/pendulum.o
                0x08000cb0                pendulum_init
                0x08000d38                pendulum_read_voltage
 *fill*         0x08000d84        0x4 
 .text          0x08000d88      0x6a8 build/motor.o
                0x08000d88                motor_PWM_init
                0x08000f34                velocity_adjust
                0x08000f80                elevation_adjust
                0x08000ff4                motor_encoder_init
                0x0800112c                EXTI0_IRQHandler
                0x080011a0                EXTI9_5_IRQHandler
                0x08001218                EXTI15_10_IRQHandler
                0x08001290                EXTI1_IRQHandler
                0x080012d0                EXTI4_IRQHandler
                0x08001310                EXTI2_IRQHandler
                0x0800134c                EXTI3_IRQHandler
                0x08001388                motor_encoder1_getValue
                0x08001394                motor_encoder2_getValue
                0x080013a0                motor_encoder3_getValue
                0x080013ac                ele_encoder_getValue
                0x080013b8                motor_encoder_getAngle
                0x080013f0                motor_encoder_getRev
                0x08001418                elevation_encoder_getAngle
 .text          0x08001430      0x100 build/data_logging.o
                0x0800143c                logging_init
                0x0800145c                pend_logging_start
                0x08001478                logging_stop
                0x08001514                imu_logging_start
 .text          0x08001530       0x9c build/controller.o
                0x08001530                ctrl_init
                0x0800153c                getControl
                0x08001548                getEleControl
                0x08001554                ctrl_set_yref
                0x08001560                getReference
                0x0800156c                getElevation
                0x08001578                control_set_elevation
                0x08001584                ctrl_update
                0x080015ac                ele_ctrl_update
 *fill*         0x080015cc        0x4 
 .text          0x080015d0      0x260 build/IMU.o
                0x080015d0                IMU_read
                0x080015dc                get_accY
                0x0800165c                get_accZ
                0x080016dc                get_accX
                0x0800175c                get_gyroY
                0x080017e4                get_acc_angle
                0x08001820                IMU_init
 .text          0x08001830      0x314 build/kalman.o
                0x08001830                kalman_init
                0x080019c0                kalman_update
                0x08001b08                getKalmanAngle
                0x08001b14                getKalmanVelocity
                0x08001b20                getKalmanBias
                0x08001b2c                kalman_set_angle
                0x08001b38                kalman_set_velocity
 *fill*         0x08001b44        0x4 
 .text          0x08001b48      0x5d8 build/control_loop.o
                0x0800205c                control_loop_init
                0x0800207c                aim_loop_init
                0x0800209c                control_timer_start
                0x080020bc                control_timer_stop
                0x080020c8                aim_timer_start
                0x080020e8                aim_timer_stop
                0x080020f4                control_set_speed
                0x08002104                kalman_loop_update
 .text          0x08002120     0x16d8 build/qpas_sub_noblas.o
                0x08002120                printvector
                0x080021b0                printmatrix
                0x08002294                qpas_sub_noblas
 .text          0x080037f8       0x14 build/startup_stm32f446xx.o
 .text          0x0800380c      0x20c build/stm32f4_HAL/stm32f4xx_hal.o
                0x0800380c                HAL_MspInit
                0x0800380e                HAL_MspDeInit
                0x08003810                HAL_DeInit
                0x0800383c                HAL_InitTick
                0x08003880                HAL_Init
                0x080038b4                HAL_IncTick
                0x080038cc                HAL_GetTick
                0x080038d8                HAL_GetTickPrio
                0x080038e4                HAL_SetTickFreq
                0x08003904                HAL_GetTickFreq
                0x08003910                HAL_Delay
                0x08003938                HAL_SuspendTick
                0x08003948                HAL_ResumeTick
                0x08003958                HAL_GetHalVersion
                0x08003960                HAL_GetREVID
                0x0800396c                HAL_GetDEVID
                0x0800397c                HAL_DBGMCU_EnableDBGSleepMode
                0x0800398c                HAL_DBGMCU_DisableDBGSleepMode
                0x0800399c                HAL_DBGMCU_EnableDBGStopMode
                0x080039ac                HAL_DBGMCU_DisableDBGStopMode
                0x080039bc                HAL_DBGMCU_EnableDBGStandbyMode
                0x080039cc                HAL_DBGMCU_DisableDBGStandbyMode
                0x080039dc                HAL_EnableCompensationCell
                0x080039e8                HAL_DisableCompensationCell
                0x080039f4                HAL_GetUIDw0
                0x08003a00                HAL_GetUIDw1
                0x08003a0c                HAL_GetUIDw2
 .text          0x08003a18      0x630 build/stm32f4_HAL/stm32f4xx_hal_dma.o
                0x08003a44                HAL_DMA_Init
                0x08003b44                HAL_DMA_DeInit
                0x08003b98                HAL_DMA_Start
                0x08003bec                HAL_DMA_Start_IT
                0x08003c60                HAL_DMA_Abort
                0x08003ce8                HAL_DMA_Abort_IT
                0x08003d0c                HAL_DMA_PollForTransfer
                0x08003e1a                HAL_DMA_IRQHandler
                0x08003f94                HAL_DMA_RegisterCallback
                0x08003fdc                HAL_DMA_UnRegisterCallback
                0x0800403e                HAL_DMA_GetState
                0x08004044                HAL_DMA_GetError
 .text          0x08004048      0x9c8 build/stm32f4_HAL/stm32f4xx_hal_adc.o
                0x08004048                HAL_ADC_MspInit
                0x0800404a                HAL_ADC_Init
                0x08004198                HAL_ADC_MspDeInit
                0x0800419a                HAL_ADC_DeInit
                0x080041ce                HAL_ADC_Start
                0x080042b8                HAL_ADC_Stop
                0x080042ee                HAL_ADC_PollForConversion
                0x0800438c                HAL_ADC_PollForEvent
                0x080043f2                HAL_ADC_Start_IT
                0x080044e8                HAL_ADC_Stop_IT
                0x08004530                HAL_ADC_Start_DMA
                0x08004654                HAL_ADC_Stop_DMA
                0x080046ae                HAL_ADC_GetValue
                0x080046b4                HAL_ADC_ConvCpltCallback
                0x080046b6                HAL_ADC_ConvHalfCpltCallback
                0x080046c2                HAL_ADC_LevelOutOfWindowCallback
                0x080046c4                HAL_ADC_ErrorCallback
                0x080046c6                HAL_ADC_IRQHandler
                0x08004870                HAL_ADC_ConfigChannel
                0x080049a8                HAL_ADC_AnalogWDGConfig
                0x08004a06                HAL_ADC_GetState
                0x08004a0a                HAL_ADC_GetError
 .text          0x08004a10      0x6ac build/stm32f4_HAL/stm32f4xx_hal_adc_ex.o
                0x08004a80                HAL_ADCEx_InjectedStart
                0x08004b34                HAL_ADCEx_InjectedStart_IT
                0x08004bf0                HAL_ADCEx_InjectedStop
                0x08004c4a                HAL_ADCEx_InjectedPollForConversion
                0x08004cd2                HAL_ADCEx_InjectedStop_IT
                0x08004d34                HAL_ADCEx_InjectedGetValue
                0x08004d66                HAL_ADCEx_MultiModeStart_DMA
                0x08004e60                HAL_ADCEx_MultiModeStop_DMA
                0x08004ec0                HAL_ADCEx_MultiModeGetValue
                0x08004ecc                HAL_ADCEx_InjectedConvCpltCallback
                0x08004ece                HAL_ADCEx_InjectedConfigChannel
                0x0800506c                HAL_ADCEx_MultiModeConfigChannel
 .text          0x080050bc      0x334 build/stm32f4_HAL/stm32f4xx_hal_gpio.o
                0x080050bc                HAL_GPIO_Init
                0x0800526c                HAL_GPIO_DeInit
                0x08005388                HAL_GPIO_ReadPin
                0x08005394                HAL_GPIO_WritePin
                0x0800539e                HAL_GPIO_TogglePin
                0x080053ac                HAL_GPIO_LockPin
                0x080053d6                HAL_GPIO_EXTI_Callback
                0x080053d8                HAL_GPIO_EXTI_IRQHandler
 .text          0x080053f0      0x220 build/stm32f4_HAL/stm32f4xx_ll_gpio.o
                0x08005410                LL_GPIO_DeInit
                0x080054bc                LL_GPIO_Init
                0x080055f8                LL_GPIO_StructInit
 .text          0x08005610      0x21c build/stm32f4_HAL/stm32f4xx_ll_usart.o
                0x08005610                LL_USART_DeInit
                0x080056d0                LL_USART_Init
                0x080057cc                LL_USART_StructInit
                0x080057e4                LL_USART_ClockInit
                0x0800581e                LL_USART_ClockStructInit
 .text          0x0800582c      0x238 build/stm32f4_HAL/stm32f4xx_ll_dma.o
                0x0800582c                LL_DMA_DeInit
                0x080059bc                LL_DMA_Init
                0x08005a40                LL_DMA_StructInit
 .text          0x08005a64      0x604 build/stm32f4_HAL/stm32f4xx_ll_rcc.o
                0x08005a74                LL_RCC_DeInit
                0x08005b24                LL_RCC_GetCECClockFreq
                0x08005b54                RCC_GetHCLKClockFreq
                0x08005b6c                RCC_GetPCLK1ClockFreq
                0x08005b84                RCC_GetPCLK2ClockFreq
                0x08005b9c                RCC_PLL_GetFreqDomain_SYS
                0x08005be4                RCC_GetSystemClockFreq
                0x08005c14                LL_RCC_GetSystemClocksFreq
                0x08005c34                LL_RCC_GetFMPI2CClockFreq
                0x08005c84                RCC_PLL_GetFreqDomain_48M
                0x08005cc0                RCC_PLL_GetFreqDomain_I2S
                0x08005cfc                RCC_PLL_GetFreqDomain_SPDIFRX
                0x08005d00                RCC_PLL_GetFreqDomain_SAI
                0x08005d04                RCC_PLLSAI_GetFreqDomain_SAI
                0x08005d54                RCC_PLLSAI_GetFreqDomain_48M
                0x08005d98                LL_RCC_GetSDIOClockFreq
                0x08005de0                LL_RCC_GetUSBClockFreq
                0x08005e14                RCC_PLLI2S_GetFreqDomain_SAI
                0x08005e64                LL_RCC_GetSAIClockFreq
                0x08005f18                RCC_PLLI2S_GetFreqDomain_SPDIFRX
                0x08005f5c                LL_RCC_GetSPDIFRXClockFreq
                0x08005f90                RCC_PLLI2S_GetFreqDomain_I2S
                0x08005fd0                LL_RCC_GetI2SClockFreq
 .text          0x08006068     0x31e0 build/stm32f4_HAL/stm32f4xx_hal_i2c.o
                0x0800648c                HAL_I2C_MspInit
                0x0800648e                HAL_I2C_Init
                0x080065dc                HAL_I2C_MspDeInit
                0x080065de                HAL_I2C_DeInit
                0x08006610                HAL_I2C_Master_Transmit
                0x080067c0                HAL_I2C_Master_Receive
                0x08006aa0                HAL_I2C_Slave_Transmit
                0x08006c00                HAL_I2C_Slave_Receive
                0x08006d7c                HAL_I2C_Master_Transmit_IT
                0x08006e2c                HAL_I2C_Master_Receive_IT
                0x08006ee4                HAL_I2C_Slave_Transmit_IT
                0x08006f54                HAL_I2C_Slave_Receive_IT
                0x08006fc4                HAL_I2C_Master_Transmit_DMA
                0x080070f0                HAL_I2C_Master_Receive_DMA
                0x08007218                HAL_I2C_Slave_Transmit_DMA
                0x080072d8                HAL_I2C_Slave_Receive_DMA
                0x08007398                HAL_I2C_Mem_Write
                0x080074b8                HAL_I2C_Mem_Read
                0x080076c8                HAL_I2C_Mem_Write_IT
                0x08007784                HAL_I2C_Mem_Read_IT
                0x08007850                HAL_I2C_Mem_Write_DMA
                0x08007998                HAL_I2C_Mem_Read_DMA
                0x08007b24                HAL_I2C_IsDeviceReady
                0x08007c84                HAL_I2C_Master_Seq_Transmit_IT
                0x08007d54                HAL_I2C_Master_Seq_Transmit_DMA
                0x08007ec8                HAL_I2C_Master_Seq_Receive_IT
                0x08007fd4                HAL_I2C_Master_Seq_Receive_DMA
                0x080081a0                HAL_I2C_Slave_Seq_Transmit_IT
                0x08008216                HAL_I2C_Slave_Seq_Transmit_DMA
                0x08008354                HAL_I2C_Slave_Seq_Receive_IT
                0x080083ca                HAL_I2C_Slave_Seq_Receive_DMA
                0x08008508                HAL_I2C_EnableListen_IT
                0x0800853e                HAL_I2C_DisableListen_IT
                0x0800857c                HAL_I2C_MasterTxCpltCallback
                0x0800857e                HAL_I2C_MasterRxCpltCallback
                0x08008580                HAL_I2C_SlaveTxCpltCallback
                0x08008582                HAL_I2C_SlaveRxCpltCallback
                0x08008584                HAL_I2C_AddrCallback
                0x08008586                HAL_I2C_ListenCpltCallback
                0x08008588                HAL_I2C_MemTxCpltCallback
                0x0800858a                HAL_I2C_MemRxCpltCallback
                0x0800858c                HAL_I2C_ErrorCallback
                0x080086da                HAL_I2C_AbortCpltCallback
                0x080088ac                HAL_I2C_Master_Abort_IT
                0x080088f8                HAL_I2C_EV_IRQHandler
                0x08009104                HAL_I2C_ER_IRQHandler
                0x08009238                HAL_I2C_GetState
                0x0800923e                HAL_I2C_GetMode
                0x08009244                HAL_I2C_GetError
 .text          0x08009248       0x7c build/stm32f4_HAL/stm32f4xx_hal_i2c_ex.o
                0x08009248                HAL_I2CEx_ConfigAnalogFilter
                0x08009286                HAL_I2CEx_ConfigDigitalFilter
 .text          0x080092c4     0x1dec build/stm32f4_HAL/stm32f4xx_hal_tim.o
                0x080093e0                HAL_TIM_Base_MspInit
                0x080093e2                HAL_TIM_Base_MspDeInit
                0x080093e4                HAL_TIM_Base_DeInit
                0x0800941e                HAL_TIM_Base_Start
                0x08009442                HAL_TIM_Base_Stop
                0x08009470                HAL_TIM_Base_Start_IT
                0x08009490                HAL_TIM_Base_Stop_IT
                0x080094ba                HAL_TIM_Base_Start_DMA
                0x08009524                HAL_TIM_Base_Stop_DMA
                0x08009560                HAL_TIM_OC_MspInit
                0x08009562                HAL_TIM_OC_MspDeInit
                0x08009564                HAL_TIM_OC_DeInit
                0x0800959e                HAL_TIM_PWM_MspInit
                0x080095a0                HAL_TIM_PWM_MspDeInit
                0x080095a2                HAL_TIM_PWM_DeInit
                0x080095dc                HAL_TIM_IC_MspInit
                0x080095de                HAL_TIM_IC_MspDeInit
                0x080095e0                HAL_TIM_IC_DeInit
                0x0800961a                HAL_TIM_OnePulse_MspInit
                0x0800961c                HAL_TIM_OnePulse_MspDeInit
                0x0800961e                HAL_TIM_OnePulse_DeInit
                0x08009658                HAL_TIM_OnePulse_Start
                0x08009698                HAL_TIM_OnePulse_Stop
                0x08009700                HAL_TIM_OnePulse_Start_IT
                0x08009750                HAL_TIM_OnePulse_Stop_IT
                0x080097c8                HAL_TIM_Encoder_MspInit
                0x080097ca                HAL_TIM_Encoder_MspDeInit
                0x080097cc                HAL_TIM_Encoder_DeInit
                0x08009806                HAL_TIM_Encoder_Start
                0x0800984a                HAL_TIM_Encoder_Stop
                0x08009892                HAL_TIM_Encoder_Start_IT
                0x08009900                HAL_TIM_Encoder_Stop_IT
                0x08009974                HAL_TIM_Encoder_Start_DMA
                0x08009ab4                HAL_TIM_Encoder_Stop_DMA
                0x08009b46                HAL_TIM_DMABurst_WriteStart
                0x08009c24                HAL_TIM_DMABurst_WriteStop
                0x08009c88                HAL_TIM_DMABurst_ReadStart
                0x08009d6c                HAL_TIM_DMABurst_ReadStop
                0x08009d70                HAL_TIM_GenerateEvent
                0x08009d94                HAL_TIM_ConfigTI1Input
                0x08009da4                HAL_TIM_ReadCapturedValue
                0x08009dd0                HAL_TIM_PeriodElapsedCallback
                0x08009de2                HAL_TIM_PeriodElapsedHalfCpltCallback
                0x08009df4                HAL_TIM_OC_DelayElapsedCallback
                0x08009df6                HAL_TIM_IC_CaptureCallback
                0x08009df8                TIM_DMACaptureCplt
                0x08009e34                HAL_TIM_IC_CaptureHalfCpltCallback
                0x08009e36                TIM_DMACaptureHalfCplt
                0x08009e72                HAL_TIM_PWM_PulseFinishedCallback
                0x08009e74                TIM_DMADelayPulseCplt
                0x08009eb0                HAL_TIM_PWM_PulseFinishedHalfCpltCallback
                0x08009eb2                TIM_DMADelayPulseHalfCplt
                0x08009eee                HAL_TIM_TriggerCallback
                0x08009ef0                HAL_TIM_IRQHandler
                0x0800a044                HAL_TIM_TriggerHalfCpltCallback
                0x0800a056                HAL_TIM_ErrorCallback
                0x0800a058                TIM_DMAError
                0x0800a068                HAL_TIM_Base_GetState
                0x0800a06e                HAL_TIM_OC_GetState
                0x0800a074                HAL_TIM_PWM_GetState
                0x0800a07a                HAL_TIM_IC_GetState
                0x0800a080                HAL_TIM_OnePulse_GetState
                0x0800a086                HAL_TIM_Encoder_GetState
                0x0800a08c                TIM_Base_SetConfig
                0x0800a158                HAL_TIM_Base_Init
                0x0800a18c                HAL_TIM_OC_Init
                0x0800a1c0                HAL_TIM_PWM_Init
                0x0800a1f4                HAL_TIM_IC_Init
                0x0800a228                HAL_TIM_OnePulse_Init
                0x0800a26e                HAL_TIM_Encoder_Init
                0x0800a304                TIM_OC2_SetConfig
                0x0800a370                HAL_TIM_OC_ConfigChannel
                0x0800a3c8                HAL_TIM_PWM_ConfigChannel
                0x0800a488                TIM_TI1_SetConfig
                0x0800a4fc                HAL_TIM_IC_ConfigChannel
                0x0800a610                HAL_TIM_OnePulse_ConfigChannel
                0x0800a706                TIM_ETR_SetConfig
                0x0800a71a                HAL_TIM_ConfigOCrefClear
                0x0800a7e2                HAL_TIM_ConfigClockSource
                0x0800a9ae                HAL_TIM_SlaveConfigSynchro
                0x0800a9fc                HAL_TIM_SlaveConfigSynchro_IT
                0x0800aa4a                TIM_CCxChannelCmd
                0x0800aa66                HAL_TIM_OC_Start
                0x0800aaa4                HAL_TIM_PWM_Start
                0x0800aaa8                HAL_TIM_OC_Stop
                0x0800ab04                HAL_TIM_OC_Start_IT
                0x0800ab74                HAL_TIM_PWM_Start_IT
                0x0800ab78                HAL_TIM_OC_Stop_IT
                0x0800ac08                HAL_TIM_PWM_Stop_IT
                0x0800ac0c                HAL_TIM_OC_Start_DMA
                0x0800ad1c                HAL_TIM_PWM_Start_DMA
                0x0800ad20                HAL_TIM_OC_Stop_DMA
                0x0800add0                HAL_TIM_PWM_Stop_DMA
                0x0800add4                HAL_TIM_PWM_Stop
                0x0800ae38                HAL_TIM_IC_Start
                0x0800ae5c                HAL_TIM_IC_Stop
                0x0800ae8a                HAL_TIM_IC_Start_IT
                0x0800aee0                HAL_TIM_IC_Stop_IT
                0x0800af40                HAL_TIM_IC_Start_DMA
                0x0800b030                HAL_TIM_IC_Stop_DMA
 .text          0x0800b0b0      0x814 build/stm32f4_HAL/stm32f4xx_hal_tim_ex.o
                0x0800b0cc                HAL_TIMEx_HallSensor_MspInit
                0x0800b0ce                HAL_TIMEx_HallSensor_Init
                0x0800b17c                HAL_TIMEx_HallSensor_MspDeInit
                0x0800b17e                HAL_TIMEx_HallSensor_DeInit
                0x0800b1b8                HAL_TIMEx_HallSensor_Start
                0x0800b1de                HAL_TIMEx_HallSensor_Stop
                0x0800b20e                HAL_TIMEx_HallSensor_Start_IT
                0x0800b23c                HAL_TIMEx_HallSensor_Stop_IT
                0x0800b274                HAL_TIMEx_HallSensor_Start_DMA
                0x0800b2f0                HAL_TIMEx_HallSensor_Stop_DMA
                0x0800b330                HAL_TIMEx_OCN_Start
                0x0800b35c                HAL_TIMEx_OCN_Stop
                0x0800b3a6                HAL_TIMEx_OCN_Start_IT
                0x0800b3fc                HAL_TIMEx_OCN_Stop_IT
                0x0800b47a                HAL_TIMEx_OCN_Start_DMA
                0x0800b54c                HAL_TIMEx_OCN_Stop_DMA
                0x0800b5d2                HAL_TIMEx_PWMN_Start
                0x0800b5d6                HAL_TIMEx_PWMN_Stop
                0x0800b5da                HAL_TIMEx_PWMN_Start_IT
                0x0800b5de                HAL_TIMEx_PWMN_Stop_IT
                0x0800b5e2                HAL_TIMEx_PWMN_Start_DMA
                0x0800b5e6                HAL_TIMEx_PWMN_Stop_DMA
                0x0800b5ea                HAL_TIMEx_OnePulseN_Start
                0x0800b604                HAL_TIMEx_OnePulseN_Stop
                0x0800b608                HAL_TIMEx_OnePulseN_Start_IT
                0x0800b632                HAL_TIMEx_OnePulseN_Stop_IT
                0x0800b68c                HAL_TIMEx_ConfigCommutEvent
                0x0800b6e6                HAL_TIMEx_ConfigCommutEvent_IT
                0x0800b740                HAL_TIMEx_ConfigCommutEvent_DMA
                0x0800b7b4                HAL_TIMEx_MasterConfigSynchronization
                0x0800b830                HAL_TIMEx_ConfigBreakDeadTime
                0x0800b87c                HAL_TIMEx_RemapConfig
                0x0800b896                HAL_TIMEx_CommutCallback
                0x0800b898                TIMEx_DMACommutationCplt
                0x0800b8a8                HAL_TIMEx_CommutHalfCpltCallback
                0x0800b8aa                TIMEx_DMACommutationHalfCplt
                0x0800b8ba                HAL_TIMEx_BreakCallback
                0x0800b8bc                HAL_TIMEx_HallSensor_GetState
 .text          0x0800b8c4        0x0 build/stm32f4_HAL/stm32f4xx_hal_rtc.o
 .text          0x0800b8c4      0x6d4 build/stm32f4_HAL/stm32f4xx_hal_rcc.o
                0x0800bc16                HAL_RCC_MCOConfig
                0x0800bcb0                HAL_RCC_EnableCSS
                0x0800bcbc                HAL_RCC_DisableCSS
                0x0800bd24                HAL_RCC_ClockConfig
                0x0800be5c                HAL_RCC_GetHCLKFreq
                0x0800be68                HAL_RCC_GetPCLK1Freq
                0x0800be88                HAL_RCC_GetPCLK2Freq
                0x0800bf3c                HAL_RCC_GetClockConfig
                0x0800bf78                HAL_RCC_CSSCallback
                0x0800bf7a                HAL_RCC_NMI_IRQHandler
 .text          0x0800bf98      0xdc8 build/stm32f4_HAL/stm32f4xx_hal_rcc_ex.o
                0x0800bf98                HAL_RCCEx_PeriphCLKConfig
                0x0800c3b0                HAL_RCCEx_GetPeriphCLKConfig
                0x0800c4ac                HAL_RCCEx_GetPeriphCLKFreq
                0x0800c654                HAL_RCCEx_SelectLSEMode
                0x0800c66c                HAL_RCCEx_EnablePLLI2S
                0x0800c6e0                HAL_RCCEx_DisablePLLI2S
                0x0800c714                HAL_RCCEx_EnablePLLSAI
                0x0800c780                HAL_RCCEx_DisablePLLSAI
                0x0800c7b4                HAL_RCC_GetSysClockFreq
                0x0800c844                HAL_RCC_DeInit
                0x0800c998                HAL_RCC_OscConfig
                0x0800ccc4                HAL_RCC_GetOscConfig
 .text          0x0800cd60      0x1ac build/stm32f4_HAL/stm32f4xx_hal_pwr.o
                0x0800cd60                HAL_PWR_DeInit
                0x0800cd78                HAL_PWR_EnableBkUpAccess
                0x0800cd84                HAL_PWR_DisableBkUpAccess
                0x0800cd90                HAL_PWR_ConfigPVD
                0x0800ce00                HAL_PWR_EnablePVD
                0x0800ce0c                HAL_PWR_DisablePVD
                0x0800ce18                HAL_PWR_EnableWakeUpPin
                0x0800ce28                HAL_PWR_DisableWakeUpPin
                0x0800ce38                HAL_PWR_EnterSLEEPMode
                0x0800ce58                HAL_PWR_EnterSTOPMode
                0x0800ce90                HAL_PWR_EnterSTANDBYMode
                0x0800ceb0                HAL_PWR_PVDCallback
                0x0800ceb2                HAL_PWR_PVD_IRQHandler
                0x0800cecc                HAL_PWR_EnableSleepOnExit
                0x0800cedc                HAL_PWR_DisableSleepOnExit
                0x0800ceec                HAL_PWR_EnableSEVOnPend
                0x0800cefc                HAL_PWR_DisableSEVOnPend
 .text          0x0800cf0c      0x298 build/stm32f4_HAL/stm32f4xx_hal_pwr_ex.o
                0x0800cf0c                HAL_PWREx_EnableBkUpReg
                0x0800cf40                HAL_PWREx_DisableBkUpReg
                0x0800cf74                HAL_PWREx_EnableFlashPowerDown
                0x0800cf80                HAL_PWREx_DisableFlashPowerDown
                0x0800cf8c                HAL_PWREx_GetVoltageRange
                0x0800cf9c                HAL_PWREx_ControlVoltageScaling
                0x0800d04c                HAL_PWREx_EnableOverDrive
                0x0800d0c4                HAL_PWREx_DisableOverDrive
                0x0800d13c                HAL_PWREx_EnterUnderDriveSTOPMode
 .text          0x0800d1a4      0x2c8 build/stm32f4_HAL/stm32f4xx_hal_cortex.o
                0x0800d1a4                HAL_NVIC_SetPriorityGrouping
                0x0800d1c8                HAL_NVIC_SetPriority
                0x0800d22c                HAL_NVIC_EnableIRQ
                0x0800d248                HAL_NVIC_DisableIRQ
                0x0800d270                HAL_NVIC_SystemReset
                0x0800d294                HAL_SYSTICK_Config
                0x0800d2c0                HAL_MPU_Disable
                0x0800d2e0                HAL_MPU_Enable
                0x0800d304                HAL_MPU_ConfigRegion
                0x0800d354                HAL_NVIC_GetPriorityGrouping
                0x0800d364                HAL_NVIC_GetPriority
                0x0800d3c0                HAL_NVIC_SetPendingIRQ
                0x0800d3e0                HAL_NVIC_GetPendingIRQ
                0x0800d404                HAL_NVIC_ClearPendingIRQ
                0x0800d424                HAL_NVIC_GetActive
                0x0800d448                HAL_SYSTICK_CLKSourceConfig
                0x0800d460                HAL_SYSTICK_Callback
                0x0800d462                HAL_SYSTICK_IRQHandler
 .text          0x0800d46c     0x1820 build/stm32f4_HAL/stm32f4xx_hal_spi.o
                0x0800d610                HAL_SPI_MspInit
                0x0800d612                HAL_SPI_Init
                0x0800d696                HAL_SPI_MspDeInit
                0x0800d698                HAL_SPI_DeInit
                0x0800d6c4                HAL_SPI_Transmit
                0x0800d83e                HAL_SPI_TransmitReceive
                0x0800dabe                HAL_SPI_Receive
                0x0800dc7e                HAL_SPI_Transmit_IT
                0x0800dd24                HAL_SPI_TransmitReceive_IT
                0x0800ddec                HAL_SPI_Receive_IT
                0x0800deb4                HAL_SPI_Transmit_DMA
                0x0800df8c                HAL_SPI_TransmitReceive_DMA
                0x0800e0b0                HAL_SPI_Receive_DMA
                0x0800e1ac                HAL_SPI_Abort
                0x0800e2d4                HAL_SPI_DMAPause
                0x0800e2f4                HAL_SPI_DMAResume
                0x0800e314                HAL_SPI_DMAStop
                0x0800e35a                HAL_SPI_TxCpltCallback
                0x0800e35c                HAL_SPI_RxCpltCallback
                0x0800e35e                HAL_SPI_TxRxCpltCallback
                0x0800e360                HAL_SPI_TxHalfCpltCallback
                0x0800e36c                HAL_SPI_RxHalfCpltCallback
                0x0800e378                HAL_SPI_TxRxHalfCpltCallback
                0x0800e384                HAL_SPI_ErrorCallback
                0x0800e946                HAL_SPI_IRQHandler
                0x0800ea60                HAL_SPI_AbortCpltCallback
                0x0800ea62                HAL_SPI_Abort_IT
                0x0800ec80                HAL_SPI_GetState
                0x0800ec86                HAL_SPI_GetError
 .text          0x0800ec8c        0x0 build/stm32f4_HAL/stm32f4xx_hal_dac.o
 .text          0x0800ec8c        0x0 build/stm32f4_HAL/stm32f4xx_hal_dac_ex.o
 .text          0x0800ec8c        0x0 build/stm32f4_HAL/stm32f4xx_hal_can.o
 .text          0x0800ec8c        0x0 build/FreeRTOS/croutine.o
 .text          0x0800ec8c      0x274 build/FreeRTOS/event_groups.o
                0x0800ec8c                xEventGroupCreateStatic
                0x0800eca4                xEventGroupCreate
                0x0800ecc0                xEventGroupWaitBits
                0x0800ed78                xEventGroupClearBits
                0x0800ed92                vEventGroupClearBitsCallback
                0x0800ed96                xEventGroupClearBitsFromISR
                0x0800eda8                xEventGroupGetBitsFromISR
                0x0800edc4                xEventGroupSetBits
                0x0800ee20                xEventGroupSync
                0x0800eeb4                vEventGroupSetBitsCallback
                0x0800eeb8                vEventGroupDelete
                0x0800eee2                xEventGroupSetBitsFromISR
                0x0800eef4                uxEventGroupGetNumber
                0x0800eefa                vEventGroupSetNumber
 .text          0x0800ef00       0x82 build/FreeRTOS/list.o
                0x0800ef00                vListInitialise
                0x0800ef16                vListInitialiseItem
                0x0800ef1c                vListInsertEnd
                0x0800ef34                vListInsert
                0x0800ef62                uxListRemove
 *fill*         0x0800ef82        0x2 
 .text          0x0800ef84      0x8fc build/FreeRTOS/queue.o
                0x0800f0a0                xQueueGenericReset
                0x0800f10c                xQueueGenericCreateStatic
                0x0800f138                xQueueGenericCreate
                0x0800f172                xQueueGetMutexHolder
                0x0800f18c                xQueueGetMutexHolderFromISR
                0x0800f198                xQueueCreateCountingSemaphoreStatic
                0x0800f1b2                xQueueCreateCountingSemaphore
                0x0800f1c4                xQueueGenericSend
                0x0800f2c8                xQueueCreateMutexStatic
                0x0800f2f2                xQueueGiveMutexRecursive
                0x0800f31a                xQueueCreateMutex
                0x0800f33e                xQueueGenericSendFromISR
                0x0800f3a8                xQueueGiveFromISR
                0x0800f404                xQueueReceive
                0x0800f4f4                xQueueSemaphoreTake
                0x0800f61c                xQueueTakeMutexRecursive
                0x0800f64c                xQueuePeek
                0x0800f73c                xQueueReceiveFromISR
                0x0800f7a4                xQueuePeekFromISR
                0x0800f7d4                uxQueueMessagesWaiting
                0x0800f7ea                uxQueueSpacesAvailable
                0x0800f804                uxQueueMessagesWaitingFromISR
                0x0800f808                vQueueDelete
                0x0800f814                uxQueueGetQueueNumber
                0x0800f818                vQueueSetQueueNumber
                0x0800f81c                ucQueueGetQueueType
                0x0800f822                xQueueIsQueueEmptyFromISR
                0x0800f82c                xQueueIsQueueFullFromISR
                0x0800f838                vQueueWaitForMessageRestricted
 .text          0x0800f880     0x12d4 build/FreeRTOS/tasks.o
                0x0800fb50                xTaskCreateStatic
                0x0800fb84                xTaskCreate
                0x0800fbe0                vTaskDelete
                0x0800fc64                eTaskGetState
                0x0800fccc                uxTaskPriorityGet
                0x0800fcec                uxTaskPriorityGetFromISR
                0x0800fd14                vTaskPrioritySet
                0x0800fdc4                vTaskResume
                0x0800fe48                xTaskResumeFromISR
                0x0800fed0                vTaskStartScheduler
                0x0800ff48                vTaskEndScheduler
                0x0800ff68                vTaskSuspendAll
                0x0800ff7c                xTaskGetTickCount
                0x0800ff88                xTaskGetTickCountFromISR
                0x0800ff94                uxTaskGetNumberOfTasks
                0x0800ffa0                pcTaskGetName
                0x0800ffb0                xTaskIncrementTick
                0x08010094                xTaskResumeAll
                0x08010158                vTaskDelayUntil
                0x080101a8                vTaskDelay
                0x080101d8                xTaskCatchUpTicks
                0x080101f8                vTaskSwitchContext
                0x0801025c                vTaskSuspend
                0x080102ec                vTaskPlaceOnEventList
                0x0801030c                vTaskPlaceOnUnorderedEventList
                0x08010334                vTaskPlaceOnEventListRestricted
                0x0801035c                xTaskRemoveFromEventList
                0x080103c4                vTaskRemoveFromUnorderedEventList
                0x08010418                vTaskSetTimeOutState
                0x0801043c                vTaskInternalSetTimeOutState
                0x08010450                xTaskCheckForTimeOut
                0x080104a0                vTaskMissedYield
                0x080104b0                uxTaskGetTaskNumber
                0x080104b6                vTaskSetTaskNumber
                0x080104bc                vTaskGetInfo
                0x08010596                uxTaskGetSystemState
                0x0801062c                uxTaskGetStackHighWaterMark
                0x0801064c                xTaskGetCurrentTaskHandle
                0x08010658                xTaskGetSchedulerState
                0x08010678                xTaskPriorityInherit
                0x080106f8                xTaskPriorityDisinherit
                0x08010754                vTaskPriorityDisinheritAfterTimeout
                0x080107c4                uxTaskResetEventItemValue
                0x080107dc                pvTaskIncrementMutexHeldCount
                0x080107f4                ulTaskNotifyTake
                0x08010860                xTaskNotifyWait
                0x080108f4                xTaskGenericNotify
                0x080109a4                xTaskGenericNotifyFromISR
                0x08010a64                vTaskNotifyGiveFromISR
                0x08010af4                xTaskNotifyStateClear
                0x08010b20                ulTaskNotifyValueClear
 .text          0x08010b54      0x49c build/FreeRTOS/timers.o
                0x08010bd0                xTimerCreateTimerTask
                0x08010c20                xTimerCreate
                0x08010c66                xTimerCreateStatic
                0x08010ca6                xTimerGenericCommand
                0x08010ef8                xTimerGetTimerDaemonTaskHandle
                0x08010f04                xTimerGetPeriod
                0x08010f08                vTimerSetReloadMode
                0x08010f2e                uxTimerGetReloadMode
                0x08010f4a                xTimerGetExpiryTime
                0x08010f4e                pcTimerGetName
                0x08010f52                xTimerIsTimerActive
                0x08010f6e                pvTimerGetTimerID
                0x08010f84                vTimerSetTimerID
                0x08010f98                xTimerPendFunctionCallFromISR
                0x08010fc0                xTimerPendFunctionCall
                0x08010fe8                uxTimerGetTimerNumber
                0x08010fec                vTimerSetTimerNumber
 .text          0x08010ff0      0x532 build/FreeRTOS/stream_buffer.o
                0x08011090                xStreamBufferGenericCreate
                0x080110cc                xStreamBufferGenericCreateStatic
                0x0801110c                vStreamBufferDelete
                0x0801111e                xStreamBufferReset
                0x08011164                xStreamBufferSetTriggerLevel
                0x08011178                xStreamBufferSpacesAvailable
                0x0801118c                xStreamBufferBytesAvailable
                0x0801118e                xStreamBufferSend
                0x0801126c                xStreamBufferSendFromISR
                0x08011300                xStreamBufferReceive
                0x080113b8                xStreamBufferNextMessageLengthBytes
                0x080113e6                xStreamBufferReceiveFromISR
                0x0801147a                xStreamBufferIsEmpty
                0x08011486                xStreamBufferIsFull
                0x080114a2                xStreamBufferSendCompletedFromISR
                0x080114da                xStreamBufferReceiveCompletedFromISR
                0x08011512                uxStreamBufferGetStreamBufferNumber
                0x08011516                vStreamBufferSetStreamBufferNumber
                0x0801151a                ucStreamBufferGetStreamBufferType
 *fill*         0x08011522        0x2 
 .text          0x08011524     0x1160 build/FreeRTOS/cmsis_os2.o
                0x08011562                SysTick_Handler
                0x08011580                osKernelInitialize
                0x080115ac                osKernelGetInfo
                0x080115d8                osKernelGetState
                0x080115f8                osKernelStart
                0x08011638                osKernelLock
                0x08011664                osKernelUnlock
                0x0801169c                osKernelRestoreLock
                0x080116e0                osKernelGetTickCount
                0x080116f8                osKernelGetTickFreq
                0x080116fe                osKernelGetSysTimerCount
                0x0801173e                osKernelGetSysTimerFreq
                0x08011748                osThreadNew
                0x080117e6                osThreadGetName
                0x08011800                osThreadGetId
                0x08011804                osThreadGetState
                0x0801182c                osThreadGetStackSpace
                0x08011846                osThreadSetPriority
                0x08011874                osThreadGetPriority
                0x08011890                osThreadYield
                0x080118b4                osThreadSuspend
                0x080118d8                osThreadResume
                0x080118fc                osThreadExit
                0x08011906                osThreadTerminate
                0x0801193a                osThreadGetCount
                0x0801194e                osThreadEnumerate
                0x080119b8                osThreadFlagsSet
                0x08011a38                osThreadFlagsClear
                0x08011a88                osThreadFlagsGet
                0x08011ab6                osThreadFlagsWait
                0x08011b50                osDelay
                0x08011b6e                osDelayUntil
                0x08011b9e                osTimerNew
                0x08011c1c                osTimerGetName
                0x08011c36                osTimerStart
                0x08011c6c                osTimerStop
                0x08011cae                osTimerIsRunning
                0x08011cc8                osTimerDelete
                0x08011d0e                osEventFlagsNew
                0x08011d3a                osEventFlagsSet
                0x08011d94                osEventFlagsClear
                0x08011dda                osEventFlagsGet
                0x08011dfc                osEventFlagsWait
                0x08011e60                osEventFlagsDelete
                0x08011e84                osMutexNew
                0x08011ede                osMutexAcquire
                0x08011f24                osMutexRelease
                0x08011f64                osMutexGetOwner
                0x08011f80                osMutexDelete
                0x08011fa6                osSemaphoreNew
                0x08012034                osSemaphoreAcquire
                0x08012098                osSemaphoreRelease
                0x080120f0                osSemaphoreGetCount
                0x08012112                osSemaphoreDelete
                0x08012136                osMessageQueueNew
                0x0801219a                osMessageQueuePut
                0x08012208                osMessageQueueGet
                0x08012274                osMessageQueueGetCapacity
                0x0801227a                osMessageQueueGetMsgSize
                0x08012280                osMessageQueueGetCount
                0x08012284                osMessageQueueGetSpace
                0x080122ba                osMessageQueueReset
                0x080122e0                osMessageQueueDelete
                0x080122e4                osMemoryPoolNew
                0x080123d8                osMemoryPoolGetName
                0x080123ee                osMemoryPoolAlloc
                0x080124a4                osMemoryPoolFree
                0x08012560                osMemoryPoolGetCapacity
                0x08012578                osMemoryPoolGetBlockSize
                0x08012590                osMemoryPoolGetCount
                0x080125c0                osMemoryPoolGetSpace
                0x080125f0                osMemoryPoolDelete
                0x0801264c                vApplicationGetIdleTaskMemory
                0x08012668                vApplicationGetTimerTaskMemory
 .text          0x08012684        0x2 build/FreeRTOS/clib_arm.o
                0x08012684                software_init_hook
 *fill*         0x08012686        0x2 
 .text          0x08012688       0xe0 build/FreeRTOS/os_systick.o
                0x08012688                OS_Tick_Setup
                0x080126c8                OS_Tick_Enable
                0x080126f4                OS_Tick_Disable
                0x08012720                OS_Tick_AcknowledgeIRQ
                0x0801272c                OS_Tick_GetIRQn
                0x08012732                OS_Tick_GetClock
                0x0801273c                OS_Tick_GetInterval
                0x08012748                OS_Tick_GetCount
                0x08012758                OS_Tick_GetOverflow
 .text          0x08012768       0x8c build/FreeRTOS/heap_useNewlib.o
                0x08012768                sbrk
                0x080127b8                _sbrk
                0x080127bc                __malloc_lock
                0x080127c0                __malloc_unlock
                0x080127c4                __env_lock
                0x080127c8                __env_unlock
                0x080127cc                pvPortMalloc
                0x080127d0                vPortFree
                0x080127d4                xPortGetFreeHeapSize
                0x080127f0                vPortInitialiseBlocks
 *fill*         0x080127f4        0xc 
 .text          0x08012800      0x1f8 build/FreeRTOS/port.o
                0x08012850                pxPortInitialiseStack
                0x0801287c                SVC_Handler
                0x080128a4                vPortEndScheduler
                0x080128a6                vPortEnterCritical
                0x080128c4                vPortExitCritical
                0x080128d8                PendSV_Handler
                0x08012944                xPortSysTickHandler
                0x08012974                vPortSetupTimerInterrupt
                0x080129a8                xPortStartScheduler
 .text          0x080129f8      0x308 build/tm_stm32_gpio.o
                0x080129f8                TM_GPIO_DeInit
                0x08012a40                TM_GPIO_SetPinAsInput
                0x08012a64                TM_GPIO_SetPinAsOutput
                0x08012a90                TM_GPIO_SetPinAsAnalog
                0x08012ab2                TM_GPIO_SetPinAsAlternate
                0x08012ade                TM_GPIO_SetPullResistor
                0x08012b08                TM_GPIO_Lock
                0x08012b18                TM_GPIO_GetPinSource
                0x08012b2c                TM_GPIO_GetPortSource
                0x08012b3a                TM_GPIO_INT_EnableClock
                0x08012b5c                TM_GPIO_INT_DisableClock
                0x08012b80                TM_GPIO_INT_Init
                0x08012c34                TM_GPIO_Init
                0x08012c66                TM_GPIO_InitAlternate
                0x08012ccc                TM_GPIO_GetUsedPins
                0x08012ce4                TM_GPIO_GetFreePins
 .text          0x08012d00      0x424 build/tm_stm32_i2c.o
                0x08012d00                TM_I2C_GetHandle
                0x08012d38                TM_I2C_Read
                0x08012d7c                TM_I2C_ReadMulti
                0x08012dc2                TM_I2C_ReadNoRegister
                0x08012de8                TM_I2C_ReadMultiNoRegister
                0x08012e12                TM_I2C_Write
                0x08012e42                TM_I2C_WriteMulti
                0x08012e78                TM_I2C_WriteNoRegister
                0x08012ea2                TM_I2C_WriteMultiNoRegister
                0x08012ecc                TM_I2C_Write16
                0x08012efe                TM_I2C_Read16
                0x08012f46                TM_I2C_IsDeviceConnected
                0x08012f5c                TM_I2C_WriteReadRepeatedStart
                0x08012fae                TM_I2C_InitCustomPinsCallback
                0x08012fb0                TM_I2C_Init
 .text          0x08013124      0x390 build/tm_stm32_mpu6050.o
                0x08013124                TM_MPU6050_SetGyroscope
                0x0801318c                TM_MPU6050_SetAccelerometer
                0x080131ec                TM_MPU6050_SetDataRate
                0x08013208                TM_MPU6050_Init
                0x080132a0                TM_MPU6050_EnableInterrupts
                0x080132e0                TM_MPU6050_DisableInterrupts
                0x080132fc                TM_MPU6050_ReadInterrupts
                0x08013328                TM_MPU6050_ReadAccelerometer
                0x08013370                TM_MPU6050_ReadGyroscope
                0x080133b8                TM_MPU6050_ReadTemperature
                0x08013408                TM_MPU6050_ReadAll
 .text          0x080134b4        0x0 c:/users/mark/documents/mcha3500/mcha3500_windows_toolchain/toolchain/gcc-arm-none-eabi/bin/../lib/gcc/arm-none-eabi/9.2.1/../../../../arm-none-eabi/lib/thumb/v7e-m+fp/hard\libm.a(lib_a-w_atan2.o)
 .text          0x080134b4        0x0 c:/users/mark/documents/mcha3500/mcha3500_windows_toolchain/toolchain/gcc-arm-none-eabi/bin/../lib/gcc/arm-none-eabi/9.2.1/../../../../arm-none-eabi/lib/thumb/v7e-m+fp/hard\libm.a(lib_a-wf_sqrt.o)
 .text          0x080134b4        0x0 c:/users/mark/documents/mcha3500/mcha3500_windows_toolchain/toolchain/gcc-arm-none-eabi/bin/../lib/gcc/arm-none-eabi/9.2.1/../../../../arm-none-eabi/lib/thumb/v7e-m+fp/hard\libm.a(lib_a-e_atan2.o)
 .text          0x080134b4        0x0 c:/users/mark/documents/mcha3500/mcha3500_windows_toolchain/toolchain/gcc-arm-none-eabi/bin/../lib/gcc/arm-none-eabi/9.2.1/../../../../arm-none-eabi/lib/thumb/v7e-m+fp/hard\libm.a(lib_a-ef_sqrt.o)
 .text          0x080134b4        0x0 c:/users/mark/documents/mcha3500/mcha3500_windows_toolchain/toolchain/gcc-arm-none-eabi/bin/../lib/gcc/arm-none-eabi/9.2.1/../../../../arm-none-eabi/lib/thumb/v7e-m+fp/hard\libm.a(lib_a-s_atan.o)
 .text          0x080134b4        0x0 c:/users/mark/documents/mcha3500/mcha3500_windows_toolchain/toolchain/gcc-arm-none-eabi/bin/../lib/gcc/arm-none-eabi/9.2.1/../../../../arm-none-eabi/lib/thumb/v7e-m+fp/hard\libm.a(lib_a-s_fabs.o)
 .text          0x080134b4        0x0 c:/users/mark/documents/mcha3500/mcha3500_windows_toolchain/toolchain/gcc-arm-none-eabi/bin/../lib/gcc/arm-none-eabi/9.2.1/../../../../arm-none-eabi/lib/thumb/v7e-m+fp/hard\libm.a(lib_a-s_lib_ver.o)
 .text          0x080134b4        0x0 c:/users/mark/documents/mcha3500/mcha3500_windows_toolchain/toolchain/gcc-arm-none-eabi/bin/../lib/gcc/arm-none-eabi/9.2.1/../../../../arm-none-eabi/lib/thumb/v7e-m+fp/hard\libm.a(lib_a-s_matherr.o)
 .text          0x080134b4        0x0 ../STM32Cube_F4_FW/Drivers/CMSIS/Lib/GCC/libarm_cortexM4lf_math.a(arm_mat_trans_f32.o)
 .text          0x080134b4        0x0 ../STM32Cube_F4_FW/Drivers/CMSIS/Lib/GCC/libarm_cortexM4lf_math.a(arm_mat_sub_f32.o)
 .text          0x080134b4        0x0 ../STM32Cube_F4_FW/Drivers/CMSIS/Lib/GCC/libarm_cortexM4lf_math.a(arm_mat_mult_f32.o)
 .text          0x080134b4        0x0 ../STM32Cube_F4_FW/Drivers/CMSIS/Lib/GCC/libarm_cortexM4lf_math.a(arm_mat_inverse_f32.o)
 .text          0x080134b4        0x0 ../STM32Cube_F4_FW/Drivers/CMSIS/Lib/GCC/libarm_cortexM4lf_math.a(arm_mat_init_f32.o)
 .text          0x080134b4        0x0 ../STM32Cube_F4_FW/Drivers/CMSIS/Lib/GCC/libarm_cortexM4lf_math.a(arm_mat_add_f32.o)
 .text          0x080134b4      0x254 c:/users/mark/documents/mcha3500/mcha3500_windows_toolchain/toolchain/gcc-arm-none-eabi/bin/../lib/gcc/arm-none-eabi/9.2.1/thumb/v7e-m+fp/hard\libgcc.a(_arm_muldf3.o)
 .text          0x08013708      0x378 c:/users/mark/documents/mcha3500/mcha3500_windows_toolchain/toolchain/gcc-arm-none-eabi/bin/../lib/gcc/arm-none-eabi/9.2.1/thumb/v7e-m+fp/hard\libgcc.a(_arm_addsubdf3.o)
                0x08013708                __aeabi_drsub
                0x08013710                __aeabi_dsub
                0x08013710                __subdf3
                0x08013714                __aeabi_dadd
                0x08013714                __adddf3
                0x0801398c                __floatunsidf
                0x0801398c                __aeabi_ui2d
                0x080139ac                __floatsidf
                0x080139ac                __aeabi_i2d
                0x080139d0                __aeabi_f2d
                0x080139d0                __extendsfdf2
                0x08013a14                __floatundidf
                0x08013a14                __aeabi_ul2d
                0x08013a24                __floatdidf
                0x08013a24                __aeabi_l2d
 .text          0x08013a80      0x424 c:/users/mark/documents/mcha3500/mcha3500_windows_toolchain/toolchain/gcc-arm-none-eabi/bin/../lib/gcc/arm-none-eabi/9.2.1/thumb/v7e-m+fp/hard\libgcc.a(_arm_muldivdf3.o)
                0x08013a80                __aeabi_dmul
                0x08013a80                __muldf3
                0x08013cd4                __divdf3
                0x08013cd4                __aeabi_ddiv
 .text          0x08013ea4      0x110 c:/users/mark/documents/mcha3500/mcha3500_windows_toolchain/toolchain/gcc-arm-none-eabi/bin/../lib/gcc/arm-none-eabi/9.2.1/thumb/v7e-m+fp/hard\libgcc.a(_arm_cmpdf2.o)
                0x08013ea4                __gtdf2
                0x08013ea4                __gedf2
                0x08013eac                __ltdf2
                0x08013eac                __ledf2
                0x08013eb4                __nedf2
                0x08013eb4                __eqdf2
                0x08013eb4                __cmpdf2
                0x08013f30                __aeabi_cdrcmple
                0x08013f40                __aeabi_cdcmpeq
                0x08013f40                __aeabi_cdcmple
                0x08013f50                __aeabi_dcmpeq
                0x08013f64                __aeabi_dcmplt
                0x08013f78                __aeabi_dcmple
                0x08013f8c                __aeabi_dcmpge
                0x08013fa0                __aeabi_dcmpgt
 .text          0x08013fb4       0xa0 c:/users/mark/documents/mcha3500/mcha3500_windows_toolchain/toolchain/gcc-arm-none-eabi/bin/../lib/gcc/arm-none-eabi/9.2.1/thumb/v7e-m+fp/hard\libgcc.a(_arm_truncdfsf2.o)
                0x08013fb4                __truncdfsf2
                0x08013fb4                __aeabi_d2f
 .text          0x08014054       0xa0 c:/users/mark/documents/mcha3500/mcha3500_windows_toolchain/toolchain/gcc-arm-none-eabi/bin/../lib/gcc/arm-none-eabi/9.2.1/thumb/v7e-m+fp/hard\libgcc.a(_aeabi_ldivmod.o)
                0x08014054                __aeabi_ldivmod
 .text          0x080140f4       0x30 c:/users/mark/documents/mcha3500/mcha3500_windows_toolchain/toolchain/gcc-arm-none-eabi/bin/../lib/gcc/arm-none-eabi/9.2.1/thumb/v7e-m+fp/hard\libgcc.a(_aeabi_uldivmod.o)
                0x080140f4                __aeabi_uldivmod
 .text          0x08014124      0x2c4 c:/users/mark/documents/mcha3500/mcha3500_windows_toolchain/toolchain/gcc-arm-none-eabi/bin/../lib/gcc/arm-none-eabi/9.2.1/thumb/v7e-m+fp/hard\libgcc.a(_udivmoddi4.o)
                0x08014124                __udivmoddi4
 .text          0x080143e8        0x4 c:/users/mark/documents/mcha3500/mcha3500_windows_toolchain/toolchain/gcc-arm-none-eabi/bin/../lib/gcc/arm-none-eabi/9.2.1/thumb/v7e-m+fp/hard\libgcc.a(_dvmd_tls.o)
                0x080143e8                __aeabi_idiv0
                0x080143e8                __aeabi_ldiv0
 .text          0x080143ec        0x0 c:/users/mark/documents/mcha3500/mcha3500_windows_toolchain/toolchain/gcc-arm-none-eabi/bin/../lib/gcc/arm-none-eabi/9.2.1/../../../../arm-none-eabi/lib/thumb/v7e-m+fp/hard\libc_nano.a(lib_a-atof.o)
 .text          0x080143ec        0x0 c:/users/mark/documents/mcha3500/mcha3500_windows_toolchain/toolchain/gcc-arm-none-eabi/bin/../lib/gcc/arm-none-eabi/9.2.1/../../../../arm-none-eabi/lib/thumb/v7e-m+fp/hard\libc_nano.a(lib_a-ctype_.o)
 .text          0x080143ec        0x0 c:/users/mark/documents/mcha3500/mcha3500_windows_toolchain/toolchain/gcc-arm-none-eabi/bin/../lib/gcc/arm-none-eabi/9.2.1/../../../../arm-none-eabi/lib/thumb/v7e-m+fp/hard\libc_nano.a(lib_a-errno.o)
 .text          0x080143ec        0x0 c:/users/mark/documents/mcha3500/mcha3500_windows_toolchain/toolchain/gcc-arm-none-eabi/bin/../lib/gcc/arm-none-eabi/9.2.1/../../../../arm-none-eabi/lib/thumb/v7e-m+fp/hard\libc_nano.a(lib_a-exit.o)
 .text          0x080143ec        0x0 c:/users/mark/documents/mcha3500/mcha3500_windows_toolchain/toolchain/gcc-arm-none-eabi/bin/../lib/gcc/arm-none-eabi/9.2.1/../../../../arm-none-eabi/lib/thumb/v7e-m+fp/hard\libc_nano.a(lib_a-getchar.o)
 .text          0x080143ec        0x0 c:/users/mark/documents/mcha3500/mcha3500_windows_toolchain/toolchain/gcc-arm-none-eabi/bin/../lib/gcc/arm-none-eabi/9.2.1/../../../../arm-none-eabi/lib/thumb/v7e-m+fp/hard\libc_nano.a(lib_a-impure.o)
 .text          0x080143ec        0x0 c:/users/mark/documents/mcha3500/mcha3500_windows_toolchain/toolchain/gcc-arm-none-eabi/bin/../lib/gcc/arm-none-eabi/9.2.1/../../../../arm-none-eabi/lib/thumb/v7e-m+fp/hard\libc_nano.a(lib_a-init.o)
 .text          0x080143ec        0x0 c:/users/mark/documents/mcha3500/mcha3500_windows_toolchain/toolchain/gcc-arm-none-eabi/bin/../lib/gcc/arm-none-eabi/9.2.1/../../../../arm-none-eabi/lib/thumb/v7e-m+fp/hard\libc_nano.a(lib_a-malloc.o)
 .text          0x080143ec        0x0 c:/users/mark/documents/mcha3500/mcha3500_windows_toolchain/toolchain/gcc-arm-none-eabi/bin/../lib/gcc/arm-none-eabi/9.2.1/../../../../arm-none-eabi/lib/thumb/v7e-m+fp/hard\libc_nano.a(lib_a-memcpy-stub.o)
 .text          0x080143ec        0x0 c:/users/mark/documents/mcha3500/mcha3500_windows_toolchain/toolchain/gcc-arm-none-eabi/bin/../lib/gcc/arm-none-eabi/9.2.1/../../../../arm-none-eabi/lib/thumb/v7e-m+fp/hard\libc_nano.a(lib_a-memset.o)
 .text          0x080143ec        0x0 c:/users/mark/documents/mcha3500/mcha3500_windows_toolchain/toolchain/gcc-arm-none-eabi/bin/../lib/gcc/arm-none-eabi/9.2.1/../../../../arm-none-eabi/lib/thumb/v7e-m+fp/hard\libc_nano.a(lib_a-mstats.o)
 .text          0x080143ec        0x0 c:/users/mark/documents/mcha3500/mcha3500_windows_toolchain/toolchain/gcc-arm-none-eabi/bin/../lib/gcc/arm-none-eabi/9.2.1/../../../../arm-none-eabi/lib/thumb/v7e-m+fp/hard\libc_nano.a(lib_a-nano-freer.o)
 .text          0x080143ec        0x0 c:/users/mark/documents/mcha3500/mcha3500_windows_toolchain/toolchain/gcc-arm-none-eabi/bin/../lib/gcc/arm-none-eabi/9.2.1/../../../../arm-none-eabi/lib/thumb/v7e-m+fp/hard\libc_nano.a(lib_a-nano-mallinfor.o)
 .text          0x080143ec        0x0 c:/users/mark/documents/mcha3500/mcha3500_windows_toolchain/toolchain/gcc-arm-none-eabi/bin/../lib/gcc/arm-none-eabi/9.2.1/../../../../arm-none-eabi/lib/thumb/v7e-m+fp/hard\libc_nano.a(lib_a-nano-mallocr.o)
 .text          0x080143ec        0x0 c:/users/mark/documents/mcha3500/mcha3500_windows_toolchain/toolchain/gcc-arm-none-eabi/bin/../lib/gcc/arm-none-eabi/9.2.1/../../../../arm-none-eabi/lib/thumb/v7e-m+fp/hard\libc_nano.a(lib_a-nano-malloptr.o)
 .text          0x080143ec        0x0 c:/users/mark/documents/mcha3500/mcha3500_windows_toolchain/toolchain/gcc-arm-none-eabi/bin/../lib/gcc/arm-none-eabi/9.2.1/../../../../arm-none-eabi/lib/thumb/v7e-m+fp/hard\libc_nano.a(lib_a-nano-mallstatsr.o)
 .text          0x080143ec        0x0 c:/users/mark/documents/mcha3500/mcha3500_windows_toolchain/toolchain/gcc-arm-none-eabi/bin/../lib/gcc/arm-none-eabi/9.2.1/../../../../arm-none-eabi/lib/thumb/v7e-m+fp/hard\libc_nano.a(lib_a-nano-vfprintf_float.o)
 .text          0x080143ec        0x0 c:/users/mark/documents/mcha3500/mcha3500_windows_toolchain/toolchain/gcc-arm-none-eabi/bin/../lib/gcc/arm-none-eabi/9.2.1/../../../../arm-none-eabi/lib/thumb/v7e-m+fp/hard\libc_nano.a(lib_a-nano-vfprintf_i.o)
 .text          0x080143ec        0x0 c:/users/mark/documents/mcha3500/mcha3500_windows_toolchain/toolchain/gcc-arm-none-eabi/bin/../lib/gcc/arm-none-eabi/9.2.1/../../../../arm-none-eabi/lib/thumb/v7e-m+fp/hard\libc_nano.a(lib_a-nano-vfscanf_float.o)
 .text          0x080143ec        0x0 c:/users/mark/documents/mcha3500/mcha3500_windows_toolchain/toolchain/gcc-arm-none-eabi/bin/../lib/gcc/arm-none-eabi/9.2.1/../../../../arm-none-eabi/lib/thumb/v7e-m+fp/hard\libc_nano.a(lib_a-printf.o)
 .text          0x080143ec        0x0 c:/users/mark/documents/mcha3500/mcha3500_windows_toolchain/toolchain/gcc-arm-none-eabi/bin/../lib/gcc/arm-none-eabi/9.2.1/../../../../arm-none-eabi/lib/thumb/v7e-m+fp/hard\libc_nano.a(lib_a-reent.o)
 .text          0x080143ec        0x0 c:/users/mark/documents/mcha3500/mcha3500_windows_toolchain/toolchain/gcc-arm-none-eabi/bin/../lib/gcc/arm-none-eabi/9.2.1/../../../../arm-none-eabi/lib/thumb/v7e-m+fp/hard\libc_nano.a(lib_a-sbrkr.o)
 .text          0x080143ec        0x0 c:/users/mark/documents/mcha3500/mcha3500_windows_toolchain/toolchain/gcc-arm-none-eabi/bin/../lib/gcc/arm-none-eabi/9.2.1/../../../../arm-none-eabi/lib/thumb/v7e-m+fp/hard\libc_nano.a(lib_a-setvbuf.o)
 .text          0x080143ec        0x0 c:/users/mark/documents/mcha3500/mcha3500_windows_toolchain/toolchain/gcc-arm-none-eabi/bin/../lib/gcc/arm-none-eabi/9.2.1/../../../../arm-none-eabi/lib/thumb/v7e-m+fp/hard\libc_nano.a(lib_a-sf_nan.o)
 .text          0x080143ec        0x0 c:/users/mark/documents/mcha3500/mcha3500_windows_toolchain/toolchain/gcc-arm-none-eabi/bin/../lib/gcc/arm-none-eabi/9.2.1/../../../../arm-none-eabi/lib/thumb/v7e-m+fp/hard\libc_nano.a(lib_a-sprintf.o)
 .text          0x080143ec       0x14 c:/users/mark/documents/mcha3500/mcha3500_windows_toolchain/toolchain/gcc-arm-none-eabi/bin/../lib/gcc/arm-none-eabi/9.2.1/../../../../arm-none-eabi/lib/thumb/v7e-m+fp/hard\libc_nano.a(lib_a-strcmp.o)
                0x080143ec                strcmp
 .text          0x08014400        0x0 c:/users/mark/documents/mcha3500/mcha3500_windows_toolchain/toolchain/gcc-arm-none-eabi/bin/../lib/gcc/arm-none-eabi/9.2.1/../../../../arm-none-eabi/lib/thumb/v7e-m+fp/hard\libc_nano.a(lib_a-strcpy.o)
 .text          0x08014400       0x10 c:/users/mark/documents/mcha3500/mcha3500_windows_toolchain/toolchain/gcc-arm-none-eabi/bin/../lib/gcc/arm-none-eabi/9.2.1/../../../../arm-none-eabi/lib/thumb/v7e-m+fp/hard\libc_nano.a(lib_a-strlen.o)
                0x08014400                strlen
 .text          0x08014410        0x0 c:/users/mark/documents/mcha3500/mcha3500_windows_toolchain/toolchain/gcc-arm-none-eabi/bin/../lib/gcc/arm-none-eabi/9.2.1/../../../../arm-none-eabi/lib/thumb/v7e-m+fp/hard\libc_nano.a(lib_a-strtod.o)
 .text          0x08014410        0x0 c:/users/mark/documents/mcha3500/mcha3500_windows_toolchain/toolchain/gcc-arm-none-eabi/bin/../lib/gcc/arm-none-eabi/9.2.1/../../../../arm-none-eabi/lib/thumb/v7e-m+fp/hard\libc_nano.a(lib_a-strtol.o)
 .text          0x08014410        0x0 c:/users/mark/documents/mcha3500/mcha3500_windows_toolchain/toolchain/gcc-arm-none-eabi/bin/../lib/gcc/arm-none-eabi/9.2.1/../../../../arm-none-eabi/lib/thumb/v7e-m+fp/hard\libc_nano.a(lib_a-vprintf.o)
 .text          0x08014410        0x0 c:/users/mark/documents/mcha3500/mcha3500_windows_toolchain/toolchain/gcc-arm-none-eabi/bin/../lib/gcc/arm-none-eabi/9.2.1/../../../../arm-none-eabi/lib/thumb/v7e-m+fp/hard\libc_nano.a(lib_a-dtoa.o)
 .text          0x08014410        0x0 c:/users/mark/documents/mcha3500/mcha3500_windows_toolchain/toolchain/gcc-arm-none-eabi/bin/../lib/gcc/arm-none-eabi/9.2.1/../../../../arm-none-eabi/lib/thumb/v7e-m+fp/hard\libc_nano.a(lib_a-fflush.o)
 .text          0x08014410        0x0 c:/users/mark/documents/mcha3500/mcha3500_windows_toolchain/toolchain/gcc-arm-none-eabi/bin/../lib/gcc/arm-none-eabi/9.2.1/../../../../arm-none-eabi/lib/thumb/v7e-m+fp/hard\libc_nano.a(lib_a-findfp.o)
 .text          0x08014410        0x0 c:/users/mark/documents/mcha3500/mcha3500_windows_toolchain/toolchain/gcc-arm-none-eabi/bin/../lib/gcc/arm-none-eabi/9.2.1/../../../../arm-none-eabi/lib/thumb/v7e-m+fp/hard\libc_nano.a(lib_a-fprintf.o)
 .text          0x08014410        0x0 c:/users/mark/documents/mcha3500/mcha3500_windows_toolchain/toolchain/gcc-arm-none-eabi/bin/../lib/gcc/arm-none-eabi/9.2.1/../../../../arm-none-eabi/lib/thumb/v7e-m+fp/hard\libc_nano.a(lib_a-fwalk.o)
 .text          0x08014410        0x0 c:/users/mark/documents/mcha3500/mcha3500_windows_toolchain/toolchain/gcc-arm-none-eabi/bin/../lib/gcc/arm-none-eabi/9.2.1/../../../../arm-none-eabi/lib/thumb/v7e-m+fp/hard\libc_nano.a(lib_a-gdtoa-gethex.o)
 .text          0x08014410        0x0 c:/users/mark/documents/mcha3500/mcha3500_windows_toolchain/toolchain/gcc-arm-none-eabi/bin/../lib/gcc/arm-none-eabi/9.2.1/../../../../arm-none-eabi/lib/thumb/v7e-m+fp/hard\libc_nano.a(lib_a-gdtoa-hexnan.o)
 .text          0x08014410        0x0 c:/users/mark/documents/mcha3500/mcha3500_windows_toolchain/toolchain/gcc-arm-none-eabi/bin/../lib/gcc/arm-none-eabi/9.2.1/../../../../arm-none-eabi/lib/thumb/v7e-m+fp/hard\libc_nano.a(lib_a-getc.o)
 .text          0x08014410        0x0 c:/users/mark/documents/mcha3500/mcha3500_windows_toolchain/toolchain/gcc-arm-none-eabi/bin/../lib/gcc/arm-none-eabi/9.2.1/../../../../arm-none-eabi/lib/thumb/v7e-m+fp/hard\libc_nano.a(lib_a-lnumeric.o)
 .text          0x08014410        0x0 c:/users/mark/documents/mcha3500/mcha3500_windows_toolchain/toolchain/gcc-arm-none-eabi/bin/../lib/gcc/arm-none-eabi/9.2.1/../../../../arm-none-eabi/lib/thumb/v7e-m+fp/hard\libc_nano.a(lib_a-locale.o)
 .text          0x08014410        0x0 c:/users/mark/documents/mcha3500/mcha3500_windows_toolchain/toolchain/gcc-arm-none-eabi/bin/../lib/gcc/arm-none-eabi/9.2.1/../../../../arm-none-eabi/lib/thumb/v7e-m+fp/hard\libc_nano.a(lib_a-localeconv.o)
 .text          0x08014410        0x0 c:/users/mark/documents/mcha3500/mcha3500_windows_toolchain/toolchain/gcc-arm-none-eabi/bin/../lib/gcc/arm-none-eabi/9.2.1/../../../../arm-none-eabi/lib/thumb/v7e-m+fp/hard\libc_nano.a(lib_a-lock.o)
 .text          0x08014410        0x0 c:/users/mark/documents/mcha3500/mcha3500_windows_toolchain/toolchain/gcc-arm-none-eabi/bin/../lib/gcc/arm-none-eabi/9.2.1/../../../../arm-none-eabi/lib/thumb/v7e-m+fp/hard\libc_nano.a(lib_a-makebuf.o)
 .text          0x08014410        0x0 c:/users/mark/documents/mcha3500/mcha3500_windows_toolchain/toolchain/gcc-arm-none-eabi/bin/../lib/gcc/arm-none-eabi/9.2.1/../../../../arm-none-eabi/lib/thumb/v7e-m+fp/hard\libc_nano.a(lib_a-mbtowc_r.o)
 .text          0x08014410       0xa0 c:/users/mark/documents/mcha3500/mcha3500_windows_toolchain/toolchain/gcc-arm-none-eabi/bin/../lib/gcc/arm-none-eabi/9.2.1/../../../../arm-none-eabi/lib/thumb/v7e-m+fp/hard\libc_nano.a(lib_a-memchr.o)
                0x08014410                memchr
 .text          0x080144b0        0x0 c:/users/mark/documents/mcha3500/mcha3500_windows_toolchain/toolchain/gcc-arm-none-eabi/bin/../lib/gcc/arm-none-eabi/9.2.1/../../../../arm-none-eabi/lib/thumb/v7e-m+fp/hard\libc_nano.a(lib_a-mprec.o)
 .text          0x080144b0        0x0 c:/users/mark/documents/mcha3500/mcha3500_windows_toolchain/toolchain/gcc-arm-none-eabi/bin/../lib/gcc/arm-none-eabi/9.2.1/../../../../arm-none-eabi/lib/thumb/v7e-m+fp/hard\libc_nano.a(lib_a-nano-callocr.o)
 .text          0x080144b0        0x0 c:/users/mark/documents/mcha3500/mcha3500_windows_toolchain/toolchain/gcc-arm-none-eabi/bin/../lib/gcc/arm-none-eabi/9.2.1/../../../../arm-none-eabi/lib/thumb/v7e-m+fp/hard\libc_nano.a(lib_a-nano-svfprintf.o)
 .text          0x080144b0        0x0 c:/users/mark/documents/mcha3500/mcha3500_windows_toolchain/toolchain/gcc-arm-none-eabi/bin/../lib/gcc/arm-none-eabi/9.2.1/../../../../arm-none-eabi/lib/thumb/v7e-m+fp/hard\libc_nano.a(lib_a-nano-vfprintf.o)
 .text          0x080144b0        0x0 c:/users/mark/documents/mcha3500/mcha3500_windows_toolchain/toolchain/gcc-arm-none-eabi/bin/../lib/gcc/arm-none-eabi/9.2.1/../../../../arm-none-eabi/lib/thumb/v7e-m+fp/hard\libc_nano.a(lib_a-rget.o)
 .text          0x080144b0        0x0 c:/users/mark/documents/mcha3500/mcha3500_windows_toolchain/toolchain/gcc-arm-none-eabi/bin/../lib/gcc/arm-none-eabi/9.2.1/../../../../arm-none-eabi/lib/thumb/v7e-m+fp/hard\libc_nano.a(lib_a-s_nan.o)
 .text          0x080144b0        0x0 c:/users/mark/documents/mcha3500/mcha3500_windows_toolchain/toolchain/gcc-arm-none-eabi/bin/../lib/gcc/arm-none-eabi/9.2.1/../../../../arm-none-eabi/lib/thumb/v7e-m+fp/hard\libc_nano.a(lib_a-stdio.o)
 .text          0x080144b0        0x0 c:/users/mark/documents/mcha3500/mcha3500_windows_toolchain/toolchain/gcc-arm-none-eabi/bin/../lib/gcc/arm-none-eabi/9.2.1/../../../../arm-none-eabi/lib/thumb/v7e-m+fp/hard\libc_nano.a(lib_a-strncmp.o)
 .text          0x080144b0        0x0 c:/users/mark/documents/mcha3500/mcha3500_windows_toolchain/toolchain/gcc-arm-none-eabi/bin/../lib/gcc/arm-none-eabi/9.2.1/../../../../arm-none-eabi/lib/thumb/v7e-m+fp/hard\libc_nano.a(lib_a-wbuf.o)
 .text          0x080144b0        0x0 c:/users/mark/documents/mcha3500/mcha3500_windows_toolchain/toolchain/gcc-arm-none-eabi/bin/../lib/gcc/arm-none-eabi/9.2.1/../../../../arm-none-eabi/lib/thumb/v7e-m+fp/hard\libc_nano.a(lib_a-wctomb_r.o)
 .text          0x080144b0        0x0 c:/users/mark/documents/mcha3500/mcha3500_windows_toolchain/toolchain/gcc-arm-none-eabi/bin/../lib/gcc/arm-none-eabi/9.2.1/../../../../arm-none-eabi/lib/thumb/v7e-m+fp/hard\libc_nano.a(lib_a-writer.o)
 .text          0x080144b0        0x0 c:/users/mark/documents/mcha3500/mcha3500_windows_toolchain/toolchain/gcc-arm-none-eabi/bin/../lib/gcc/arm-none-eabi/9.2.1/../../../../arm-none-eabi/lib/thumb/v7e-m+fp/hard\libc_nano.a(lib_a-wsetup.o)
 .text          0x080144b0        0x0 c:/users/mark/documents/mcha3500/mcha3500_windows_toolchain/toolchain/gcc-arm-none-eabi/bin/../lib/gcc/arm-none-eabi/9.2.1/../../../../arm-none-eabi/lib/thumb/v7e-m+fp/hard\libc_nano.a(lib_a-closer.o)
 .text          0x080144b0        0x0 c:/users/mark/documents/mcha3500/mcha3500_windows_toolchain/toolchain/gcc-arm-none-eabi/bin/../lib/gcc/arm-none-eabi/9.2.1/../../../../arm-none-eabi/lib/thumb/v7e-m+fp/hard\libc_nano.a(lib_a-fstatr.o)
 .text          0x080144b0        0x0 c:/users/mark/documents/mcha3500/mcha3500_windows_toolchain/toolchain/gcc-arm-none-eabi/bin/../lib/gcc/arm-none-eabi/9.2.1/../../../../arm-none-eabi/lib/thumb/v7e-m+fp/hard\libc_nano.a(lib_a-fvwrite.o)
 .text          0x080144b0        0x0 c:/users/mark/documents/mcha3500/mcha3500_windows_toolchain/toolchain/gcc-arm-none-eabi/bin/../lib/gcc/arm-none-eabi/9.2.1/../../../../arm-none-eabi/lib/thumb/v7e-m+fp/hard\libc_nano.a(lib_a-isattyr.o)
 .text          0x080144b0        0x0 c:/users/mark/documents/mcha3500/mcha3500_windows_toolchain/toolchain/gcc-arm-none-eabi/bin/../lib/gcc/arm-none-eabi/9.2.1/../../../../arm-none-eabi/lib/thumb/v7e-m+fp/hard\libc_nano.a(lib_a-lseekr.o)
 .text          0x080144b0        0x0 c:/users/mark/documents/mcha3500/mcha3500_windows_toolchain/toolchain/gcc-arm-none-eabi/bin/../lib/gcc/arm-none-eabi/9.2.1/../../../../arm-none-eabi/lib/thumb/v7e-m+fp/hard\libc_nano.a(lib_a-memmove.o)
 .text          0x080144b0        0x0 c:/users/mark/documents/mcha3500/mcha3500_windows_toolchain/toolchain/gcc-arm-none-eabi/bin/../lib/gcc/arm-none-eabi/9.2.1/../../../../arm-none-eabi/lib/thumb/v7e-m+fp/hard\libc_nano.a(lib_a-nano-reallocr.o)
 .text          0x080144b0        0x0 c:/users/mark/documents/mcha3500/mcha3500_windows_toolchain/toolchain/gcc-arm-none-eabi/bin/../lib/gcc/arm-none-eabi/9.2.1/../../../../arm-none-eabi/lib/thumb/v7e-m+fp/hard\libc_nano.a(lib_a-readr.o)
 .text          0x080144b0        0x0 c:/users/mark/documents/mcha3500/mcha3500_windows_toolchain/toolchain/gcc-arm-none-eabi/bin/../lib/gcc/arm-none-eabi/9.2.1/../../../../arm-none-eabi/lib/thumb/v7e-m+fp/hard\libc_nano.a(lib_a-refill.o)
 .text          0x080144b0        0x0 c:/users/mark/documents/mcha3500/mcha3500_windows_toolchain/toolchain/gcc-arm-none-eabi/bin/../lib/gcc/arm-none-eabi/9.2.1/../../../../arm-none-eabi/lib/thumb/v7e-m+fp/hard\libc_nano.a(lib_a-nano-msizer.o)
 .text          0x080144b0       0x2c c:/users/mark/documents/mcha3500/mcha3500_windows_toolchain/toolchain/gcc-arm-none-eabi/bin/../lib/gcc/arm-none-eabi/9.2.1/thumb/v7e-m+fp/hard\libgcc.a(_arm_unorddf2.o)
                0x080144b0                __unorddf2
                0x080144b0                __aeabi_dcmpun
 .text          0x080144dc       0x50 c:/users/mark/documents/mcha3500/mcha3500_windows_toolchain/toolchain/gcc-arm-none-eabi/bin/../lib/gcc/arm-none-eabi/9.2.1/thumb/v7e-m+fp/hard\libgcc.a(_arm_fixdfsi.o)
                0x080144dc                __aeabi_d2iz
                0x080144dc                __fixdfsi
 .text          0x0801452c       0x40 c:/users/mark/documents/mcha3500/mcha3500_windows_toolchain/toolchain/gcc-arm-none-eabi/bin/../lib/gcc/arm-none-eabi/9.2.1/thumb/v7e-m+fp/hard\libgcc.a(_arm_fixunsdfsi.o)
                0x0801452c                __aeabi_d2uiz
                0x0801452c                __fixunsdfsi
 .text          0x0801456c       0x30 c:/users/mark/documents/mcha3500/mcha3500_windows_toolchain/toolchain/gcc-arm-none-eabi/bin/../lib/gcc/arm-none-eabi/9.2.1/thumb/v7e-m+fp/hard\libgcc.a(_fixdfdi.o)
                0x0801456c                __fixdfdi
                0x0801456c                __aeabi_d2lz
 .text          0x0801459c       0x3c c:/users/mark/documents/mcha3500/mcha3500_windows_toolchain/toolchain/gcc-arm-none-eabi/bin/../lib/gcc/arm-none-eabi/9.2.1/thumb/v7e-m+fp/hard\libgcc.a(_fixunsdfdi.o)
                0x0801459c                __fixunsdfdi
                0x0801459c                __aeabi_d2ulz
 .text          0x080145d8        0x0 c:/users/mark/documents/mcha3500/mcha3500_windows_toolchain/toolchain/gcc-arm-none-eabi/bin/../lib/gcc/arm-none-eabi/9.2.1/../../../../arm-none-eabi/lib/thumb/v7e-m+fp/hard\libnosys.a(close.o)
 .text          0x080145d8        0x0 c:/users/mark/documents/mcha3500/mcha3500_windows_toolchain/toolchain/gcc-arm-none-eabi/bin/../lib/gcc/arm-none-eabi/9.2.1/../../../../arm-none-eabi/lib/thumb/v7e-m+fp/hard\libnosys.a(fstat.o)
 .text          0x080145d8        0x0 c:/users/mark/documents/mcha3500/mcha3500_windows_toolchain/toolchain/gcc-arm-none-eabi/bin/../lib/gcc/arm-none-eabi/9.2.1/../../../../arm-none-eabi/lib/thumb/v7e-m+fp/hard\libnosys.a(isatty.o)
 .text          0x080145d8        0x0 c:/users/mark/documents/mcha3500/mcha3500_windows_toolchain/toolchain/gcc-arm-none-eabi/bin/../lib/gcc/arm-none-eabi/9.2.1/../../../../arm-none-eabi/lib/thumb/v7e-m+fp/hard\libnosys.a(lseek.o)
 .text          0x080145d8        0x0 c:/users/mark/documents/mcha3500/mcha3500_windows_toolchain/toolchain/gcc-arm-none-eabi/bin/../lib/gcc/arm-none-eabi/9.2.1/../../../../arm-none-eabi/lib/thumb/v7e-m+fp/hard\libnosys.a(_exit.o)
 .text          0x080145d8        0x0 c:/users/mark/documents/mcha3500/mcha3500_windows_toolchain/toolchain/gcc-arm-none-eabi/bin/../lib/gcc/arm-none-eabi/9.2.1/thumb/v7e-m+fp/hard/crtend.o
 .text          0x080145d8        0x0 c:/users/mark/documents/mcha3500/mcha3500_windows_toolchain/toolchain/gcc-arm-none-eabi/bin/../lib/gcc/arm-none-eabi/9.2.1/thumb/v7e-m+fp/hard/crtn.o
 *(.text*)
 .text.startup  0x080145d8       0xc0 build/main.o
                0x080145d8                main
 .text.Reset_Handler
                0x08014698       0x50 build/startup_stm32f446xx.o
                0x08014698                Reset_Handler
 .text.Default_Handler
                0x080146e8        0x2 build/startup_stm32f446xx.o
                0x080146e8                RTC_Alarm_IRQHandler
                0x080146e8                TIM8_CC_IRQHandler
                0x080146e8                SPI4_IRQHandler
                0x080146e8                TIM1_CC_IRQHandler
                0x080146e8                DMA2_Stream5_IRQHandler
                0x080146e8                DMA1_Stream5_IRQHandler
                0x080146e8                PVD_IRQHandler
                0x080146e8                SDIO_IRQHandler
                0x080146e8                TAMP_STAMP_IRQHandler
                0x080146e8                CAN2_RX1_IRQHandler
                0x080146e8                TIM8_TRG_COM_TIM14_IRQHandler
                0x080146e8                TIM1_UP_TIM10_IRQHandler
                0x080146e8                TIM8_UP_TIM13_IRQHandler
                0x080146e8                I2C3_ER_IRQHandler
                0x080146e8                FMPI2C1_Event_IRQHandler
                0x080146e8                I2C2_EV_IRQHandler
                0x080146e8                DMA1_Stream2_IRQHandler
                0x080146e8                CAN1_RX0_IRQHandler
                0x080146e8                FPU_IRQHandler
                0x080146e8                OTG_HS_WKUP_IRQHandler
                0x080146e8                CAN2_SCE_IRQHandler
                0x080146e8                DMA2_Stream2_IRQHandler
                0x080146e8                SPI1_IRQHandler
                0x080146e8                TIM6_DAC_IRQHandler
                0x080146e8                TIM1_BRK_TIM9_IRQHandler
                0x080146e8                DCMI_IRQHandler
                0x080146e8                CAN2_RX0_IRQHandler
                0x080146e8                DMA2_Stream3_IRQHandler
                0x080146e8                SAI2_IRQHandler
                0x080146e8                USART6_IRQHandler
                0x080146e8                USART3_IRQHandler
                0x080146e8                CAN1_RX1_IRQHandler
                0x080146e8                UART5_IRQHandler
                0x080146e8                DMA2_Stream0_IRQHandler
                0x080146e8                TIM4_IRQHandler
                0x080146e8                QUADSPI_IRQHandler
                0x080146e8                I2C1_EV_IRQHandler
                0x080146e8                DMA1_Stream6_IRQHandler
                0x080146e8                DMA1_Stream1_IRQHandler
                0x080146e8                UART4_IRQHandler
                0x080146e8                TIM3_IRQHandler
                0x080146e8                RCC_IRQHandler
                0x080146e8                TIM8_BRK_TIM12_IRQHandler
                0x080146e8                Default_Handler
                0x080146e8                CEC_IRQHandler
                0x080146e8                ADC_IRQHandler
                0x080146e8                DMA1_Stream7_IRQHandler
                0x080146e8                TIM7_IRQHandler
                0x080146e8                CAN2_TX_IRQHandler
                0x080146e8                TIM5_IRQHandler
                0x080146e8                DMA2_Stream7_IRQHandler
                0x080146e8                I2C3_EV_IRQHandler
                0x080146e8                RTC_WKUP_IRQHandler
                0x080146e8                SPDIF_RX_IRQHandler
                0x080146e8                SPI2_IRQHandler
                0x080146e8                OTG_HS_EP1_IN_IRQHandler
                0x080146e8                DMA1_Stream0_IRQHandler
                0x080146e8                CAN1_TX_IRQHandler
                0x080146e8                OTG_HS_EP1_OUT_IRQHandler
                0x080146e8                WWDG_IRQHandler
                0x080146e8                TIM2_IRQHandler
                0x080146e8                OTG_FS_WKUP_IRQHandler
                0x080146e8                TIM1_TRG_COM_TIM11_IRQHandler
                0x080146e8                OTG_HS_IRQHandler
                0x080146e8                I2C2_ER_IRQHandler
                0x080146e8                DMA2_Stream1_IRQHandler
                0x080146e8                CAN1_SCE_IRQHandler
                0x080146e8                FLASH_IRQHandler
                0x080146e8                DMA2_Stream4_IRQHandler
                0x080146e8                USART1_IRQHandler
                0x080146e8                OTG_FS_IRQHandler
                0x080146e8                SPI3_IRQHandler
                0x080146e8                DMA1_Stream4_IRQHandler
                0x080146e8                I2C1_ER_IRQHandler
                0x080146e8                FMC_IRQHandler
                0x080146e8                DMA2_Stream6_IRQHandler
                0x080146e8                SAI1_IRQHandler
                0x080146e8                DMA1_Stream3_IRQHandler
                0x080146e8                FMPI2C1_Error_IRQHandler
 *fill*         0x080146ea        0x2 
 .text.atan2    0x080146ec        0x4 c:/users/mark/documents/mcha3500/mcha3500_windows_toolchain/toolchain/gcc-arm-none-eabi/bin/../lib/gcc/arm-none-eabi/9.2.1/../../../../arm-none-eabi/lib/thumb/v7e-m+fp/hard\libm.a(lib_a-w_atan2.o)
                0x080146ec                atan2
 .text.sqrtf    0x080146f0       0xb0 c:/users/mark/documents/mcha3500/mcha3500_windows_toolchain/toolchain/gcc-arm-none-eabi/bin/../lib/gcc/arm-none-eabi/9.2.1/../../../../arm-none-eabi/lib/thumb/v7e-m+fp/hard\libm.a(lib_a-wf_sqrt.o)
                0x080146f0                sqrtf
 .text.__ieee754_atan2
                0x080147a0      0x1fc c:/users/mark/documents/mcha3500/mcha3500_windows_toolchain/toolchain/gcc-arm-none-eabi/bin/../lib/gcc/arm-none-eabi/9.2.1/../../../../arm-none-eabi/lib/thumb/v7e-m+fp/hard\libm.a(lib_a-e_atan2.o)
                0x080147a0                __ieee754_atan2
 .text.__ieee754_sqrtf
                0x0801499c        0x8 c:/users/mark/documents/mcha3500/mcha3500_windows_toolchain/toolchain/gcc-arm-none-eabi/bin/../lib/gcc/arm-none-eabi/9.2.1/../../../../arm-none-eabi/lib/thumb/v7e-m+fp/hard\libm.a(lib_a-ef_sqrt.o)
                0x0801499c                __ieee754_sqrtf
 *fill*         0x080149a4        0x4 
 .text.atan     0x080149a8      0x368 c:/users/mark/documents/mcha3500/mcha3500_windows_toolchain/toolchain/gcc-arm-none-eabi/bin/../lib/gcc/arm-none-eabi/9.2.1/../../../../arm-none-eabi/lib/thumb/v7e-m+fp/hard\libm.a(lib_a-s_atan.o)
                0x080149a8                atan
 .text.fabs     0x08014d10       0x14 c:/users/mark/documents/mcha3500/mcha3500_windows_toolchain/toolchain/gcc-arm-none-eabi/bin/../lib/gcc/arm-none-eabi/9.2.1/../../../../arm-none-eabi/lib/thumb/v7e-m+fp/hard\libm.a(lib_a-s_fabs.o)
                0x08014d10                fabs
 .text.matherr  0x08014d24        0x4 c:/users/mark/documents/mcha3500/mcha3500_windows_toolchain/toolchain/gcc-arm-none-eabi/bin/../lib/gcc/arm-none-eabi/9.2.1/../../../../arm-none-eabi/lib/thumb/v7e-m+fp/hard\libm.a(lib_a-s_matherr.o)
                0x08014d24                matherr
 .text.arm_mat_trans_f32
                0x08014d28       0xe8 ../STM32Cube_F4_FW/Drivers/CMSIS/Lib/GCC/libarm_cortexM4lf_math.a(arm_mat_trans_f32.o)
                0x08014d28                arm_mat_trans_f32
 .text.arm_mat_sub_f32
                0x08014e10       0xb4 ../STM32Cube_F4_FW/Drivers/CMSIS/Lib/GCC/libarm_cortexM4lf_math.a(arm_mat_sub_f32.o)
                0x08014e10                arm_mat_sub_f32
 .text.arm_mat_mult_f32
                0x08014ec4      0x14c ../STM32Cube_F4_FW/Drivers/CMSIS/Lib/GCC/libarm_cortexM4lf_math.a(arm_mat_mult_f32.o)
                0x08014ec4                arm_mat_mult_f32
 .text.arm_mat_inverse_f32
                0x08015010      0x2a0 ../STM32Cube_F4_FW/Drivers/CMSIS/Lib/GCC/libarm_cortexM4lf_math.a(arm_mat_inverse_f32.o)
                0x08015010                arm_mat_inverse_f32
 .text.arm_mat_init_f32
                0x080152b0        0x8 ../STM32Cube_F4_FW/Drivers/CMSIS/Lib/GCC/libarm_cortexM4lf_math.a(arm_mat_init_f32.o)
                0x080152b0                arm_mat_init_f32
 .text.arm_mat_add_f32
                0x080152b8       0xb4 ../STM32Cube_F4_FW/Drivers/CMSIS/Lib/GCC/libarm_cortexM4lf_math.a(arm_mat_add_f32.o)
                0x080152b8                arm_mat_add_f32
 .text.atof     0x0801536c        0x6 c:/users/mark/documents/mcha3500/mcha3500_windows_toolchain/toolchain/gcc-arm-none-eabi/bin/../lib/gcc/arm-none-eabi/9.2.1/../../../../arm-none-eabi/lib/thumb/v7e-m+fp/hard\libc_nano.a(lib_a-atof.o)
                0x0801536c                atof
 *fill*         0x08015372        0x2 
 .text.__errno  0x08015374        0xc c:/users/mark/documents/mcha3500/mcha3500_windows_toolchain/toolchain/gcc-arm-none-eabi/bin/../lib/gcc/arm-none-eabi/9.2.1/../../../../arm-none-eabi/lib/thumb/v7e-m+fp/hard\libc_nano.a(lib_a-errno.o)
                0x08015374                __errno
 .text.exit     0x08015380       0x28 c:/users/mark/documents/mcha3500/mcha3500_windows_toolchain/toolchain/gcc-arm-none-eabi/bin/../lib/gcc/arm-none-eabi/9.2.1/../../../../arm-none-eabi/lib/thumb/v7e-m+fp/hard\libc_nano.a(lib_a-exit.o)