Archive member included to satisfy reference by file (symbol)

c:/users/mark/documents/mcha3500/mcha3500_windows_toolchain/toolchain/gcc-arm-none-eabi/bin/../lib/gcc/arm-none-eabi/9.2.1/../../../../arm-none-eabi/lib/thumb/v7e-m+fp/hard\libm.a(lib_a-w_atan2.o)
                              build/IMU.o (atan2)
c:/users/mark/documents/mcha3500/mcha3500_windows_toolchain/toolchain/gcc-arm-none-eabi/bin/../lib/gcc/arm-none-eabi/9.2.1/../../../../arm-none-eabi/lib/thumb/v7e-m+fp/hard\libm.a(lib_a-wf_sqrt.o)
                              build/qpas_sub_noblas.o (sqrtf)
c:/users/mark/documents/mcha3500/mcha3500_windows_toolchain/toolchain/gcc-arm-none-eabi/bin/../lib/gcc/arm-none-eabi/9.2.1/../../../../arm-none-eabi/lib/thumb/v7e-m+fp/hard\libm.a(lib_a-e_atan2.o)
                              c:/users/mark/documents/mcha3500/mcha3500_windows_toolchain/toolchain/gcc-arm-none-eabi/bin/../lib/gcc/arm-none-eabi/9.2.1/../../../../arm-none-eabi/lib/thumb/v7e-m+fp/hard\libm.a(lib_a-w_atan2.o) (__ieee754_atan2)
c:/users/mark/documents/mcha3500/mcha3500_windows_toolchain/toolchain/gcc-arm-none-eabi/bin/../lib/gcc/arm-none-eabi/9.2.1/../../../../arm-none-eabi/lib/thumb/v7e-m+fp/hard\libm.a(lib_a-ef_sqrt.o)
                              c:/users/mark/documents/mcha3500/mcha3500_windows_toolchain/toolchain/gcc-arm-none-eabi/bin/../lib/gcc/arm-none-eabi/9.2.1/../../../../arm-none-eabi/lib/thumb/v7e-m+fp/hard\libm.a(lib_a-wf_sqrt.o) (__ieee754_sqrtf)
c:/users/mark/documents/mcha3500/mcha3500_windows_toolchain/toolchain/gcc-arm-none-eabi/bin/../lib/gcc/arm-none-eabi/9.2.1/../../../../arm-none-eabi/lib/thumb/v7e-m+fp/hard\libm.a(lib_a-s_atan.o)
                              c:/users/mark/documents/mcha3500/mcha3500_windows_toolchain/toolchain/gcc-arm-none-eabi/bin/../lib/gcc/arm-none-eabi/9.2.1/../../../../arm-none-eabi/lib/thumb/v7e-m+fp/hard\libm.a(lib_a-e_atan2.o) (atan)
c:/users/mark/documents/mcha3500/mcha3500_windows_toolchain/toolchain/gcc-arm-none-eabi/bin/../lib/gcc/arm-none-eabi/9.2.1/../../../../arm-none-eabi/lib/thumb/v7e-m+fp/hard\libm.a(lib_a-s_fabs.o)
                              c:/users/mark/documents/mcha3500/mcha3500_windows_toolchain/toolchain/gcc-arm-none-eabi/bin/../lib/gcc/arm-none-eabi/9.2.1/../../../../arm-none-eabi/lib/thumb/v7e-m+fp/hard\libm.a(lib_a-e_atan2.o) (fabs)
c:/users/mark/documents/mcha3500/mcha3500_windows_toolchain/toolchain/gcc-arm-none-eabi/bin/../lib/gcc/arm-none-eabi/9.2.1/../../../../arm-none-eabi/lib/thumb/v7e-m+fp/hard\libm.a(lib_a-s_lib_ver.o)
                              c:/users/mark/documents/mcha3500/mcha3500_windows_toolchain/toolchain/gcc-arm-none-eabi/bin/../lib/gcc/arm-none-eabi/9.2.1/../../../../arm-none-eabi/lib/thumb/v7e-m+fp/hard\libm.a(lib_a-wf_sqrt.o) (__fdlib_version)
c:/users/mark/documents/mcha3500/mcha3500_windows_toolchain/toolchain/gcc-arm-none-eabi/bin/../lib/gcc/arm-none-eabi/9.2.1/../../../../arm-none-eabi/lib/thumb/v7e-m+fp/hard\libm.a(lib_a-s_matherr.o)
                              c:/users/mark/documents/mcha3500/mcha3500_windows_toolchain/toolchain/gcc-arm-none-eabi/bin/../lib/gcc/arm-none-eabi/9.2.1/../../../../arm-none-eabi/lib/thumb/v7e-m+fp/hard\libm.a(lib_a-wf_sqrt.o) (matherr)
../STM32Cube_F4_FW/Drivers/CMSIS/Lib/GCC/libarm_cortexM4lf_math.a(arm_mat_trans_f32.o)
                              build/kalman.o (arm_mat_trans_f32)
../STM32Cube_F4_FW/Drivers/CMSIS/Lib/GCC/libarm_cortexM4lf_math.a(arm_mat_sub_f32.o)
                              build/kalman.o (arm_mat_sub_f32)
../STM32Cube_F4_FW/Drivers/CMSIS/Lib/GCC/libarm_cortexM4lf_math.a(arm_mat_mult_f32.o)
                              build/kalman.o (arm_mat_mult_f32)
../STM32Cube_F4_FW/Drivers/CMSIS/Lib/GCC/libarm_cortexM4lf_math.a(arm_mat_inverse_f32.o)
                              build/kalman.o (arm_mat_inverse_f32)
../STM32Cube_F4_FW/Drivers/CMSIS/Lib/GCC/libarm_cortexM4lf_math.a(arm_mat_init_f32.o)
                              build/kalman.o (arm_mat_init_f32)
../STM32Cube_F4_FW/Drivers/CMSIS/Lib/GCC/libarm_cortexM4lf_math.a(arm_mat_add_f32.o)
                              build/kalman.o (arm_mat_add_f32)
c:/users/mark/documents/mcha3500/mcha3500_windows_toolchain/toolchain/gcc-arm-none-eabi/bin/../lib/gcc/arm-none-eabi/9.2.1/thumb/v7e-m+fp/hard\libgcc.a(_arm_muldf3.o)
                              build/pendulum.o (__aeabi_dmul)
c:/users/mark/documents/mcha3500/mcha3500_windows_toolchain/toolchain/gcc-arm-none-eabi/bin/../lib/gcc/arm-none-eabi/9.2.1/thumb/v7e-m+fp/hard\libgcc.a(_arm_addsubdf3.o)
                              c:/users/mark/documents/mcha3500/mcha3500_windows_toolchain/toolchain/gcc-arm-none-eabi/bin/../lib/gcc/arm-none-eabi/9.2.1/../../../../arm-none-eabi/lib/thumb/v7e-m+fp/hard\libm.a(lib_a-e_atan2.o) (__aeabi_dsub)
c:/users/mark/documents/mcha3500/mcha3500_windows_toolchain/toolchain/gcc-arm-none-eabi/bin/../lib/gcc/arm-none-eabi/9.2.1/thumb/v7e-m+fp/hard\libgcc.a(_arm_muldivdf3.o)
                              build/motor.o (__aeabi_ddiv)
[...]
Memory Configuration

Name             Origin             Length             Attributes
FLASH            0x08000000         0x00080000         xr
RAM              0x20000000         0x00020000         xrw
*default*        0x00000000         0xffffffff

Linker script and memory map

LOAD c:/users/mark/documents/mcha3500/mcha3500_windows_toolchain/toolchain/gcc-arm-none-eabi/bin/../lib/gcc/arm-none-eabi/9.2.1/thumb/v7e-m+fp/hard/crti.o
LOAD c:/users/mark/documents/mcha3500/mcha3500_windows_toolchain/toolchain/gcc-arm-none-eabi/bin/../lib/gcc/arm-none-eabi/9.2.1/thumb/v7e-m+fp/hard/crtbegin.o
LOAD c:/users/mark/documents/mcha3500/mcha3500_windows_toolchain/toolchain/gcc-arm-none-eabi/bin/../lib/gcc/arm-none-eabi/9.2.1/../../../../arm-none-eabi/lib/thumb/v7e-m+fp/hard/crt0.o
LOAD build/stm32f4xx_it.o
LOAD build/system_stm32f4xx.o
LOAD build/cmd_line_buffer.o
LOAD build/cmd_parser.o
LOAD build/cmd_task.o
LOAD build/main.o
LOAD build/uart.o
LOAD build/heartbeat_task.o
LOAD build/heartbeat_cmd.o
LOAD build/dummy_task.o
LOAD build/pendulum.o
LOAD build/motor.o
LOAD build/data_logging.o
LOAD build/controller.o
LOAD build/IMU.o
LOAD build/kalman.o
LOAD build/control_loop.o
LOAD build/qpas_sub_noblas.o
LOAD build/startup_stm32f446xx.o
LOAD build/stm32f4_HAL/stm32f4xx_hal.o
LOAD build/stm32f4_HAL/stm32f4xx_hal_dma.o
LOAD build/stm32f4_HAL/stm32f4xx_hal_adc.o
LOAD build/stm32f4_HAL/stm32f4xx_hal_adc_ex.o
LOAD build/stm32f4_HAL/stm32f4xx_hal_gpio.o
LOAD build/stm32f4_HAL/stm32f4xx_ll_gpio.o
LOAD build/stm32f4_HAL/stm32f4xx_ll_usart.o
LOAD build/stm32f4_HAL/stm32f4xx_ll_dma.o
LOAD build/stm32f4_HAL/stm32f4xx_ll_rcc.o
LOAD build/stm32f4_HAL/stm32f4xx_hal_i2c.o
LOAD build/stm32f4_HAL/stm32f4xx_hal_i2c_ex.o
LOAD build/stm32f4_HAL/stm32f4xx_hal_tim.o
LOAD build/stm32f4_HAL/stm32f4xx_hal_tim_ex.o
LOAD build/stm32f4_HAL/stm32f4xx_hal_rtc.o
LOAD build/stm32f4_HAL/stm32f4xx_hal_rcc.o
LOAD build/stm32f4_HAL/stm32f4xx_hal_rcc_ex.o
LOAD build/stm32f4_HAL/stm32f4xx_hal_pwr.o
LOAD build/stm32f4_HAL/stm32f4xx_hal_pwr_ex.o
LOAD build/stm32f4_HAL/stm32f4xx_hal_cortex.o
LOAD build/stm32f4_HAL/stm32f4xx_hal_spi.o
LOAD build/stm32f4_HAL/stm32f4xx_hal_dac.o
LOAD build/stm32f4_HAL/stm32f4xx_hal_dac_ex.o
LOAD build/stm32f4_HAL/stm32f4xx_hal_can.o
LOAD build/FreeRTOS/croutine.o
LOAD build/FreeRTOS/event_groups.o
LOAD build/FreeRTOS/list.o
LOAD build/FreeRTOS/queue.o
LOAD build/FreeRTOS/tasks.o
LOAD build/FreeRTOS/timers.o
LOAD build/FreeRTOS/stream_buffer.o
LOAD build/FreeRTOS/cmsis_os2.o
LOAD build/FreeRTOS/clib_arm.o
LOAD build/FreeRTOS/os_systick.o
LOAD build/FreeRTOS/heap_useNewlib.o
LOAD build/FreeRTOS/port.o
LOAD build/tm_stm32_gpio.o
LOAD build/tm_stm32_i2c.o
LOAD build/tm_stm32_mpu6050.o
LOAD c:/users/mark/documents/mcha3500/mcha3500_windows_toolchain/toolchain/gcc-arm-none-eabi/bin/../lib/gcc/arm-none-eabi/9.2.1/../../../../arm-none-eabi/lib/thumb/v7e-m+fp/hard\libm.a
LOAD ../STM32Cube_F4_FW/Drivers/CMSIS/Lib/GCC/libarm_cortexM4lf_math.a
START GROUP
LOAD c:/users/mark/documents/mcha3500/mcha3500_windows_toolchain/toolchain/gcc-arm-none-eabi/bin/../lib/gcc/arm-none-eabi/9.2.1/thumb/v7e-m+fp/hard\libgcc.a
LOAD c:/users/mark/documents/mcha3500/mcha3500_windows_toolchain/toolchain/gcc-arm-none-eabi/bin/../lib/gcc/arm-none-eabi/9.2.1/../../../../arm-none-eabi/lib/thumb/v7e-m+fp/hard\libc_nano.a
END GROUP
START GROUP
LOAD c:/users/mark/documents/mcha3500/mcha3500_windows_toolchain/toolchain/gcc-arm-none-eabi/bin/../lib/gcc/arm-none-eabi/9.2.1/thumb/v7e-m+fp/hard\libgcc.a
LOAD c:/users/mark/documents/mcha3500/mcha3500_windows_toolchain/toolchain/gcc-arm-none-eabi/bin/../lib/gcc/arm-none-eabi/9.2.1/../../../../arm-none-eabi/lib/thumb/v7e-m+fp/hard\libc_nano.a
LOAD c:/users/mark/documents/mcha3500/mcha3500_windows_toolchain/toolchain/gcc-arm-none-eabi/bin/../lib/gcc/arm-none-eabi/9.2.1/../../../../arm-none-eabi/lib/thumb/v7e-m+fp/hard\libnosys.a
END GROUP
START GROUP
LOAD c:/users/mark/documents/mcha3500/mcha3500_windows_toolchain/toolchain/gcc-arm-none-eabi/bin/../lib/gcc/arm-none-eabi/9.2.1/thumb/v7e-m+fp/hard\libgcc.a
LOAD c:/users/mark/documents/mcha3500/mcha3500_windows_toolchain/toolchain/gcc-arm-none-eabi/bin/../lib/gcc/arm-none-eabi/9.2.1/../../../../arm-none-eabi/lib/thumb/v7e-m+fp/hard\libc_nano.a
LOAD c:/users/mark/documents/mcha3500/mcha3500_windows_toolchain/toolchain/gcc-arm-none-eabi/bin/../lib/gcc/arm-none-eabi/9.2.1/../../../../arm-none-eabi/lib/thumb/v7e-m+fp/hard\libnosys.a
END GROUP
LOAD c:/users/mark/documents/mcha3500/mcha3500_windows_toolchain/toolchain/gcc-arm-none-eabi/bin/../lib/gcc/arm-none-eabi/9.2.1/thumb/v7e-m+fp/hard/crtend.o
LOAD c:/users/mark/documents/mcha3500/mcha3500_windows_toolchain/toolchain/gcc-arm-none-eabi/bin/../lib/gcc/arm-none-eabi/9.2.1/thumb/v7e-m+fp/hard/crtn.o
                0x20020000                _estack = 0x20020000
                0x00010000                _Min_Heap_Size = 0x10000
                0x00002000                _Min_Stack_Size = 0x2000

.isr_vector     0x08000000      0x1c4
                0x08000000                . = ALIGN (0x4)
 *(.isr_vector)
 .isr_vector    0x08000000      0x1c4 build/startup_stm32f446xx.o
                0x08000000                g_pfnVectors
                0x080001c4                . = ALIGN (0x4)

.text           0x080001d0    0x19ee4
                0x080001d0                . = ALIGN (0x4)
 *(.text)
 .text          0x080001d0        0x0 c:/users/mark/documents/mcha3500/mcha3500_windows_toolchain/toolchain/gcc-arm-none-eabi/bin/../lib/gcc/arm-none-eabi/9.2.1/thumb/v7e-m+fp/hard/crti.o
 .text          0x080001d0       0x40 c:/users/mark/documents/mcha3500/mcha3500_windows_toolchain/toolchain/gcc-arm-none-eabi/bin/../lib/gcc/arm-none-eabi/9.2.1/thumb/v7e-m+fp/hard/crtbegin.o
 .text          0x08000210       0x74 c:/users/mark/documents/mcha3500/mcha3500_windows_toolchain/toolchain/gcc-arm-none-eabi/bin/../lib/gcc/arm-none-eabi/9.2.1/../../../../arm-none-eabi/lib/thumb/v7e-m+fp/hard/crt0.o
                0x08000210                _start
                0x08000210                _mainCRTStartup
 .text          0x08000284        0xc build/stm32f4xx_it.o
                0x08000284                NMI_Handler
                0x08000286                HardFault_Handler
                0x08000288                MemManage_Handler
                0x0800028a                BusFault_Handler
                0x0800028c                UsageFault_Handler
                0x0800028e                DebugMon_Handler
 .text          0x08000290       0xc0 build/system_stm32f4xx.o
                0x08000290                SystemInit
                0x080002dc                SystemCoreClockUpdate
 .text          0x08000350      0x104 build/cmd_line_buffer.o
                0x08000350                clb_init
                0x0800035a                clb_is_empty
                0x08000364                clb_is_full
                0x08000372                clb_delc
                0x0800037c                clb_is_cmd_ready
                0x08000394                clb_putc
                0x080003b4                clb_consume_char
                0x080003dc                clb_consume_str
                0x080003f6                clb_gets_at
                0x0800040e                clb_gets
                0x08000414                clb_process
 .text          0x08000454      0x1a0 build/cmd_parser.o
                0x08000544                cmd_parse
 .text          0x080005f4       0x4c build/cmd_task.o
                0x08000614                cmd_task_init
 .text          0x08000640        0x0 build/main.o
 .text          0x08000640      0x47c build/uart.o
                0x08000640                uart_init
                0x08000914                __wrap_printf
                0x0800094c                __io_putchar
                0x0800097c                __io_getchar
                0x08000998                _write
                0x080009b4                _read
                0x080009c8                _uart_rxne_isr
                0x080009f0                _uart_txe_isr
                0x08000a28                _uart_error
                0x08000a80                USART2_IRQHandler
 .text          0x08000abc       0xc4 build/heartbeat_task.o
                0x08000ad8                heartbeat_task_init
                0x08000b34                heartbeat_task_start
                0x08000b4c                heartbeat_task_stop
                0x08000b64                heartbeat_task_is_running
                0x08000b70                heartbeat_task_deinit
 .text          0x08000b80       0x70 build/heartbeat_cmd.o
                0x08000b80                heartbeat_cmd
 .text          0x08000bf0       0xc0 build/dummy_task.o
                0x08000bf0                dummy_task_init
                0x08000c4c                dummy_task_start
                0x08000c64                dummy_task_stop
                0x08000c94                dummy_task_is_running
                0x08000ca0                dummy_task_deinit
 .text          0x08000cb0       0xd4 build/pendulum.o
                0x08000cb0                pendulum_init
                0x08000d38                pendulum_read_voltage
 *fill*         0x08000d84        0x4 
 .text          0x08000d88      0x230 build/motor.o
                0x08000d88                motor_PWM_init
                0x08000e64                velocity_adjust
                0x08000e94                motor_encoder_init
                0x08000f1c                EXTI3_IRQHandler
                0x08000f74                EXTI1_IRQHandler
                0x08000f7a                motor_encoder_getValue
                0x08000f84                motor_encoder_getAngle
 .text          0x08000fb8      0x100 build/data_logging.o
                0x08000fc4                logging_init
                0x08000fe4                pend_logging_start
                0x08001000                logging_stop
                0x0800109c                imu_logging_start
 .text          0x080010b8       0x58 build/controller.o
                0x080010b8                ctrl_init
                0x080010c4                getControl
                0x080010d0                ctrl_set_yref
                0x080010dc                getReference
                0x080010e8                ctrl_update
 .text          0x08001110      0x260 build/IMU.o
                0x08001110                IMU_read
                0x0800111c                get_accY
                0x0800119c                get_accZ
                0x0800121c                get_accX
                0x0800129c                get_gyroY
                0x08001324                get_acc_angle
                0x08001360                IMU_init
 .text          0x08001370      0x314 build/kalman.o
                0x08001370                kalman_init
                0x08001500                kalman_update
                0x08001648                getKalmanAngle
                0x08001654                getKalmanVelocity
                0x08001660                getKalmanBias
                0x0800166c                kalman_set_angle
                0x08001678                kalman_set_velocity
 *fill*         0x08001684        0x4 
 .text          0x08001688      0x21c build/control_loop.o
                0x0800181c                control_loop_init
                0x0800183c                control_timer_start
                0x0800185c                control_timer_stop
                0x08001868                control_set_speed
                0x08001878                kalman_loop_update
 *fill*         0x080018a4        0x4 
 .text          0x080018a8     0x16d8 build/qpas_sub_noblas.o
                0x080018a8                printvector
                0x08001938                printmatrix
                0x08001a1c                qpas_sub_noblas
 .text          0x08002f80       0x14 build/startup_stm32f446xx.o
 .text          0x08002f94      0x20c build/stm32f4_HAL/stm32f4xx_hal.o
                0x08002f94                HAL_MspInit
                0x08002f96                HAL_MspDeInit
                0x08002f98                HAL_DeInit
                0x08002fc4                HAL_InitTick
                0x08003008                HAL_Init
                0x0800303c                HAL_IncTick
                0x08003054                HAL_GetTick
                0x08003060                HAL_GetTickPrio
                0x0800306c                HAL_SetTickFreq
                0x0800308c                HAL_GetTickFreq
                0x08003098                HAL_Delay
                0x080030c0                HAL_SuspendTick
                0x080030d0                HAL_ResumeTick
                0x080030e0                HAL_GetHalVersion
                0x080030e8                HAL_GetREVID
                0x080030f4                HAL_GetDEVID
                0x08003104                HAL_DBGMCU_EnableDBGSleepMode
                0x08003114                HAL_DBGMCU_DisableDBGSleepMode
                0x08003124                HAL_DBGMCU_EnableDBGStopMode
                0x08003134                HAL_DBGMCU_DisableDBGStopMode
                0x08003144                HAL_DBGMCU_EnableDBGStandbyMode
                0x08003154                HAL_DBGMCU_DisableDBGStandbyMode
                0x08003164                HAL_EnableCompensationCell
                0x08003170                HAL_DisableCompensationCell
                0x0800317c                HAL_GetUIDw0
                0x08003188                HAL_GetUIDw1
                0x08003194                HAL_GetUIDw2
 .text          0x080031a0      0x630 build/stm32f4_HAL/stm32f4xx_hal_dma.o
                0x080031cc                HAL_DMA_Init
                0x080032cc                HAL_DMA_DeInit
                0x08003320                HAL_DMA_Start
                0x08003374                HAL_DMA_Start_IT
                0x080033e8                HAL_DMA_Abort
                0x08003470                HAL_DMA_Abort_IT
                0x08003494                HAL_DMA_PollForTransfer
                0x080035a2                HAL_DMA_IRQHandler
                0x0800371c                HAL_DMA_RegisterCallback
                0x08003764                HAL_DMA_UnRegisterCallback
                0x080037c6                HAL_DMA_GetState
                0x080037cc                HAL_DMA_GetError
 .text          0x080037d0      0x9c8 build/stm32f4_HAL/stm32f4xx_hal_adc.o
                0x080037d0                HAL_ADC_MspInit
                0x080037d2                HAL_ADC_Init
                0x08003920                HAL_ADC_MspDeInit
                0x08003922                HAL_ADC_DeInit
                0x08003956                HAL_ADC_Start
                0x08003a40                HAL_ADC_Stop
                0x08003a76                HAL_ADC_PollForConversion
                0x08003b14                HAL_ADC_PollForEvent
                0x08003b7a                HAL_ADC_Start_IT
                0x08003c70                HAL_ADC_Stop_IT
                0x08003cb8                HAL_ADC_Start_DMA
                0x08003ddc                HAL_ADC_Stop_DMA
                0x08003e36                HAL_ADC_GetValue
                0x08003e3c                HAL_ADC_ConvCpltCallback
                0x08003e3e                HAL_ADC_ConvHalfCpltCallback
                0x08003e4a                HAL_ADC_LevelOutOfWindowCallback
                0x08003e4c                HAL_ADC_ErrorCallback
                0x08003e4e                HAL_ADC_IRQHandler
                0x08003ff8                HAL_ADC_ConfigChannel
                0x08004130                HAL_ADC_AnalogWDGConfig
                0x0800418e                HAL_ADC_GetState
                0x08004192                HAL_ADC_GetError
 .text          0x08004198      0x6ac build/stm32f4_HAL/stm32f4xx_hal_adc_ex.o
                0x08004208                HAL_ADCEx_InjectedStart
                0x080042bc                HAL_ADCEx_InjectedStart_IT
                0x08004378                HAL_ADCEx_InjectedStop
                0x080043d2                HAL_ADCEx_InjectedPollForConversion
                0x0800445a                HAL_ADCEx_InjectedStop_IT
                0x080044bc                HAL_ADCEx_InjectedGetValue
                0x080044ee                HAL_ADCEx_MultiModeStart_DMA
                0x080045e8                HAL_ADCEx_MultiModeStop_DMA
                0x08004648                HAL_ADCEx_MultiModeGetValue
                0x08004654                HAL_ADCEx_InjectedConvCpltCallback
                0x08004656                HAL_ADCEx_InjectedConfigChannel
                0x080047f4                HAL_ADCEx_MultiModeConfigChannel
 .text          0x08004844      0x334 build/stm32f4_HAL/stm32f4xx_hal_gpio.o
                0x08004844                HAL_GPIO_Init
                0x080049f4                HAL_GPIO_DeInit
                0x08004b10                HAL_GPIO_ReadPin
                0x08004b1c                HAL_GPIO_WritePin
                0x08004b26                HAL_GPIO_TogglePin
                0x08004b34                HAL_GPIO_LockPin
                0x08004b5e                HAL_GPIO_EXTI_Callback
                0x08004b60                HAL_GPIO_EXTI_IRQHandler
 .text          0x08004b78      0x220 build/stm32f4_HAL/stm32f4xx_ll_gpio.o
                0x08004b98                LL_GPIO_DeInit
                0x08004c44                LL_GPIO_Init
                0x08004d80                LL_GPIO_StructInit
 .text          0x08004d98      0x21c build/stm32f4_HAL/stm32f4xx_ll_usart.o
                0x08004d98                LL_USART_DeInit
                0x08004e58                LL_USART_Init
                0x08004f54                LL_USART_StructInit
                0x08004f6c                LL_USART_ClockInit
                0x08004fa6                LL_USART_ClockStructInit
 .text          0x08004fb4      0x238 build/stm32f4_HAL/stm32f4xx_ll_dma.o
                0x08004fb4                LL_DMA_DeInit
                0x08005144                LL_DMA_Init
                0x080051c8                LL_DMA_StructInit
 .text          0x080051ec      0x604 build/stm32f4_HAL/stm32f4xx_ll_rcc.o
                0x080051fc                LL_RCC_DeInit
                0x080052ac                LL_RCC_GetCECClockFreq
                0x080052dc                RCC_GetHCLKClockFreq
                0x080052f4                RCC_GetPCLK1ClockFreq
                0x0800530c                RCC_GetPCLK2ClockFreq
                0x08005324                RCC_PLL_GetFreqDomain_SYS
                0x0800536c                RCC_GetSystemClockFreq
                0x0800539c                LL_RCC_GetSystemClocksFreq
                0x080053bc                LL_RCC_GetFMPI2CClockFreq
                0x0800540c                RCC_PLL_GetFreqDomain_48M
                0x08005448                RCC_PLL_GetFreqDomain_I2S
                0x08005484                RCC_PLL_GetFreqDomain_SPDIFRX
                0x08005488                RCC_PLL_GetFreqDomain_SAI
                0x0800548c                RCC_PLLSAI_GetFreqDomain_SAI
                0x080054dc                RCC_PLLSAI_GetFreqDomain_48M
                0x08005520                LL_RCC_GetSDIOClockFreq
                0x08005568                LL_RCC_GetUSBClockFreq
                0x0800559c                RCC_PLLI2S_GetFreqDomain_SAI
                0x080055ec                LL_RCC_GetSAIClockFreq
                0x080056a0                RCC_PLLI2S_GetFreqDomain_SPDIFRX
                0x080056e4                LL_RCC_GetSPDIFRXClockFreq
                0x08005718                RCC_PLLI2S_GetFreqDomain_I2S
                0x08005758                LL_RCC_GetI2SClockFreq
 .text          0x080057f0     0x31e0 build/stm32f4_HAL/stm32f4xx_hal_i2c.o
                0x08005c14                HAL_I2C_MspInit
                0x08005c16                HAL_I2C_Init
                0x08005d64                HAL_I2C_MspDeInit
                0x08005d66                HAL_I2C_DeInit
                0x08005d98                HAL_I2C_Master_Transmit
                0x08005f48                HAL_I2C_Master_Receive
                0x08006228                HAL_I2C_Slave_Transmit
                0x08006388                HAL_I2C_Slave_Receive
                0x08006504                HAL_I2C_Master_Transmit_IT
                0x080065b4                HAL_I2C_Master_Receive_IT
                0x0800666c                HAL_I2C_Slave_Transmit_IT
                0x080066dc                HAL_I2C_Slave_Receive_IT
                0x0800674c                HAL_I2C_Master_Transmit_DMA
                0x08006878                HAL_I2C_Master_Receive_DMA
                0x080069a0                HAL_I2C_Slave_Transmit_DMA
                0x08006a60                HAL_I2C_Slave_Receive_DMA
                0x08006b20                HAL_I2C_Mem_Write
                0x08006c40                HAL_I2C_Mem_Read
                0x08006e50                HAL_I2C_Mem_Write_IT
                0x08006f0c                HAL_I2C_Mem_Read_IT
                0x08006fd8                HAL_I2C_Mem_Write_DMA
                0x08007120                HAL_I2C_Mem_Read_DMA
                0x080072ac                HAL_I2C_IsDeviceReady
                0x0800740c                HAL_I2C_Master_Seq_Transmit_IT
                0x080074dc                HAL_I2C_Master_Seq_Transmit_DMA
                0x08007650                HAL_I2C_Master_Seq_Receive_IT
                0x0800775c                HAL_I2C_Master_Seq_Receive_DMA
                0x08007928                HAL_I2C_Slave_Seq_Transmit_IT
                0x0800799e                HAL_I2C_Slave_Seq_Transmit_DMA
                0x08007adc                HAL_I2C_Slave_Seq_Receive_IT
                0x08007b52                HAL_I2C_Slave_Seq_Receive_DMA
                0x08007c90                HAL_I2C_EnableListen_IT
                0x08007cc6                HAL_I2C_DisableListen_IT
                0x08007d04                HAL_I2C_MasterTxCpltCallback
                0x08007d06                HAL_I2C_MasterRxCpltCallback
                0x08007d08                HAL_I2C_SlaveTxCpltCallback
                0x08007d0a                HAL_I2C_SlaveRxCpltCallback
                0x08007d0c                HAL_I2C_AddrCallback
                0x08007d0e                HAL_I2C_ListenCpltCallback
                0x08007d10                HAL_I2C_MemTxCpltCallback
                0x08007d12                HAL_I2C_MemRxCpltCallback
                0x08007d14                HAL_I2C_ErrorCallback
                0x08007e62                HAL_I2C_AbortCpltCallback
                0x08008034                HAL_I2C_Master_Abort_IT
                0x08008080                HAL_I2C_EV_IRQHandler
                0x0800888c                HAL_I2C_ER_IRQHandler
                0x080089c0                HAL_I2C_GetState
                0x080089c6                HAL_I2C_GetMode
                0x080089cc                HAL_I2C_GetError
 .text          0x080089d0       0x7c build/stm32f4_HAL/stm32f4xx_hal_i2c_ex.o
                0x080089d0                HAL_I2CEx_ConfigAnalogFilter
                0x08008a0e                HAL_I2CEx_ConfigDigitalFilter
 .text          0x08008a4c     0x1dec build/stm32f4_HAL/stm32f4xx_hal_tim.o
                0x08008b68                HAL_TIM_Base_MspInit
                0x08008b6a                HAL_TIM_Base_MspDeInit
                0x08008b6c                HAL_TIM_Base_DeInit
                0x08008ba6                HAL_TIM_Base_Start
                0x08008bca                HAL_TIM_Base_Stop
                0x08008bf8                HAL_TIM_Base_Start_IT
                0x08008c18                HAL_TIM_Base_Stop_IT
                0x08008c42                HAL_TIM_Base_Start_DMA
                0x08008cac                HAL_TIM_Base_Stop_DMA
                0x08008ce8                HAL_TIM_OC_MspInit
                0x08008cea                HAL_TIM_OC_MspDeInit
                0x08008cec                HAL_TIM_OC_DeInit
                0x08008d26                HAL_TIM_PWM_MspInit
                0x08008d28                HAL_TIM_PWM_MspDeInit
                0x08008d2a                HAL_TIM_PWM_DeInit
                0x08008d64                HAL_TIM_IC_MspInit
                0x08008d66                HAL_TIM_IC_MspDeInit
                0x08008d68                HAL_TIM_IC_DeInit
                0x08008da2                HAL_TIM_OnePulse_MspInit
                0x08008da4                HAL_TIM_OnePulse_MspDeInit
                0x08008da6                HAL_TIM_OnePulse_DeInit
                0x08008de0                HAL_TIM_OnePulse_Start
                0x08008e20                HAL_TIM_OnePulse_Stop
                0x08008e88                HAL_TIM_OnePulse_Start_IT
                0x08008ed8                HAL_TIM_OnePulse_Stop_IT
                0x08008f50                HAL_TIM_Encoder_MspInit
                0x08008f52                HAL_TIM_Encoder_MspDeInit
                0x08008f54                HAL_TIM_Encoder_DeInit
                0x08008f8e                HAL_TIM_Encoder_Start
                0x08008fd2                HAL_TIM_Encoder_Stop
                0x0800901a                HAL_TIM_Encoder_Start_IT
                0x08009088                HAL_TIM_Encoder_Stop_IT
                0x080090fc                HAL_TIM_Encoder_Start_DMA
                0x0800923c                HAL_TIM_Encoder_Stop_DMA
                0x080092ce                HAL_TIM_DMABurst_WriteStart
                0x080093ac                HAL_TIM_DMABurst_WriteStop
                0x08009410                HAL_TIM_DMABurst_ReadStart
                0x080094f4                HAL_TIM_DMABurst_ReadStop
                0x080094f8                HAL_TIM_GenerateEvent
                0x0800951c                HAL_TIM_ConfigTI1Input
                0x0800952c                HAL_TIM_ReadCapturedValue
                0x08009558                HAL_TIM_PeriodElapsedCallback
                0x0800956a                HAL_TIM_PeriodElapsedHalfCpltCallback
                0x0800957c                HAL_TIM_OC_DelayElapsedCallback
                0x0800957e                HAL_TIM_IC_CaptureCallback
                0x08009580                TIM_DMACaptureCplt
                0x080095bc                HAL_TIM_IC_CaptureHalfCpltCallback
                0x080095be                TIM_DMACaptureHalfCplt
                0x080095fa                HAL_TIM_PWM_PulseFinishedCallback
                0x080095fc                TIM_DMADelayPulseCplt
                0x08009638                HAL_TIM_PWM_PulseFinishedHalfCpltCallback
                0x0800963a                TIM_DMADelayPulseHalfCplt
                0x08009676                HAL_TIM_TriggerCallback
                0x08009678                HAL_TIM_IRQHandler
                0x080097cc                HAL_TIM_TriggerHalfCpltCallback
                0x080097de                HAL_TIM_ErrorCallback
                0x080097e0                TIM_DMAError
                0x080097f0                HAL_TIM_Base_GetState
                0x080097f6                HAL_TIM_OC_GetState
                0x080097fc                HAL_TIM_PWM_GetState
                0x08009802                HAL_TIM_IC_GetState
                0x08009808                HAL_TIM_OnePulse_GetState
                0x0800980e                HAL_TIM_Encoder_GetState
                0x08009814                TIM_Base_SetConfig
                0x080098e0                HAL_TIM_Base_Init
                0x08009914                HAL_TIM_OC_Init
                0x08009948                HAL_TIM_PWM_Init
                0x0800997c                HAL_TIM_IC_Init
                0x080099b0                HAL_TIM_OnePulse_Init
                0x080099f6                HAL_TIM_Encoder_Init
                0x08009a8c                TIM_OC2_SetConfig
                0x08009af8                HAL_TIM_OC_ConfigChannel
                0x08009b50                HAL_TIM_PWM_ConfigChannel
                0x08009c10                TIM_TI1_SetConfig
                0x08009c84                HAL_TIM_IC_ConfigChannel
                0x08009d98                HAL_TIM_OnePulse_ConfigChannel
                0x08009e8e                TIM_ETR_SetConfig
                0x08009ea2                HAL_TIM_ConfigOCrefClear
                0x08009f6a                HAL_TIM_ConfigClockSource
                0x0800a136                HAL_TIM_SlaveConfigSynchro
                0x0800a184                HAL_TIM_SlaveConfigSynchro_IT
                0x0800a1d2                TIM_CCxChannelCmd
                0x0800a1ee                HAL_TIM_OC_Start
                0x0800a22c                HAL_TIM_PWM_Start
                0x0800a230                HAL_TIM_OC_Stop
                0x0800a28c                HAL_TIM_OC_Start_IT
                0x0800a2fc                HAL_TIM_PWM_Start_IT
                0x0800a300                HAL_TIM_OC_Stop_IT
                0x0800a390                HAL_TIM_PWM_Stop_IT
                0x0800a394                HAL_TIM_OC_Start_DMA
                0x0800a4a4                HAL_TIM_PWM_Start_DMA
                0x0800a4a8                HAL_TIM_OC_Stop_DMA
                0x0800a558                HAL_TIM_PWM_Stop_DMA
                0x0800a55c                HAL_TIM_PWM_Stop
                0x0800a5c0                HAL_TIM_IC_Start
                0x0800a5e4                HAL_TIM_IC_Stop
                0x0800a612                HAL_TIM_IC_Start_IT
                0x0800a668                HAL_TIM_IC_Stop_IT
                0x0800a6c8                HAL_TIM_IC_Start_DMA
                0x0800a7b8                HAL_TIM_IC_Stop_DMA
 .text          0x0800a838      0x814 build/stm32f4_HAL/stm32f4xx_hal_tim_ex.o
                0x0800a854                HAL_TIMEx_HallSensor_MspInit
                0x0800a856                HAL_TIMEx_HallSensor_Init
                0x0800a904                HAL_TIMEx_HallSensor_MspDeInit
                0x0800a906                HAL_TIMEx_HallSensor_DeInit
                0x0800a940                HAL_TIMEx_HallSensor_Start
                0x0800a966                HAL_TIMEx_HallSensor_Stop
                0x0800a996                HAL_TIMEx_HallSensor_Start_IT
                0x0800a9c4                HAL_TIMEx_HallSensor_Stop_IT
                0x0800a9fc                HAL_TIMEx_HallSensor_Start_DMA
                0x0800aa78                HAL_TIMEx_HallSensor_Stop_DMA
                0x0800aab8                HAL_TIMEx_OCN_Start
                0x0800aae4                HAL_TIMEx_OCN_Stop
                0x0800ab2e                HAL_TIMEx_OCN_Start_IT
                0x0800ab84                HAL_TIMEx_OCN_Stop_IT
                0x0800ac02                HAL_TIMEx_OCN_Start_DMA
                0x0800acd4                HAL_TIMEx_OCN_Stop_DMA
                0x0800ad5a                HAL_TIMEx_PWMN_Start
                0x0800ad5e                HAL_TIMEx_PWMN_Stop
                0x0800ad62                HAL_TIMEx_PWMN_Start_IT
                0x0800ad66                HAL_TIMEx_PWMN_Stop_IT
                0x0800ad6a                HAL_TIMEx_PWMN_Start_DMA
                0x0800ad6e                HAL_TIMEx_PWMN_Stop_DMA
                0x0800ad72                HAL_TIMEx_OnePulseN_Start
                0x0800ad8c                HAL_TIMEx_OnePulseN_Stop
                0x0800ad90                HAL_TIMEx_OnePulseN_Start_IT
                0x0800adba                HAL_TIMEx_OnePulseN_Stop_IT
                0x0800ae14                HAL_TIMEx_ConfigCommutEvent
                0x0800ae6e                HAL_TIMEx_ConfigCommutEvent_IT
                0x0800aec8                HAL_TIMEx_ConfigCommutEvent_DMA
                0x0800af3c                HAL_TIMEx_MasterConfigSynchronization
                0x0800afb8                HAL_TIMEx_ConfigBreakDeadTime
                0x0800b004                HAL_TIMEx_RemapConfig
                0x0800b01e                HAL_TIMEx_CommutCallback
                0x0800b020                TIMEx_DMACommutationCplt
                0x0800b030                HAL_TIMEx_CommutHalfCpltCallback
                0x0800b032                TIMEx_DMACommutationHalfCplt
                0x0800b042                HAL_TIMEx_BreakCallback
                0x0800b044                HAL_TIMEx_HallSensor_GetState
 .text          0x0800b04c        0x0 build/stm32f4_HAL/stm32f4xx_hal_rtc.o
 .text          0x0800b04c      0x6d4 build/stm32f4_HAL/stm32f4xx_hal_rcc.o
                0x0800b39e                HAL_RCC_MCOConfig
                0x0800b438                HAL_RCC_EnableCSS
                0x0800b444                HAL_RCC_DisableCSS
                0x0800b4ac                HAL_RCC_ClockConfig
                0x0800b5e4                HAL_RCC_GetHCLKFreq
                0x0800b5f0                HAL_RCC_GetPCLK1Freq
                0x0800b610                HAL_RCC_GetPCLK2Freq
                0x0800b6c4                HAL_RCC_GetClockConfig
                0x0800b700                HAL_RCC_CSSCallback
                0x0800b702                HAL_RCC_NMI_IRQHandler
 .text          0x0800b720      0xdc8 build/stm32f4_HAL/stm32f4xx_hal_rcc_ex.o
                0x0800b720                HAL_RCCEx_PeriphCLKConfig
                0x0800bb38                HAL_RCCEx_GetPeriphCLKConfig
                0x0800bc34                HAL_RCCEx_GetPeriphCLKFreq
                0x0800bddc                HAL_RCCEx_SelectLSEMode
                0x0800bdf4                HAL_RCCEx_EnablePLLI2S
                0x0800be68                HAL_RCCEx_DisablePLLI2S
                0x0800be9c                HAL_RCCEx_EnablePLLSAI
                0x0800bf08                HAL_RCCEx_DisablePLLSAI
                0x0800bf3c                HAL_RCC_GetSysClockFreq
                0x0800bfcc                HAL_RCC_DeInit
                0x0800c120                HAL_RCC_OscConfig
                0x0800c44c                HAL_RCC_GetOscConfig
 .text          0x0800c4e8      0x1ac build/stm32f4_HAL/stm32f4xx_hal_pwr.o
                0x0800c4e8                HAL_PWR_DeInit
                0x0800c500                HAL_PWR_EnableBkUpAccess
                0x0800c50c                HAL_PWR_DisableBkUpAccess
                0x0800c518                HAL_PWR_ConfigPVD
                0x0800c588                HAL_PWR_EnablePVD
                0x0800c594                HAL_PWR_DisablePVD
                0x0800c5a0                HAL_PWR_EnableWakeUpPin
                0x0800c5b0                HAL_PWR_DisableWakeUpPin
                0x0800c5c0                HAL_PWR_EnterSLEEPMode
                0x0800c5e0                HAL_PWR_EnterSTOPMode
                0x0800c618                HAL_PWR_EnterSTANDBYMode
                0x0800c638                HAL_PWR_PVDCallback
                0x0800c63a                HAL_PWR_PVD_IRQHandler
                0x0800c654                HAL_PWR_EnableSleepOnExit
                0x0800c664                HAL_PWR_DisableSleepOnExit
                0x0800c674                HAL_PWR_EnableSEVOnPend
                0x0800c684                HAL_PWR_DisableSEVOnPend
 .text          0x0800c694      0x298 build/stm32f4_HAL/stm32f4xx_hal_pwr_ex.o
                0x0800c694                HAL_PWREx_EnableBkUpReg
                0x0800c6c8                HAL_PWREx_DisableBkUpReg
                0x0800c6fc                HAL_PWREx_EnableFlashPowerDown
                0x0800c708                HAL_PWREx_DisableFlashPowerDown
                0x0800c714                HAL_PWREx_GetVoltageRange
                0x0800c724                HAL_PWREx_ControlVoltageScaling
                0x0800c7d4                HAL_PWREx_EnableOverDrive
                0x0800c84c                HAL_PWREx_DisableOverDrive
                0x0800c8c4                HAL_PWREx_EnterUnderDriveSTOPMode
 .text          0x0800c92c      0x2c8 build/stm32f4_HAL/stm32f4xx_hal_cortex.o
                0x0800c92c                HAL_NVIC_SetPriorityGrouping
                0x0800c950                HAL_NVIC_SetPriority
                0x0800c9b4                HAL_NVIC_EnableIRQ
                0x0800c9d0                HAL_NVIC_DisableIRQ
                0x0800c9f8                HAL_NVIC_SystemReset
                0x0800ca1c                HAL_SYSTICK_Config
                0x0800ca48                HAL_MPU_Disable
                0x0800ca68                HAL_MPU_Enable
                0x0800ca8c                HAL_MPU_ConfigRegion
                0x0800cadc                HAL_NVIC_GetPriorityGrouping
                0x0800caec                HAL_NVIC_GetPriority
                0x0800cb48                HAL_NVIC_SetPendingIRQ
                0x0800cb68                HAL_NVIC_GetPendingIRQ
                0x0800cb8c                HAL_NVIC_ClearPendingIRQ
                0x0800cbac                HAL_NVIC_GetActive
                0x0800cbd0                HAL_SYSTICK_CLKSourceConfig
                0x0800cbe8                HAL_SYSTICK_Callback
                0x0800cbea                HAL_SYSTICK_IRQHandler
 .text          0x0800cbf4     0x1820 build/stm32f4_HAL/stm32f4xx_hal_spi.o
                0x0800cd98                HAL_SPI_MspInit
                0x0800cd9a                HAL_SPI_Init
                0x0800ce1e                HAL_SPI_MspDeInit
                0x0800ce20                HAL_SPI_DeInit
                0x0800ce4c                HAL_SPI_Transmit
                0x0800cfc6                HAL_SPI_TransmitReceive
                0x0800d246                HAL_SPI_Receive
                0x0800d406                HAL_SPI_Transmit_IT
                0x0800d4ac                HAL_SPI_TransmitReceive_IT
                0x0800d574                HAL_SPI_Receive_IT
                0x0800d63c                HAL_SPI_Transmit_DMA
                0x0800d714                HAL_SPI_TransmitReceive_DMA
                0x0800d838                HAL_SPI_Receive_DMA
                0x0800d934                HAL_SPI_Abort
                0x0800da5c                HAL_SPI_DMAPause
                0x0800da7c                HAL_SPI_DMAResume
                0x0800da9c                HAL_SPI_DMAStop
                0x0800dae2                HAL_SPI_TxCpltCallback
                0x0800dae4                HAL_SPI_RxCpltCallback
                0x0800dae6                HAL_SPI_TxRxCpltCallback
                0x0800dae8                HAL_SPI_TxHalfCpltCallback
                0x0800daf4                HAL_SPI_RxHalfCpltCallback
                0x0800db00                HAL_SPI_TxRxHalfCpltCallback
                0x0800db0c                HAL_SPI_ErrorCallback
                0x0800e0ce                HAL_SPI_IRQHandler
                0x0800e1e8                HAL_SPI_AbortCpltCallback
                0x0800e1ea                HAL_SPI_Abort_IT
                0x0800e408                HAL_SPI_GetState
                0x0800e40e                HAL_SPI_GetError
 .text          0x0800e414        0x0 build/stm32f4_HAL/stm32f4xx_hal_dac.o
 .text          0x0800e414        0x0 build/stm32f4_HAL/stm32f4xx_hal_dac_ex.o
 .text          0x0800e414        0x0 build/stm32f4_HAL/stm32f4xx_hal_can.o
 .text          0x0800e414        0x0 build/FreeRTOS/croutine.o
 .text          0x0800e414      0x274 build/FreeRTOS/event_groups.o
                0x0800e414                xEventGroupCreateStatic
                0x0800e42c                xEventGroupCreate
                0x0800e448                xEventGroupWaitBits
                0x0800e500                xEventGroupClearBits
                0x0800e51a                vEventGroupClearBitsCallback
                0x0800e51e                xEventGroupClearBitsFromISR
                0x0800e530                xEventGroupGetBitsFromISR
                0x0800e54c                xEventGroupSetBits
                0x0800e5a8                xEventGroupSync
                0x0800e63c                vEventGroupSetBitsCallback
                0x0800e640                vEventGroupDelete
                0x0800e66a                xEventGroupSetBitsFromISR
                0x0800e67c                uxEventGroupGetNumber
                0x0800e682                vEventGroupSetNumber
 .text          0x0800e688       0x82 build/FreeRTOS/list.o
                0x0800e688                vListInitialise
                0x0800e69e                vListInitialiseItem
                0x0800e6a4                vListInsertEnd
                0x0800e6bc                vListInsert
                0x0800e6ea                uxListRemove
 *fill*         0x0800e70a        0x2 
 .text          0x0800e70c      0x8fc build/FreeRTOS/queue.o
                0x0800e828                xQueueGenericReset
                0x0800e894                xQueueGenericCreateStatic
                0x0800e8c0                xQueueGenericCreate
                0x0800e8fa                xQueueGetMutexHolder
                0x0800e914                xQueueGetMutexHolderFromISR
                0x0800e920                xQueueCreateCountingSemaphoreStatic
                0x0800e93a                xQueueCreateCountingSemaphore
                0x0800e94c                xQueueGenericSend
                0x0800ea50                xQueueCreateMutexStatic
                0x0800ea7a                xQueueGiveMutexRecursive
                0x0800eaa2                xQueueCreateMutex
                0x0800eac6                xQueueGenericSendFromISR
                0x0800eb30                xQueueGiveFromISR
                0x0800eb8c                xQueueReceive
                0x0800ec7c                xQueueSemaphoreTake
                0x0800eda4                xQueueTakeMutexRecursive
                0x0800edd4                xQueuePeek
                0x0800eec4                xQueueReceiveFromISR
                0x0800ef2c                xQueuePeekFromISR
                0x0800ef5c                uxQueueMessagesWaiting
                0x0800ef72                uxQueueSpacesAvailable
                0x0800ef8c                uxQueueMessagesWaitingFromISR
                0x0800ef90                vQueueDelete
                0x0800ef9c                uxQueueGetQueueNumber
                0x0800efa0                vQueueSetQueueNumber
                0x0800efa4                ucQueueGetQueueType
                0x0800efaa                xQueueIsQueueEmptyFromISR
                0x0800efb4                xQueueIsQueueFullFromISR
                0x0800efc0                vQueueWaitForMessageRestricted
 .text          0x0800f008     0x12d4 build/FreeRTOS/tasks.o
                0x0800f2d8                xTaskCreateStatic
                0x0800f30c                xTaskCreate
                0x0800f368                vTaskDelete
                0x0800f3ec                eTaskGetState
                0x0800f454                uxTaskPriorityGet
                0x0800f474                uxTaskPriorityGetFromISR
                0x0800f49c                vTaskPrioritySet
                0x0800f54c                vTaskResume
                0x0800f5d0                xTaskResumeFromISR
                0x0800f658                vTaskStartScheduler
                0x0800f6d0                vTaskEndScheduler
                0x0800f6f0                vTaskSuspendAll
                0x0800f704                xTaskGetTickCount
                0x0800f710                xTaskGetTickCountFromISR
                0x0800f71c                uxTaskGetNumberOfTasks
                0x0800f728                pcTaskGetName
                0x0800f738                xTaskIncrementTick
                0x0800f81c                xTaskResumeAll
                0x0800f8e0                vTaskDelayUntil
                0x0800f930                vTaskDelay
                0x0800f960                xTaskCatchUpTicks
                0x0800f980                vTaskSwitchContext
                0x0800f9e4                vTaskSuspend
                0x0800fa74                vTaskPlaceOnEventList
                0x0800fa94                vTaskPlaceOnUnorderedEventList
                0x0800fabc                vTaskPlaceOnEventListRestricted
                0x0800fae4                xTaskRemoveFromEventList
                0x0800fb4c                vTaskRemoveFromUnorderedEventList
                0x0800fba0                vTaskSetTimeOutState
                0x0800fbc4                vTaskInternalSetTimeOutState
                0x0800fbd8                xTaskCheckForTimeOut
                0x0800fc28                vTaskMissedYield
                0x0800fc38                uxTaskGetTaskNumber
                0x0800fc3e                vTaskSetTaskNumber
                0x0800fc44                vTaskGetInfo
                0x0800fd1e                uxTaskGetSystemState
                0x0800fdb4                uxTaskGetStackHighWaterMark
                0x0800fdd4                xTaskGetCurrentTaskHandle
                0x0800fde0                xTaskGetSchedulerState
                0x0800fe00                xTaskPriorityInherit
                0x0800fe80                xTaskPriorityDisinherit
                0x0800fedc                vTaskPriorityDisinheritAfterTimeout
                0x0800ff4c                uxTaskResetEventItemValue
                0x0800ff64                pvTaskIncrementMutexHeldCount
                0x0800ff7c                ulTaskNotifyTake
                0x0800ffe8                xTaskNotifyWait
                0x0801007c                xTaskGenericNotify
                0x0801012c                xTaskGenericNotifyFromISR
                0x080101ec                vTaskNotifyGiveFromISR
                0x0801027c                xTaskNotifyStateClear
                0x080102a8                ulTaskNotifyValueClear
 .text          0x080102dc      0x49c build/FreeRTOS/timers.o
                0x08010358                xTimerCreateTimerTask
                0x080103a8                xTimerCreate
                0x080103ee                xTimerCreateStatic
                0x0801042e                xTimerGenericCommand
                0x08010680                xTimerGetTimerDaemonTaskHandle
                0x0801068c                xTimerGetPeriod
                0x08010690                vTimerSetReloadMode
                0x080106b6                uxTimerGetReloadMode
                0x080106d2                xTimerGetExpiryTime
                0x080106d6                pcTimerGetName
                0x080106da                xTimerIsTimerActive
                0x080106f6                pvTimerGetTimerID
                0x0801070c                vTimerSetTimerID
                0x08010720                xTimerPendFunctionCallFromISR
                0x08010748                xTimerPendFunctionCall
                0x08010770                uxTimerGetTimerNumber
                0x08010774                vTimerSetTimerNumber
 .text          0x08010778      0x532 build/FreeRTOS/stream_buffer.o
                0x08010818                xStreamBufferGenericCreate
                0x08010854                xStreamBufferGenericCreateStatic
                0x08010894                vStreamBufferDelete
                0x080108a6                xStreamBufferReset
                0x080108ec                xStreamBufferSetTriggerLevel
                0x08010900                xStreamBufferSpacesAvailable
                0x08010914                xStreamBufferBytesAvailable
                0x08010916                xStreamBufferSend
                0x080109f4                xStreamBufferSendFromISR
                0x08010a88                xStreamBufferReceive
                0x08010b40                xStreamBufferNextMessageLengthBytes
                0x08010b6e                xStreamBufferReceiveFromISR
                0x08010c02                xStreamBufferIsEmpty
                0x08010c0e                xStreamBufferIsFull
                0x08010c2a                xStreamBufferSendCompletedFromISR
                0x08010c62                xStreamBufferReceiveCompletedFromISR
                0x08010c9a                uxStreamBufferGetStreamBufferNumber
                0x08010c9e                vStreamBufferSetStreamBufferNumber
                0x08010ca2                ucStreamBufferGetStreamBufferType
 *fill*         0x08010caa        0x2 
 .text          0x08010cac     0x1160 build/FreeRTOS/cmsis_os2.o
                0x08010cea                SysTick_Handler
                0x08010d08                osKernelInitialize
                0x08010d34                osKernelGetInfo
                0x08010d60                osKernelGetState
                0x08010d80                osKernelStart
                0x08010dc0                osKernelLock
                0x08010dec                osKernelUnlock
                0x08010e24                osKernelRestoreLock
                0x08010e68                osKernelGetTickCount
                0x08010e80                osKernelGetTickFreq
                0x08010e86                osKernelGetSysTimerCount
                0x08010ec6                osKernelGetSysTimerFreq
                0x08010ed0                osThreadNew
                0x08010f6e                osThreadGetName
                0x08010f88                osThreadGetId
                0x08010f8c                osThreadGetState
                0x08010fb4                osThreadGetStackSpace
                0x08010fce                osThreadSetPriority
                0x08010ffc                osThreadGetPriority
                0x08011018                osThreadYield
                0x0801103c                osThreadSuspend
                0x08011060                osThreadResume
                0x08011084                osThreadExit
                0x0801108e                osThreadTerminate
                0x080110c2                osThreadGetCount
                0x080110d6                osThreadEnumerate
                0x08011140                osThreadFlagsSet
                0x080111c0                osThreadFlagsClear
                0x08011210                osThreadFlagsGet
                0x0801123e                osThreadFlagsWait
                0x080112d8                osDelay
                0x080112f6                osDelayUntil
                0x08011326                osTimerNew
                0x080113a4                osTimerGetName
                0x080113be                osTimerStart
                0x080113f4                osTimerStop
                0x08011436                osTimerIsRunning
                0x08011450                osTimerDelete
                0x08011496                osEventFlagsNew
                0x080114c2                osEventFlagsSet
                0x0801151c                osEventFlagsClear
                0x08011562                osEventFlagsGet
                0x08011584                osEventFlagsWait
                0x080115e8                osEventFlagsDelete
                0x0801160c                osMutexNew
                0x08011666                osMutexAcquire
                0x080116ac                osMutexRelease
                0x080116ec                osMutexGetOwner
                0x08011708                osMutexDelete
                0x0801172e                osSemaphoreNew
                0x080117bc                osSemaphoreAcquire
                0x08011820                osSemaphoreRelease
                0x08011878                osSemaphoreGetCount
                0x0801189a                osSemaphoreDelete
                0x080118be                osMessageQueueNew
                0x08011922                osMessageQueuePut
                0x08011990                osMessageQueueGet
                0x080119fc                osMessageQueueGetCapacity
                0x08011a02                osMessageQueueGetMsgSize
                0x08011a08                osMessageQueueGetCount
                0x08011a0c                osMessageQueueGetSpace
                0x08011a42                osMessageQueueReset
                0x08011a68                osMessageQueueDelete
                0x08011a6c                osMemoryPoolNew
                0x08011b60                osMemoryPoolGetName
                0x08011b76                osMemoryPoolAlloc
                0x08011c2c                osMemoryPoolFree
                0x08011ce8                osMemoryPoolGetCapacity
                0x08011d00                osMemoryPoolGetBlockSize
                0x08011d18                osMemoryPoolGetCount
                0x08011d48                osMemoryPoolGetSpace
                0x08011d78                osMemoryPoolDelete
                0x08011dd4                vApplicationGetIdleTaskMemory
                0x08011df0                vApplicationGetTimerTaskMemory
 .text          0x08011e0c        0x2 build/FreeRTOS/clib_arm.o
                0x08011e0c                software_init_hook
 *fill*         0x08011e0e        0x2 
 .text          0x08011e10       0xe0 build/FreeRTOS/os_systick.o
                0x08011e10                OS_Tick_Setup
                0x08011e50                OS_Tick_Enable
                0x08011e7c                OS_Tick_Disable
                0x08011ea8                OS_Tick_AcknowledgeIRQ
                0x08011eb4                OS_Tick_GetIRQn
                0x08011eba                OS_Tick_GetClock
                0x08011ec4                OS_Tick_GetInterval
                0x08011ed0                OS_Tick_GetCount
                0x08011ee0                OS_Tick_GetOverflow
 .text          0x08011ef0       0x8c build/FreeRTOS/heap_useNewlib.o
                0x08011ef0                sbrk
                0x08011f40                _sbrk
                0x08011f44                __malloc_lock
                0x08011f48                __malloc_unlock
                0x08011f4c                __env_lock
                0x08011f50                __env_unlock
                0x08011f54                pvPortMalloc
                0x08011f58                vPortFree
                0x08011f5c                xPortGetFreeHeapSize
                0x08011f78                vPortInitialiseBlocks
 *fill*         0x08011f7c        0x4 
 .text          0x08011f80      0x1f8 build/FreeRTOS/port.o
                0x08011fd0                pxPortInitialiseStack
                0x08011ffc                SVC_Handler
                0x08012024                vPortEndScheduler
                0x08012026                vPortEnterCritical
                0x08012044                vPortExitCritical
                0x08012058                PendSV_Handler
                0x080120c4                xPortSysTickHandler
                0x080120f4                vPortSetupTimerInterrupt
                0x08012128                xPortStartScheduler
 .text          0x08012178      0x308 build/tm_stm32_gpio.o
                0x08012178                TM_GPIO_DeInit
                0x080121c0                TM_GPIO_SetPinAsInput
                0x080121e4                TM_GPIO_SetPinAsOutput
                0x08012210                TM_GPIO_SetPinAsAnalog
                0x08012232                TM_GPIO_SetPinAsAlternate
                0x0801225e                TM_GPIO_SetPullResistor
                0x08012288                TM_GPIO_Lock
                0x08012298                TM_GPIO_GetPinSource
                0x080122ac                TM_GPIO_GetPortSource
                0x080122ba                TM_GPIO_INT_EnableClock
                0x080122dc                TM_GPIO_INT_DisableClock
                0x08012300                TM_GPIO_INT_Init
                0x080123b4                TM_GPIO_Init
                0x080123e6                TM_GPIO_InitAlternate
                0x0801244c                TM_GPIO_GetUsedPins
                0x08012464                TM_GPIO_GetFreePins
 .text          0x08012480      0x424 build/tm_stm32_i2c.o
                0x08012480                TM_I2C_GetHandle
                0x080124b8                TM_I2C_Read
                0x080124fc                TM_I2C_ReadMulti
                0x08012542                TM_I2C_ReadNoRegister
                0x08012568                TM_I2C_ReadMultiNoRegister
                0x08012592                TM_I2C_Write
                0x080125c2                TM_I2C_WriteMulti
                0x080125f8                TM_I2C_WriteNoRegister
                0x08012622                TM_I2C_WriteMultiNoRegister
                0x0801264c                TM_I2C_Write16
                0x0801267e                TM_I2C_Read16
                0x080126c6                TM_I2C_IsDeviceConnected
                0x080126dc                TM_I2C_WriteReadRepeatedStart
                0x0801272e                TM_I2C_InitCustomPinsCallback
                0x08012730                TM_I2C_Init
 .text          0x080128a4      0x390 build/tm_stm32_mpu6050.o
                0x080128a4                TM_MPU6050_SetGyroscope
                0x0801290c                TM_MPU6050_SetAccelerometer
                0x0801296c                TM_MPU6050_SetDataRate
                0x08012988                TM_MPU6050_Init
                0x08012a20                TM_MPU6050_EnableInterrupts
                0x08012a60                TM_MPU6050_DisableInterrupts
                0x08012a7c                TM_MPU6050_ReadInterrupts
                0x08012aa8                TM_MPU6050_ReadAccelerometer
                0x08012af0                TM_MPU6050_ReadGyroscope
                0x08012b38                TM_MPU6050_ReadTemperature
                0x08012b88                TM_MPU6050_ReadAll
 .text          0x08012c34        0x0 c:/users/mark/documents/mcha3500/mcha3500_windows_toolchain/toolchain/gcc-arm-none-eabi/bin/../lib/gcc/arm-none-eabi/9.2.1/../../../../arm-none-eabi/lib/thumb/v7e-m+fp/hard\libm.a(lib_a-w_atan2.o)
 .text          0x08012c34        0x0 c:/users/mark/documents/mcha3500/mcha3500_windows_toolchain/toolchain/gcc-arm-none-eabi/bin/../lib/gcc/arm-none-eabi/9.2.1/../../../../arm-none-eabi/lib/thumb/v7e-m+fp/hard\libm.a(lib_a-wf_sqrt.o)
 .text          0x08012c34        0x0 c:/users/mark/documents/mcha3500/mcha3500_windows_toolchain/toolchain/gcc-arm-none-eabi/bin/../lib/gcc/arm-none-eabi/9.2.1/../../../../arm-none-eabi/lib/thumb/v7e-m+fp/hard\libm.a(lib_a-e_atan2.o)
 .text          0x08012c34        0x0 c:/users/mark/documents/mcha3500/mcha3500_windows_toolchain/toolchain/gcc-arm-none-eabi/bin/../lib/gcc/arm-none-eabi/9.2.1/../../../../arm-none-eabi/lib/thumb/v7e-m+fp/hard\libm.a(lib_a-ef_sqrt.o)
 .text          0x08012c34        0x0 c:/users/mark/documents/mcha3500/mcha3500_windows_toolchain/toolchain/gcc-arm-none-eabi/bin/../lib/gcc/arm-none-eabi/9.2.1/../../../../arm-none-eabi/lib/thumb/v7e-m+fp/hard\libm.a(lib_a-s_atan.o)
 .text          0x08012c34        0x0 c:/users/mark/documents/mcha3500/mcha3500_windows_toolchain/toolchain/gcc-arm-none-eabi/bin/../lib/gcc/arm-none-eabi/9.2.1/../../../../arm-none-eabi/lib/thumb/v7e-m+fp/hard\libm.a(lib_a-s_fabs.o)
 .text          0x08012c34        0x0 c:/users/mark/documents/mcha3500/mcha3500_windows_toolchain/toolchain/gcc-arm-none-eabi/bin/../lib/gcc/arm-none-eabi/9.2.1/../../../../arm-none-eabi/lib/thumb/v7e-m+fp/hard\libm.a(lib_a-s_lib_ver.o)
 .text          0x08012c34        0x0 c:/users/mark/documents/mcha3500/mcha3500_windows_toolchain/toolchain/gcc-arm-none-eabi/bin/../lib/gcc/arm-none-eabi/9.2.1/../../../../arm-none-eabi/lib/thumb/v7e-m+fp/hard\libm.a(lib_a-s_matherr.o)
 .text          0x08012c34        0x0 ../STM32Cube_F4_FW/Drivers/CMSIS/Lib/GCC/libarm_cortexM4lf_math.a(arm_mat_trans_f32.o)
 .text          0x08012c34        0x0 ../STM32Cube_F4_FW/Drivers/CMSIS/Lib/GCC/libarm_cortexM4lf_math.a(arm_mat_sub_f32.o)
 .text          0x08012c34        0x0 ../STM32Cube_F4_FW/Drivers/CMSIS/Lib/GCC/libarm_cortexM4lf_math.a(arm_mat_mult_f32.o)
 .text          0x08012c34        0x0 ../STM32Cube_F4_FW/Drivers/CMSIS/Lib/GCC/libarm_cortexM4lf_math.a(arm_mat_inverse_f32.o)
 .text          0x08012c34        0x0 ../STM32Cube_F4_FW/Drivers/CMSIS/Lib/GCC/libarm_cortexM4lf_math.a(arm_mat_init_f32.o)
 .text          0x08012c34        0x0 ../STM32Cube_F4_FW/Drivers/CMSIS/Lib/GCC/libarm_cortexM4lf_math.a(arm_mat_add_f32.o)
 .text          0x08012c34      0x254 c:/users/mark/documents/mcha3500/mcha3500_windows_toolchain/toolchain/gcc-arm-none-eabi/bin/../lib/gcc/arm-none-eabi/9.2.1/thumb/v7e-m+fp/hard\libgcc.a(_arm_muldf3.o)
 .text          0x08012e88      0x378 c:/users/mark/documents/mcha3500/mcha3500_windows_toolchain/toolchain/gcc-arm-none-eabi/bin/../lib/gcc/arm-none-eabi/9.2.1/thumb/v7e-m+fp/hard\libgcc.a(_arm_addsubdf3.o)
                0x08012e88                __aeabi_drsub
                0x08012e90                __aeabi_dsub
                0x08012e90                __subdf3
                0x08012e94                __aeabi_dadd
                0x08012e94                __adddf3
                0x0801310c                __floatunsidf
                0x0801310c                __aeabi_ui2d
                0x0801312c                __floatsidf
                0x0801312c                __aeabi_i2d
                0x08013150                __aeabi_f2d
                0x08013150                __extendsfdf2
                0x08013194                __floatundidf
                0x08013194                __aeabi_ul2d
                0x080131a4                __floatdidf
                0x080131a4                __aeabi_l2d
 .text          0x08013200      0x424 c:/users/mark/documents/mcha3500/mcha3500_windows_toolchain/toolchain/gcc-arm-none-eabi/bin/../lib/gcc/arm-none-eabi/9.2.1/thumb/v7e-m+fp/hard\libgcc.a(_arm_muldivdf3.o)
                0x08013200                __aeabi_dmul
                0x08013200                __muldf3
                0x08013454                __divdf3
                0x08013454                __aeabi_ddiv
 .text          0x08013624      0x110 c:/users/mark/documents/mcha3500/mcha3500_windows_toolchain/toolchain/gcc-arm-none-eabi/bin/../lib/gcc/arm-none-eabi/9.2.1/thumb/v7e-m+fp/hard\libgcc.a(_arm_cmpdf2.o)
                0x08013624                __gtdf2
                0x08013624                __gedf2
                0x0801362c                __ltdf2
                0x0801362c                __ledf2
                0x08013634                __nedf2
                0x08013634                __eqdf2
                0x08013634                __cmpdf2
                0x080136b0                __aeabi_cdrcmple
                0x080136c0                __aeabi_cdcmpeq
                0x080136c0                __aeabi_cdcmple
                0x080136d0                __aeabi_dcmpeq
                0x080136e4                __aeabi_dcmplt
                0x080136f8                __aeabi_dcmple
                0x0801370c                __aeabi_dcmpge
                0x08013720                __aeabi_dcmpgt
 .text          0x08013734       0xa0 c:/users/mark/documents/mcha3500/mcha3500_windows_toolchain/toolchain/gcc-arm-none-eabi/bin/../lib/gcc/arm-none-eabi/9.2.1/thumb/v7e-m+fp/hard\libgcc.a(_arm_truncdfsf2.o)
                0x08013734                __truncdfsf2
                0x08013734                __aeabi_d2f
 .text          0x080137d4       0xa0 c:/users/mark/documents/mcha3500/mcha3500_windows_toolchain/toolchain/gcc-arm-none-eabi/bin/../lib/gcc/arm-none-eabi/9.2.1/thumb/v7e-m+fp/hard\libgcc.a(_aeabi_ldivmod.o)
                0x080137d4                __aeabi_ldivmod
 .text          0x08013874       0x30 c:/users/mark/documents/mcha3500/mcha3500_windows_toolchain/toolchain/gcc-arm-none-eabi/bin/../lib/gcc/arm-none-eabi/9.2.1/thumb/v7e-m+fp/hard\libgcc.a(_aeabi_uldivmod.o)
                0x08013874                __aeabi_uldivmod
 .text          0x080138a4      0x2c4 c:/users/mark/documents/mcha3500/mcha3500_windows_toolchain/toolchain/gcc-arm-none-eabi/bin/../lib/gcc/arm-none-eabi/9.2.1/thumb/v7e-m+fp/hard\libgcc.a(_udivmoddi4.o)
                0x080138a4                __udivmoddi4
 .text          0x08013b68        0x4 c:/users/mark/documents/mcha3500/mcha3500_windows_toolchain/toolchain/gcc-arm-none-eabi/bin/../lib/gcc/arm-none-eabi/9.2.1/thumb/v7e-m+fp/hard\libgcc.a(_dvmd_tls.o)
                0x08013b68                __aeabi_idiv0
                0x08013b68                __aeabi_ldiv0
 .text          0x08013b6c        0x0 c:/users/mark/documents/mcha3500/mcha3500_windows_toolchain/toolchain/gcc-arm-none-eabi/bin/../lib/gcc/arm-none-eabi/9.2.1/../../../../arm-none-eabi/lib/thumb/v7e-m+fp/hard\libc_nano.a(lib_a-atof.o)
 .text          0x08013b6c        0x0 c:/users/mark/documents/mcha3500/mcha3500_windows_toolchain/toolchain/gcc-arm-none-eabi/bin/../lib/gcc/arm-none-eabi/9.2.1/../../../../arm-none-eabi/lib/thumb/v7e-m+fp/hard\libc_nano.a(lib_a-ctype_.o)
 .text          0x08013b6c        0x0 c:/users/mark/documents/mcha3500/mcha3500_windows_toolchain/toolchain/gcc-arm-none-eabi/bin/../lib/gcc/arm-none-eabi/9.2.1/../../../../arm-none-eabi/lib/thumb/v7e-m+fp/hard\libc_nano.a(lib_a-errno.o)
 .text          0x08013b6c        0x0 c:/users/mark/documents/mcha3500/mcha3500_windows_toolchain/toolchain/gcc-arm-none-eabi/bin/../lib/gcc/arm-none-eabi/9.2.1/../../../../arm-none-eabi/lib/thumb/v7e-m+fp/hard\libc_nano.a(lib_a-exit.o)
 .text          0x08013b6c        0x0 c:/users/mark/documents/mcha3500/mcha3500_windows_toolchain/toolchain/gcc-arm-none-eabi/bin/../lib/gcc/arm-none-eabi/9.2.1/../../../../arm-none-eabi/lib/thumb/v7e-m+fp/hard\libc_nano.a(lib_a-getchar.o)
 .text          0x08013b6c        0x0 c:/users/mark/documents/mcha3500/mcha3500_windows_toolchain/toolchain/gcc-arm-none-eabi/bin/../lib/gcc/arm-none-eabi/9.2.1/../../../../arm-none-eabi/lib/thumb/v7e-m+fp/hard\libc_nano.a(lib_a-impure.o)
 .text          0x08013b6c        0x0 c:/users/mark/documents/mcha3500/mcha3500_windows_toolchain/toolchain/gcc-arm-none-eabi/bin/../lib/gcc/arm-none-eabi/9.2.1/../../../../arm-none-eabi/lib/thumb/v7e-m+fp/hard\libc_nano.a(lib_a-init.o)
 .text          0x08013b6c        0x0 c:/users/mark/documents/mcha3500/mcha3500_windows_toolchain/toolchain/gcc-arm-none-eabi/bin/../lib/gcc/arm-none-eabi/9.2.1/../../../../arm-none-eabi/lib/thumb/v7e-m+fp/hard\libc_nano.a(lib_a-malloc.o)
 .text          0x08013b6c        0x0 c:/users/mark/documents/mcha3500/mcha3500_windows_toolchain/toolchain/gcc-arm-none-eabi/bin/../lib/gcc/arm-none-eabi/9.2.1/../../../../arm-none-eabi/lib/thumb/v7e-m+fp/hard\libc_nano.a(lib_a-memcpy-stub.o)
 .text          0x08013b6c        0x0 c:/users/mark/documents/mcha3500/mcha3500_windows_toolchain/toolchain/gcc-arm-none-eabi/bin/../lib/gcc/arm-none-eabi/9.2.1/../../../../arm-none-eabi/lib/thumb/v7e-m+fp/hard\libc_nano.a(lib_a-memset.o)
 .text          0x08013b6c        0x0 c:/users/mark/documents/mcha3500/mcha3500_windows_toolchain/toolchain/gcc-arm-none-eabi/bin/../lib/gcc/arm-none-eabi/9.2.1/../../../../arm-none-eabi/lib/thumb/v7e-m+fp/hard\libc_nano.a(lib_a-mstats.o)
 .text          0x08013b6c        0x0 c:/users/mark/documents/mcha3500/mcha3500_windows_toolchain/toolchain/gcc-arm-none-eabi/bin/../lib/gcc/arm-none-eabi/9.2.1/../../../../arm-none-eabi/lib/thumb/v7e-m+fp/hard\libc_nano.a(lib_a-nano-freer.o)
 .text          0x08013b6c        0x0 c:/users/mark/documents/mcha3500/mcha3500_windows_toolchain/toolchain/gcc-arm-none-eabi/bin/../lib/gcc/arm-none-eabi/9.2.1/../../../../arm-none-eabi/lib/thumb/v7e-m+fp/hard\libc_nano.a(lib_a-nano-mallinfor.o)
 .text          0x08013b6c        0x0 c:/users/mark/documents/mcha3500/mcha3500_windows_toolchain/toolchain/gcc-arm-none-eabi/bin/../lib/gcc/arm-none-eabi/9.2.1/../../../../arm-none-eabi/lib/thumb/v7e-m+fp/hard\libc_nano.a(lib_a-nano-mallocr.o)
 .text          0x08013b6c        0x0 c:/users/mark/documents/mcha3500/mcha3500_windows_toolchain/toolchain/gcc-arm-none-eabi/bin/../lib/gcc/arm-none-eabi/9.2.1/../../../../arm-none-eabi/lib/thumb/v7e-m+fp/hard\libc_nano.a(lib_a-nano-malloptr.o)
 .text          0x08013b6c        0x0 c:/users/mark/documents/mcha3500/mcha3500_windows_toolchain/toolchain/gcc-arm-none-eabi/bin/../lib/gcc/arm-none-eabi/9.2.1/../../../../arm-none-eabi/lib/thumb/v7e-m+fp/hard\libc_nano.a(lib_a-nano-mallstatsr.o)
 .text          0x08013b6c        0x0 c:/users/mark/documents/mcha3500/mcha3500_windows_toolchain/toolchain/gcc-arm-none-eabi/bin/../lib/gcc/arm-none-eabi/9.2.1/../../../../arm-none-eabi/lib/thumb/v7e-m+fp/hard\libc_nano.a(lib_a-nano-vfprintf_float.o)
 .text          0x08013b6c        0x0 c:/users/mark/documents/mcha3500/mcha3500_windows_toolchain/toolchain/gcc-arm-none-eabi/bin/../lib/gcc/arm-none-eabi/9.2.1/../../../../arm-none-eabi/lib/thumb/v7e-m+fp/hard\libc_nano.a(lib_a-nano-vfprintf_i.o)
 .text          0x08013b6c        0x0 c:/users/mark/documents/mcha3500/mcha3500_windows_toolchain/toolchain/gcc-arm-none-eabi/bin/../lib/gcc/arm-none-eabi/9.2.1/../../../../arm-none-eabi/lib/thumb/v7e-m+fp/hard\libc_nano.a(lib_a-nano-vfscanf_float.o)
 .text          0x08013b6c        0x0 c:/users/mark/documents/mcha3500/mcha3500_windows_toolchain/toolchain/gcc-arm-none-eabi/bin/../lib/gcc/arm-none-eabi/9.2.1/../../../../arm-none-eabi/lib/thumb/v7e-m+fp/hard\libc_nano.a(lib_a-printf.o)
 .text          0x08013b6c        0x0 c:/users/mark/documents/mcha3500/mcha3500_windows_toolchain/toolchain/gcc-arm-none-eabi/bin/../lib/gcc/arm-none-eabi/9.2.1/../../../../arm-none-eabi/lib/thumb/v7e-m+fp/hard\libc_nano.a(lib_a-reent.o)
 .text          0x08013b6c        0x0 c:/users/mark/documents/mcha3500/mcha3500_windows_toolchain/toolchain/gcc-arm-none-eabi/bin/../lib/gcc/arm-none-eabi/9.2.1/../../../../arm-none-eabi/lib/thumb/v7e-m+fp/hard\libc_nano.a(lib_a-sbrkr.o)
 .text          0x08013b6c        0x0 c:/users/mark/documents/mcha3500/mcha3500_windows_toolchain/toolchain/gcc-arm-none-eabi/bin/../lib/gcc/arm-none-eabi/9.2.1/../../../../arm-none-eabi/lib/thumb/v7e-m+fp/hard\libc_nano.a(lib_a-setvbuf.o)
 .text          0x08013b6c        0x0 c:/users/mark/documents/mcha3500/mcha3500_windows_toolchain/toolchain/gcc-arm-none-eabi/bin/../lib/gcc/arm-none-eabi/9.2.1/../../../../arm-none-eabi/lib/thumb/v7e-m+fp/hard\libc_nano.a(lib_a-sf_nan.o)
 .text          0x08013b6c        0x0 c:/users/mark/documents/mcha3500/mcha3500_windows_toolchain/toolchain/gcc-arm-none-eabi/bin/../lib/gcc/arm-none-eabi/9.2.1/../../../../arm-none-eabi/lib/thumb/v7e-m+fp/hard\libc_nano.a(lib_a-sprintf.o)
 .text          0x08013b6c       0x14 c:/users/mark/documents/mcha3500/mcha3500_windows_toolchain/toolchain/gcc-arm-none-eabi/bin/../lib/gcc/arm-none-eabi/9.2.1/../../../../arm-none-eabi/lib/thumb/v7e-m+fp/hard\libc_nano.a(lib_a-strcmp.o)
                0x08013b6c                strcmp
 .text          0x08013b80        0x0 c:/users/mark/documents/mcha3500/mcha3500_windows_toolchain/toolchain/gcc-arm-none-eabi/bin/../lib/gcc/arm-none-eabi/9.2.1/../../../../arm-none-eabi/lib/thumb/v7e-m+fp/hard\libc_nano.a(lib_a-strcpy.o)
 .text          0x08013b80       0x10 c:/users/mark/documents/mcha3500/mcha3500_windows_toolchain/toolchain/gcc-arm-none-eabi/bin/../lib/gcc/arm-none-eabi/9.2.1/../../../../arm-none-eabi/lib/thumb/v7e-m+fp/hard\libc_nano.a(lib_a-strlen.o)
                0x08013b80                strlen
 .text          0x08013b90        0x0 c:/users/mark/documents/mcha3500/mcha3500_windows_toolchain/toolchain/gcc-arm-none-eabi/bin/../lib/gcc/arm-none-eabi/9.2.1/../../../../arm-none-eabi/lib/thumb/v7e-m+fp/hard\libc_nano.a(lib_a-strtod.o)
 .text          0x08013b90        0x0 c:/users/mark/documents/mcha3500/mcha3500_windows_toolchain/toolchain/gcc-arm-none-eabi/bin/../lib/gcc/arm-none-eabi/9.2.1/../../../../arm-none-eabi/lib/thumb/v7e-m+fp/hard\libc_nano.a(lib_a-strtol.o)
 .text          0x08013b90        0x0 c:/users/mark/documents/mcha3500/mcha3500_windows_toolchain/toolchain/gcc-arm-none-eabi/bin/../lib/gcc/arm-none-eabi/9.2.1/../../../../arm-none-eabi/lib/thumb/v7e-m+fp/hard\libc_nano.a(lib_a-vprintf.o)
 .text          0x08013b90        0x0 c:/users/mark/documents/mcha3500/mcha3500_windows_toolchain/toolchain/gcc-arm-none-eabi/bin/../lib/gcc/arm-none-eabi/9.2.1/../../../../arm-none-eabi/lib/thumb/v7e-m+fp/hard\libc_nano.a(lib_a-dtoa.o)
 .text          0x08013b90        0x0 c:/users/mark/documents/mcha3500/mcha3500_windows_toolchain/toolchain/gcc-arm-none-eabi/bin/../lib/gcc/arm-none-eabi/9.2.1/../../../../arm-none-eabi/lib/thumb/v7e-m+fp/hard\libc_nano.a(lib_a-fflush.o)
 .text          0x08013b90        0x0 c:/users/mark/documents/mcha3500/mcha3500_windows_toolchain/toolchain/gcc-arm-none-eabi/bin/../lib/gcc/arm-none-eabi/9.2.1/../../../../arm-none-eabi/lib/thumb/v7e-m+fp/hard\libc_nano.a(lib_a-findfp.o)
 .text          0x08013b90        0x0 c:/users/mark/documents/mcha3500/mcha3500_windows_toolchain/toolchain/gcc-arm-none-eabi/bin/../lib/gcc/arm-none-eabi/9.2.1/../../../../arm-none-eabi/lib/thumb/v7e-m+fp/hard\libc_nano.a(lib_a-fprintf.o)
 .text          0x08013b90        0x0 c:/users/mark/documents/mcha3500/mcha3500_windows_toolchain/toolchain/gcc-arm-none-eabi/bin/../lib/gcc/arm-none-eabi/9.2.1/../../../../arm-none-eabi/lib/thumb/v7e-m+fp/hard\libc_nano.a(lib_a-fwalk.o)
 .text          0x08013b90        0x0 c:/users/mark/documents/mcha3500/mcha3500_windows_toolchain/toolchain/gcc-arm-none-eabi/bin/../lib/gcc/arm-none-eabi/9.2.1/../../../../arm-none-eabi/lib/thumb/v7e-m+fp/hard\libc_nano.a(lib_a-gdtoa-gethex.o)
 .text          0x08013b90        0x0 c:/users/mark/documents/mcha3500/mcha3500_windows_toolchain/toolchain/gcc-arm-none-eabi/bin/../lib/gcc/arm-none-eabi/9.2.1/../../../../arm-none-eabi/lib/thumb/v7e-m+fp/hard\libc_nano.a(lib_a-gdtoa-hexnan.o)
 .text          0x08013b90        0x0 c:/users/mark/documents/mcha3500/mcha3500_windows_toolchain/toolchain/gcc-arm-none-eabi/bin/../lib/gcc/arm-none-eabi/9.2.1/../../../../arm-none-eabi/lib/thumb/v7e-m+fp/hard\libc_nano.a(lib_a-getc.o)
 .text          0x08013b90        0x0 c:/users/mark/documents/mcha3500/mcha3500_windows_toolchain/toolchain/gcc-arm-none-eabi/bin/../lib/gcc/arm-none-eabi/9.2.1/../../../../arm-none-eabi/lib/thumb/v7e-m+fp/hard\libc_nano.a(lib_a-lnumeric.o)
 .text          0x08013b90        0x0 c:/users/mark/documents/mcha3500/mcha3500_windows_toolchain/toolchain/gcc-arm-none-eabi/bin/../lib/gcc/arm-none-eabi/9.2.1/../../../../arm-none-eabi/lib/thumb/v7e-m+fp/hard\libc_nano.a(lib_a-locale.o)
 .text          0x08013b90        0x0 c:/users/mark/documents/mcha3500/mcha3500_windows_toolchain/toolchain/gcc-arm-none-eabi/bin/../lib/gcc/arm-none-eabi/9.2.1/../../../../arm-none-eabi/lib/thumb/v7e-m+fp/hard\libc_nano.a(lib_a-localeconv.o)
 .text          0x08013b90        0x0 c:/users/mark/documents/mcha3500/mcha3500_windows_toolchain/toolchain/gcc-arm-none-eabi/bin/../lib/gcc/arm-none-eabi/9.2.1/../../../../arm-none-eabi/lib/thumb/v7e-m+fp/hard\libc_nano.a(lib_a-lock.o)
 .text          0x08013b90        0x0 c:/users/mark/documents/mcha3500/mcha3500_windows_toolchain/toolchain/gcc-arm-none-eabi/bin/../lib/gcc/arm-none-eabi/9.2.1/../../../../arm-none-eabi/lib/thumb/v7e-m+fp/hard\libc_nano.a(lib_a-makebuf.o)
 .text          0x08013b90        0x0 c:/users/mark/documents/mcha3500/mcha3500_windows_toolchain/toolchain/gcc-arm-none-eabi/bin/../lib/gcc/arm-none-eabi/9.2.1/../../../../arm-none-eabi/lib/thumb/v7e-m+fp/hard\libc_nano.a(lib_a-mbtowc_r.o)
 .text          0x08013b90       0xa0 c:/users/mark/documents/mcha3500/mcha3500_windows_toolchain/toolchain/gcc-arm-none-eabi/bin/../lib/gcc/arm-none-eabi/9.2.1/../../../../arm-none-eabi/lib/thumb/v7e-m+fp/hard\libc_nano.a(lib_a-memchr.o)
                0x08013b90                memchr
 .text          0x08013c30        0x0 c:/users/mark/documents/mcha3500/mcha3500_windows_toolchain/toolchain/gcc-arm-none-eabi/bin/../lib/gcc/arm-none-eabi/9.2.1/../../../../arm-none-eabi/lib/thumb/v7e-m+fp/hard\libc_nano.a(lib_a-mprec.o)
 .text          0x08013c30        0x0 c:/users/mark/documents/mcha3500/mcha3500_windows_toolchain/toolchain/gcc-arm-none-eabi/bin/../lib/gcc/arm-none-eabi/9.2.1/../../../../arm-none-eabi/lib/thumb/v7e-m+fp/hard\libc_nano.a(lib_a-nano-callocr.o)
 .text          0x08013c30        0x0 c:/users/mark/documents/mcha3500/mcha3500_windows_toolchain/toolchain/gcc-arm-none-eabi/bin/../lib/gcc/arm-none-eabi/9.2.1/../../../../arm-none-eabi/lib/thumb/v7e-m+fp/hard\libc_nano.a(lib_a-nano-svfprintf.o)
 .text          0x08013c30        0x0 c:/users/mark/documents/mcha3500/mcha3500_windows_toolchain/toolchain/gcc-arm-none-eabi/bin/../lib/gcc/arm-none-eabi/9.2.1/../../../../arm-none-eabi/lib/thumb/v7e-m+fp/hard\libc_nano.a(lib_a-nano-vfprintf.o)
 .text          0x08013c30        0x0 c:/users/mark/documents/mcha3500/mcha3500_windows_toolchain/toolchain/gcc-arm-none-eabi/bin/../lib/gcc/arm-none-eabi/9.2.1/../../../../arm-none-eabi/lib/thumb/v7e-m+fp/hard\libc_nano.a(lib_a-rget.o)
 .text          0x08013c30        0x0 c:/users/mark/documents/mcha3500/mcha3500_windows_toolchain/toolchain/gcc-arm-none-eabi/bin/../lib/gcc/arm-none-eabi/9.2.1/../../../../arm-none-eabi/lib/thumb/v7e-m+fp/hard\libc_nano.a(lib_a-s_nan.o)
 .text          0x08013c30        0x0 c:/users/mark/documents/mcha3500/mcha3500_windows_toolchain/toolchain/gcc-arm-none-eabi/bin/../lib/gcc/arm-none-eabi/9.2.1/../../../../arm-none-eabi/lib/thumb/v7e-m+fp/hard\libc_nano.a(lib_a-stdio.o)
 .text          0x08013c30        0x0 c:/users/mark/documents/mcha3500/mcha3500_windows_toolchain/toolchain/gcc-arm-none-eabi/bin/../lib/gcc/arm-none-eabi/9.2.1/../../../../arm-none-eabi/lib/thumb/v7e-m+fp/hard\libc_nano.a(lib_a-strncmp.o)
 .text          0x08013c30        0x0 c:/users/mark/documents/mcha3500/mcha3500_windows_toolchain/toolchain/gcc-arm-none-eabi/bin/../lib/gcc/arm-none-eabi/9.2.1/../../../../arm-none-eabi/lib/thumb/v7e-m+fp/hard\libc_nano.a(lib_a-wbuf.o)
 .text          0x08013c30        0x0 c:/users/mark/documents/mcha3500/mcha3500_windows_toolchain/toolchain/gcc-arm-none-eabi/bin/../lib/gcc/arm-none-eabi/9.2.1/../../../../arm-none-eabi/lib/thumb/v7e-m+fp/hard\libc_nano.a(lib_a-wctomb_r.o)
 .text          0x08013c30        0x0 c:/users/mark/documents/mcha3500/mcha3500_windows_toolchain/toolchain/gcc-arm-none-eabi/bin/../lib/gcc/arm-none-eabi/9.2.1/../../../../arm-none-eabi/lib/thumb/v7e-m+fp/hard\libc_nano.a(lib_a-writer.o)
 .text          0x08013c30        0x0 c:/users/mark/documents/mcha3500/mcha3500_windows_toolchain/toolchain/gcc-arm-none-eabi/bin/../lib/gcc/arm-none-eabi/9.2.1/../../../../arm-none-eabi/lib/thumb/v7e-m+fp/hard\libc_nano.a(lib_a-wsetup.o)
 .text          0x08013c30        0x0 c:/users/mark/documents/mcha3500/mcha3500_windows_toolchain/toolchain/gcc-arm-none-eabi/bin/../lib/gcc/arm-none-eabi/9.2.1/../../../../arm-none-eabi/lib/thumb/v7e-m+fp/hard\libc_nano.a(lib_a-closer.o)
 .text          0x08013c30        0x0 c:/users/mark/documents/mcha3500/mcha3500_windows_toolchain/toolchain/gcc-arm-none-eabi/bin/../lib/gcc/arm-none-eabi/9.2.1/../../../../arm-none-eabi/lib/thumb/v7e-m+fp/hard\libc_nano.a(lib_a-fstatr.o)
 .text          0x08013c30        0x0 c:/users/mark/documents/mcha3500/mcha3500_windows_toolchain/toolchain/gcc-arm-none-eabi/bin/../lib/gcc/arm-none-eabi/9.2.1/../../../../arm-none-eabi/lib/thumb/v7e-m+fp/hard\libc_nano.a(lib_a-fvwrite.o)
 .text          0x08013c30        0x0 c:/users/mark/documents/mcha3500/mcha3500_windows_toolchain/toolchain/gcc-arm-none-eabi/bin/../lib/gcc/arm-none-eabi/9.2.1/../../../../arm-none-eabi/lib/thumb/v7e-m+fp/hard\libc_nano.a(lib_a-isattyr.o)
 .text          0x08013c30        0x0 c:/users/mark/documents/mcha3500/mcha3500_windows_toolchain/toolchain/gcc-arm-none-eabi/bin/../lib/gcc/arm-none-eabi/9.2.1/../../../../arm-none-eabi/lib/thumb/v7e-m+fp/hard\libc_nano.a(lib_a-lseekr.o)
 .text          0x08013c30        0x0 c:/users/mark/documents/mcha3500/mcha3500_windows_toolchain/toolchain/gcc-arm-none-eabi/bin/../lib/gcc/arm-none-eabi/9.2.1/../../../../arm-none-eabi/lib/thumb/v7e-m+fp/hard\libc_nano.a(lib_a-memmove.o)
 .text          0x08013c30        0x0 c:/users/mark/documents/mcha3500/mcha3500_windows_toolchain/toolchain/gcc-arm-none-eabi/bin/../lib/gcc/arm-none-eabi/9.2.1/../../../../arm-none-eabi/lib/thumb/v7e-m+fp/hard\libc_nano.a(lib_a-nano-reallocr.o)
 .text          0x08013c30        0x0 c:/users/mark/documents/mcha3500/mcha3500_windows_toolchain/toolchain/gcc-arm-none-eabi/bin/../lib/gcc/arm-none-eabi/9.2.1/../../../../arm-none-eabi/lib/thumb/v7e-m+fp/hard\libc_nano.a(lib_a-readr.o)
 .text          0x08013c30        0x0 c:/users/mark/documents/mcha3500/mcha3500_windows_toolchain/toolchain/gcc-arm-none-eabi/bin/../lib/gcc/arm-none-eabi/9.2.1/../../../../arm-none-eabi/lib/thumb/v7e-m+fp/hard\libc_nano.a(lib_a-refill.o)
 .text          0x08013c30        0x0 c:/users/mark/documents/mcha3500/mcha3500_windows_toolchain/toolchain/gcc-arm-none-eabi/bin/../lib/gcc/arm-none-eabi/9.2.1/../../../../arm-none-eabi/lib/thumb/v7e-m+fp/hard\libc_nano.a(lib_a-nano-msizer.o)
 .text          0x08013c30       0x2c c:/users/mark/documents/mcha3500/mcha3500_windows_toolchain/toolchain/gcc-arm-none-eabi/bin/../lib/gcc/arm-none-eabi/9.2.1/thumb/v7e-m+fp/hard\libgcc.a(_arm_unorddf2.o)
                0x08013c30                __unorddf2
                0x08013c30                __aeabi_dcmpun
 .text          0x08013c5c       0x50 c:/users/mark/documents/mcha3500/mcha3500_windows_toolchain/toolchain/gcc-arm-none-eabi/bin/../lib/gcc/arm-none-eabi/9.2.1/thumb/v7e-m+fp/hard\libgcc.a(_arm_fixdfsi.o)
                0x08013c5c                __aeabi_d2iz
                0x08013c5c                __fixdfsi
 .text          0x08013cac       0x40 c:/users/mark/documents/mcha3500/mcha3500_windows_toolchain/toolchain/gcc-arm-none-eabi/bin/../lib/gcc/arm-none-eabi/9.2.1/thumb/v7e-m+fp/hard\libgcc.a(_arm_fixunsdfsi.o)
                0x08013cac                __aeabi_d2uiz
                0x08013cac                __fixunsdfsi
 .text          0x08013cec       0x30 c:/users/mark/documents/mcha3500/mcha3500_windows_toolchain/toolchain/gcc-arm-none-eabi/bin/../lib/gcc/arm-none-eabi/9.2.1/thumb/v7e-m+fp/hard\libgcc.a(_fixdfdi.o)
                0x08013cec                __fixdfdi
                0x08013cec                __aeabi_d2lz
 .text          0x08013d1c       0x3c c:/users/mark/documents/mcha3500/mcha3500_windows_toolchain/toolchain/gcc-arm-none-eabi/bin/../lib/gcc/arm-none-eabi/9.2.1/thumb/v7e-m+fp/hard\libgcc.a(_fixunsdfdi.o)
                0x08013d1c                __fixunsdfdi
                0x08013d1c                __aeabi_d2ulz
 .text          0x08013d58        0x0 c:/users/mark/documents/mcha3500/mcha3500_windows_toolchain/toolchain/gcc-arm-none-eabi/bin/../lib/gcc/arm-none-eabi/9.2.1/../../../../arm-none-eabi/lib/thumb/v7e-m+fp/hard\libnosys.a(close.o)
 .text          0x08013d58        0x0 c:/users/mark/documents/mcha3500/mcha3500_windows_toolchain/toolchain/gcc-arm-none-eabi/bin/../lib/gcc/arm-none-eabi/9.2.1/../../../../arm-none-eabi/lib/thumb/v7e-m+fp/hard\libnosys.a(fstat.o)
 .text          0x08013d58        0x0 c:/users/mark/documents/mcha3500/mcha3500_windows_toolchain/toolchain/gcc-arm-none-eabi/bin/../lib/gcc/arm-none-eabi/9.2.1/../../../../arm-none-eabi/lib/thumb/v7e-m+fp/hard\libnosys.a(isatty.o)
 .text          0x08013d58        0x0 c:/users/mark/documents/mcha3500/mcha3500_windows_toolchain/toolchain/gcc-arm-none-eabi/bin/../lib/gcc/arm-none-eabi/9.2.1/../../../../arm-none-eabi/lib/thumb/v7e-m+fp/hard\libnosys.a(lseek.o)
 .text          0x08013d58        0x0 c:/users/mark/documents/mcha3500/mcha3500_windows_toolchain/toolchain/gcc-arm-none-eabi/bin/../lib/gcc/arm-none-eabi/9.2.1/../../../../arm-none-eabi/lib/thumb/v7e-m+fp/hard\libnosys.a(_exit.o)
 .text          0x08013d58        0x0 c:/users/mark/documents/mcha3500/mcha3500_windows_toolchain/toolchain/gcc-arm-none-eabi/bin/../lib/gcc/arm-none-eabi/9.2.1/thumb/v7e-m+fp/hard/crtend.o
 .text          0x08013d58        0x0 c:/users/mark/documents/mcha3500/mcha3500_windows_toolchain/toolchain/gcc-arm-none-eabi/bin/../lib/gcc/arm-none-eabi/9.2.1/thumb/v7e-m+fp/hard/crtn.o
 *(.text*)
 .text.startup  0x08013d58       0xc4 build/main.o
                0x08013d58                main
 .text.Reset_Handler
                0x08013e1c       0x50 build/startup_stm32f446xx.o
                0x08013e1c                Reset_Handler
 .text.Default_Handler
                0x08013e6c        0x2 build/startup_stm32f446xx.o
                0x08013e6c                RTC_Alarm_IRQHandler
                0x08013e6c                EXTI2_IRQHandler
                0x08013e6c                TIM8_CC_IRQHandler
                0x08013e6c                SPI4_IRQHandler
                0x08013e6c                TIM1_CC_IRQHandler
                0x08013e6c                DMA2_Stream5_IRQHandler
                0x08013e6c                DMA1_Stream5_IRQHandler
                0x08013e6c                PVD_IRQHandler
                0x08013e6c                SDIO_IRQHandler
                0x08013e6c                TAMP_STAMP_IRQHandler
                0x08013e6c                CAN2_RX1_IRQHandler
                0x08013e6c                TIM8_TRG_COM_TIM14_IRQHandler
                0x08013e6c                TIM1_UP_TIM10_IRQHandler
                0x08013e6c                TIM8_UP_TIM13_IRQHandler
                0x08013e6c                I2C3_ER_IRQHandler
                0x08013e6c                FMPI2C1_Event_IRQHandler
                0x08013e6c                EXTI0_IRQHandler
                0x08013e6c                I2C2_EV_IRQHandler
                0x08013e6c                DMA1_Stream2_IRQHandler
                0x08013e6c                CAN1_RX0_IRQHandler
                0x08013e6c                FPU_IRQHandler
                0x08013e6c                OTG_HS_WKUP_IRQHandler
                0x08013e6c                CAN2_SCE_IRQHandler
                0x08013e6c                DMA2_Stream2_IRQHandler
                0x08013e6c                SPI1_IRQHandler
                0x08013e6c                TIM6_DAC_IRQHandler
                0x08013e6c                TIM1_BRK_TIM9_IRQHandler
                0x08013e6c                DCMI_IRQHandler
                0x08013e6c                CAN2_RX0_IRQHandler
                0x08013e6c                DMA2_Stream3_IRQHandler
                0x08013e6c                SAI2_IRQHandler
                0x08013e6c                USART6_IRQHandler
                0x08013e6c                USART3_IRQHandler
                0x08013e6c                CAN1_RX1_IRQHandler
                0x08013e6c                UART5_IRQHandler
                0x08013e6c                DMA2_Stream0_IRQHandler
                0x08013e6c                TIM4_IRQHandler
                0x08013e6c                QUADSPI_IRQHandler
                0x08013e6c                I2C1_EV_IRQHandler
                0x08013e6c                DMA1_Stream6_IRQHandler
                0x08013e6c                DMA1_Stream1_IRQHandler
                0x08013e6c                UART4_IRQHandler
                0x08013e6c                TIM3_IRQHandler
                0x08013e6c                RCC_IRQHandler
                0x08013e6c                TIM8_BRK_TIM12_IRQHandler
                0x08013e6c                Default_Handler
                0x08013e6c                CEC_IRQHandler
                0x08013e6c                EXTI15_10_IRQHandler
                0x08013e6c                ADC_IRQHandler
                0x08013e6c                DMA1_Stream7_IRQHandler
                0x08013e6c                TIM7_IRQHandler
                0x08013e6c                CAN2_TX_IRQHandler
                0x08013e6c                TIM5_IRQHandler
                0x08013e6c                DMA2_Stream7_IRQHandler
                0x08013e6c                I2C3_EV_IRQHandler
                0x08013e6c                EXTI9_5_IRQHandler
                0x08013e6c                RTC_WKUP_IRQHandler
                0x08013e6c                SPDIF_RX_IRQHandler
                0x08013e6c                SPI2_IRQHandler
                0x08013e6c                OTG_HS_EP1_IN_IRQHandler
                0x08013e6c                DMA1_Stream0_IRQHandler
                0x08013e6c                CAN1_TX_IRQHandler
                0x08013e6c                EXTI4_IRQHandler
                0x08013e6c                OTG_HS_EP1_OUT_IRQHandler
                0x08013e6c                WWDG_IRQHandler
                0x08013e6c                TIM2_IRQHandler
                0x08013e6c                OTG_FS_WKUP_IRQHandler
                0x08013e6c                TIM1_TRG_COM_TIM11_IRQHandler
                0x08013e6c                OTG_HS_IRQHandler
                0x08013e6c                I2C2_ER_IRQHandler
                0x08013e6c                DMA2_Stream1_IRQHandler
                0x08013e6c                CAN1_SCE_IRQHandler
                0x08013e6c                FLASH_IRQHandler
                0x08013e6c                DMA2_Stream4_IRQHandler
                0x08013e6c                USART1_IRQHandler
                0x08013e6c                OTG_FS_IRQHandler
                0x08013e6c                SPI3_IRQHandler
                0x08013e6c                DMA1_Stream4_IRQHandler
                0x08013e6c                I2C1_ER_IRQHandler
                0x08013e6c                FMC_IRQHandler
                0x08013e6c                DMA2_Stream6_IRQHandler
                0x08013e6c                SAI1_IRQHandler
                0x08013e6c                DMA1_Stream3_IRQHandler
                0x08013e6c                FMPI2C1_Error_IRQHandler
 *fill*         0x08013e6e        0x2 
 .text.atan2    0x08013e70        0x4 c:/users/mark/documents/mcha3500/mcha3500_windows_toolchain/toolchain/gcc-arm-none-eabi/bin/../lib/gcc/arm-none-eabi/9.2.1/../../../../arm-none-eabi/lib/thumb/v7e-m+fp/hard\libm.a(lib_a-w_atan2.o)
                0x08013e70                atan2
 .text.sqrtf    0x08013e74       0xb0 c:/users/mark/documents/mcha3500/mcha3500_windows_toolchain/toolchain/gcc-arm-none-eabi/bin/../lib/gcc/arm-none-eabi/9.2.1/../../../../arm-none-eabi/lib/thumb/v7e-m+fp/hard\libm.a(lib_a-wf_sqrt.o)
                0x08013e74                sqrtf
 *fill*         0x08013f24        0x4 
 .text.__ieee754_atan2
                0x08013f28      0x1fc c:/users/mark/documents/mcha3500/mcha3500_windows_toolchain/toolchain/gcc-arm-none-eabi/bin/../lib/gcc/arm-none-eabi/9.2.1/../../../../arm-none-eabi/lib/thumb/v7e-m+fp/hard\libm.a(lib_a-e_atan2.o)
                0x08013f28                __ieee754_atan2
 .text.__ieee754_sqrtf
                0x08014124        0x8 c:/users/mark/documents/mcha3500/mcha3500_windows_toolchain/toolchain/gcc-arm-none-eabi/bin/../lib/gcc/arm-none-eabi/9.2.1/../../../../arm-none-eabi/lib/thumb/v7e-m+fp/hard\libm.a(lib_a-ef_sqrt.o)
                0x08014124                __ieee754_sqrtf
 *fill*         0x0801412c        0x4 
 .text.atan     0x08014130      0x368 c:/users/mark/documents/mcha3500/mcha3500_windows_toolchain/toolchain/gcc-arm-none-eabi/bin/../lib/gcc/arm-none-eabi/9.2.1/../../../../arm-none-eabi/lib/thumb/v7e-m+fp/hard\libm.a(lib_a-s_atan.o)
                0x08014130                atan
 .text.fabs     0x08014498       0x14 c:/users/mark/documents/mcha3500/mcha3500_windows_toolchain/toolchain/gcc-arm-none-eabi/bin/../lib/gcc/arm-none-eabi/9.2.1/../../../../arm-none-eabi/lib/thumb/v7e-m+fp/hard\libm.a(lib_a-s_fabs.o)
                0x08014498                fabs
 .text.matherr  0x080144ac        0x4 c:/users/mark/documents/mcha3500/mcha3500_windows_toolchain/toolchain/gcc-arm-none-eabi/bin/../lib/gcc/arm-none-eabi/9.2.1/../../../../arm-none-eabi/lib/thumb/v7e-m+fp/hard\libm.a(lib_a-s_matherr.o)
                0x080144ac                matherr
 .text.arm_mat_trans_f32
                0x080144b0       0xe8 ../STM32Cube_F4_FW/Drivers/CMSIS/Lib/GCC/libarm_cortexM4lf_math.a(arm_mat_trans_f32.o)
                0x080144b0                arm_mat_trans_f32
 .text.arm_mat_sub_f32
                0x08014598       0xb4 ../STM32Cube_F4_FW/Drivers/CMSIS/Lib/GCC/libarm_cortexM4lf_math.a(arm_mat_sub_f32.o)
                0x08014598                arm_mat_sub_f32
 .text.arm_mat_mult_f32
                0x0801464c      0x14c ../STM32Cube_F4_FW/Drivers/CMSIS/Lib/GCC/libarm_cortexM4lf_math.a(arm_mat_mult_f32.o)
                0x0801464c                arm_mat_mult_f32
 .text.arm_mat_inverse_f32
                0x08014798      0x2a0 ../STM32Cube_F4_FW/Drivers/CMSIS/Lib/GCC/libarm_cortexM4lf_math.a(arm_mat_inverse_f32.o)
                0x08014798                arm_mat_inverse_f32
 .text.arm_mat_init_f32
                0x08014a38        0x8 ../STM32Cube_F4_FW/Drivers/CMSIS/Lib/GCC/libarm_cortexM4lf_math.a(arm_mat_init_f32.o)
                0x08014a38                arm_mat_init_f32
 .text.arm_mat_add_f32
                0x08014a40       0xb4 ../STM32Cube_F4_FW/Drivers/CMSIS/Lib/GCC/libarm_cortexM4lf_math.a(arm_mat_add_f32.o)
                0x08014a40                arm_mat_add_f32
 .text.atof     0x08014af4        0x6 c:/users/mark/documents/mcha3500/mcha3500_windows_toolchain/toolchain/gcc-arm-none-eabi/bin/../lib/gcc/arm-none-eabi/9.2.1/../../../../arm-none-eabi/lib/thumb/v7e-m+fp/hard\libc_nano.a(lib_a-atof.o)
                0x08014af4                atof
 *fill*         0x08014afa        0x2 
 .text.__errno  0x08014afc        0xc c:/users/mark/documents/mcha3500/mcha3500_windows_toolchain/toolchain/gcc-arm-none-eabi/bin/../lib/gcc/arm-none-eabi/9.2.1/../../../../arm-none-eabi/lib/thumb/v7e-m+fp/hard\libc_nano.a(lib_a-errno.o)
                0x08014afc                __errno
 .text.exit     0x08014b08       0x28 c:/users/mark/documents/mcha3500/mcha3500_windows_toolchain/toolchain/gcc-arm-none-eabi/bin/../lib/gcc/arm-none-eabi/9.2.1/../../../../arm-none-eabi/lib/thumb/v7e-m+fp/hard\libc_nano.a(lib_a-exit.o)
                0x08014b08                exit
 .text._getchar_r
                0x08014b30       0x1a c:/users/mark/documents/mcha3500/mcha3500_windows_toolchain/toolchain/gcc-arm-none-eabi/bin/../lib/gcc/arm-none-eabi/9.2.1/../../../../arm-none-eabi/lib/thumb/v7e-m+fp/hard\libc_nano.a(lib_a-getchar.o)
                0x08014b30                _getchar_r
 *fill*         0x08014b4a        0x2 
 .text.getchar  0x08014b4c       0x24 c:/users/mark/documents/mcha3500/mcha3500_windows_toolchain/toolchain/gcc-arm-none-eabi/bin/../lib/gcc/arm-none-eabi/9.2.1/../../../../arm-none-eabi/lib/thumb/v7e-m+fp/hard\libc_nano.a(lib_a-getchar.o)
                0x08014b4c                getchar
 .text.__libc_init_array