Archive member included to satisfy reference by file (symbol)

c:/users/mark/documents/mcha3500/mcha3500_windows_toolchain/toolchain/gcc-arm-none-eabi/bin/../lib/gcc/arm-none-eabi/9.2.1/../../../../arm-none-eabi/lib/thumb/v7e-m+fp/hard\libm.a(lib_a-w_atan2.o)
                              build/IMU.o (atan2)
c:/users/mark/documents/mcha3500/mcha3500_windows_toolchain/toolchain/gcc-arm-none-eabi/bin/../lib/gcc/arm-none-eabi/9.2.1/../../../../arm-none-eabi/lib/thumb/v7e-m+fp/hard\libm.a(lib_a-wf_sqrt.o)
                              build/qpas_sub_noblas.o (sqrtf)
c:/users/mark/documents/mcha3500/mcha3500_windows_toolchain/toolchain/gcc-arm-none-eabi/bin/../lib/gcc/arm-none-eabi/9.2.1/../../../../arm-none-eabi/lib/thumb/v7e-m+fp/hard\libm.a(lib_a-e_atan2.o)
                              c:/users/mark/documents/mcha3500/mcha3500_windows_toolchain/toolchain/gcc-arm-none-eabi/bin/../lib/gcc/arm-none-eabi/9.2.1/../../../../arm-none-eabi/lib/thumb/v7e-m+fp/hard\libm.a(lib_a-w_atan2.o) (__ieee754_atan2)
c:/users/mark/documents/mcha3500/mcha3500_windows_toolchain/toolchain/gcc-arm-none-eabi/bin/../lib/gcc/arm-none-eabi/9.2.1/../../../../arm-none-eabi/lib/thumb/v7e-m+fp/hard\libm.a(lib_a-ef_sqrt.o)
                              c:/users/mark/documents/mcha3500/mcha3500_windows_toolchain/toolchain/gcc-arm-none-eabi/bin/../lib/gcc/arm-none-eabi/9.2.1/../../../../arm-none-eabi/lib/thumb/v7e-m+fp/hard\libm.a(lib_a-wf_sqrt.o) (__ieee754_sqrtf)
c:/users/mark/documents/mcha3500/mcha3500_windows_toolchain/toolchain/gcc-arm-none-eabi/bin/../lib/gcc/arm-none-eabi/9.2.1/../../../../arm-none-eabi/lib/thumb/v7e-m+fp/hard\libm.a(lib_a-s_atan.o)
                              c:/users/mark/documents/mcha3500/mcha3500_windows_toolchain/toolchain/gcc-arm-none-eabi/bin/../lib/gcc/arm-none-eabi/9.2.1/../../../../arm-none-eabi/lib/thumb/v7e-m+fp/hard\libm.a(lib_a-e_atan2.o) (atan)
c:/users/mark/documents/mcha3500/mcha3500_windows_toolchain/toolchain/gcc-arm-none-eabi/bin/../lib/gcc/arm-none-eabi/9.2.1/../../../../arm-none-eabi/lib/thumb/v7e-m+fp/hard\libm.a(lib_a-s_fabs.o)
                              c:/users/mark/documents/mcha3500/mcha3500_windows_toolchain/toolchain/gcc-arm-none-eabi/bin/../lib/gcc/arm-none-eabi/9.2.1/../../../../arm-none-eabi/lib/thumb/v7e-m+fp/hard\libm.a(lib_a-e_atan2.o) (fabs)
c:/users/mark/documents/mcha3500/mcha3500_windows_toolchain/toolchain/gcc-arm-none-eabi/bin/../lib/gcc/arm-none-eabi/9.2.1/../../../../arm-none-eabi/lib/thumb/v7e-m+fp/hard\libm.a(lib_a-s_lib_ver.o)
                              c:/users/mark/documents/mcha3500/mcha3500_windows_toolchain/toolchain/gcc-arm-none-eabi/bin/../lib/gcc/arm-none-eabi/9.2.1/../../../../arm-none-eabi/lib/thumb/v7e-m+fp/hard\libm.a(lib_a-wf_sqrt.o) (__fdlib_version)
c:/users/mark/documents/mcha3500/mcha3500_windows_toolchain/toolchain/gcc-arm-none-eabi/bin/../lib/gcc/arm-none-eabi/9.2.1/../../../../arm-none-eabi/lib/thumb/v7e-m+fp/hard\libm.a(lib_a-s_matherr.o)
                              c:/users/mark/documents/mcha3500/mcha3500_windows_toolchain/toolchain/gcc-arm-none-eabi/bin/../lib/gcc/arm-none-eabi/9.2.1/../../../../arm-none-eabi/lib/thumb/v7e-m+fp/hard\libm.a(lib_a-wf_sqrt.o) (matherr)
../STM32Cube_F4_FW/Drivers/CMSIS/Lib/GCC/libarm_cortexM4lf_math.a(arm_mat_trans_f32.o)
                              build/kalman.o (arm_mat_trans_f32)
../STM32Cube_F4_FW/Drivers/CMSIS/Lib/GCC/libarm_cortexM4lf_math.a(arm_mat_sub_f32.o)
                              build/kalman.o (arm_mat_sub_f32)
../STM32Cube_F4_FW/Drivers/CMSIS/Lib/GCC/libarm_cortexM4lf_math.a(arm_mat_mult_f32.o)
                              build/kalman.o (arm_mat_mult_f32)
../STM32Cube_F4_FW/Drivers/CMSIS/Lib/GCC/libarm_cortexM4lf_math.a(arm_mat_inverse_f32.o)
                              build/kalman.o (arm_mat_inverse_f32)
../STM32Cube_F4_FW/Drivers/CMSIS/Lib/GCC/libarm_cortexM4lf_math.a(arm_mat_init_f32.o)
                              build/kalman.o (arm_mat_init_f32)
../STM32Cube_F4_FW/Drivers/CMSIS/Lib/GCC/libarm_cortexM4lf_math.a(arm_mat_add_f32.o)
                              build/kalman.o (arm_mat_add_f32)
c:/users/mark/documents/mcha3500/mcha3500_windows_toolchain/toolchain/gcc-arm-none-eabi/bin/../lib/gcc/arm-none-eabi/9.2.1/thumb/v7e-m+fp/hard\libgcc.a(_arm_muldf3.o)
                              build/pendulum.o (__aeabi_dmul)
c:/users/mark/documents/mcha3500/mcha3500_windows_toolchain/toolchain/gcc-arm-none-eabi/bin/../lib/gcc/arm-none-eabi/9.2.1/thumb/v7e-m+fp/hard\libgcc.a(_arm_addsubdf3.o)
                              c:/users/mark/documents/mcha3500/mcha3500_windows_toolchain/toolchain/gcc-arm-none-eabi/bin/../lib/gcc/arm-none-eabi/9.2.1/../../../../arm-none-eabi/lib/thumb/v7e-m+fp/hard\libm.a(lib_a-e_atan2.o) (__aeabi_dsub)
c:/users/mark/documents/mcha3500/mcha3500_windows_toolchain/toolchain/gcc-arm-none-eabi/bin/../lib/gcc/arm-none-eabi/9.2.1/thumb/v7e-m+fp/hard\libgcc.a(_arm_muldivdf3.o)
                              build/motor.o (__aeabi_ddiv)
[...]
Memory Configuration

Name             Origin             Length             Attributes
FLASH            0x08000000         0x00080000         xr
RAM              0x20000000         0x00020000         xrw
*default*        0x00000000         0xffffffff

Linker script and memory map

LOAD c:/users/mark/documents/mcha3500/mcha3500_windows_toolchain/toolchain/gcc-arm-none-eabi/bin/../lib/gcc/arm-none-eabi/9.2.1/thumb/v7e-m+fp/hard/crti.o
LOAD c:/users/mark/documents/mcha3500/mcha3500_windows_toolchain/toolchain/gcc-arm-none-eabi/bin/../lib/gcc/arm-none-eabi/9.2.1/thumb/v7e-m+fp/hard/crtbegin.o
LOAD c:/users/mark/documents/mcha3500/mcha3500_windows_toolchain/toolchain/gcc-arm-none-eabi/bin/../lib/gcc/arm-none-eabi/9.2.1/../../../../arm-none-eabi/lib/thumb/v7e-m+fp/hard/crt0.o
LOAD build/stm32f4xx_it.o
LOAD build/system_stm32f4xx.o
LOAD build/cmd_line_buffer.o
LOAD build/cmd_parser.o
LOAD build/cmd_task.o
LOAD build/main.o
LOAD build/uart.o
LOAD build/heartbeat_task.o
LOAD build/heartbeat_cmd.o
LOAD build/dummy_task.o
LOAD build/pendulum.o
LOAD build/motor.o
LOAD build/data_logging.o
LOAD build/controller.o
LOAD build/IMU.o
LOAD build/kalman.o
LOAD build/control_loop.o
LOAD build/qpas_sub_noblas.o
LOAD build/startup_stm32f446xx.o
LOAD build/stm32f4_HAL/stm32f4xx_hal.o
LOAD build/stm32f4_HAL/stm32f4xx_hal_dma.o
LOAD build/stm32f4_HAL/stm32f4xx_hal_adc.o
LOAD build/stm32f4_HAL/stm32f4xx_hal_adc_ex.o
LOAD build/stm32f4_HAL/stm32f4xx_hal_gpio.o
LOAD build/stm32f4_HAL/stm32f4xx_ll_gpio.o
LOAD build/stm32f4_HAL/stm32f4xx_ll_usart.o
LOAD build/stm32f4_HAL/stm32f4xx_ll_dma.o
LOAD build/stm32f4_HAL/stm32f4xx_ll_rcc.o
LOAD build/stm32f4_HAL/stm32f4xx_hal_i2c.o
LOAD build/stm32f4_HAL/stm32f4xx_hal_i2c_ex.o
LOAD build/stm32f4_HAL/stm32f4xx_hal_tim.o
LOAD build/stm32f4_HAL/stm32f4xx_hal_tim_ex.o
LOAD build/stm32f4_HAL/stm32f4xx_hal_rtc.o
LOAD build/stm32f4_HAL/stm32f4xx_hal_rcc.o
LOAD build/stm32f4_HAL/stm32f4xx_hal_rcc_ex.o
LOAD build/stm32f4_HAL/stm32f4xx_hal_pwr.o
LOAD build/stm32f4_HAL/stm32f4xx_hal_pwr_ex.o
LOAD build/stm32f4_HAL/stm32f4xx_hal_cortex.o
LOAD build/stm32f4_HAL/stm32f4xx_hal_spi.o
LOAD build/stm32f4_HAL/stm32f4xx_hal_dac.o
LOAD build/stm32f4_HAL/stm32f4xx_hal_dac_ex.o
LOAD build/stm32f4_HAL/stm32f4xx_hal_can.o
LOAD build/FreeRTOS/croutine.o
LOAD build/FreeRTOS/event_groups.o
LOAD build/FreeRTOS/list.o
LOAD build/FreeRTOS/queue.o
LOAD build/FreeRTOS/tasks.o
LOAD build/FreeRTOS/timers.o
LOAD build/FreeRTOS/stream_buffer.o
LOAD build/FreeRTOS/cmsis_os2.o
LOAD build/FreeRTOS/clib_arm.o
LOAD build/FreeRTOS/os_systick.o
LOAD build/FreeRTOS/heap_useNewlib.o
LOAD build/FreeRTOS/port.o
LOAD build/tm_stm32_gpio.o
LOAD build/tm_stm32_i2c.o
LOAD build/tm_stm32_mpu6050.o
LOAD c:/users/mark/documents/mcha3500/mcha3500_windows_toolchain/toolchain/gcc-arm-none-eabi/bin/../lib/gcc/arm-none-eabi/9.2.1/../../../../arm-none-eabi/lib/thumb/v7e-m+fp/hard\libm.a
LOAD ../STM32Cube_F4_FW/Drivers/CMSIS/Lib/GCC/libarm_cortexM4lf_math.a
START GROUP
LOAD c:/users/mark/documents/mcha3500/mcha3500_windows_toolchain/toolchain/gcc-arm-none-eabi/bin/../lib/gcc/arm-none-eabi/9.2.1/thumb/v7e-m+fp/hard\libgcc.a
LOAD c:/users/mark/documents/mcha3500/mcha3500_windows_toolchain/toolchain/gcc-arm-none-eabi/bin/../lib/gcc/arm-none-eabi/9.2.1/../../../../arm-none-eabi/lib/thumb/v7e-m+fp/hard\libc_nano.a
END GROUP
START GROUP
LOAD c:/users/mark/documents/mcha3500/mcha3500_windows_toolchain/toolchain/gcc-arm-none-eabi/bin/../lib/gcc/arm-none-eabi/9.2.1/thumb/v7e-m+fp/hard\libgcc.a
LOAD c:/users/mark/documents/mcha3500/mcha3500_windows_toolchain/toolchain/gcc-arm-none-eabi/bin/../lib/gcc/arm-none-eabi/9.2.1/../../../../arm-none-eabi/lib/thumb/v7e-m+fp/hard\libc_nano.a
LOAD c:/users/mark/documents/mcha3500/mcha3500_windows_toolchain/toolchain/gcc-arm-none-eabi/bin/../lib/gcc/arm-none-eabi/9.2.1/../../../../arm-none-eabi/lib/thumb/v7e-m+fp/hard\libnosys.a
END GROUP
START GROUP
LOAD c:/users/mark/documents/mcha3500/mcha3500_windows_toolchain/toolchain/gcc-arm-none-eabi/bin/../lib/gcc/arm-none-eabi/9.2.1/thumb/v7e-m+fp/hard\libgcc.a
LOAD c:/users/mark/documents/mcha3500/mcha3500_windows_toolchain/toolchain/gcc-arm-none-eabi/bin/../lib/gcc/arm-none-eabi/9.2.1/../../../../arm-none-eabi/lib/thumb/v7e-m+fp/hard\libc_nano.a
LOAD c:/users/mark/documents/mcha3500/mcha3500_windows_toolchain/toolchain/gcc-arm-none-eabi/bin/../lib/gcc/arm-none-eabi/9.2.1/../../../../arm-none-eabi/lib/thumb/v7e-m+fp/hard\libnosys.a
END GROUP
LOAD c:/users/mark/documents/mcha3500/mcha3500_windows_toolchain/toolchain/gcc-arm-none-eabi/bin/../lib/gcc/arm-none-eabi/9.2.1/thumb/v7e-m+fp/hard/crtend.o
LOAD c:/users/mark/documents/mcha3500/mcha3500_windows_toolchain/toolchain/gcc-arm-none-eabi/bin/../lib/gcc/arm-none-eabi/9.2.1/thumb/v7e-m+fp/hard/crtn.o
                0x20020000                _estack = 0x20020000
                0x00010000                _Min_Heap_Size = 0x10000
                0x00002000                _Min_Stack_Size = 0x2000

.isr_vector     0x08000000      0x1c4
                0x08000000                . = ALIGN (0x4)
 *(.isr_vector)
 .isr_vector    0x08000000      0x1c4 build/startup_stm32f446xx.o
                0x08000000                g_pfnVectors
                0x080001c4                . = ALIGN (0x4)

.text           0x080001d0    0x1abb4
                0x080001d0                . = ALIGN (0x4)
 *(.text)
 .text          0x080001d0        0x0 c:/users/mark/documents/mcha3500/mcha3500_windows_toolchain/toolchain/gcc-arm-none-eabi/bin/../lib/gcc/arm-none-eabi/9.2.1/thumb/v7e-m+fp/hard/crti.o
 .text          0x080001d0       0x40 c:/users/mark/documents/mcha3500/mcha3500_windows_toolchain/toolchain/gcc-arm-none-eabi/bin/../lib/gcc/arm-none-eabi/9.2.1/thumb/v7e-m+fp/hard/crtbegin.o
 .text          0x08000210       0x74 c:/users/mark/documents/mcha3500/mcha3500_windows_toolchain/toolchain/gcc-arm-none-eabi/bin/../lib/gcc/arm-none-eabi/9.2.1/../../../../arm-none-eabi/lib/thumb/v7e-m+fp/hard/crt0.o
                0x08000210                _start
                0x08000210                _mainCRTStartup
 .text          0x08000284        0xc build/stm32f4xx_it.o
                0x08000284                NMI_Handler
                0x08000286                HardFault_Handler
                0x08000288                MemManage_Handler
                0x0800028a                BusFault_Handler
                0x0800028c                UsageFault_Handler
                0x0800028e                DebugMon_Handler
 .text          0x08000290       0xc0 build/system_stm32f4xx.o
                0x08000290                SystemInit
                0x080002dc                SystemCoreClockUpdate
 .text          0x08000350      0x104 build/cmd_line_buffer.o
                0x08000350                clb_init
                0x0800035a                clb_is_empty
                0x08000364                clb_is_full
                0x08000372                clb_delc
                0x0800037c                clb_is_cmd_ready
                0x08000394                clb_putc
                0x080003b4                clb_consume_char
                0x080003dc                clb_consume_str
                0x080003f6                clb_gets_at
                0x0800040e                clb_gets
                0x08000414                clb_process
 .text          0x08000454      0x244 build/cmd_parser.o
                0x080005e8                cmd_parse
 .text          0x08000698       0x4c build/cmd_task.o
                0x080006b8                cmd_task_init
 .text          0x080006e4        0x0 build/main.o
 .text          0x080006e4      0x47c build/uart.o
                0x080006e4                uart_init
                0x080009b8                __wrap_printf
                0x080009f0                __io_putchar
                0x08000a20                __io_getchar
                0x08000a3c                _write
                0x08000a58                _read
                0x08000a6c                _uart_rxne_isr
                0x08000a94                _uart_txe_isr
                0x08000acc                _uart_error
                0x08000b24                USART2_IRQHandler
 .text          0x08000b60       0xc4 build/heartbeat_task.o
                0x08000b7c                heartbeat_task_init
                0x08000bd8                heartbeat_task_start
                0x08000bf0                heartbeat_task_stop
                0x08000c08                heartbeat_task_is_running
                0x08000c14                heartbeat_task_deinit
 .text          0x08000c24       0x70 build/heartbeat_cmd.o
                0x08000c24                heartbeat_cmd
 .text          0x08000c94       0x88 build/dummy_task.o
                0x08000c94                dummy_task_init
                0x08000cbc                dummy_task_start
                0x08000cd4                dummy_task_stop
                0x08000d00                dummy_task_is_running
                0x08000d0c                dummy_task_deinit
 *fill*         0x08000d1c        0x4 
 .text          0x08000d20       0xd4 build/pendulum.o
                0x08000d20                pendulum_init
                0x08000da8                pendulum_read_voltage
 *fill*         0x08000df4        0x4 
 .text          0x08000df8      0x860 build/motor.o
                0x08000df8                motor_PWM_init
                0x08001038                velocity_adjust
                0x08001088                elevation_adjust
                0x080010fc                azimuth_adjust
                0x0800115c                servo_adjust
                0x080011a8                motor_encoder_init
                0x08001300                EXTI0_IRQHandler
                0x08001374                EXTI9_5_IRQHandler
                0x080013ec                EXTI15_10_IRQHandler
                0x08001464                EXTI1_IRQHandler
                0x080014a4                EXTI4_IRQHandler
                0x080014e4                EXTI2_IRQHandler
                0x08001520                EXTI3_IRQHandler
                0x0800155c                motor_encoder1_getValue
                0x08001568                motor_encoder2_getValue
                0x08001574                motor_encoder3_getValue
                0x08001580                ele_encoder_getValue
                0x0800158c                ele_encoder_reset
                0x080015b4                azi_encoder_getValue
                0x080015c0                motor_encoder_getAngle
                0x080015f8                motor_encoder_getRev
                0x08001620                elevation_encoder_getAngle
 .text          0x08001658      0x100 build/data_logging.o
                0x08001664                logging_init
                0x08001684                pend_logging_start
                0x080016a0                logging_stop
                0x0800173c                imu_logging_start
 .text          0x08001758       0xf8 build/controller.o
                0x08001758                ctrl_init
                0x08001764                getControl
                0x08001770                getEleControl
                0x0800177c                getAziControl
                0x08001788                ctrl_set_yref
                0x08001794                getReference
                0x080017a0                getElevation
                0x080017ac                control_set_elevation
                0x080017b8                getAzimuth
                0x080017c4                control_set_azimuth
                0x080017d0                ctrl_update
                0x080017f8                ele_ctrl_update
                0x08001824                azi_ctrl_update
 .text          0x08001850      0x260 build/IMU.o
                0x08001850                IMU_read
                0x0800185c                get_accY
                0x080018dc                get_accZ
                0x0800195c                get_accX
                0x080019dc                get_gyroY
                0x08001a64                get_acc_angle
                0x08001aa0                IMU_init
 .text          0x08001ab0      0x314 build/kalman.o
                0x08001ab0                kalman_init
                0x08001c40                kalman_update
                0x08001d88                getKalmanAngle
                0x08001d94                getKalmanVelocity
                0x08001da0                getKalmanBias
                0x08001dac                kalman_set_angle
                0x08001db8                kalman_set_velocity
 *fill*         0x08001dc4        0x4 
 .text          0x08001dc8      0x7a4 build/control_loop.o
                0x08002444                control_loop_init
                0x08002468                aim_loop_init
                0x0800248c                servo_loop_init
                0x080024b0                control_timer_start
                0x080024d0                control_timer_stop
                0x080024e0                aim_timer_start
                0x08002500                aim_timer_stop
                0x08002510                servo_timer_start
                0x08002530                servo_timer_stop
                0x08002540                control_set_speed
                0x08002550                kalman_loop_update
 *fill*         0x0800256c        0x4 
 .text          0x08002570     0x16d8 build/qpas_sub_noblas.o
                0x08002570                printvector
                0x08002600                printmatrix
                0x080026e4                qpas_sub_noblas
 .text          0x08003c48       0x14 build/startup_stm32f446xx.o
 .text          0x08003c5c      0x20c build/stm32f4_HAL/stm32f4xx_hal.o
                0x08003c5c                HAL_MspInit
                0x08003c5e                HAL_MspDeInit
                0x08003c60                HAL_DeInit
                0x08003c8c                HAL_InitTick
                0x08003cd0                HAL_Init
                0x08003d04                HAL_IncTick
                0x08003d1c                HAL_GetTick
                0x08003d28                HAL_GetTickPrio
                0x08003d34                HAL_SetTickFreq
                0x08003d54                HAL_GetTickFreq
                0x08003d60                HAL_Delay
                0x08003d88                HAL_SuspendTick
                0x08003d98                HAL_ResumeTick
                0x08003da8                HAL_GetHalVersion
                0x08003db0                HAL_GetREVID
                0x08003dbc                HAL_GetDEVID
                0x08003dcc                HAL_DBGMCU_EnableDBGSleepMode
                0x08003ddc                HAL_DBGMCU_DisableDBGSleepMode
                0x08003dec                HAL_DBGMCU_EnableDBGStopMode
                0x08003dfc                HAL_DBGMCU_DisableDBGStopMode
                0x08003e0c                HAL_DBGMCU_EnableDBGStandbyMode
                0x08003e1c                HAL_DBGMCU_DisableDBGStandbyMode
                0x08003e2c                HAL_EnableCompensationCell
                0x08003e38                HAL_DisableCompensationCell
                0x08003e44                HAL_GetUIDw0
                0x08003e50                HAL_GetUIDw1
                0x08003e5c                HAL_GetUIDw2
 .text          0x08003e68      0x630 build/stm32f4_HAL/stm32f4xx_hal_dma.o
                0x08003e94                HAL_DMA_Init
                0x08003f94                HAL_DMA_DeInit
                0x08003fe8                HAL_DMA_Start
                0x0800403c                HAL_DMA_Start_IT
                0x080040b0                HAL_DMA_Abort
                0x08004138                HAL_DMA_Abort_IT
                0x0800415c                HAL_DMA_PollForTransfer
                0x0800426a                HAL_DMA_IRQHandler
                0x080043e4                HAL_DMA_RegisterCallback
                0x0800442c                HAL_DMA_UnRegisterCallback
                0x0800448e                HAL_DMA_GetState
                0x08004494                HAL_DMA_GetError
 .text          0x08004498      0x9c8 build/stm32f4_HAL/stm32f4xx_hal_adc.o
                0x08004498                HAL_ADC_MspInit
                0x0800449a                HAL_ADC_Init
                0x080045e8                HAL_ADC_MspDeInit
                0x080045ea                HAL_ADC_DeInit
                0x0800461e                HAL_ADC_Start
                0x08004708                HAL_ADC_Stop
                0x0800473e                HAL_ADC_PollForConversion
                0x080047dc                HAL_ADC_PollForEvent
                0x08004842                HAL_ADC_Start_IT
                0x08004938                HAL_ADC_Stop_IT
                0x08004980                HAL_ADC_Start_DMA
                0x08004aa4                HAL_ADC_Stop_DMA
                0x08004afe                HAL_ADC_GetValue
                0x08004b04                HAL_ADC_ConvCpltCallback
                0x08004b06                HAL_ADC_ConvHalfCpltCallback
                0x08004b12                HAL_ADC_LevelOutOfWindowCallback
                0x08004b14                HAL_ADC_ErrorCallback
                0x08004b16                HAL_ADC_IRQHandler
                0x08004cc0                HAL_ADC_ConfigChannel
                0x08004df8                HAL_ADC_AnalogWDGConfig
                0x08004e56                HAL_ADC_GetState
                0x08004e5a                HAL_ADC_GetError
 .text          0x08004e60      0x6ac build/stm32f4_HAL/stm32f4xx_hal_adc_ex.o
                0x08004ed0                HAL_ADCEx_InjectedStart
                0x08004f84                HAL_ADCEx_InjectedStart_IT
                0x08005040                HAL_ADCEx_InjectedStop
                0x0800509a                HAL_ADCEx_InjectedPollForConversion
                0x08005122                HAL_ADCEx_InjectedStop_IT
                0x08005184                HAL_ADCEx_InjectedGetValue
                0x080051b6                HAL_ADCEx_MultiModeStart_DMA
                0x080052b0                HAL_ADCEx_MultiModeStop_DMA
                0x08005310                HAL_ADCEx_MultiModeGetValue
                0x0800531c                HAL_ADCEx_InjectedConvCpltCallback
                0x0800531e                HAL_ADCEx_InjectedConfigChannel
                0x080054bc                HAL_ADCEx_MultiModeConfigChannel
 .text          0x0800550c      0x334 build/stm32f4_HAL/stm32f4xx_hal_gpio.o
                0x0800550c                HAL_GPIO_Init
                0x080056bc                HAL_GPIO_DeInit
                0x080057d8                HAL_GPIO_ReadPin
                0x080057e4                HAL_GPIO_WritePin
                0x080057ee                HAL_GPIO_TogglePin
                0x080057fc                HAL_GPIO_LockPin
                0x08005826                HAL_GPIO_EXTI_Callback
                0x08005828                HAL_GPIO_EXTI_IRQHandler
 .text          0x08005840      0x220 build/stm32f4_HAL/stm32f4xx_ll_gpio.o
                0x08005860                LL_GPIO_DeInit
                0x0800590c                LL_GPIO_Init
                0x08005a48                LL_GPIO_StructInit
 .text          0x08005a60      0x21c build/stm32f4_HAL/stm32f4xx_ll_usart.o
                0x08005a60                LL_USART_DeInit
                0x08005b20                LL_USART_Init
                0x08005c1c                LL_USART_StructInit
                0x08005c34                LL_USART_ClockInit
                0x08005c6e                LL_USART_ClockStructInit
 .text          0x08005c7c      0x238 build/stm32f4_HAL/stm32f4xx_ll_dma.o
                0x08005c7c                LL_DMA_DeInit
                0x08005e0c                LL_DMA_Init
                0x08005e90                LL_DMA_StructInit
 .text          0x08005eb4      0x604 build/stm32f4_HAL/stm32f4xx_ll_rcc.o
                0x08005ec4                LL_RCC_DeInit
                0x08005f74                LL_RCC_GetCECClockFreq
                0x08005fa4                RCC_GetHCLKClockFreq
                0x08005fbc                RCC_GetPCLK1ClockFreq
                0x08005fd4                RCC_GetPCLK2ClockFreq
                0x08005fec                RCC_PLL_GetFreqDomain_SYS
                0x08006034                RCC_GetSystemClockFreq
                0x08006064                LL_RCC_GetSystemClocksFreq
                0x08006084                LL_RCC_GetFMPI2CClockFreq
                0x080060d4                RCC_PLL_GetFreqDomain_48M
                0x08006110                RCC_PLL_GetFreqDomain_I2S
                0x0800614c                RCC_PLL_GetFreqDomain_SPDIFRX
                0x08006150                RCC_PLL_GetFreqDomain_SAI
                0x08006154                RCC_PLLSAI_GetFreqDomain_SAI
                0x080061a4                RCC_PLLSAI_GetFreqDomain_48M
                0x080061e8                LL_RCC_GetSDIOClockFreq
                0x08006230                LL_RCC_GetUSBClockFreq
                0x08006264                RCC_PLLI2S_GetFreqDomain_SAI
                0x080062b4                LL_RCC_GetSAIClockFreq
                0x08006368                RCC_PLLI2S_GetFreqDomain_SPDIFRX
                0x080063ac                LL_RCC_GetSPDIFRXClockFreq
                0x080063e0                RCC_PLLI2S_GetFreqDomain_I2S
                0x08006420                LL_RCC_GetI2SClockFreq
 .text          0x080064b8     0x31e0 build/stm32f4_HAL/stm32f4xx_hal_i2c.o
                0x080068dc                HAL_I2C_MspInit
                0x080068de                HAL_I2C_Init
                0x08006a2c                HAL_I2C_MspDeInit
                0x08006a2e                HAL_I2C_DeInit
                0x08006a60                HAL_I2C_Master_Transmit
                0x08006c10                HAL_I2C_Master_Receive
                0x08006ef0                HAL_I2C_Slave_Transmit
                0x08007050                HAL_I2C_Slave_Receive
                0x080071cc                HAL_I2C_Master_Transmit_IT
                0x0800727c                HAL_I2C_Master_Receive_IT
                0x08007334                HAL_I2C_Slave_Transmit_IT
                0x080073a4                HAL_I2C_Slave_Receive_IT
                0x08007414                HAL_I2C_Master_Transmit_DMA
                0x08007540                HAL_I2C_Master_Receive_DMA
                0x08007668                HAL_I2C_Slave_Transmit_DMA
                0x08007728                HAL_I2C_Slave_Receive_DMA
                0x080077e8                HAL_I2C_Mem_Write
                0x08007908                HAL_I2C_Mem_Read
                0x08007b18                HAL_I2C_Mem_Write_IT
                0x08007bd4                HAL_I2C_Mem_Read_IT
                0x08007ca0                HAL_I2C_Mem_Write_DMA
                0x08007de8                HAL_I2C_Mem_Read_DMA
                0x08007f74                HAL_I2C_IsDeviceReady
                0x080080d4                HAL_I2C_Master_Seq_Transmit_IT
                0x080081a4                HAL_I2C_Master_Seq_Transmit_DMA
                0x08008318                HAL_I2C_Master_Seq_Receive_IT
                0x08008424                HAL_I2C_Master_Seq_Receive_DMA
                0x080085f0                HAL_I2C_Slave_Seq_Transmit_IT
                0x08008666                HAL_I2C_Slave_Seq_Transmit_DMA
                0x080087a4                HAL_I2C_Slave_Seq_Receive_IT
                0x0800881a                HAL_I2C_Slave_Seq_Receive_DMA
                0x08008958                HAL_I2C_EnableListen_IT
                0x0800898e                HAL_I2C_DisableListen_IT
                0x080089cc                HAL_I2C_MasterTxCpltCallback
                0x080089ce                HAL_I2C_MasterRxCpltCallback
                0x080089d0                HAL_I2C_SlaveTxCpltCallback
                0x080089d2                HAL_I2C_SlaveRxCpltCallback
                0x080089d4                HAL_I2C_AddrCallback
                0x080089d6                HAL_I2C_ListenCpltCallback
                0x080089d8                HAL_I2C_MemTxCpltCallback
                0x080089da                HAL_I2C_MemRxCpltCallback
                0x080089dc                HAL_I2C_ErrorCallback
                0x08008b2a                HAL_I2C_AbortCpltCallback
                0x08008cfc                HAL_I2C_Master_Abort_IT
                0x08008d48                HAL_I2C_EV_IRQHandler
                0x08009554                HAL_I2C_ER_IRQHandler
                0x08009688                HAL_I2C_GetState
                0x0800968e                HAL_I2C_GetMode
                0x08009694                HAL_I2C_GetError
 .text          0x08009698       0x7c build/stm32f4_HAL/stm32f4xx_hal_i2c_ex.o
                0x08009698                HAL_I2CEx_ConfigAnalogFilter
                0x080096d6                HAL_I2CEx_ConfigDigitalFilter
 .text          0x08009714     0x1dec build/stm32f4_HAL/stm32f4xx_hal_tim.o
                0x08009830                HAL_TIM_Base_MspInit
                0x08009832                HAL_TIM_Base_MspDeInit
                0x08009834                HAL_TIM_Base_DeInit
                0x0800986e                HAL_TIM_Base_Start
                0x08009892                HAL_TIM_Base_Stop
                0x080098c0                HAL_TIM_Base_Start_IT
                0x080098e0                HAL_TIM_Base_Stop_IT
                0x0800990a                HAL_TIM_Base_Start_DMA
                0x08009974                HAL_TIM_Base_Stop_DMA
                0x080099b0                HAL_TIM_OC_MspInit
                0x080099b2                HAL_TIM_OC_MspDeInit
                0x080099b4                HAL_TIM_OC_DeInit
                0x080099ee                HAL_TIM_PWM_MspInit
                0x080099f0                HAL_TIM_PWM_MspDeInit
                0x080099f2                HAL_TIM_PWM_DeInit
                0x08009a2c                HAL_TIM_IC_MspInit
                0x08009a2e                HAL_TIM_IC_MspDeInit
                0x08009a30                HAL_TIM_IC_DeInit
                0x08009a6a                HAL_TIM_OnePulse_MspInit
                0x08009a6c                HAL_TIM_OnePulse_MspDeInit
                0x08009a6e                HAL_TIM_OnePulse_DeInit
                0x08009aa8                HAL_TIM_OnePulse_Start
                0x08009ae8                HAL_TIM_OnePulse_Stop
                0x08009b50                HAL_TIM_OnePulse_Start_IT
                0x08009ba0                HAL_TIM_OnePulse_Stop_IT
                0x08009c18                HAL_TIM_Encoder_MspInit
                0x08009c1a                HAL_TIM_Encoder_MspDeInit
                0x08009c1c                HAL_TIM_Encoder_DeInit
                0x08009c56                HAL_TIM_Encoder_Start
                0x08009c9a                HAL_TIM_Encoder_Stop
                0x08009ce2                HAL_TIM_Encoder_Start_IT
                0x08009d50                HAL_TIM_Encoder_Stop_IT
                0x08009dc4                HAL_TIM_Encoder_Start_DMA
                0x08009f04                HAL_TIM_Encoder_Stop_DMA
                0x08009f96                HAL_TIM_DMABurst_WriteStart
                0x0800a074                HAL_TIM_DMABurst_WriteStop
                0x0800a0d8                HAL_TIM_DMABurst_ReadStart
                0x0800a1bc                HAL_TIM_DMABurst_ReadStop
                0x0800a1c0                HAL_TIM_GenerateEvent
                0x0800a1e4                HAL_TIM_ConfigTI1Input
                0x0800a1f4                HAL_TIM_ReadCapturedValue
                0x0800a220                HAL_TIM_PeriodElapsedCallback
                0x0800a232                HAL_TIM_PeriodElapsedHalfCpltCallback
                0x0800a244                HAL_TIM_OC_DelayElapsedCallback
                0x0800a246                HAL_TIM_IC_CaptureCallback
                0x0800a248                TIM_DMACaptureCplt
                0x0800a284                HAL_TIM_IC_CaptureHalfCpltCallback
                0x0800a286                TIM_DMACaptureHalfCplt
                0x0800a2c2                HAL_TIM_PWM_PulseFinishedCallback
                0x0800a2c4                TIM_DMADelayPulseCplt
                0x0800a300                HAL_TIM_PWM_PulseFinishedHalfCpltCallback
                0x0800a302                TIM_DMADelayPulseHalfCplt
                0x0800a33e                HAL_TIM_TriggerCallback
                0x0800a340                HAL_TIM_IRQHandler
                0x0800a494                HAL_TIM_TriggerHalfCpltCallback
                0x0800a4a6                HAL_TIM_ErrorCallback
                0x0800a4a8                TIM_DMAError
                0x0800a4b8                HAL_TIM_Base_GetState
                0x0800a4be                HAL_TIM_OC_GetState
                0x0800a4c4                HAL_TIM_PWM_GetState
                0x0800a4ca                HAL_TIM_IC_GetState
                0x0800a4d0                HAL_TIM_OnePulse_GetState
                0x0800a4d6                HAL_TIM_Encoder_GetState
                0x0800a4dc                TIM_Base_SetConfig
                0x0800a5a8                HAL_TIM_Base_Init
                0x0800a5dc                HAL_TIM_OC_Init
                0x0800a610                HAL_TIM_PWM_Init
                0x0800a644                HAL_TIM_IC_Init
                0x0800a678                HAL_TIM_OnePulse_Init
                0x0800a6be                HAL_TIM_Encoder_Init
                0x0800a754                TIM_OC2_SetConfig
                0x0800a7c0                HAL_TIM_OC_ConfigChannel
                0x0800a818                HAL_TIM_PWM_ConfigChannel
                0x0800a8d8                TIM_TI1_SetConfig
                0x0800a94c                HAL_TIM_IC_ConfigChannel
                0x0800aa60                HAL_TIM_OnePulse_ConfigChannel
                0x0800ab56                TIM_ETR_SetConfig
                0x0800ab6a                HAL_TIM_ConfigOCrefClear
                0x0800ac32                HAL_TIM_ConfigClockSource
                0x0800adfe                HAL_TIM_SlaveConfigSynchro
                0x0800ae4c                HAL_TIM_SlaveConfigSynchro_IT
                0x0800ae9a                TIM_CCxChannelCmd
                0x0800aeb6                HAL_TIM_OC_Start
                0x0800aef4                HAL_TIM_PWM_Start
                0x0800aef8                HAL_TIM_OC_Stop
                0x0800af54                HAL_TIM_OC_Start_IT
                0x0800afc4                HAL_TIM_PWM_Start_IT
                0x0800afc8                HAL_TIM_OC_Stop_IT
                0x0800b058                HAL_TIM_PWM_Stop_IT
                0x0800b05c                HAL_TIM_OC_Start_DMA
                0x0800b16c                HAL_TIM_PWM_Start_DMA
                0x0800b170                HAL_TIM_OC_Stop_DMA
                0x0800b220                HAL_TIM_PWM_Stop_DMA
                0x0800b224                HAL_TIM_PWM_Stop
                0x0800b288                HAL_TIM_IC_Start
                0x0800b2ac                HAL_TIM_IC_Stop
                0x0800b2da                HAL_TIM_IC_Start_IT
                0x0800b330                HAL_TIM_IC_Stop_IT
                0x0800b390                HAL_TIM_IC_Start_DMA
                0x0800b480                HAL_TIM_IC_Stop_DMA
 .text          0x0800b500      0x814 build/stm32f4_HAL/stm32f4xx_hal_tim_ex.o
                0x0800b51c                HAL_TIMEx_HallSensor_MspInit
                0x0800b51e                HAL_TIMEx_HallSensor_Init
                0x0800b5cc                HAL_TIMEx_HallSensor_MspDeInit
                0x0800b5ce                HAL_TIMEx_HallSensor_DeInit
                0x0800b608                HAL_TIMEx_HallSensor_Start
                0x0800b62e                HAL_TIMEx_HallSensor_Stop
                0x0800b65e                HAL_TIMEx_HallSensor_Start_IT
                0x0800b68c                HAL_TIMEx_HallSensor_Stop_IT
                0x0800b6c4                HAL_TIMEx_HallSensor_Start_DMA
                0x0800b740                HAL_TIMEx_HallSensor_Stop_DMA
                0x0800b780                HAL_TIMEx_OCN_Start
                0x0800b7ac                HAL_TIMEx_OCN_Stop
                0x0800b7f6                HAL_TIMEx_OCN_Start_IT
                0x0800b84c                HAL_TIMEx_OCN_Stop_IT
                0x0800b8ca                HAL_TIMEx_OCN_Start_DMA
                0x0800b99c                HAL_TIMEx_OCN_Stop_DMA
                0x0800ba22                HAL_TIMEx_PWMN_Start
                0x0800ba26                HAL_TIMEx_PWMN_Stop
                0x0800ba2a                HAL_TIMEx_PWMN_Start_IT
                0x0800ba2e                HAL_TIMEx_PWMN_Stop_IT
                0x0800ba32                HAL_TIMEx_PWMN_Start_DMA
                0x0800ba36                HAL_TIMEx_PWMN_Stop_DMA
                0x0800ba3a                HAL_TIMEx_OnePulseN_Start
                0x0800ba54                HAL_TIMEx_OnePulseN_Stop
                0x0800ba58                HAL_TIMEx_OnePulseN_Start_IT
                0x0800ba82                HAL_TIMEx_OnePulseN_Stop_IT
                0x0800badc                HAL_TIMEx_ConfigCommutEvent
                0x0800bb36                HAL_TIMEx_ConfigCommutEvent_IT
                0x0800bb90                HAL_TIMEx_ConfigCommutEvent_DMA
                0x0800bc04                HAL_TIMEx_MasterConfigSynchronization
                0x0800bc80                HAL_TIMEx_ConfigBreakDeadTime
                0x0800bccc                HAL_TIMEx_RemapConfig
                0x0800bce6                HAL_TIMEx_CommutCallback
                0x0800bce8                TIMEx_DMACommutationCplt
                0x0800bcf8                HAL_TIMEx_CommutHalfCpltCallback
                0x0800bcfa                TIMEx_DMACommutationHalfCplt
                0x0800bd0a                HAL_TIMEx_BreakCallback
                0x0800bd0c                HAL_TIMEx_HallSensor_GetState
 .text          0x0800bd14        0x0 build/stm32f4_HAL/stm32f4xx_hal_rtc.o
 .text          0x0800bd14      0x6d4 build/stm32f4_HAL/stm32f4xx_hal_rcc.o
                0x0800c066                HAL_RCC_MCOConfig
                0x0800c100                HAL_RCC_EnableCSS
                0x0800c10c                HAL_RCC_DisableCSS
                0x0800c174                HAL_RCC_ClockConfig
                0x0800c2ac                HAL_RCC_GetHCLKFreq
                0x0800c2b8                HAL_RCC_GetPCLK1Freq
                0x0800c2d8                HAL_RCC_GetPCLK2Freq
                0x0800c38c                HAL_RCC_GetClockConfig
                0x0800c3c8                HAL_RCC_CSSCallback
                0x0800c3ca                HAL_RCC_NMI_IRQHandler
 .text          0x0800c3e8      0xdc8 build/stm32f4_HAL/stm32f4xx_hal_rcc_ex.o
                0x0800c3e8                HAL_RCCEx_PeriphCLKConfig
                0x0800c800                HAL_RCCEx_GetPeriphCLKConfig
                0x0800c8fc                HAL_RCCEx_GetPeriphCLKFreq
                0x0800caa4                HAL_RCCEx_SelectLSEMode
                0x0800cabc                HAL_RCCEx_EnablePLLI2S
                0x0800cb30                HAL_RCCEx_DisablePLLI2S
                0x0800cb64                HAL_RCCEx_EnablePLLSAI
                0x0800cbd0                HAL_RCCEx_DisablePLLSAI
                0x0800cc04                HAL_RCC_GetSysClockFreq
                0x0800cc94                HAL_RCC_DeInit
                0x0800cde8                HAL_RCC_OscConfig
                0x0800d114                HAL_RCC_GetOscConfig
 .text          0x0800d1b0      0x1ac build/stm32f4_HAL/stm32f4xx_hal_pwr.o
                0x0800d1b0                HAL_PWR_DeInit
                0x0800d1c8                HAL_PWR_EnableBkUpAccess
                0x0800d1d4                HAL_PWR_DisableBkUpAccess
                0x0800d1e0                HAL_PWR_ConfigPVD
                0x0800d250                HAL_PWR_EnablePVD
                0x0800d25c                HAL_PWR_DisablePVD
                0x0800d268                HAL_PWR_EnableWakeUpPin
                0x0800d278                HAL_PWR_DisableWakeUpPin
                0x0800d288                HAL_PWR_EnterSLEEPMode
                0x0800d2a8                HAL_PWR_EnterSTOPMode
                0x0800d2e0                HAL_PWR_EnterSTANDBYMode
                0x0800d300                HAL_PWR_PVDCallback
                0x0800d302                HAL_PWR_PVD_IRQHandler
                0x0800d31c                HAL_PWR_EnableSleepOnExit
                0x0800d32c                HAL_PWR_DisableSleepOnExit
                0x0800d33c                HAL_PWR_EnableSEVOnPend
                0x0800d34c                HAL_PWR_DisableSEVOnPend
 .text          0x0800d35c      0x298 build/stm32f4_HAL/stm32f4xx_hal_pwr_ex.o
                0x0800d35c                HAL_PWREx_EnableBkUpReg
                0x0800d390                HAL_PWREx_DisableBkUpReg
                0x0800d3c4                HAL_PWREx_EnableFlashPowerDown
                0x0800d3d0                HAL_PWREx_DisableFlashPowerDown
                0x0800d3dc                HAL_PWREx_GetVoltageRange
                0x0800d3ec                HAL_PWREx_ControlVoltageScaling
                0x0800d49c                HAL_PWREx_EnableOverDrive
                0x0800d514                HAL_PWREx_DisableOverDrive
                0x0800d58c                HAL_PWREx_EnterUnderDriveSTOPMode
 .text          0x0800d5f4      0x2c8 build/stm32f4_HAL/stm32f4xx_hal_cortex.o
                0x0800d5f4                HAL_NVIC_SetPriorityGrouping
                0x0800d618                HAL_NVIC_SetPriority
                0x0800d67c                HAL_NVIC_EnableIRQ
                0x0800d698                HAL_NVIC_DisableIRQ
                0x0800d6c0                HAL_NVIC_SystemReset
                0x0800d6e4                HAL_SYSTICK_Config
                0x0800d710                HAL_MPU_Disable
                0x0800d730                HAL_MPU_Enable
                0x0800d754                HAL_MPU_ConfigRegion
                0x0800d7a4                HAL_NVIC_GetPriorityGrouping
                0x0800d7b4                HAL_NVIC_GetPriority
                0x0800d810                HAL_NVIC_SetPendingIRQ
                0x0800d830                HAL_NVIC_GetPendingIRQ
                0x0800d854                HAL_NVIC_ClearPendingIRQ
                0x0800d874                HAL_NVIC_GetActive
                0x0800d898                HAL_SYSTICK_CLKSourceConfig
                0x0800d8b0                HAL_SYSTICK_Callback
                0x0800d8b2                HAL_SYSTICK_IRQHandler
 .text          0x0800d8bc     0x1820 build/stm32f4_HAL/stm32f4xx_hal_spi.o
                0x0800da60                HAL_SPI_MspInit
                0x0800da62                HAL_SPI_Init
                0x0800dae6                HAL_SPI_MspDeInit
                0x0800dae8                HAL_SPI_DeInit
                0x0800db14                HAL_SPI_Transmit
                0x0800dc8e                HAL_SPI_TransmitReceive
                0x0800df0e                HAL_SPI_Receive
                0x0800e0ce                HAL_SPI_Transmit_IT
                0x0800e174                HAL_SPI_TransmitReceive_IT
                0x0800e23c                HAL_SPI_Receive_IT
                0x0800e304                HAL_SPI_Transmit_DMA
                0x0800e3dc                HAL_SPI_TransmitReceive_DMA
                0x0800e500                HAL_SPI_Receive_DMA
                0x0800e5fc                HAL_SPI_Abort
                0x0800e724                HAL_SPI_DMAPause
                0x0800e744                HAL_SPI_DMAResume
                0x0800e764                HAL_SPI_DMAStop
                0x0800e7aa                HAL_SPI_TxCpltCallback
                0x0800e7ac                HAL_SPI_RxCpltCallback
                0x0800e7ae                HAL_SPI_TxRxCpltCallback
                0x0800e7b0                HAL_SPI_TxHalfCpltCallback
                0x0800e7bc                HAL_SPI_RxHalfCpltCallback
                0x0800e7c8                HAL_SPI_TxRxHalfCpltCallback
                0x0800e7d4                HAL_SPI_ErrorCallback
                0x0800ed96                HAL_SPI_IRQHandler
                0x0800eeb0                HAL_SPI_AbortCpltCallback
                0x0800eeb2                HAL_SPI_Abort_IT
                0x0800f0d0                HAL_SPI_GetState
                0x0800f0d6                HAL_SPI_GetError
 .text          0x0800f0dc        0x0 build/stm32f4_HAL/stm32f4xx_hal_dac.o
 .text          0x0800f0dc        0x0 build/stm32f4_HAL/stm32f4xx_hal_dac_ex.o
 .text          0x0800f0dc        0x0 build/stm32f4_HAL/stm32f4xx_hal_can.o
 .text          0x0800f0dc        0x0 build/FreeRTOS/croutine.o
 .text          0x0800f0dc      0x274 build/FreeRTOS/event_groups.o
                0x0800f0dc                xEventGroupCreateStatic
                0x0800f0f4                xEventGroupCreate
                0x0800f110                xEventGroupWaitBits
                0x0800f1c8                xEventGroupClearBits
                0x0800f1e2                vEventGroupClearBitsCallback
                0x0800f1e6                xEventGroupClearBitsFromISR
                0x0800f1f8                xEventGroupGetBitsFromISR
                0x0800f214                xEventGroupSetBits
                0x0800f270                xEventGroupSync
                0x0800f304                vEventGroupSetBitsCallback
                0x0800f308                vEventGroupDelete
                0x0800f332                xEventGroupSetBitsFromISR
                0x0800f344                uxEventGroupGetNumber
                0x0800f34a                vEventGroupSetNumber
 .text          0x0800f350       0x82 build/FreeRTOS/list.o
                0x0800f350                vListInitialise
                0x0800f366                vListInitialiseItem
                0x0800f36c                vListInsertEnd
                0x0800f384                vListInsert
                0x0800f3b2                uxListRemove
 *fill*         0x0800f3d2        0x2 
 .text          0x0800f3d4      0x8fc build/FreeRTOS/queue.o
                0x0800f4f0                xQueueGenericReset
                0x0800f55c                xQueueGenericCreateStatic
                0x0800f588                xQueueGenericCreate
                0x0800f5c2                xQueueGetMutexHolder
                0x0800f5dc                xQueueGetMutexHolderFromISR
                0x0800f5e8                xQueueCreateCountingSemaphoreStatic
                0x0800f602                xQueueCreateCountingSemaphore
                0x0800f614                xQueueGenericSend
                0x0800f718                xQueueCreateMutexStatic
                0x0800f742                xQueueGiveMutexRecursive
                0x0800f76a                xQueueCreateMutex
                0x0800f78e                xQueueGenericSendFromISR
                0x0800f7f8                xQueueGiveFromISR
                0x0800f854                xQueueReceive
                0x0800f944                xQueueSemaphoreTake
                0x0800fa6c                xQueueTakeMutexRecursive
                0x0800fa9c                xQueuePeek
                0x0800fb8c                xQueueReceiveFromISR
                0x0800fbf4                xQueuePeekFromISR
                0x0800fc24                uxQueueMessagesWaiting
                0x0800fc3a                uxQueueSpacesAvailable
                0x0800fc54                uxQueueMessagesWaitingFromISR
                0x0800fc58                vQueueDelete
                0x0800fc64                uxQueueGetQueueNumber
                0x0800fc68                vQueueSetQueueNumber
                0x0800fc6c                ucQueueGetQueueType
                0x0800fc72                xQueueIsQueueEmptyFromISR
                0x0800fc7c                xQueueIsQueueFullFromISR
                0x0800fc88                vQueueWaitForMessageRestricted
 .text          0x0800fcd0     0x12d4 build/FreeRTOS/tasks.o
                0x0800ffa0                xTaskCreateStatic
                0x0800ffd4                xTaskCreate
                0x08010030                vTaskDelete
                0x080100b4                eTaskGetState
                0x0801011c                uxTaskPriorityGet
                0x0801013c                uxTaskPriorityGetFromISR
                0x08010164                vTaskPrioritySet
                0x08010214                vTaskResume
                0x08010298                xTaskResumeFromISR
                0x08010320                vTaskStartScheduler
                0x08010398                vTaskEndScheduler
                0x080103b8                vTaskSuspendAll
                0x080103cc                xTaskGetTickCount
                0x080103d8                xTaskGetTickCountFromISR
                0x080103e4                uxTaskGetNumberOfTasks
                0x080103f0                pcTaskGetName
                0x08010400                xTaskIncrementTick
                0x080104e4                xTaskResumeAll
                0x080105a8                vTaskDelayUntil
                0x080105f8                vTaskDelay
                0x08010628                xTaskCatchUpTicks
                0x08010648                vTaskSwitchContext
                0x080106ac                vTaskSuspend
                0x0801073c                vTaskPlaceOnEventList
                0x0801075c                vTaskPlaceOnUnorderedEventList
                0x08010784                vTaskPlaceOnEventListRestricted
                0x080107ac                xTaskRemoveFromEventList
                0x08010814                vTaskRemoveFromUnorderedEventList
                0x08010868                vTaskSetTimeOutState
                0x0801088c                vTaskInternalSetTimeOutState
                0x080108a0                xTaskCheckForTimeOut
                0x080108f0                vTaskMissedYield
                0x08010900                uxTaskGetTaskNumber
                0x08010906                vTaskSetTaskNumber
                0x0801090c                vTaskGetInfo
                0x080109e6                uxTaskGetSystemState
                0x08010a7c                uxTaskGetStackHighWaterMark
                0x08010a9c                xTaskGetCurrentTaskHandle
                0x08010aa8                xTaskGetSchedulerState
                0x08010ac8                xTaskPriorityInherit
                0x08010b48                xTaskPriorityDisinherit
                0x08010ba4                vTaskPriorityDisinheritAfterTimeout
                0x08010c14                uxTaskResetEventItemValue
                0x08010c2c                pvTaskIncrementMutexHeldCount
                0x08010c44                ulTaskNotifyTake
                0x08010cb0                xTaskNotifyWait
                0x08010d44                xTaskGenericNotify
                0x08010df4                xTaskGenericNotifyFromISR
                0x08010eb4                vTaskNotifyGiveFromISR
                0x08010f44                xTaskNotifyStateClear
                0x08010f70                ulTaskNotifyValueClear
 .text          0x08010fa4      0x49c build/FreeRTOS/timers.o
                0x08011020                xTimerCreateTimerTask
                0x08011070                xTimerCreate
                0x080110b6                xTimerCreateStatic
                0x080110f6                xTimerGenericCommand
                0x08011348                xTimerGetTimerDaemonTaskHandle
                0x08011354                xTimerGetPeriod
                0x08011358                vTimerSetReloadMode
                0x0801137e                uxTimerGetReloadMode
                0x0801139a                xTimerGetExpiryTime
                0x0801139e                pcTimerGetName
                0x080113a2                xTimerIsTimerActive
                0x080113be                pvTimerGetTimerID
                0x080113d4                vTimerSetTimerID
                0x080113e8                xTimerPendFunctionCallFromISR
                0x08011410                xTimerPendFunctionCall
                0x08011438                uxTimerGetTimerNumber
                0x0801143c                vTimerSetTimerNumber
 .text          0x08011440      0x532 build/FreeRTOS/stream_buffer.o
                0x080114e0                xStreamBufferGenericCreate
                0x0801151c                xStreamBufferGenericCreateStatic
                0x0801155c                vStreamBufferDelete
                0x0801156e                xStreamBufferReset
                0x080115b4                xStreamBufferSetTriggerLevel
                0x080115c8                xStreamBufferSpacesAvailable
                0x080115dc                xStreamBufferBytesAvailable
                0x080115de                xStreamBufferSend
                0x080116bc                xStreamBufferSendFromISR
                0x08011750                xStreamBufferReceive
                0x08011808                xStreamBufferNextMessageLengthBytes
                0x08011836                xStreamBufferReceiveFromISR
                0x080118ca                xStreamBufferIsEmpty
                0x080118d6                xStreamBufferIsFull
                0x080118f2                xStreamBufferSendCompletedFromISR
                0x0801192a                xStreamBufferReceiveCompletedFromISR
                0x08011962                uxStreamBufferGetStreamBufferNumber
                0x08011966                vStreamBufferSetStreamBufferNumber
                0x0801196a                ucStreamBufferGetStreamBufferType
 *fill*         0x08011972        0x2 
 .text          0x08011974     0x1160 build/FreeRTOS/cmsis_os2.o
                0x080119b2                SysTick_Handler
                0x080119d0                osKernelInitialize
                0x080119fc                osKernelGetInfo
                0x08011a28                osKernelGetState
                0x08011a48                osKernelStart
                0x08011a88                osKernelLock
                0x08011ab4                osKernelUnlock
                0x08011aec                osKernelRestoreLock
                0x08011b30                osKernelGetTickCount
                0x08011b48                osKernelGetTickFreq
                0x08011b4e                osKernelGetSysTimerCount
                0x08011b8e                osKernelGetSysTimerFreq
                0x08011b98                osThreadNew
                0x08011c36                osThreadGetName
                0x08011c50                osThreadGetId
                0x08011c54                osThreadGetState
                0x08011c7c                osThreadGetStackSpace
                0x08011c96                osThreadSetPriority
                0x08011cc4                osThreadGetPriority
                0x08011ce0                osThreadYield
                0x08011d04                osThreadSuspend
                0x08011d28                osThreadResume
                0x08011d4c                osThreadExit
                0x08011d56                osThreadTerminate
                0x08011d8a                osThreadGetCount
                0x08011d9e                osThreadEnumerate
                0x08011e08                osThreadFlagsSet
                0x08011e88                osThreadFlagsClear
                0x08011ed8                osThreadFlagsGet
                0x08011f06                osThreadFlagsWait
                0x08011fa0                osDelay
                0x08011fbe                osDelayUntil
                0x08011fee                osTimerNew
                0x0801206c                osTimerGetName
                0x08012086                osTimerStart
                0x080120bc                osTimerStop
                0x080120fe                osTimerIsRunning
                0x08012118                osTimerDelete
                0x0801215e                osEventFlagsNew
                0x0801218a                osEventFlagsSet
                0x080121e4                osEventFlagsClear
                0x0801222a                osEventFlagsGet
                0x0801224c                osEventFlagsWait
                0x080122b0                osEventFlagsDelete
                0x080122d4                osMutexNew
                0x0801232e                osMutexAcquire
                0x08012374                osMutexRelease
                0x080123b4                osMutexGetOwner
                0x080123d0                osMutexDelete
                0x080123f6                osSemaphoreNew
                0x08012484                osSemaphoreAcquire
                0x080124e8                osSemaphoreRelease
                0x08012540                osSemaphoreGetCount
                0x08012562                osSemaphoreDelete
                0x08012586                osMessageQueueNew
                0x080125ea                osMessageQueuePut
                0x08012658                osMessageQueueGet
                0x080126c4                osMessageQueueGetCapacity
                0x080126ca                osMessageQueueGetMsgSize
                0x080126d0                osMessageQueueGetCount
                0x080126d4                osMessageQueueGetSpace
                0x0801270a                osMessageQueueReset
                0x08012730                osMessageQueueDelete
                0x08012734                osMemoryPoolNew
                0x08012828                osMemoryPoolGetName
                0x0801283e                osMemoryPoolAlloc
                0x080128f4                osMemoryPoolFree
                0x080129b0                osMemoryPoolGetCapacity
                0x080129c8                osMemoryPoolGetBlockSize
                0x080129e0                osMemoryPoolGetCount
                0x08012a10                osMemoryPoolGetSpace
                0x08012a40                osMemoryPoolDelete
                0x08012a9c                vApplicationGetIdleTaskMemory
                0x08012ab8                vApplicationGetTimerTaskMemory
 .text          0x08012ad4        0x2 build/FreeRTOS/clib_arm.o
                0x08012ad4                software_init_hook
 *fill*         0x08012ad6        0x2 
 .text          0x08012ad8       0xe0 build/FreeRTOS/os_systick.o
                0x08012ad8                OS_Tick_Setup
                0x08012b18                OS_Tick_Enable
                0x08012b44                OS_Tick_Disable
                0x08012b70                OS_Tick_AcknowledgeIRQ
                0x08012b7c                OS_Tick_GetIRQn
                0x08012b82                OS_Tick_GetClock
                0x08012b8c                OS_Tick_GetInterval
                0x08012b98                OS_Tick_GetCount
                0x08012ba8                OS_Tick_GetOverflow
 .text          0x08012bb8       0x8c build/FreeRTOS/heap_useNewlib.o
                0x08012bb8                sbrk
                0x08012c08                _sbrk
                0x08012c0c                __malloc_lock
                0x08012c10                __malloc_unlock
                0x08012c14                __env_lock
                0x08012c18                __env_unlock
                0x08012c1c                pvPortMalloc
                0x08012c20                vPortFree
                0x08012c24                xPortGetFreeHeapSize
                0x08012c40                vPortInitialiseBlocks
 *fill*         0x08012c44        0xc 
 .text          0x08012c50      0x1f8 build/FreeRTOS/port.o
                0x08012ca0                pxPortInitialiseStack
                0x08012ccc                SVC_Handler
                0x08012cf4                vPortEndScheduler
                0x08012cf6                vPortEnterCritical
                0x08012d14                vPortExitCritical
                0x08012d28                PendSV_Handler
                0x08012d94                xPortSysTickHandler
                0x08012dc4                vPortSetupTimerInterrupt
                0x08012df8                xPortStartScheduler
 .text          0x08012e48      0x308 build/tm_stm32_gpio.o
                0x08012e48                TM_GPIO_DeInit
                0x08012e90                TM_GPIO_SetPinAsInput
                0x08012eb4                TM_GPIO_SetPinAsOutput
                0x08012ee0                TM_GPIO_SetPinAsAnalog
                0x08012f02                TM_GPIO_SetPinAsAlternate
                0x08012f2e                TM_GPIO_SetPullResistor
                0x08012f58                TM_GPIO_Lock
                0x08012f68                TM_GPIO_GetPinSource
                0x08012f7c                TM_GPIO_GetPortSource
                0x08012f8a                TM_GPIO_INT_EnableClock
                0x08012fac                TM_GPIO_INT_DisableClock
                0x08012fd0                TM_GPIO_INT_Init
                0x08013084                TM_GPIO_Init
                0x080130b6                TM_GPIO_InitAlternate
                0x0801311c                TM_GPIO_GetUsedPins
                0x08013134                TM_GPIO_GetFreePins
 .text          0x08013150      0x424 build/tm_stm32_i2c.o
                0x08013150                TM_I2C_GetHandle
                0x08013188                TM_I2C_Read
                0x080131cc                TM_I2C_ReadMulti
                0x08013212                TM_I2C_ReadNoRegister
                0x08013238                TM_I2C_ReadMultiNoRegister
                0x08013262                TM_I2C_Write
                0x08013292                TM_I2C_WriteMulti
                0x080132c8                TM_I2C_WriteNoRegister
                0x080132f2                TM_I2C_WriteMultiNoRegister
                0x0801331c                TM_I2C_Write16
                0x0801334e                TM_I2C_Read16
                0x08013396                TM_I2C_IsDeviceConnected
                0x080133ac                TM_I2C_WriteReadRepeatedStart
                0x080133fe                TM_I2C_InitCustomPinsCallback
                0x08013400                TM_I2C_Init
 .text          0x08013574      0x390 build/tm_stm32_mpu6050.o
                0x08013574                TM_MPU6050_SetGyroscope
                0x080135dc                TM_MPU6050_SetAccelerometer
                0x0801363c                TM_MPU6050_SetDataRate
                0x08013658                TM_MPU6050_Init
                0x080136f0                TM_MPU6050_EnableInterrupts
                0x08013730                TM_MPU6050_DisableInterrupts
                0x0801374c                TM_MPU6050_ReadInterrupts
                0x08013778                TM_MPU6050_ReadAccelerometer
                0x080137c0                TM_MPU6050_ReadGyroscope
                0x08013808                TM_MPU6050_ReadTemperature
                0x08013858                TM_MPU6050_ReadAll
 .text          0x08013904        0x0 c:/users/mark/documents/mcha3500/mcha3500_windows_toolchain/toolchain/gcc-arm-none-eabi/bin/../lib/gcc/arm-none-eabi/9.2.1/../../../../arm-none-eabi/lib/thumb/v7e-m+fp/hard\libm.a(lib_a-w_atan2.o)
 .text          0x08013904        0x0 c:/users/mark/documents/mcha3500/mcha3500_windows_toolchain/toolchain/gcc-arm-none-eabi/bin/../lib/gcc/arm-none-eabi/9.2.1/../../../../arm-none-eabi/lib/thumb/v7e-m+fp/hard\libm.a(lib_a-wf_sqrt.o)
 .text          0x08013904        0x0 c:/users/mark/documents/mcha3500/mcha3500_windows_toolchain/toolchain/gcc-arm-none-eabi/bin/../lib/gcc/arm-none-eabi/9.2.1/../../../../arm-none-eabi/lib/thumb/v7e-m+fp/hard\libm.a(lib_a-e_atan2.o)
 .text          0x08013904        0x0 c:/users/mark/documents/mcha3500/mcha3500_windows_toolchain/toolchain/gcc-arm-none-eabi/bin/../lib/gcc/arm-none-eabi/9.2.1/../../../../arm-none-eabi/lib/thumb/v7e-m+fp/hard\libm.a(lib_a-ef_sqrt.o)
 .text          0x08013904        0x0 c:/users/mark/documents/mcha3500/mcha3500_windows_toolchain/toolchain/gcc-arm-none-eabi/bin/../lib/gcc/arm-none-eabi/9.2.1/../../../../arm-none-eabi/lib/thumb/v7e-m+fp/hard\libm.a(lib_a-s_atan.o)
 .text          0x08013904        0x0 c:/users/mark/documents/mcha3500/mcha3500_windows_toolchain/toolchain/gcc-arm-none-eabi/bin/../lib/gcc/arm-none-eabi/9.2.1/../../../../arm-none-eabi/lib/thumb/v7e-m+fp/hard\libm.a(lib_a-s_fabs.o)
 .text          0x08013904        0x0 c:/users/mark/documents/mcha3500/mcha3500_windows_toolchain/toolchain/gcc-arm-none-eabi/bin/../lib/gcc/arm-none-eabi/9.2.1/../../../../arm-none-eabi/lib/thumb/v7e-m+fp/hard\libm.a(lib_a-s_lib_ver.o)
 .text          0x08013904        0x0 c:/users/mark/documents/mcha3500/mcha3500_windows_toolchain/toolchain/gcc-arm-none-eabi/bin/../lib/gcc/arm-none-eabi/9.2.1/../../../../arm-none-eabi/lib/thumb/v7e-m+fp/hard\libm.a(lib_a-s_matherr.o)
 .text          0x08013904        0x0 ../STM32Cube_F4_FW/Drivers/CMSIS/Lib/GCC/libarm_cortexM4lf_math.a(arm_mat_trans_f32.o)
 .text          0x08013904        0x0 ../STM32Cube_F4_FW/Drivers/CMSIS/Lib/GCC/libarm_cortexM4lf_math.a(arm_mat_sub_f32.o)
 .text          0x08013904        0x0 ../STM32Cube_F4_FW/Drivers/CMSIS/Lib/GCC/libarm_cortexM4lf_math.a(arm_mat_mult_f32.o)
 .text          0x08013904        0x0 ../STM32Cube_F4_FW/Drivers/CMSIS/Lib/GCC/libarm_cortexM4lf_math.a(arm_mat_inverse_f32.o)
 .text          0x08013904        0x0 ../STM32Cube_F4_FW/Drivers/CMSIS/Lib/GCC/libarm_cortexM4lf_math.a(arm_mat_init_f32.o)
 .text          0x08013904        0x0 ../STM32Cube_F4_FW/Drivers/CMSIS/Lib/GCC/libarm_cortexM4lf_math.a(arm_mat_add_f32.o)
 .text          0x08013904      0x254 c:/users/mark/documents/mcha3500/mcha3500_windows_toolchain/toolchain/gcc-arm-none-eabi/bin/../lib/gcc/arm-none-eabi/9.2.1/thumb/v7e-m+fp/hard\libgcc.a(_arm_muldf3.o)
 .text          0x08013b58      0x378 c:/users/mark/documents/mcha3500/mcha3500_windows_toolchain/toolchain/gcc-arm-none-eabi/bin/../lib/gcc/arm-none-eabi/9.2.1/thumb/v7e-m+fp/hard\libgcc.a(_arm_addsubdf3.o)
                0x08013b58                __aeabi_drsub
                0x08013b60                __aeabi_dsub
                0x08013b60                __subdf3
                0x08013b64                __aeabi_dadd
                0x08013b64                __adddf3
                0x08013ddc                __floatunsidf
                0x08013ddc                __aeabi_ui2d
                0x08013dfc                __floatsidf
                0x08013dfc                __aeabi_i2d
                0x08013e20                __aeabi_f2d
                0x08013e20                __extendsfdf2
                0x08013e64                __floatundidf
                0x08013e64                __aeabi_ul2d
                0x08013e74                __floatdidf
                0x08013e74                __aeabi_l2d
 .text          0x08013ed0      0x424 c:/users/mark/documents/mcha3500/mcha3500_windows_toolchain/toolchain/gcc-arm-none-eabi/bin/../lib/gcc/arm-none-eabi/9.2.1/thumb/v7e-m+fp/hard\libgcc.a(_arm_muldivdf3.o)
                0x08013ed0                __aeabi_dmul
                0x08013ed0                __muldf3
                0x08014124                __divdf3
                0x08014124                __aeabi_ddiv
 .text          0x080142f4      0x110 c:/users/mark/documents/mcha3500/mcha3500_windows_toolchain/toolchain/gcc-arm-none-eabi/bin/../lib/gcc/arm-none-eabi/9.2.1/thumb/v7e-m+fp/hard\libgcc.a(_arm_cmpdf2.o)
                0x080142f4                __gtdf2
                0x080142f4                __gedf2
                0x080142fc                __ltdf2
                0x080142fc                __ledf2
                0x08014304                __nedf2
                0x08014304                __eqdf2
                0x08014304                __cmpdf2
                0x08014380                __aeabi_cdrcmple
                0x08014390                __aeabi_cdcmpeq
                0x08014390                __aeabi_cdcmple
                0x080143a0                __aeabi_dcmpeq
                0x080143b4                __aeabi_dcmplt
                0x080143c8                __aeabi_dcmple
                0x080143dc                __aeabi_dcmpge
                0x080143f0                __aeabi_dcmpgt
 .text          0x08014404       0xa0 c:/users/mark/documents/mcha3500/mcha3500_windows_toolchain/toolchain/gcc-arm-none-eabi/bin/../lib/gcc/arm-none-eabi/9.2.1/thumb/v7e-m+fp/hard\libgcc.a(_arm_truncdfsf2.o)
                0x08014404                __truncdfsf2
                0x08014404                __aeabi_d2f
 .text          0x080144a4       0xa0 c:/users/mark/documents/mcha3500/mcha3500_windows_toolchain/toolchain/gcc-arm-none-eabi/bin/../lib/gcc/arm-none-eabi/9.2.1/thumb/v7e-m+fp/hard\libgcc.a(_aeabi_ldivmod.o)
                0x080144a4                __aeabi_ldivmod
 .text          0x08014544       0x30 c:/users/mark/documents/mcha3500/mcha3500_windows_toolchain/toolchain/gcc-arm-none-eabi/bin/../lib/gcc/arm-none-eabi/9.2.1/thumb/v7e-m+fp/hard\libgcc.a(_aeabi_uldivmod.o)
                0x08014544                __aeabi_uldivmod
 .text          0x08014574      0x2c4 c:/users/mark/documents/mcha3500/mcha3500_windows_toolchain/toolchain/gcc-arm-none-eabi/bin/../lib/gcc/arm-none-eabi/9.2.1/thumb/v7e-m+fp/hard\libgcc.a(_udivmoddi4.o)
                0x08014574                __udivmoddi4
 .text          0x08014838        0x4 c:/users/mark/documents/mcha3500/mcha3500_windows_toolchain/toolchain/gcc-arm-none-eabi/bin/../lib/gcc/arm-none-eabi/9.2.1/thumb/v7e-m+fp/hard\libgcc.a(_dvmd_tls.o)
                0x08014838                __aeabi_idiv0
                0x08014838                __aeabi_ldiv0
 .text          0x0801483c        0x0 c:/users/mark/documents/mcha3500/mcha3500_windows_toolchain/toolchain/gcc-arm-none-eabi/bin/../lib/gcc/arm-none-eabi/9.2.1/../../../../arm-none-eabi/lib/thumb/v7e-m+fp/hard\libc_nano.a(lib_a-atof.o)
 .text          0x0801483c        0x0 c:/users/mark/documents/mcha3500/mcha3500_windows_toolchain/toolchain/gcc-arm-none-eabi/bin/../lib/gcc/arm-none-eabi/9.2.1/../../../../arm-none-eabi/lib/thumb/v7e-m+fp/hard\libc_nano.a(lib_a-ctype_.o)
 .text          0x0801483c        0x0 c:/users/mark/documents/mcha3500/mcha3500_windows_toolchain/toolchain/gcc-arm-none-eabi/bin/../lib/gcc/arm-none-eabi/9.2.1/../../../../arm-none-eabi/lib/thumb/v7e-m+fp/hard\libc_nano.a(lib_a-errno.o)
 .text          0x0801483c        0x0 c:/users/mark/documents/mcha3500/mcha3500_windows_toolchain/toolchain/gcc-arm-none-eabi/bin/../lib/gcc/arm-none-eabi/9.2.1/../../../../arm-none-eabi/lib/thumb/v7e-m+fp/hard\libc_nano.a(lib_a-exit.o)
 .text          0x0801483c        0x0 c:/users/mark/documents/mcha3500/mcha3500_windows_toolchain/toolchain/gcc-arm-none-eabi/bin/../lib/gcc/arm-none-eabi/9.2.1/../../../../arm-none-eabi/lib/thumb/v7e-m+fp/hard\libc_nano.a(lib_a-getchar.o)
 .text          0x0801483c        0x0 c:/users/mark/documents/mcha3500/mcha3500_windows_toolchain/toolchain/gcc-arm-none-eabi/bin/../lib/gcc/arm-none-eabi/9.2.1/../../../../arm-none-eabi/lib/thumb/v7e-m+fp/hard\libc_nano.a(lib_a-impure.o)
 .text          0x0801483c        0x0 c:/users/mark/documents/mcha3500/mcha3500_windows_toolchain/toolchain/gcc-arm-none-eabi/bin/../lib/gcc/arm-none-eabi/9.2.1/../../../../arm-none-eabi/lib/thumb/v7e-m+fp/hard\libc_nano.a(lib_a-init.o)
 .text          0x0801483c        0x0 c:/users/mark/documents/mcha3500/mcha3500_windows_toolchain/toolchain/gcc-arm-none-eabi/bin/../lib/gcc/arm-none-eabi/9.2.1/../../../../arm-none-eabi/lib/thumb/v7e-m+fp/hard\libc_nano.a(lib_a-malloc.o)
 .text          0x0801483c        0x0 c:/users/mark/documents/mcha3500/mcha3500_windows_toolchain/toolchain/gcc-arm-none-eabi/bin/../lib/gcc/arm-none-eabi/9.2.1/../../../../arm-none-eabi/lib/thumb/v7e-m+fp/hard\libc_nano.a(lib_a-memcpy-stub.o)
 .text          0x0801483c        0x0 c:/users/mark/documents/mcha3500/mcha3500_windows_toolchain/toolchain/gcc-arm-none-eabi/bin/../lib/gcc/arm-none-eabi/9.2.1/../../../../arm-none-eabi/lib/thumb/v7e-m+fp/hard\libc_nano.a(lib_a-memset.o)
 .text          0x0801483c        0x0 c:/users/mark/documents/mcha3500/mcha3500_windows_toolchain/toolchain/gcc-arm-none-eabi/bin/../lib/gcc/arm-none-eabi/9.2.1/../../../../arm-none-eabi/lib/thumb/v7e-m+fp/hard\libc_nano.a(lib_a-mstats.o)
 .text          0x0801483c        0x0 c:/users/mark/documents/mcha3500/mcha3500_windows_toolchain/toolchain/gcc-arm-none-eabi/bin/../lib/gcc/arm-none-eabi/9.2.1/../../../../arm-none-eabi/lib/thumb/v7e-m+fp/hard\libc_nano.a(lib_a-nano-freer.o)
 .text          0x0801483c        0x0 c:/users/mark/documents/mcha3500/mcha3500_windows_toolchain/toolchain/gcc-arm-none-eabi/bin/../lib/gcc/arm-none-eabi/9.2.1/../../../../arm-none-eabi/lib/thumb/v7e-m+fp/hard\libc_nano.a(lib_a-nano-mallinfor.o)
 .text          0x0801483c        0x0 c:/users/mark/documents/mcha3500/mcha3500_windows_toolchain/toolchain/gcc-arm-none-eabi/bin/../lib/gcc/arm-none-eabi/9.2.1/../../../../arm-none-eabi/lib/thumb/v7e-m+fp/hard\libc_nano.a(lib_a-nano-mallocr.o)
 .text          0x0801483c        0x0 c:/users/mark/documents/mcha3500/mcha3500_windows_toolchain/toolchain/gcc-arm-none-eabi/bin/../lib/gcc/arm-none-eabi/9.2.1/../../../../arm-none-eabi/lib/thumb/v7e-m+fp/hard\libc_nano.a(lib_a-nano-malloptr.o)
 .text          0x0801483c        0x0 c:/users/mark/documents/mcha3500/mcha3500_windows_toolchain/toolchain/gcc-arm-none-eabi/bin/../lib/gcc/arm-none-eabi/9.2.1/../../../../arm-none-eabi/lib/thumb/v7e-m+fp/hard\libc_nano.a(lib_a-nano-mallstatsr.o)
 .text          0x0801483c        0x0 c:/users/mark/documents/mcha3500/mcha3500_windows_toolchain/toolchain/gcc-arm-none-eabi/bin/../lib/gcc/arm-none-eabi/9.2.1/../../../../arm-none-eabi/lib/thumb/v7e-m+fp/hard\libc_nano.a(lib_a-nano-vfprintf_float.o)
 .text          0x0801483c        0x0 c:/users/mark/documents/mcha3500/mcha3500_windows_toolchain/toolchain/gcc-arm-none-eabi/bin/../lib/gcc/arm-none-eabi/9.2.1/../../../../arm-none-eabi/lib/thumb/v7e-m+fp/hard\libc_nano.a(lib_a-nano-vfprintf_i.o)
 .text          0x0801483c        0x0 c:/users/mark/documents/mcha3500/mcha3500_windows_toolchain/toolchain/gcc-arm-none-eabi/bin/../lib/gcc/arm-none-eabi/9.2.1/../../../../arm-none-eabi/lib/thumb/v7e-m+fp/hard\libc_nano.a(lib_a-nano-vfscanf_float.o)
 .text          0x0801483c        0x0 c:/users/mark/documents/mcha3500/mcha3500_windows_toolchain/toolchain/gcc-arm-none-eabi/bin/../lib/gcc/arm-none-eabi/9.2.1/../../../../arm-none-eabi/lib/thumb/v7e-m+fp/hard\libc_nano.a(lib_a-printf.o)
 .text          0x0801483c        0x0 c:/users/mark/documents/mcha3500/mcha3500_windows_toolchain/toolchain/gcc-arm-none-eabi/bin/../lib/gcc/arm-none-eabi/9.2.1/../../../../arm-none-eabi/lib/thumb/v7e-m+fp/hard\libc_nano.a(lib_a-reent.o)
 .text          0x0801483c        0x0 c:/users/mark/documents/mcha3500/mcha3500_windows_toolchain/toolchain/gcc-arm-none-eabi/bin/../lib/gcc/arm-none-eabi/9.2.1/../../../../arm-none-eabi/lib/thumb/v7e-m+fp/hard\libc_nano.a(lib_a-sbrkr.o)
 .text          0x0801483c        0x0 c:/users/mark/documents/mcha3500/mcha3500_windows_toolchain/toolchain/gcc-arm-none-eabi/bin/../lib/gcc/arm-none-eabi/9.2.1/../../../../arm-none-eabi/lib/thumb/v7e-m+fp/hard\libc_nano.a(lib_a-setvbuf.o)
 .text          0x0801483c        0x0 c:/users/mark/documents/mcha3500/mcha3500_windows_toolchain/toolchain/gcc-arm-none-eabi/bin/../lib/gcc/arm-none-eabi/9.2.1/../../../../arm-none-eabi/lib/thumb/v7e-m+fp/hard\libc_nano.a(lib_a-sf_nan.o)
 .text          0x0801483c        0x0 c:/users/mark/documents/mcha3500/mcha3500_windows_toolchain/toolchain/gcc-arm-none-eabi/bin/../lib/gcc/arm-none-eabi/9.2.1/../../../../arm-none-eabi/lib/thumb/v7e-m+fp/hard\libc_nano.a(lib_a-sprintf.o)
 .text          0x0801483c       0x14 c:/users/mark/documents/mcha3500/mcha3500_windows_toolchain/toolchain/gcc-arm-none-eabi/bin/../lib/gcc/arm-none-eabi/9.2.1/../../../../arm-none-eabi/lib/thumb/v7e-m+fp/hard\libc_nano.a(lib_a-strcmp.o)
                0x0801483c                strcmp
 .text          0x08014850        0x0 c:/users/mark/documents/mcha3500/mcha3500_windows_toolchain/toolchain/gcc-arm-none-eabi/bin/../lib/gcc/arm-none-eabi/9.2.1/../../../../arm-none-eabi/lib/thumb/v7e-m+fp/hard\libc_nano.a(lib_a-strcpy.o)
 .text          0x08014850       0x10 c:/users/mark/documents/mcha3500/mcha3500_windows_toolchain/toolchain/gcc-arm-none-eabi/bin/../lib/gcc/arm-none-eabi/9.2.1/../../../../arm-none-eabi/lib/thumb/v7e-m+fp/hard\libc_nano.a(lib_a-strlen.o)
                0x08014850                strlen
 .text          0x08014860        0x0 c:/users/mark/documents/mcha3500/mcha3500_windows_toolchain/toolchain/gcc-arm-none-eabi/bin/../lib/gcc/arm-none-eabi/9.2.1/../../../../arm-none-eabi/lib/thumb/v7e-m+fp/hard\libc_nano.a(lib_a-strtod.o)
 .text          0x08014860        0x0 c:/users/mark/documents/mcha3500/mcha3500_windows_toolchain/toolchain/gcc-arm-none-eabi/bin/../lib/gcc/arm-none-eabi/9.2.1/../../../../arm-none-eabi/lib/thumb/v7e-m+fp/hard\libc_nano.a(lib_a-strtol.o)
 .text          0x08014860        0x0 c:/users/mark/documents/mcha3500/mcha3500_windows_toolchain/toolchain/gcc-arm-none-eabi/bin/../lib/gcc/arm-none-eabi/9.2.1/../../../../arm-none-eabi/lib/thumb/v7e-m+fp/hard\libc_nano.a(lib_a-vprintf.o)
 .text          0x08014860        0x0 c:/users/mark/documents/mcha3500/mcha3500_windows_toolchain/toolchain/gcc-arm-none-eabi/bin/../lib/gcc/arm-none-eabi/9.2.1/../../../../arm-none-eabi/lib/thumb/v7e-m+fp/hard\libc_nano.a(lib_a-dtoa.o)
 .text          0x08014860        0x0 c:/users/mark/documents/mcha3500/mcha3500_windows_toolchain/toolchain/gcc-arm-none-eabi/bin/../lib/gcc/arm-none-eabi/9.2.1/../../../../arm-none-eabi/lib/thumb/v7e-m+fp/hard\libc_nano.a(lib_a-fflush.o)
 .text          0x08014860        0x0 c:/users/mark/documents/mcha3500/mcha3500_windows_toolchain/toolchain/gcc-arm-none-eabi/bin/../lib/gcc/arm-none-eabi/9.2.1/../../../../arm-none-eabi/lib/thumb/v7e-m+fp/hard\libc_nano.a(lib_a-findfp.o)
 .text          0x08014860        0x0 c:/users/mark/documents/mcha3500/mcha3500_windows_toolchain/toolchain/gcc-arm-none-eabi/bin/../lib/gcc/arm-none-eabi/9.2.1/../../../../arm-none-eabi/lib/thumb/v7e-m+fp/hard\libc_nano.a(lib_a-fprintf.o)
 .text          0x08014860        0x0 c:/users/mark/documents/mcha3500/mcha3500_windows_toolchain/toolchain/gcc-arm-none-eabi/bin/../lib/gcc/arm-none-eabi/9.2.1/../../../../arm-none-eabi/lib/thumb/v7e-m+fp/hard\libc_nano.a(lib_a-fwalk.o)
 .text          0x08014860        0x0 c:/users/mark/documents/mcha3500/mcha3500_windows_toolchain/toolchain/gcc-arm-none-eabi/bin/../lib/gcc/arm-none-eabi/9.2.1/../../../../arm-none-eabi/lib/thumb/v7e-m+fp/hard\libc_nano.a(lib_a-gdtoa-gethex.o)
 .text          0x08014860        0x0 c:/users/mark/documents/mcha3500/mcha3500_windows_toolchain/toolchain/gcc-arm-none-eabi/bin/../lib/gcc/arm-none-eabi/9.2.1/../../../../arm-none-eabi/lib/thumb/v7e-m+fp/hard\libc_nano.a(lib_a-gdtoa-hexnan.o)
 .text          0x08014860        0x0 c:/users/mark/documents/mcha3500/mcha3500_windows_toolchain/toolchain/gcc-arm-none-eabi/bin/../lib/gcc/arm-none-eabi/9.2.1/../../../../arm-none-eabi/lib/thumb/v7e-m+fp/hard\libc_nano.a(lib_a-getc.o)
 .text          0x08014860        0x0 c:/users/mark/documents/mcha3500/mcha3500_windows_toolchain/toolchain/gcc-arm-none-eabi/bin/../lib/gcc/arm-none-eabi/9.2.1/../../../../arm-none-eabi/lib/thumb/v7e-m+fp/hard\libc_nano.a(lib_a-lnumeric.o)
 .text          0x08014860        0x0 c:/users/mark/documents/mcha3500/mcha3500_windows_toolchain/toolchain/gcc-arm-none-eabi/bin/../lib/gcc/arm-none-eabi/9.2.1/../../../../arm-none-eabi/lib/thumb/v7e-m+fp/hard\libc_nano.a(lib_a-locale.o)
 .text          0x08014860        0x0 c:/users/mark/documents/mcha3500/mcha3500_windows_toolchain/toolchain/gcc-arm-none-eabi/bin/../lib/gcc/arm-none-eabi/9.2.1/../../../../arm-none-eabi/lib/thumb/v7e-m+fp/hard\libc_nano.a(lib_a-localeconv.o)
 .text          0x08014860        0x0 c:/users/mark/documents/mcha3500/mcha3500_windows_toolchain/toolchain/gcc-arm-none-eabi/bin/../lib/gcc/arm-none-eabi/9.2.1/../../../../arm-none-eabi/lib/thumb/v7e-m+fp/hard\libc_nano.a(lib_a-lock.o)
 .text          0x08014860        0x0 c:/users/mark/documents/mcha3500/mcha3500_windows_toolchain/toolchain/gcc-arm-none-eabi/bin/../lib/gcc/arm-none-eabi/9.2.1/../../../../arm-none-eabi/lib/thumb/v7e-m+fp/hard\libc_nano.a(lib_a-makebuf.o)
 .text          0x08014860        0x0 c:/users/mark/documents/mcha3500/mcha3500_windows_toolchain/toolchain/gcc-arm-none-eabi/bin/../lib/gcc/arm-none-eabi/9.2.1/../../../../arm-none-eabi/lib/thumb/v7e-m+fp/hard\libc_nano.a(lib_a-mbtowc_r.o)
 .text          0x08014860       0xa0 c:/users/mark/documents/mcha3500/mcha3500_windows_toolchain/toolchain/gcc-arm-none-eabi/bin/../lib/gcc/arm-none-eabi/9.2.1/../../../../arm-none-eabi/lib/thumb/v7e-m+fp/hard\libc_nano.a(lib_a-memchr.o)
                0x08014860                memchr
 .text          0x08014900        0x0 c:/users/mark/documents/mcha3500/mcha3500_windows_toolchain/toolchain/gcc-arm-none-eabi/bin/../lib/gcc/arm-none-eabi/9.2.1/../../../../arm-none-eabi/lib/thumb/v7e-m+fp/hard\libc_nano.a(lib_a-mprec.o)
 .text          0x08014900        0x0 c:/users/mark/documents/mcha3500/mcha3500_windows_toolchain/toolchain/gcc-arm-none-eabi/bin/../lib/gcc/arm-none-eabi/9.2.1/../../../../arm-none-eabi/lib/thumb/v7e-m+fp/hard\libc_nano.a(lib_a-nano-callocr.o)
 .text          0x08014900        0x0 c:/users/mark/documents/mcha3500/mcha3500_windows_toolchain/toolchain/gcc-arm-none-eabi/bin/../lib/gcc/arm-none-eabi/9.2.1/../../../../arm-none-eabi/lib/thumb/v7e-m+fp/hard\libc_nano.a(lib_a-nano-svfprintf.o)
 .text          0x08014900        0x0 c:/users/mark/documents/mcha3500/mcha3500_windows_toolchain/toolchain/gcc-arm-none-eabi/bin/../lib/gcc/arm-none-eabi/9.2.1/../../../../arm-none-eabi/lib/thumb/v7e-m+fp/hard\libc_nano.a(lib_a-nano-vfprintf.o)
 .text          0x08014900        0x0 c:/users/mark/documents/mcha3500/mcha3500_windows_toolchain/toolchain/gcc-arm-none-eabi/bin/../lib/gcc/arm-none-eabi/9.2.1/../../../../arm-none-eabi/lib/thumb/v7e-m+fp/hard\libc_nano.a(lib_a-rget.o)
 .text          0x08014900        0x0 c:/users/mark/documents/mcha3500/mcha3500_windows_toolchain/toolchain/gcc-arm-none-eabi/bin/../lib/gcc/arm-none-eabi/9.2.1/../../../../arm-none-eabi/lib/thumb/v7e-m+fp/hard\libc_nano.a(lib_a-s_nan.o)
 .text          0x08014900        0x0 c:/users/mark/documents/mcha3500/mcha3500_windows_toolchain/toolchain/gcc-arm-none-eabi/bin/../lib/gcc/arm-none-eabi/9.2.1/../../../../arm-none-eabi/lib/thumb/v7e-m+fp/hard\libc_nano.a(lib_a-stdio.o)
 .text          0x08014900        0x0 c:/users/mark/documents/mcha3500/mcha3500_windows_toolchain/toolchain/gcc-arm-none-eabi/bin/../lib/gcc/arm-none-eabi/9.2.1/../../../../arm-none-eabi/lib/thumb/v7e-m+fp/hard\libc_nano.a(lib_a-strncmp.o)
 .text          0x08014900        0x0 c:/users/mark/documents/mcha3500/mcha3500_windows_toolchain/toolchain/gcc-arm-none-eabi/bin/../lib/gcc/arm-none-eabi/9.2.1/../../../../arm-none-eabi/lib/thumb/v7e-m+fp/hard\libc_nano.a(lib_a-wbuf.o)
 .text          0x08014900        0x0 c:/users/mark/documents/mcha3500/mcha3500_windows_toolchain/toolchain/gcc-arm-none-eabi/bin/../lib/gcc/arm-none-eabi/9.2.1/../../../../arm-none-eabi/lib/thumb/v7e-m+fp/hard\libc_nano.a(lib_a-wctomb_r.o)
 .text          0x08014900        0x0 c:/users/mark/documents/mcha3500/mcha3500_windows_toolchain/toolchain/gcc-arm-none-eabi/bin/../lib/gcc/arm-none-eabi/9.2.1/../../../../arm-none-eabi/lib/thumb/v7e-m+fp/hard\libc_nano.a(lib_a-writer.o)
 .text          0x08014900        0x0 c:/users/mark/documents/mcha3500/mcha3500_windows_toolchain/toolchain/gcc-arm-none-eabi/bin/../lib/gcc/arm-none-eabi/9.2.1/../../../../arm-none-eabi/lib/thumb/v7e-m+fp/hard\libc_nano.a(lib_a-wsetup.o)
 .text          0x08014900        0x0 c:/users/mark/documents/mcha3500/mcha3500_windows_toolchain/toolchain/gcc-arm-none-eabi/bin/../lib/gcc/arm-none-eabi/9.2.1/../../../../arm-none-eabi/lib/thumb/v7e-m+fp/hard\libc_nano.a(lib_a-closer.o)
 .text          0x08014900        0x0 c:/users/mark/documents/mcha3500/mcha3500_windows_toolchain/toolchain/gcc-arm-none-eabi/bin/../lib/gcc/arm-none-eabi/9.2.1/../../../../arm-none-eabi/lib/thumb/v7e-m+fp/hard\libc_nano.a(lib_a-fstatr.o)
 .text          0x08014900        0x0 c:/users/mark/documents/mcha3500/mcha3500_windows_toolchain/toolchain/gcc-arm-none-eabi/bin/../lib/gcc/arm-none-eabi/9.2.1/../../../../arm-none-eabi/lib/thumb/v7e-m+fp/hard\libc_nano.a(lib_a-fvwrite.o)
 .text          0x08014900        0x0 c:/users/mark/documents/mcha3500/mcha3500_windows_toolchain/toolchain/gcc-arm-none-eabi/bin/../lib/gcc/arm-none-eabi/9.2.1/../../../../arm-none-eabi/lib/thumb/v7e-m+fp/hard\libc_nano.a(lib_a-isattyr.o)
 .text          0x08014900        0x0 c:/users/mark/documents/mcha3500/mcha3500_windows_toolchain/toolchain/gcc-arm-none-eabi/bin/../lib/gcc/arm-none-eabi/9.2.1/../../../../arm-none-eabi/lib/thumb/v7e-m+fp/hard\libc_nano.a(lib_a-lseekr.o)
 .text          0x08014900        0x0 c:/users/mark/documents/mcha3500/mcha3500_windows_toolchain/toolchain/gcc-arm-none-eabi/bin/../lib/gcc/arm-none-eabi/9.2.1/../../../../arm-none-eabi/lib/thumb/v7e-m+fp/hard\libc_nano.a(lib_a-memmove.o)
 .text          0x08014900        0x0 c:/users/mark/documents/mcha3500/mcha3500_windows_toolchain/toolchain/gcc-arm-none-eabi/bin/../lib/gcc/arm-none-eabi/9.2.1/../../../../arm-none-eabi/lib/thumb/v7e-m+fp/hard\libc_nano.a(lib_a-nano-reallocr.o)
 .text          0x08014900        0x0 c:/users/mark/documents/mcha3500/mcha3500_windows_toolchain/toolchain/gcc-arm-none-eabi/bin/../lib/gcc/arm-none-eabi/9.2.1/../../../../arm-none-eabi/lib/thumb/v7e-m+fp/hard\libc_nano.a(lib_a-readr.o)
 .text          0x08014900        0x0 c:/users/mark/documents/mcha3500/mcha3500_windows_toolchain/toolchain/gcc-arm-none-eabi/bin/../lib/gcc/arm-none-eabi/9.2.1/../../../../arm-none-eabi/lib/thumb/v7e-m+fp/hard\libc_nano.a(lib_a-refill.o)
 .text          0x08014900        0x0 c:/users/mark/documents/mcha3500/mcha3500_windows_toolchain/toolchain/gcc-arm-none-eabi/bin/../lib/gcc/arm-none-eabi/9.2.1/../../../../arm-none-eabi/lib/thumb/v7e-m+fp/hard\libc_nano.a(lib_a-nano-msizer.o)
 .text          0x08014900       0x2c c:/users/mark/documents/mcha3500/mcha3500_windows_toolchain/toolchain/gcc-arm-none-eabi/bin/../lib/gcc/arm-none-eabi/9.2.1/thumb/v7e-m+fp/hard\libgcc.a(_arm_unorddf2.o)
                0x08014900                __unorddf2
                0x08014900                __aeabi_dcmpun
 .text          0x0801492c       0x50 c:/users/mark/documents/mcha3500/mcha3500_windows_toolchain/toolchain/gcc-arm-none-eabi/bin/../lib/gcc/arm-none-eabi/9.2.1/thumb/v7e-m+fp/hard\libgcc.a(_arm_fixdfsi.o)
                0x0801492c                __aeabi_d2iz
                0x0801492c                __fixdfsi
 .text          0x0801497c       0x40 c:/users/mark/documents/mcha3500/mcha3500_windows_toolchain/toolchain/gcc-arm-none-eabi/bin/../lib/gcc/arm-none-eabi/9.2.1/thumb/v7e-m+fp/hard\libgcc.a(_arm_fixunsdfsi.o)
                0x0801497c                __aeabi_d2uiz
                0x0801497c                __fixunsdfsi
 .text          0x080149bc       0x30 c:/users/mark/documents/mcha3500/mcha3500_windows_toolchain/toolchain/gcc-arm-none-eabi/bin/../lib/gcc/arm-none-eabi/9.2.1/thumb/v7e-m+fp/hard\libgcc.a(_fixdfdi.o)
                0x080149bc                __fixdfdi
                0x080149bc                __aeabi_d2lz
 .text          0x080149ec       0x3c c:/users/mark/documents/mcha3500/mcha3500_windows_toolchain/toolchain/gcc-arm-none-eabi/bin/../lib/gcc/arm-none-eabi/9.2.1/thumb/v7e-m+fp/hard\libgcc.a(_fixunsdfdi.o)
                0x080149ec                __fixunsdfdi
                0x080149ec                __aeabi_d2ulz
 .text          0x08014a28        0x0 c:/users/mark/documents/mcha3500/mcha3500_windows_toolchain/toolchain/gcc-arm-none-eabi/bin/../lib/gcc/arm-none-eabi/9.2.1/../../../../arm-none-eabi/lib/thumb/v7e-m+fp/hard\libnosys.a(close.o)
 .text          0x08014a28        0x0 c:/users/mark/documents/mcha3500/mcha3500_windows_toolchain/toolchain/gcc-arm-none-eabi/bin/../lib/gcc/arm-none-eabi/9.2.1/../../../../arm-none-eabi/lib/thumb/v7e-m+fp/hard\libnosys.a(fstat.o)
 .text          0x08014a28        0x0 c:/users/mark/documents/mcha3500/mcha3500_windows_toolchain/toolchain/gcc-arm-none-eabi/bin/../lib/gcc/arm-none-eabi/9.2.1/../../../../arm-none-eabi/lib/thumb/v7e-m+fp/hard\libnosys.a(isatty.o)
 .text          0x08014a28        0x0 c:/users/mark/documents/mcha3500/mcha3500_windows_toolchain/toolchain/gcc-arm-none-eabi/bin/../lib/gcc/arm-none-eabi/9.2.1/../../../../arm-none-eabi/lib/thumb/v7e-m+fp/hard\libnosys.a(lseek.o)
 .text          0x08014a28        0x0 c:/users/mark/documents/mcha3500/mcha3500_windows_toolchain/toolchain/gcc-arm-none-eabi/bin/../lib/gcc/arm-none-eabi/9.2.1/../../../../arm-none-eabi/lib/thumb/v7e-m+fp/hard\libnosys.a(_exit.o)
 .text          0x08014a28        0x0 c:/users/mark/documents/mcha3500/mcha3500_windows_toolchain/toolchain/gcc-arm-none-eabi/bin/../lib/gcc/arm-none-eabi/9.2.1/thumb/v7e-m+fp/hard/crtend.o
 .text          0x08014a28        0x0 c:/users/mark/documents/mcha3500/mcha3500_windows_toolchain/toolchain/gcc-arm-none-eabi/bin/../lib/gcc/arm-none-eabi/9.2.1/thumb/v7e-m+fp/hard/crtn.o
 *(.text*)
 .text.startup  0x08014a28       0xc4 build/main.o
                0x08014a28                main
 .text.Reset_Handler
                0x08014aec       0x50 build/startup_stm32f446xx.o
                0x08014aec                Reset_Handler
 .text.Default_Handler
                0x08014b3c        0x2 build/startup_stm32f446xx.o
                0x08014b3c                RTC_Alarm_IRQHandler
                0x08014b3c                TIM8_CC_IRQHandler
                0x08014b3c                SPI4_IRQHandler
                0x08014b3c                TIM1_CC_IRQHandler
                0x08014b3c                DMA2_Stream5_IRQHandler
                0x08014b3c                DMA1_Stream5_IRQHandler
                0x08014b3c                PVD_IRQHandler
                0x08014b3c                SDIO_IRQHandler
                0x08014b3c                TAMP_STAMP_IRQHandler
                0x08014b3c                CAN2_RX1_IRQHandler
                0x08014b3c                TIM8_TRG_COM_TIM14_IRQHandler
                0x08014b3c                TIM1_UP_TIM10_IRQHandler
                0x08014b3c                TIM8_UP_TIM13_IRQHandler
                0x08014b3c                I2C3_ER_IRQHandler
                0x08014b3c                FMPI2C1_Event_IRQHandler
                0x08014b3c                I2C2_EV_IRQHandler
                0x08014b3c                DMA1_Stream2_IRQHandler
                0x08014b3c                CAN1_RX0_IRQHandler
                0x08014b3c                FPU_IRQHandler
                0x08014b3c                OTG_HS_WKUP_IRQHandler
                0x08014b3c                CAN2_SCE_IRQHandler
                0x08014b3c                DMA2_Stream2_IRQHandler
                0x08014b3c                SPI1_IRQHandler
                0x08014b3c                TIM6_DAC_IRQHandler
                0x08014b3c                TIM1_BRK_TIM9_IRQHandler
                0x08014b3c                DCMI_IRQHandler
                0x08014b3c                CAN2_RX0_IRQHandler
                0x08014b3c                DMA2_Stream3_IRQHandler
                0x08014b3c                SAI2_IRQHandler
                0x08014b3c                USART6_IRQHandler
                0x08014b3c                USART3_IRQHandler
                0x08014b3c                CAN1_RX1_IRQHandler
                0x08014b3c                UART5_IRQHandler
                0x08014b3c                DMA2_Stream0_IRQHandler
                0x08014b3c                TIM4_IRQHandler
                0x08014b3c                QUADSPI_IRQHandler
                0x08014b3c                I2C1_EV_IRQHandler
                0x08014b3c                DMA1_Stream6_IRQHandler
                0x08014b3c                DMA1_Stream1_IRQHandler
                0x08014b3c                UART4_IRQHandler
                0x08014b3c                TIM3_IRQHandler
                0x08014b3c                RCC_IRQHandler
                0x08014b3c                TIM8_BRK_TIM12_IRQHandler
                0x08014b3c                Default_Handler
                0x08014b3c                CEC_IRQHandler
                0x08014b3c                ADC_IRQHandler
                0x08014b3c                DMA1_Stream7_IRQHandler
                0x08014b3c                TIM7_IRQHandler
                0x08014b3c                CAN2_TX_IRQHandler
                0x08014b3c                TIM5_IRQHandler
                0x08014b3c                DMA2_Stream7_IRQHandler
                0x08014b3c                I2C3_EV_IRQHandler
                0x08014b3c                RTC_WKUP_IRQHandler
                0x08014b3c                SPDIF_RX_IRQHandler
                0x08014b3c                SPI2_IRQHandler
                0x08014b3c                OTG_HS_EP1_IN_IRQHandler
                0x08014b3c                DMA1_Stream0_IRQHandler
                0x08014b3c                CAN1_TX_IRQHandler
                0x08014b3c                OTG_HS_EP1_OUT_IRQHandler
                0x08014b3c                WWDG_IRQHandler
                0x08014b3c                TIM2_IRQHandler
                0x08014b3c                OTG_FS_WKUP_IRQHandler
                0x08014b3c                TIM1_TRG_COM_TIM11_IRQHandler
                0x08014b3c                OTG_HS_IRQHandler
                0x08014b3c                I2C2_ER_IRQHandler
                0x08014b3c                DMA2_Stream1_IRQHandler
                0x08014b3c                CAN1_SCE_IRQHandler
                0x08014b3c                FLASH_IRQHandler
                0x08014b3c                DMA2_Stream4_IRQHandler
                0x08014b3c                USART1_IRQHandler
                0x08014b3c                OTG_FS_IRQHandler
                0x08014b3c                SPI3_IRQHandler
                0x08014b3c                DMA1_Stream4_IRQHandler
                0x08014b3c                I2C1_ER_IRQHandler
                0x08014b3c                FMC_IRQHandler
                0x08014b3c                DMA2_Stream6_IRQHandler
                0x08014b3c                SAI1_IRQHandler
                0x08014b3c                DMA1_Stream3_IRQHandler
                0x08014b3c                FMPI2C1_Error_IRQHandler
 *fill*         0x08014b3e        0x2 
 .text.atan2    0x08014b40        0x4 c:/users/mark/documents/mcha3500/mcha3500_windows_toolchain/toolchain/gcc-arm-none-eabi/bin/../lib/gcc/arm-none-eabi/9.2.1/../../../../arm-none-eabi/lib/thumb/v7e-m+fp/hard\libm.a(lib_a-w_atan2.o)
                0x08014b40                atan2
 .text.sqrtf    0x08014b44       0xb0 c:/users/mark/documents/mcha3500/mcha3500_windows_toolchain/toolchain/gcc-arm-none-eabi/bin/../lib/gcc/arm-none-eabi/9.2.1/../../../../arm-none-eabi/lib/thumb/v7e-m+fp/hard\libm.a(lib_a-wf_sqrt.o)
                0x08014b44                sqrtf
 *fill*         0x08014bf4        0x4 
 .text.__ieee754_atan2
                0x08014bf8      0x1fc c:/users/mark/documents/mcha3500/mcha3500_windows_toolchain/toolchain/gcc-arm-none-eabi/bin/../lib/gcc/arm-none-eabi/9.2.1/../../../../arm-none-eabi/lib/thumb/v7e-m+fp/hard\libm.a(lib_a-e_atan2.o)
                0x08014bf8                __ieee754_atan2
 .text.__ieee754_sqrtf
                0x08014df4        0x8 c:/users/mark/documents/mcha3500/mcha3500_windows_toolchain/toolchain/gcc-arm-none-eabi/bin/../lib/gcc/arm-none-eabi/9.2.1/../../../../arm-none-eabi/lib/thumb/v7e-m+fp/hard\libm.a(lib_a-ef_sqrt.o)
                0x08014df4                __ieee754_sqrtf
 *fill*         0x08014dfc        0x4 
 .text.atan     0x08014e00      0x368 c:/users/mark/documents/mcha3500/mcha3500_windows_toolchain/toolchain/gcc-arm-none-eabi/bin/../lib/gcc/arm-none-eabi/9.2.1/../../../../arm-none-eabi/lib/thumb/v7e-m+fp/hard\libm.a(lib_a-s_atan.o)
                0x08014e00                atan
 .text.fabs     0x08015168       0x14 c:/users/mark/documents/mcha3500/mcha3500_windows_toolchain/toolchain/gcc-arm-none-eabi/bin/../lib/gcc/arm-none-eabi/9.2.1/../../../../arm-none-eabi/lib/thumb/v7e-m+fp/hard\libm.a(lib_a-s_fabs.o)
                0x08015168                fabs
 .text.matherr  0x0801517c        0x4 c:/users/mark/documents/mcha3500/mcha3500_windows_toolchain/toolchain/gcc-arm-none-eabi/bin/../lib/gcc/arm-none-eabi/9.2.1/../../../../arm-none-eabi/lib/thumb/v7e-m+fp/hard\libm.a(lib_a-s_matherr.o)
                0x0801517c                matherr
 .text.arm_mat_trans_f32
                0x08015180       0xe8 ../STM32Cube_F4_FW/Drivers/CMSIS/Lib/GCC/libarm_cortexM4lf_math.a(arm_mat_trans_f32.o)
                0x08015180                arm_mat_trans_f32
 .text.arm_mat_sub_f32
                0x08015268       0xb4 ../STM32Cube_F4_FW/Drivers/CMSIS/Lib/GCC/libarm_cortexM4lf_math.a(arm_mat_sub_f32.o)
                0x08015268                arm_mat_sub_f32
 .text.arm_mat_mult_f32
                0x0801531c      0x14c ../STM32Cube_F4_FW/Drivers/CMSIS/Lib/GCC/libarm_cortexM4lf_math.a(arm_mat_mult_f32.o)
                0x0801531c                arm_mat_mult_f32
 .text.arm_mat_inverse_f32
                0x08015468      0x2a0 ../STM32Cube_F4_FW/Drivers/CMSIS/Lib/GCC/libarm_cortexM4lf_math.a(arm_mat_inverse_f32.o)
                0x08015468                arm_mat_inverse_f32
 .text.arm_mat_init_f32
                0x08015708        0x8 ../STM32Cube_F4_FW/Drivers/CMSIS/Lib/GCC/libarm_cortexM4lf_math.a(arm_mat_init_f32.o)
                0x08015708                arm_mat_init_f32
 .text.arm_mat_add_f32
                0x08015710       0xb4 ../STM32Cube_F4_FW/Drivers/CMSIS/Lib/GCC/libarm_cortexM4lf_math.a(arm_mat_add_f32.o)
                0x08015710                arm_mat_add_f32