Archive member included to satisfy reference by file (symbol)

c:/users/mark/documents/mcha3500/mcha3500_windows_toolchain/toolchain/gcc-arm-none-eabi/bin/../lib/gcc/arm-none-eabi/9.2.1/../../../../arm-none-eabi/lib/thumb/v7e-m+fp/hard\libm.a(lib_a-w_atan2.o)
                              build/IMU.o (atan2)
c:/users/mark/documents/mcha3500/mcha3500_windows_toolchain/toolchain/gcc-arm-none-eabi/bin/../lib/gcc/arm-none-eabi/9.2.1/../../../../arm-none-eabi/lib/thumb/v7e-m+fp/hard\libm.a(lib_a-wf_sqrt.o)
                              build/qpas_sub_noblas.o (sqrtf)
c:/users/mark/documents/mcha3500/mcha3500_windows_toolchain/toolchain/gcc-arm-none-eabi/bin/../lib/gcc/arm-none-eabi/9.2.1/../../../../arm-none-eabi/lib/thumb/v7e-m+fp/hard\libm.a(lib_a-e_atan2.o)
                              c:/users/mark/documents/mcha3500/mcha3500_windows_toolchain/toolchain/gcc-arm-none-eabi/bin/../lib/gcc/arm-none-eabi/9.2.1/../../../../arm-none-eabi/lib/thumb/v7e-m+fp/hard\libm.a(lib_a-w_atan2.o) (__ieee754_atan2)
c:/users/mark/documents/mcha3500/mcha3500_windows_toolchain/toolchain/gcc-arm-none-eabi/bin/../lib/gcc/arm-none-eabi/9.2.1/../../../../arm-none-eabi/lib/thumb/v7e-m+fp/hard\libm.a(lib_a-ef_sqrt.o)
                              c:/users/mark/documents/mcha3500/mcha3500_windows_toolchain/toolchain/gcc-arm-none-eabi/bin/../lib/gcc/arm-none-eabi/9.2.1/../../../../arm-none-eabi/lib/thumb/v7e-m+fp/hard\libm.a(lib_a-wf_sqrt.o) (__ieee754_sqrtf)
c:/users/mark/documents/mcha3500/mcha3500_windows_toolchain/toolchain/gcc-arm-none-eabi/bin/../lib/gcc/arm-none-eabi/9.2.1/../../../../arm-none-eabi/lib/thumb/v7e-m+fp/hard\libm.a(lib_a-s_atan.o)
                              c:/users/mark/documents/mcha3500/mcha3500_windows_toolchain/toolchain/gcc-arm-none-eabi/bin/../lib/gcc/arm-none-eabi/9.2.1/../../../../arm-none-eabi/lib/thumb/v7e-m+fp/hard\libm.a(lib_a-e_atan2.o) (atan)
c:/users/mark/documents/mcha3500/mcha3500_windows_toolchain/toolchain/gcc-arm-none-eabi/bin/../lib/gcc/arm-none-eabi/9.2.1/../../../../arm-none-eabi/lib/thumb/v7e-m+fp/hard\libm.a(lib_a-s_fabs.o)
                              c:/users/mark/documents/mcha3500/mcha3500_windows_toolchain/toolchain/gcc-arm-none-eabi/bin/../lib/gcc/arm-none-eabi/9.2.1/../../../../arm-none-eabi/lib/thumb/v7e-m+fp/hard\libm.a(lib_a-e_atan2.o) (fabs)
c:/users/mark/documents/mcha3500/mcha3500_windows_toolchain/toolchain/gcc-arm-none-eabi/bin/../lib/gcc/arm-none-eabi/9.2.1/../../../../arm-none-eabi/lib/thumb/v7e-m+fp/hard\libm.a(lib_a-s_lib_ver.o)
                              c:/users/mark/documents/mcha3500/mcha3500_windows_toolchain/toolchain/gcc-arm-none-eabi/bin/../lib/gcc/arm-none-eabi/9.2.1/../../../../arm-none-eabi/lib/thumb/v7e-m+fp/hard\libm.a(lib_a-wf_sqrt.o) (__fdlib_version)
c:/users/mark/documents/mcha3500/mcha3500_windows_toolchain/toolchain/gcc-arm-none-eabi/bin/../lib/gcc/arm-none-eabi/9.2.1/../../../../arm-none-eabi/lib/thumb/v7e-m+fp/hard\libm.a(lib_a-s_matherr.o)
                              c:/users/mark/documents/mcha3500/mcha3500_windows_toolchain/toolchain/gcc-arm-none-eabi/bin/../lib/gcc/arm-none-eabi/9.2.1/../../../../arm-none-eabi/lib/thumb/v7e-m+fp/hard\libm.a(lib_a-wf_sqrt.o) (matherr)
../STM32Cube_F4_FW/Drivers/CMSIS/Lib/GCC/libarm_cortexM4lf_math.a(arm_mat_trans_f32.o)
                              build/kalman.o (arm_mat_trans_f32)
../STM32Cube_F4_FW/Drivers/CMSIS/Lib/GCC/libarm_cortexM4lf_math.a(arm_mat_sub_f32.o)
                              build/kalman.o (arm_mat_sub_f32)
../STM32Cube_F4_FW/Drivers/CMSIS/Lib/GCC/libarm_cortexM4lf_math.a(arm_mat_mult_f32.o)
                              build/kalman.o (arm_mat_mult_f32)
../STM32Cube_F4_FW/Drivers/CMSIS/Lib/GCC/libarm_cortexM4lf_math.a(arm_mat_inverse_f32.o)
                              build/kalman.o (arm_mat_inverse_f32)
../STM32Cube_F4_FW/Drivers/CMSIS/Lib/GCC/libarm_cortexM4lf_math.a(arm_mat_init_f32.o)
                              build/kalman.o (arm_mat_init_f32)
../STM32Cube_F4_FW/Drivers/CMSIS/Lib/GCC/libarm_cortexM4lf_math.a(arm_mat_add_f32.o)
                              build/kalman.o (arm_mat_add_f32)
c:/users/mark/documents/mcha3500/mcha3500_windows_toolchain/toolchain/gcc-arm-none-eabi/bin/../lib/gcc/arm-none-eabi/9.2.1/thumb/v7e-m+fp/hard\libgcc.a(_arm_muldf3.o)
                              build/pendulum.o (__aeabi_dmul)
c:/users/mark/documents/mcha3500/mcha3500_windows_toolchain/toolchain/gcc-arm-none-eabi/bin/../lib/gcc/arm-none-eabi/9.2.1/thumb/v7e-m+fp/hard\libgcc.a(_arm_addsubdf3.o)
                              c:/users/mark/documents/mcha3500/mcha3500_windows_toolchain/toolchain/gcc-arm-none-eabi/bin/../lib/gcc/arm-none-eabi/9.2.1/../../../../arm-none-eabi/lib/thumb/v7e-m+fp/hard\libm.a(lib_a-e_atan2.o) (__aeabi_dsub)
c:/users/mark/documents/mcha3500/mcha3500_windows_toolchain/toolchain/gcc-arm-none-eabi/bin/../lib/gcc/arm-none-eabi/9.2.1/thumb/v7e-m+fp/hard\libgcc.a(_arm_muldivdf3.o)
                              build/motor.o (__aeabi_ddiv)
[...]
Memory Configuration

Name             Origin             Length             Attributes
FLASH            0x08000000         0x00080000         xr
RAM              0x20000000         0x00020000         xrw
*default*        0x00000000         0xffffffff

Linker script and memory map

LOAD c:/users/mark/documents/mcha3500/mcha3500_windows_toolchain/toolchain/gcc-arm-none-eabi/bin/../lib/gcc/arm-none-eabi/9.2.1/thumb/v7e-m+fp/hard/crti.o
LOAD c:/users/mark/documents/mcha3500/mcha3500_windows_toolchain/toolchain/gcc-arm-none-eabi/bin/../lib/gcc/arm-none-eabi/9.2.1/thumb/v7e-m+fp/hard/crtbegin.o
LOAD c:/users/mark/documents/mcha3500/mcha3500_windows_toolchain/toolchain/gcc-arm-none-eabi/bin/../lib/gcc/arm-none-eabi/9.2.1/../../../../arm-none-eabi/lib/thumb/v7e-m+fp/hard/crt0.o
LOAD build/stm32f4xx_it.o
LOAD build/system_stm32f4xx.o
LOAD build/cmd_line_buffer.o
LOAD build/cmd_parser.o
LOAD build/cmd_task.o
LOAD build/main.o
LOAD build/uart.o
LOAD build/heartbeat_task.o
LOAD build/heartbeat_cmd.o
LOAD build/dummy_task.o
LOAD build/pendulum.o
LOAD build/motor.o
LOAD build/data_logging.o
LOAD build/controller.o
LOAD build/IMU.o
LOAD build/kalman.o
LOAD build/control_loop.o
LOAD build/qpas_sub_noblas.o
LOAD build/startup_stm32f446xx.o
LOAD build/stm32f4_HAL/stm32f4xx_hal.o
LOAD build/stm32f4_HAL/stm32f4xx_hal_dma.o
LOAD build/stm32f4_HAL/stm32f4xx_hal_adc.o
LOAD build/stm32f4_HAL/stm32f4xx_hal_adc_ex.o
LOAD build/stm32f4_HAL/stm32f4xx_hal_gpio.o
LOAD build/stm32f4_HAL/stm32f4xx_ll_gpio.o
LOAD build/stm32f4_HAL/stm32f4xx_ll_usart.o
LOAD build/stm32f4_HAL/stm32f4xx_ll_dma.o
LOAD build/stm32f4_HAL/stm32f4xx_ll_rcc.o
LOAD build/stm32f4_HAL/stm32f4xx_hal_i2c.o
LOAD build/stm32f4_HAL/stm32f4xx_hal_i2c_ex.o
LOAD build/stm32f4_HAL/stm32f4xx_hal_tim.o
LOAD build/stm32f4_HAL/stm32f4xx_hal_tim_ex.o
LOAD build/stm32f4_HAL/stm32f4xx_hal_rtc.o
LOAD build/stm32f4_HAL/stm32f4xx_hal_rcc.o
LOAD build/stm32f4_HAL/stm32f4xx_hal_rcc_ex.o
LOAD build/stm32f4_HAL/stm32f4xx_hal_pwr.o
LOAD build/stm32f4_HAL/stm32f4xx_hal_pwr_ex.o
LOAD build/stm32f4_HAL/stm32f4xx_hal_cortex.o
LOAD build/stm32f4_HAL/stm32f4xx_hal_spi.o
LOAD build/stm32f4_HAL/stm32f4xx_hal_dac.o
LOAD build/stm32f4_HAL/stm32f4xx_hal_dac_ex.o
LOAD build/stm32f4_HAL/stm32f4xx_hal_can.o
LOAD build/FreeRTOS/croutine.o
LOAD build/FreeRTOS/event_groups.o
LOAD build/FreeRTOS/list.o
LOAD build/FreeRTOS/queue.o
LOAD build/FreeRTOS/tasks.o
LOAD build/FreeRTOS/timers.o
LOAD build/FreeRTOS/stream_buffer.o
LOAD build/FreeRTOS/cmsis_os2.o
LOAD build/FreeRTOS/clib_arm.o
LOAD build/FreeRTOS/os_systick.o
LOAD build/FreeRTOS/heap_useNewlib.o
LOAD build/FreeRTOS/port.o
LOAD build/tm_stm32_gpio.o
LOAD build/tm_stm32_i2c.o
LOAD build/tm_stm32_mpu6050.o
LOAD c:/users/mark/documents/mcha3500/mcha3500_windows_toolchain/toolchain/gcc-arm-none-eabi/bin/../lib/gcc/arm-none-eabi/9.2.1/../../../../arm-none-eabi/lib/thumb/v7e-m+fp/hard\libm.a
LOAD ../STM32Cube_F4_FW/Drivers/CMSIS/Lib/GCC/libarm_cortexM4lf_math.a
START GROUP
LOAD c:/users/mark/documents/mcha3500/mcha3500_windows_toolchain/toolchain/gcc-arm-none-eabi/bin/../lib/gcc/arm-none-eabi/9.2.1/thumb/v7e-m+fp/hard\libgcc.a
LOAD c:/users/mark/documents/mcha3500/mcha3500_windows_toolchain/toolchain/gcc-arm-none-eabi/bin/../lib/gcc/arm-none-eabi/9.2.1/../../../../arm-none-eabi/lib/thumb/v7e-m+fp/hard\libc_nano.a
END GROUP
START GROUP
LOAD c:/users/mark/documents/mcha3500/mcha3500_windows_toolchain/toolchain/gcc-arm-none-eabi/bin/../lib/gcc/arm-none-eabi/9.2.1/thumb/v7e-m+fp/hard\libgcc.a
LOAD c:/users/mark/documents/mcha3500/mcha3500_windows_toolchain/toolchain/gcc-arm-none-eabi/bin/../lib/gcc/arm-none-eabi/9.2.1/../../../../arm-none-eabi/lib/thumb/v7e-m+fp/hard\libc_nano.a
LOAD c:/users/mark/documents/mcha3500/mcha3500_windows_toolchain/toolchain/gcc-arm-none-eabi/bin/../lib/gcc/arm-none-eabi/9.2.1/../../../../arm-none-eabi/lib/thumb/v7e-m+fp/hard\libnosys.a
END GROUP
START GROUP
LOAD c:/users/mark/documents/mcha3500/mcha3500_windows_toolchain/toolchain/gcc-arm-none-eabi/bin/../lib/gcc/arm-none-eabi/9.2.1/thumb/v7e-m+fp/hard\libgcc.a
LOAD c:/users/mark/documents/mcha3500/mcha3500_windows_toolchain/toolchain/gcc-arm-none-eabi/bin/../lib/gcc/arm-none-eabi/9.2.1/../../../../arm-none-eabi/lib/thumb/v7e-m+fp/hard\libc_nano.a
LOAD c:/users/mark/documents/mcha3500/mcha3500_windows_toolchain/toolchain/gcc-arm-none-eabi/bin/../lib/gcc/arm-none-eabi/9.2.1/../../../../arm-none-eabi/lib/thumb/v7e-m+fp/hard\libnosys.a
END GROUP
LOAD c:/users/mark/documents/mcha3500/mcha3500_windows_toolchain/toolchain/gcc-arm-none-eabi/bin/../lib/gcc/arm-none-eabi/9.2.1/thumb/v7e-m+fp/hard/crtend.o
LOAD c:/users/mark/documents/mcha3500/mcha3500_windows_toolchain/toolchain/gcc-arm-none-eabi/bin/../lib/gcc/arm-none-eabi/9.2.1/thumb/v7e-m+fp/hard/crtn.o
                0x20020000                _estack = 0x20020000
                0x00010000                _Min_Heap_Size = 0x10000
                0x00002000                _Min_Stack_Size = 0x2000

.isr_vector     0x08000000      0x1c4
                0x08000000                . = ALIGN (0x4)
 *(.isr_vector)
 .isr_vector    0x08000000      0x1c4 build/startup_stm32f446xx.o
                0x08000000                g_pfnVectors
                0x080001c4                . = ALIGN (0x4)

.text           0x080001d0    0x1a294
                0x080001d0                . = ALIGN (0x4)
 *(.text)
 .text          0x080001d0        0x0 c:/users/mark/documents/mcha3500/mcha3500_windows_toolchain/toolchain/gcc-arm-none-eabi/bin/../lib/gcc/arm-none-eabi/9.2.1/thumb/v7e-m+fp/hard/crti.o
 .text          0x080001d0       0x40 c:/users/mark/documents/mcha3500/mcha3500_windows_toolchain/toolchain/gcc-arm-none-eabi/bin/../lib/gcc/arm-none-eabi/9.2.1/thumb/v7e-m+fp/hard/crtbegin.o
 .text          0x08000210       0x74 c:/users/mark/documents/mcha3500/mcha3500_windows_toolchain/toolchain/gcc-arm-none-eabi/bin/../lib/gcc/arm-none-eabi/9.2.1/../../../../arm-none-eabi/lib/thumb/v7e-m+fp/hard/crt0.o
                0x08000210                _start
                0x08000210                _mainCRTStartup
 .text          0x08000284        0xc build/stm32f4xx_it.o
                0x08000284                NMI_Handler
                0x08000286                HardFault_Handler
                0x08000288                MemManage_Handler
                0x0800028a                BusFault_Handler
                0x0800028c                UsageFault_Handler
                0x0800028e                DebugMon_Handler
 .text          0x08000290       0xc0 build/system_stm32f4xx.o
                0x08000290                SystemInit
                0x080002dc                SystemCoreClockUpdate
 .text          0x08000350      0x104 build/cmd_line_buffer.o
                0x08000350                clb_init
                0x0800035a                clb_is_empty
                0x08000364                clb_is_full
                0x08000372                clb_delc
                0x0800037c                clb_is_cmd_ready
                0x08000394                clb_putc
                0x080003b4                clb_consume_char
                0x080003dc                clb_consume_str
                0x080003f6                clb_gets_at
                0x0800040e                clb_gets
                0x08000414                clb_process
 .text          0x08000454      0x1e8 build/cmd_parser.o
                0x0800058c                cmd_parse
 .text          0x0800063c       0x4c build/cmd_task.o
                0x0800065c                cmd_task_init
 .text          0x08000688        0x0 build/main.o
 .text          0x08000688      0x47c build/uart.o
                0x08000688                uart_init
                0x0800095c                __wrap_printf
                0x08000994                __io_putchar
                0x080009c4                __io_getchar
                0x080009e0                _write
                0x080009fc                _read
                0x08000a10                _uart_rxne_isr
                0x08000a38                _uart_txe_isr
                0x08000a70                _uart_error
                0x08000ac8                USART2_IRQHandler
 .text          0x08000b04       0xc4 build/heartbeat_task.o
                0x08000b20                heartbeat_task_init
                0x08000b7c                heartbeat_task_start
                0x08000b94                heartbeat_task_stop
                0x08000bac                heartbeat_task_is_running
                0x08000bb8                heartbeat_task_deinit
 .text          0x08000bc8       0x70 build/heartbeat_cmd.o
                0x08000bc8                heartbeat_cmd
 .text          0x08000c38       0xc4 build/dummy_task.o
                0x08000c38                dummy_task_init
                0x08000c94                dummy_task_start
                0x08000cac                dummy_task_stop
                0x08000ce0                dummy_task_is_running
                0x08000cec                dummy_task_deinit
 *fill*         0x08000cfc        0x4 
 .text          0x08000d00       0xd4 build/pendulum.o
                0x08000d00                pendulum_init
                0x08000d88                pendulum_read_voltage
 *fill*         0x08000dd4        0x4 
 .text          0x08000dd8      0x3c0 build/motor.o
                0x08000dd8                motor_PWM_init
                0x08000ee4                velocity_adjust
                0x08000f14                elevation_adjust
                0x08000f84                motor_encoder_init
                0x08001040                EXTI3_IRQHandler
                0x08001098                EXTI0_IRQHandler
                0x080010d0                EXTI1_IRQHandler
                0x08001108                motor_encoder_getValue
                0x08001114                ele_encoder_getValue
                0x08001120                motor_encoder_getAngle
                0x08001158                motor_encoder_getRev
                0x08001180                elevation_encoder_getAngle
 .text          0x08001198      0x100 build/data_logging.o
                0x080011a4                logging_init
                0x080011c4                pend_logging_start
                0x080011e0                logging_stop
                0x0800127c                imu_logging_start
 .text          0x08001298       0x98 build/controller.o
                0x08001298                ctrl_init
                0x080012a4                getControl
                0x080012b0                getEleControl
                0x080012bc                ctrl_set_yref
                0x080012c8                getReference
                0x080012d4                getElevation
                0x080012e0                control_set_elevation
                0x080012ec                ctrl_update
                0x08001310                ele_ctrl_update
 .text          0x08001330      0x260 build/IMU.o
                0x08001330                IMU_read
                0x0800133c                get_accY
                0x080013bc                get_accZ
                0x0800143c                get_accX
                0x080014bc                get_gyroY
                0x08001544                get_acc_angle
                0x08001580                IMU_init
 .text          0x08001590      0x314 build/kalman.o
                0x08001590                kalman_init
                0x08001720                kalman_update
                0x08001868                getKalmanAngle
                0x08001874                getKalmanVelocity
                0x08001880                getKalmanBias
                0x0800188c                kalman_set_angle
                0x08001898                kalman_set_velocity
 *fill*         0x080018a4        0x4 
 .text          0x080018a8      0x3a4 build/control_loop.o
                0x08001b78                control_loop_init
                0x08001b98                aim_loop_init
                0x08001bb8                control_timer_start
                0x08001bd8                control_timer_stop
                0x08001be4                aim_timer_start
                0x08001c04                aim_timer_stop
                0x08001c10                control_set_speed
                0x08001c20                kalman_loop_update
 *fill*         0x08001c4c        0x4 
 .text          0x08001c50     0x16d8 build/qpas_sub_noblas.o
                0x08001c50                printvector
                0x08001ce0                printmatrix
                0x08001dc4                qpas_sub_noblas
 .text          0x08003328       0x14 build/startup_stm32f446xx.o
 .text          0x0800333c      0x20c build/stm32f4_HAL/stm32f4xx_hal.o
                0x0800333c                HAL_MspInit
                0x0800333e                HAL_MspDeInit
                0x08003340                HAL_DeInit
                0x0800336c                HAL_InitTick
                0x080033b0                HAL_Init
                0x080033e4                HAL_IncTick
                0x080033fc                HAL_GetTick
                0x08003408                HAL_GetTickPrio
                0x08003414                HAL_SetTickFreq
                0x08003434                HAL_GetTickFreq
                0x08003440                HAL_Delay
                0x08003468                HAL_SuspendTick
                0x08003478                HAL_ResumeTick
                0x08003488                HAL_GetHalVersion
                0x08003490                HAL_GetREVID
                0x0800349c                HAL_GetDEVID
                0x080034ac                HAL_DBGMCU_EnableDBGSleepMode
                0x080034bc                HAL_DBGMCU_DisableDBGSleepMode
                0x080034cc                HAL_DBGMCU_EnableDBGStopMode
                0x080034dc                HAL_DBGMCU_DisableDBGStopMode
                0x080034ec                HAL_DBGMCU_EnableDBGStandbyMode
                0x080034fc                HAL_DBGMCU_DisableDBGStandbyMode
                0x0800350c                HAL_EnableCompensationCell
                0x08003518                HAL_DisableCompensationCell
                0x08003524                HAL_GetUIDw0
                0x08003530                HAL_GetUIDw1
                0x0800353c                HAL_GetUIDw2
 .text          0x08003548      0x630 build/stm32f4_HAL/stm32f4xx_hal_dma.o
                0x08003574                HAL_DMA_Init
                0x08003674                HAL_DMA_DeInit
                0x080036c8                HAL_DMA_Start
                0x0800371c                HAL_DMA_Start_IT
                0x08003790                HAL_DMA_Abort
                0x08003818                HAL_DMA_Abort_IT
                0x0800383c                HAL_DMA_PollForTransfer
                0x0800394a                HAL_DMA_IRQHandler
                0x08003ac4                HAL_DMA_RegisterCallback
                0x08003b0c                HAL_DMA_UnRegisterCallback
                0x08003b6e                HAL_DMA_GetState
                0x08003b74                HAL_DMA_GetError
 .text          0x08003b78      0x9c8 build/stm32f4_HAL/stm32f4xx_hal_adc.o
                0x08003b78                HAL_ADC_MspInit
                0x08003b7a                HAL_ADC_Init
                0x08003cc8                HAL_ADC_MspDeInit
                0x08003cca                HAL_ADC_DeInit
                0x08003cfe                HAL_ADC_Start
                0x08003de8                HAL_ADC_Stop
                0x08003e1e                HAL_ADC_PollForConversion
                0x08003ebc                HAL_ADC_PollForEvent
                0x08003f22                HAL_ADC_Start_IT
                0x08004018                HAL_ADC_Stop_IT
                0x08004060                HAL_ADC_Start_DMA
                0x08004184                HAL_ADC_Stop_DMA
                0x080041de                HAL_ADC_GetValue
                0x080041e4                HAL_ADC_ConvCpltCallback
                0x080041e6                HAL_ADC_ConvHalfCpltCallback
                0x080041f2                HAL_ADC_LevelOutOfWindowCallback
                0x080041f4                HAL_ADC_ErrorCallback
                0x080041f6                HAL_ADC_IRQHandler
                0x080043a0                HAL_ADC_ConfigChannel
                0x080044d8                HAL_ADC_AnalogWDGConfig
                0x08004536                HAL_ADC_GetState
                0x0800453a                HAL_ADC_GetError
 .text          0x08004540      0x6ac build/stm32f4_HAL/stm32f4xx_hal_adc_ex.o
                0x080045b0                HAL_ADCEx_InjectedStart
                0x08004664                HAL_ADCEx_InjectedStart_IT
                0x08004720                HAL_ADCEx_InjectedStop
                0x0800477a                HAL_ADCEx_InjectedPollForConversion
                0x08004802                HAL_ADCEx_InjectedStop_IT
                0x08004864                HAL_ADCEx_InjectedGetValue
                0x08004896                HAL_ADCEx_MultiModeStart_DMA
                0x08004990                HAL_ADCEx_MultiModeStop_DMA
                0x080049f0                HAL_ADCEx_MultiModeGetValue
                0x080049fc                HAL_ADCEx_InjectedConvCpltCallback
                0x080049fe                HAL_ADCEx_InjectedConfigChannel
                0x08004b9c                HAL_ADCEx_MultiModeConfigChannel
 .text          0x08004bec      0x334 build/stm32f4_HAL/stm32f4xx_hal_gpio.o
                0x08004bec                HAL_GPIO_Init
                0x08004d9c                HAL_GPIO_DeInit
                0x08004eb8                HAL_GPIO_ReadPin
                0x08004ec4                HAL_GPIO_WritePin
                0x08004ece                HAL_GPIO_TogglePin
                0x08004edc                HAL_GPIO_LockPin
                0x08004f06                HAL_GPIO_EXTI_Callback
                0x08004f08                HAL_GPIO_EXTI_IRQHandler
 .text          0x08004f20      0x220 build/stm32f4_HAL/stm32f4xx_ll_gpio.o
                0x08004f40                LL_GPIO_DeInit
                0x08004fec                LL_GPIO_Init
                0x08005128                LL_GPIO_StructInit
 .text          0x08005140      0x21c build/stm32f4_HAL/stm32f4xx_ll_usart.o
                0x08005140                LL_USART_DeInit
                0x08005200                LL_USART_Init
                0x080052fc                LL_USART_StructInit
                0x08005314                LL_USART_ClockInit
                0x0800534e                LL_USART_ClockStructInit
 .text          0x0800535c      0x238 build/stm32f4_HAL/stm32f4xx_ll_dma.o
                0x0800535c                LL_DMA_DeInit
                0x080054ec                LL_DMA_Init
                0x08005570                LL_DMA_StructInit
 .text          0x08005594      0x604 build/stm32f4_HAL/stm32f4xx_ll_rcc.o
                0x080055a4                LL_RCC_DeInit
                0x08005654                LL_RCC_GetCECClockFreq
                0x08005684                RCC_GetHCLKClockFreq
                0x0800569c                RCC_GetPCLK1ClockFreq
                0x080056b4                RCC_GetPCLK2ClockFreq
                0x080056cc                RCC_PLL_GetFreqDomain_SYS
                0x08005714                RCC_GetSystemClockFreq
                0x08005744                LL_RCC_GetSystemClocksFreq
                0x08005764                LL_RCC_GetFMPI2CClockFreq
                0x080057b4                RCC_PLL_GetFreqDomain_48M
                0x080057f0                RCC_PLL_GetFreqDomain_I2S
                0x0800582c                RCC_PLL_GetFreqDomain_SPDIFRX
                0x08005830                RCC_PLL_GetFreqDomain_SAI
                0x08005834                RCC_PLLSAI_GetFreqDomain_SAI
                0x08005884                RCC_PLLSAI_GetFreqDomain_48M
                0x080058c8                LL_RCC_GetSDIOClockFreq
                0x08005910                LL_RCC_GetUSBClockFreq
                0x08005944                RCC_PLLI2S_GetFreqDomain_SAI
                0x08005994                LL_RCC_GetSAIClockFreq
                0x08005a48                RCC_PLLI2S_GetFreqDomain_SPDIFRX
                0x08005a8c                LL_RCC_GetSPDIFRXClockFreq
                0x08005ac0                RCC_PLLI2S_GetFreqDomain_I2S
                0x08005b00                LL_RCC_GetI2SClockFreq
 .text          0x08005b98     0x31e0 build/stm32f4_HAL/stm32f4xx_hal_i2c.o
                0x08005fbc                HAL_I2C_MspInit
                0x08005fbe                HAL_I2C_Init
                0x0800610c                HAL_I2C_MspDeInit
                0x0800610e                HAL_I2C_DeInit
                0x08006140                HAL_I2C_Master_Transmit
                0x080062f0                HAL_I2C_Master_Receive
                0x080065d0                HAL_I2C_Slave_Transmit
                0x08006730                HAL_I2C_Slave_Receive
                0x080068ac                HAL_I2C_Master_Transmit_IT
                0x0800695c                HAL_I2C_Master_Receive_IT
                0x08006a14                HAL_I2C_Slave_Transmit_IT
                0x08006a84                HAL_I2C_Slave_Receive_IT
                0x08006af4                HAL_I2C_Master_Transmit_DMA
                0x08006c20                HAL_I2C_Master_Receive_DMA
                0x08006d48                HAL_I2C_Slave_Transmit_DMA
                0x08006e08                HAL_I2C_Slave_Receive_DMA
                0x08006ec8                HAL_I2C_Mem_Write
                0x08006fe8                HAL_I2C_Mem_Read
                0x080071f8                HAL_I2C_Mem_Write_IT
                0x080072b4                HAL_I2C_Mem_Read_IT
                0x08007380                HAL_I2C_Mem_Write_DMA
                0x080074c8                HAL_I2C_Mem_Read_DMA
                0x08007654                HAL_I2C_IsDeviceReady
                0x080077b4                HAL_I2C_Master_Seq_Transmit_IT
                0x08007884                HAL_I2C_Master_Seq_Transmit_DMA
                0x080079f8                HAL_I2C_Master_Seq_Receive_IT
                0x08007b04                HAL_I2C_Master_Seq_Receive_DMA
                0x08007cd0                HAL_I2C_Slave_Seq_Transmit_IT
                0x08007d46                HAL_I2C_Slave_Seq_Transmit_DMA
                0x08007e84                HAL_I2C_Slave_Seq_Receive_IT
                0x08007efa                HAL_I2C_Slave_Seq_Receive_DMA
                0x08008038                HAL_I2C_EnableListen_IT
                0x0800806e                HAL_I2C_DisableListen_IT
                0x080080ac                HAL_I2C_MasterTxCpltCallback
                0x080080ae                HAL_I2C_MasterRxCpltCallback
                0x080080b0                HAL_I2C_SlaveTxCpltCallback
                0x080080b2                HAL_I2C_SlaveRxCpltCallback
                0x080080b4                HAL_I2C_AddrCallback
                0x080080b6                HAL_I2C_ListenCpltCallback
                0x080080b8                HAL_I2C_MemTxCpltCallback
                0x080080ba                HAL_I2C_MemRxCpltCallback
                0x080080bc                HAL_I2C_ErrorCallback
                0x0800820a                HAL_I2C_AbortCpltCallback
                0x080083dc                HAL_I2C_Master_Abort_IT
                0x08008428                HAL_I2C_EV_IRQHandler
                0x08008c34                HAL_I2C_ER_IRQHandler
                0x08008d68                HAL_I2C_GetState
                0x08008d6e                HAL_I2C_GetMode
                0x08008d74                HAL_I2C_GetError
 .text          0x08008d78       0x7c build/stm32f4_HAL/stm32f4xx_hal_i2c_ex.o
                0x08008d78                HAL_I2CEx_ConfigAnalogFilter
                0x08008db6                HAL_I2CEx_ConfigDigitalFilter
 .text          0x08008df4     0x1dec build/stm32f4_HAL/stm32f4xx_hal_tim.o
                0x08008f10                HAL_TIM_Base_MspInit
                0x08008f12                HAL_TIM_Base_MspDeInit
                0x08008f14                HAL_TIM_Base_DeInit
                0x08008f4e                HAL_TIM_Base_Start
                0x08008f72                HAL_TIM_Base_Stop
                0x08008fa0                HAL_TIM_Base_Start_IT
                0x08008fc0                HAL_TIM_Base_Stop_IT
                0x08008fea                HAL_TIM_Base_Start_DMA
                0x08009054                HAL_TIM_Base_Stop_DMA
                0x08009090                HAL_TIM_OC_MspInit
                0x08009092                HAL_TIM_OC_MspDeInit
                0x08009094                HAL_TIM_OC_DeInit
                0x080090ce                HAL_TIM_PWM_MspInit
                0x080090d0                HAL_TIM_PWM_MspDeInit
                0x080090d2                HAL_TIM_PWM_DeInit
                0x0800910c                HAL_TIM_IC_MspInit
                0x0800910e                HAL_TIM_IC_MspDeInit
                0x08009110                HAL_TIM_IC_DeInit
                0x0800914a                HAL_TIM_OnePulse_MspInit
                0x0800914c                HAL_TIM_OnePulse_MspDeInit
                0x0800914e                HAL_TIM_OnePulse_DeInit
                0x08009188                HAL_TIM_OnePulse_Start
                0x080091c8                HAL_TIM_OnePulse_Stop
                0x08009230                HAL_TIM_OnePulse_Start_IT
                0x08009280                HAL_TIM_OnePulse_Stop_IT
                0x080092f8                HAL_TIM_Encoder_MspInit
                0x080092fa                HAL_TIM_Encoder_MspDeInit
                0x080092fc                HAL_TIM_Encoder_DeInit
                0x08009336                HAL_TIM_Encoder_Start
                0x0800937a                HAL_TIM_Encoder_Stop
                0x080093c2                HAL_TIM_Encoder_Start_IT
                0x08009430                HAL_TIM_Encoder_Stop_IT
                0x080094a4                HAL_TIM_Encoder_Start_DMA
                0x080095e4                HAL_TIM_Encoder_Stop_DMA
                0x08009676                HAL_TIM_DMABurst_WriteStart
                0x08009754                HAL_TIM_DMABurst_WriteStop
                0x080097b8                HAL_TIM_DMABurst_ReadStart
                0x0800989c                HAL_TIM_DMABurst_ReadStop
                0x080098a0                HAL_TIM_GenerateEvent
                0x080098c4                HAL_TIM_ConfigTI1Input
                0x080098d4                HAL_TIM_ReadCapturedValue
                0x08009900                HAL_TIM_PeriodElapsedCallback
                0x08009912                HAL_TIM_PeriodElapsedHalfCpltCallback
                0x08009924                HAL_TIM_OC_DelayElapsedCallback
                0x08009926                HAL_TIM_IC_CaptureCallback
                0x08009928                TIM_DMACaptureCplt
                0x08009964                HAL_TIM_IC_CaptureHalfCpltCallback
                0x08009966                TIM_DMACaptureHalfCplt
                0x080099a2                HAL_TIM_PWM_PulseFinishedCallback
                0x080099a4                TIM_DMADelayPulseCplt
                0x080099e0                HAL_TIM_PWM_PulseFinishedHalfCpltCallback
                0x080099e2                TIM_DMADelayPulseHalfCplt
                0x08009a1e                HAL_TIM_TriggerCallback
                0x08009a20                HAL_TIM_IRQHandler
                0x08009b74                HAL_TIM_TriggerHalfCpltCallback
                0x08009b86                HAL_TIM_ErrorCallback
                0x08009b88                TIM_DMAError
                0x08009b98                HAL_TIM_Base_GetState
                0x08009b9e                HAL_TIM_OC_GetState
                0x08009ba4                HAL_TIM_PWM_GetState
                0x08009baa                HAL_TIM_IC_GetState
                0x08009bb0                HAL_TIM_OnePulse_GetState
                0x08009bb6                HAL_TIM_Encoder_GetState
                0x08009bbc                TIM_Base_SetConfig
                0x08009c88                HAL_TIM_Base_Init
                0x08009cbc                HAL_TIM_OC_Init
                0x08009cf0                HAL_TIM_PWM_Init
                0x08009d24                HAL_TIM_IC_Init
                0x08009d58                HAL_TIM_OnePulse_Init
                0x08009d9e                HAL_TIM_Encoder_Init
                0x08009e34                TIM_OC2_SetConfig
                0x08009ea0                HAL_TIM_OC_ConfigChannel
                0x08009ef8                HAL_TIM_PWM_ConfigChannel
                0x08009fb8                TIM_TI1_SetConfig
                0x0800a02c                HAL_TIM_IC_ConfigChannel
                0x0800a140                HAL_TIM_OnePulse_ConfigChannel
                0x0800a236                TIM_ETR_SetConfig
                0x0800a24a                HAL_TIM_ConfigOCrefClear
                0x0800a312                HAL_TIM_ConfigClockSource
                0x0800a4de                HAL_TIM_SlaveConfigSynchro
                0x0800a52c                HAL_TIM_SlaveConfigSynchro_IT
                0x0800a57a                TIM_CCxChannelCmd
                0x0800a596                HAL_TIM_OC_Start
                0x0800a5d4                HAL_TIM_PWM_Start
                0x0800a5d8                HAL_TIM_OC_Stop
                0x0800a634                HAL_TIM_OC_Start_IT
                0x0800a6a4                HAL_TIM_PWM_Start_IT
                0x0800a6a8                HAL_TIM_OC_Stop_IT
                0x0800a738                HAL_TIM_PWM_Stop_IT
                0x0800a73c                HAL_TIM_OC_Start_DMA
                0x0800a84c                HAL_TIM_PWM_Start_DMA
                0x0800a850                HAL_TIM_OC_Stop_DMA
                0x0800a900                HAL_TIM_PWM_Stop_DMA
                0x0800a904                HAL_TIM_PWM_Stop
                0x0800a968                HAL_TIM_IC_Start
                0x0800a98c                HAL_TIM_IC_Stop
                0x0800a9ba                HAL_TIM_IC_Start_IT
                0x0800aa10                HAL_TIM_IC_Stop_IT
                0x0800aa70                HAL_TIM_IC_Start_DMA
                0x0800ab60                HAL_TIM_IC_Stop_DMA
 .text          0x0800abe0      0x814 build/stm32f4_HAL/stm32f4xx_hal_tim_ex.o
                0x0800abfc                HAL_TIMEx_HallSensor_MspInit
                0x0800abfe                HAL_TIMEx_HallSensor_Init
                0x0800acac                HAL_TIMEx_HallSensor_MspDeInit
                0x0800acae                HAL_TIMEx_HallSensor_DeInit
                0x0800ace8                HAL_TIMEx_HallSensor_Start
                0x0800ad0e                HAL_TIMEx_HallSensor_Stop
                0x0800ad3e                HAL_TIMEx_HallSensor_Start_IT
                0x0800ad6c                HAL_TIMEx_HallSensor_Stop_IT
                0x0800ada4                HAL_TIMEx_HallSensor_Start_DMA
                0x0800ae20                HAL_TIMEx_HallSensor_Stop_DMA
                0x0800ae60                HAL_TIMEx_OCN_Start
                0x0800ae8c                HAL_TIMEx_OCN_Stop
                0x0800aed6                HAL_TIMEx_OCN_Start_IT
                0x0800af2c                HAL_TIMEx_OCN_Stop_IT
                0x0800afaa                HAL_TIMEx_OCN_Start_DMA
                0x0800b07c                HAL_TIMEx_OCN_Stop_DMA
                0x0800b102                HAL_TIMEx_PWMN_Start
                0x0800b106                HAL_TIMEx_PWMN_Stop
                0x0800b10a                HAL_TIMEx_PWMN_Start_IT
                0x0800b10e                HAL_TIMEx_PWMN_Stop_IT
                0x0800b112                HAL_TIMEx_PWMN_Start_DMA
                0x0800b116                HAL_TIMEx_PWMN_Stop_DMA
                0x0800b11a                HAL_TIMEx_OnePulseN_Start
                0x0800b134                HAL_TIMEx_OnePulseN_Stop
                0x0800b138                HAL_TIMEx_OnePulseN_Start_IT
                0x0800b162                HAL_TIMEx_OnePulseN_Stop_IT
                0x0800b1bc                HAL_TIMEx_ConfigCommutEvent
                0x0800b216                HAL_TIMEx_ConfigCommutEvent_IT
                0x0800b270                HAL_TIMEx_ConfigCommutEvent_DMA
                0x0800b2e4                HAL_TIMEx_MasterConfigSynchronization
                0x0800b360                HAL_TIMEx_ConfigBreakDeadTime
                0x0800b3ac                HAL_TIMEx_RemapConfig
                0x0800b3c6                HAL_TIMEx_CommutCallback
                0x0800b3c8                TIMEx_DMACommutationCplt
                0x0800b3d8                HAL_TIMEx_CommutHalfCpltCallback
                0x0800b3da                TIMEx_DMACommutationHalfCplt
                0x0800b3ea                HAL_TIMEx_BreakCallback
                0x0800b3ec                HAL_TIMEx_HallSensor_GetState
 .text          0x0800b3f4        0x0 build/stm32f4_HAL/stm32f4xx_hal_rtc.o
 .text          0x0800b3f4      0x6d4 build/stm32f4_HAL/stm32f4xx_hal_rcc.o
                0x0800b746                HAL_RCC_MCOConfig
                0x0800b7e0                HAL_RCC_EnableCSS
                0x0800b7ec                HAL_RCC_DisableCSS
                0x0800b854                HAL_RCC_ClockConfig
                0x0800b98c                HAL_RCC_GetHCLKFreq
                0x0800b998                HAL_RCC_GetPCLK1Freq
                0x0800b9b8                HAL_RCC_GetPCLK2Freq
                0x0800ba6c                HAL_RCC_GetClockConfig
                0x0800baa8                HAL_RCC_CSSCallback
                0x0800baaa                HAL_RCC_NMI_IRQHandler
 .text          0x0800bac8      0xdc8 build/stm32f4_HAL/stm32f4xx_hal_rcc_ex.o
                0x0800bac8                HAL_RCCEx_PeriphCLKConfig
                0x0800bee0                HAL_RCCEx_GetPeriphCLKConfig
                0x0800bfdc                HAL_RCCEx_GetPeriphCLKFreq
                0x0800c184                HAL_RCCEx_SelectLSEMode
                0x0800c19c                HAL_RCCEx_EnablePLLI2S
                0x0800c210                HAL_RCCEx_DisablePLLI2S
                0x0800c244                HAL_RCCEx_EnablePLLSAI
                0x0800c2b0                HAL_RCCEx_DisablePLLSAI
                0x0800c2e4                HAL_RCC_GetSysClockFreq
                0x0800c374                HAL_RCC_DeInit
                0x0800c4c8                HAL_RCC_OscConfig
                0x0800c7f4                HAL_RCC_GetOscConfig
 .text          0x0800c890      0x1ac build/stm32f4_HAL/stm32f4xx_hal_pwr.o
                0x0800c890                HAL_PWR_DeInit
                0x0800c8a8                HAL_PWR_EnableBkUpAccess
                0x0800c8b4                HAL_PWR_DisableBkUpAccess
                0x0800c8c0                HAL_PWR_ConfigPVD
                0x0800c930                HAL_PWR_EnablePVD
                0x0800c93c                HAL_PWR_DisablePVD
                0x0800c948                HAL_PWR_EnableWakeUpPin
                0x0800c958                HAL_PWR_DisableWakeUpPin
                0x0800c968                HAL_PWR_EnterSLEEPMode
                0x0800c988                HAL_PWR_EnterSTOPMode
                0x0800c9c0                HAL_PWR_EnterSTANDBYMode
                0x0800c9e0                HAL_PWR_PVDCallback
                0x0800c9e2                HAL_PWR_PVD_IRQHandler
                0x0800c9fc                HAL_PWR_EnableSleepOnExit
                0x0800ca0c                HAL_PWR_DisableSleepOnExit
                0x0800ca1c                HAL_PWR_EnableSEVOnPend
                0x0800ca2c                HAL_PWR_DisableSEVOnPend
 .text          0x0800ca3c      0x298 build/stm32f4_HAL/stm32f4xx_hal_pwr_ex.o
                0x0800ca3c                HAL_PWREx_EnableBkUpReg
                0x0800ca70                HAL_PWREx_DisableBkUpReg
                0x0800caa4                HAL_PWREx_EnableFlashPowerDown
                0x0800cab0                HAL_PWREx_DisableFlashPowerDown
                0x0800cabc                HAL_PWREx_GetVoltageRange
                0x0800cacc                HAL_PWREx_ControlVoltageScaling
                0x0800cb7c                HAL_PWREx_EnableOverDrive
                0x0800cbf4                HAL_PWREx_DisableOverDrive
                0x0800cc6c                HAL_PWREx_EnterUnderDriveSTOPMode
 .text          0x0800ccd4      0x2c8 build/stm32f4_HAL/stm32f4xx_hal_cortex.o
                0x0800ccd4                HAL_NVIC_SetPriorityGrouping
                0x0800ccf8                HAL_NVIC_SetPriority
                0x0800cd5c                HAL_NVIC_EnableIRQ
                0x0800cd78                HAL_NVIC_DisableIRQ
                0x0800cda0                HAL_NVIC_SystemReset
                0x0800cdc4                HAL_SYSTICK_Config
                0x0800cdf0                HAL_MPU_Disable
                0x0800ce10                HAL_MPU_Enable
                0x0800ce34                HAL_MPU_ConfigRegion
                0x0800ce84                HAL_NVIC_GetPriorityGrouping
                0x0800ce94                HAL_NVIC_GetPriority
                0x0800cef0                HAL_NVIC_SetPendingIRQ
                0x0800cf10                HAL_NVIC_GetPendingIRQ
                0x0800cf34                HAL_NVIC_ClearPendingIRQ
                0x0800cf54                HAL_NVIC_GetActive
                0x0800cf78                HAL_SYSTICK_CLKSourceConfig
                0x0800cf90                HAL_SYSTICK_Callback
                0x0800cf92                HAL_SYSTICK_IRQHandler
 .text          0x0800cf9c     0x1820 build/stm32f4_HAL/stm32f4xx_hal_spi.o
                0x0800d140                HAL_SPI_MspInit
                0x0800d142                HAL_SPI_Init
                0x0800d1c6                HAL_SPI_MspDeInit
                0x0800d1c8                HAL_SPI_DeInit
                0x0800d1f4                HAL_SPI_Transmit
                0x0800d36e                HAL_SPI_TransmitReceive
                0x0800d5ee                HAL_SPI_Receive
                0x0800d7ae                HAL_SPI_Transmit_IT
                0x0800d854                HAL_SPI_TransmitReceive_IT
                0x0800d91c                HAL_SPI_Receive_IT
                0x0800d9e4                HAL_SPI_Transmit_DMA
                0x0800dabc                HAL_SPI_TransmitReceive_DMA
                0x0800dbe0                HAL_SPI_Receive_DMA
                0x0800dcdc                HAL_SPI_Abort
                0x0800de04                HAL_SPI_DMAPause
                0x0800de24                HAL_SPI_DMAResume
                0x0800de44                HAL_SPI_DMAStop
                0x0800de8a                HAL_SPI_TxCpltCallback
                0x0800de8c                HAL_SPI_RxCpltCallback
                0x0800de8e                HAL_SPI_TxRxCpltCallback
                0x0800de90                HAL_SPI_TxHalfCpltCallback
                0x0800de9c                HAL_SPI_RxHalfCpltCallback
                0x0800dea8                HAL_SPI_TxRxHalfCpltCallback
                0x0800deb4                HAL_SPI_ErrorCallback
                0x0800e476                HAL_SPI_IRQHandler
                0x0800e590                HAL_SPI_AbortCpltCallback
                0x0800e592                HAL_SPI_Abort_IT
                0x0800e7b0                HAL_SPI_GetState
                0x0800e7b6                HAL_SPI_GetError
 .text          0x0800e7bc        0x0 build/stm32f4_HAL/stm32f4xx_hal_dac.o
 .text          0x0800e7bc        0x0 build/stm32f4_HAL/stm32f4xx_hal_dac_ex.o
 .text          0x0800e7bc        0x0 build/stm32f4_HAL/stm32f4xx_hal_can.o
 .text          0x0800e7bc        0x0 build/FreeRTOS/croutine.o
 .text          0x0800e7bc      0x274 build/FreeRTOS/event_groups.o
                0x0800e7bc                xEventGroupCreateStatic
                0x0800e7d4                xEventGroupCreate
                0x0800e7f0                xEventGroupWaitBits
                0x0800e8a8                xEventGroupClearBits
                0x0800e8c2                vEventGroupClearBitsCallback
                0x0800e8c6                xEventGroupClearBitsFromISR
                0x0800e8d8                xEventGroupGetBitsFromISR
                0x0800e8f4                xEventGroupSetBits
                0x0800e950                xEventGroupSync
                0x0800e9e4                vEventGroupSetBitsCallback
                0x0800e9e8                vEventGroupDelete
                0x0800ea12                xEventGroupSetBitsFromISR
                0x0800ea24                uxEventGroupGetNumber
                0x0800ea2a                vEventGroupSetNumber
 .text          0x0800ea30       0x82 build/FreeRTOS/list.o
                0x0800ea30                vListInitialise
                0x0800ea46                vListInitialiseItem
                0x0800ea4c                vListInsertEnd
                0x0800ea64                vListInsert
                0x0800ea92                uxListRemove
 *fill*         0x0800eab2        0x2 
 .text          0x0800eab4      0x8fc build/FreeRTOS/queue.o
                0x0800ebd0                xQueueGenericReset
                0x0800ec3c                xQueueGenericCreateStatic
                0x0800ec68                xQueueGenericCreate
                0x0800eca2                xQueueGetMutexHolder
                0x0800ecbc                xQueueGetMutexHolderFromISR
                0x0800ecc8                xQueueCreateCountingSemaphoreStatic
                0x0800ece2                xQueueCreateCountingSemaphore
                0x0800ecf4                xQueueGenericSend
                0x0800edf8                xQueueCreateMutexStatic
                0x0800ee22                xQueueGiveMutexRecursive
                0x0800ee4a                xQueueCreateMutex
                0x0800ee6e                xQueueGenericSendFromISR
                0x0800eed8                xQueueGiveFromISR
                0x0800ef34                xQueueReceive
                0x0800f024                xQueueSemaphoreTake
                0x0800f14c                xQueueTakeMutexRecursive
                0x0800f17c                xQueuePeek
                0x0800f26c                xQueueReceiveFromISR
                0x0800f2d4                xQueuePeekFromISR
                0x0800f304                uxQueueMessagesWaiting
                0x0800f31a                uxQueueSpacesAvailable
                0x0800f334                uxQueueMessagesWaitingFromISR
                0x0800f338                vQueueDelete
                0x0800f344                uxQueueGetQueueNumber
                0x0800f348                vQueueSetQueueNumber
                0x0800f34c                ucQueueGetQueueType
                0x0800f352                xQueueIsQueueEmptyFromISR
                0x0800f35c                xQueueIsQueueFullFromISR
                0x0800f368                vQueueWaitForMessageRestricted
 .text          0x0800f3b0     0x12d4 build/FreeRTOS/tasks.o
                0x0800f680                xTaskCreateStatic
                0x0800f6b4                xTaskCreate
                0x0800f710                vTaskDelete
                0x0800f794                eTaskGetState
                0x0800f7fc                uxTaskPriorityGet
                0x0800f81c                uxTaskPriorityGetFromISR
                0x0800f844                vTaskPrioritySet
                0x0800f8f4                vTaskResume
                0x0800f978                xTaskResumeFromISR
                0x0800fa00                vTaskStartScheduler
                0x0800fa78                vTaskEndScheduler
                0x0800fa98                vTaskSuspendAll
                0x0800faac                xTaskGetTickCount
                0x0800fab8                xTaskGetTickCountFromISR
                0x0800fac4                uxTaskGetNumberOfTasks
                0x0800fad0                pcTaskGetName
                0x0800fae0                xTaskIncrementTick
                0x0800fbc4                xTaskResumeAll
                0x0800fc88                vTaskDelayUntil
                0x0800fcd8                vTaskDelay
                0x0800fd08                xTaskCatchUpTicks
                0x0800fd28                vTaskSwitchContext
                0x0800fd8c                vTaskSuspend
                0x0800fe1c                vTaskPlaceOnEventList
                0x0800fe3c                vTaskPlaceOnUnorderedEventList
                0x0800fe64                vTaskPlaceOnEventListRestricted
                0x0800fe8c                xTaskRemoveFromEventList
                0x0800fef4                vTaskRemoveFromUnorderedEventList
                0x0800ff48                vTaskSetTimeOutState
                0x0800ff6c                vTaskInternalSetTimeOutState
                0x0800ff80                xTaskCheckForTimeOut
                0x0800ffd0                vTaskMissedYield
                0x0800ffe0                uxTaskGetTaskNumber
                0x0800ffe6                vTaskSetTaskNumber
                0x0800ffec                vTaskGetInfo
                0x080100c6                uxTaskGetSystemState
                0x0801015c                uxTaskGetStackHighWaterMark
                0x0801017c                xTaskGetCurrentTaskHandle
                0x08010188                xTaskGetSchedulerState
                0x080101a8                xTaskPriorityInherit
                0x08010228                xTaskPriorityDisinherit
                0x08010284                vTaskPriorityDisinheritAfterTimeout
                0x080102f4                uxTaskResetEventItemValue
                0x0801030c                pvTaskIncrementMutexHeldCount
                0x08010324                ulTaskNotifyTake
                0x08010390                xTaskNotifyWait
                0x08010424                xTaskGenericNotify
                0x080104d4                xTaskGenericNotifyFromISR
                0x08010594                vTaskNotifyGiveFromISR
                0x08010624                xTaskNotifyStateClear
                0x08010650                ulTaskNotifyValueClear
 .text          0x08010684      0x49c build/FreeRTOS/timers.o
                0x08010700                xTimerCreateTimerTask
                0x08010750                xTimerCreate
                0x08010796                xTimerCreateStatic
                0x080107d6                xTimerGenericCommand
                0x08010a28                xTimerGetTimerDaemonTaskHandle
                0x08010a34                xTimerGetPeriod
                0x08010a38                vTimerSetReloadMode
                0x08010a5e                uxTimerGetReloadMode
                0x08010a7a                xTimerGetExpiryTime
                0x08010a7e                pcTimerGetName
                0x08010a82                xTimerIsTimerActive
                0x08010a9e                pvTimerGetTimerID
                0x08010ab4                vTimerSetTimerID
                0x08010ac8                xTimerPendFunctionCallFromISR
                0x08010af0                xTimerPendFunctionCall
                0x08010b18                uxTimerGetTimerNumber
                0x08010b1c                vTimerSetTimerNumber
 .text          0x08010b20      0x532 build/FreeRTOS/stream_buffer.o
                0x08010bc0                xStreamBufferGenericCreate
                0x08010bfc                xStreamBufferGenericCreateStatic
                0x08010c3c                vStreamBufferDelete
                0x08010c4e                xStreamBufferReset
                0x08010c94                xStreamBufferSetTriggerLevel
                0x08010ca8                xStreamBufferSpacesAvailable
                0x08010cbc                xStreamBufferBytesAvailable
                0x08010cbe                xStreamBufferSend
                0x08010d9c                xStreamBufferSendFromISR
                0x08010e30                xStreamBufferReceive
                0x08010ee8                xStreamBufferNextMessageLengthBytes
                0x08010f16                xStreamBufferReceiveFromISR
                0x08010faa                xStreamBufferIsEmpty
                0x08010fb6                xStreamBufferIsFull
                0x08010fd2                xStreamBufferSendCompletedFromISR
                0x0801100a                xStreamBufferReceiveCompletedFromISR
                0x08011042                uxStreamBufferGetStreamBufferNumber
                0x08011046                vStreamBufferSetStreamBufferNumber
                0x0801104a                ucStreamBufferGetStreamBufferType
 *fill*         0x08011052        0x2 
 .text          0x08011054     0x1160 build/FreeRTOS/cmsis_os2.o
                0x08011092                SysTick_Handler
                0x080110b0                osKernelInitialize
                0x080110dc                osKernelGetInfo
                0x08011108                osKernelGetState
                0x08011128                osKernelStart
                0x08011168                osKernelLock
                0x08011194                osKernelUnlock
                0x080111cc                osKernelRestoreLock
                0x08011210                osKernelGetTickCount
                0x08011228                osKernelGetTickFreq
                0x0801122e                osKernelGetSysTimerCount
                0x0801126e                osKernelGetSysTimerFreq
                0x08011278                osThreadNew
                0x08011316                osThreadGetName
                0x08011330                osThreadGetId
                0x08011334                osThreadGetState
                0x0801135c                osThreadGetStackSpace
                0x08011376                osThreadSetPriority
                0x080113a4                osThreadGetPriority
                0x080113c0                osThreadYield
                0x080113e4                osThreadSuspend
                0x08011408                osThreadResume
                0x0801142c                osThreadExit
                0x08011436                osThreadTerminate
                0x0801146a                osThreadGetCount
                0x0801147e                osThreadEnumerate
                0x080114e8                osThreadFlagsSet
                0x08011568                osThreadFlagsClear
                0x080115b8                osThreadFlagsGet
                0x080115e6                osThreadFlagsWait
                0x08011680                osDelay
                0x0801169e                osDelayUntil
                0x080116ce                osTimerNew
                0x0801174c                osTimerGetName
                0x08011766                osTimerStart
                0x0801179c                osTimerStop
                0x080117de                osTimerIsRunning
                0x080117f8                osTimerDelete
                0x0801183e                osEventFlagsNew
                0x0801186a                osEventFlagsSet
                0x080118c4                osEventFlagsClear
                0x0801190a                osEventFlagsGet
                0x0801192c                osEventFlagsWait
                0x08011990                osEventFlagsDelete
                0x080119b4                osMutexNew
                0x08011a0e                osMutexAcquire
                0x08011a54                osMutexRelease
                0x08011a94                osMutexGetOwner
                0x08011ab0                osMutexDelete
                0x08011ad6                osSemaphoreNew
                0x08011b64                osSemaphoreAcquire
                0x08011bc8                osSemaphoreRelease
                0x08011c20                osSemaphoreGetCount
                0x08011c42                osSemaphoreDelete
                0x08011c66                osMessageQueueNew
                0x08011cca                osMessageQueuePut
                0x08011d38                osMessageQueueGet
                0x08011da4                osMessageQueueGetCapacity
                0x08011daa                osMessageQueueGetMsgSize
                0x08011db0                osMessageQueueGetCount
                0x08011db4                osMessageQueueGetSpace
                0x08011dea                osMessageQueueReset
                0x08011e10                osMessageQueueDelete
                0x08011e14                osMemoryPoolNew
                0x08011f08                osMemoryPoolGetName
                0x08011f1e                osMemoryPoolAlloc
                0x08011fd4                osMemoryPoolFree
                0x08012090                osMemoryPoolGetCapacity
                0x080120a8                osMemoryPoolGetBlockSize
                0x080120c0                osMemoryPoolGetCount
                0x080120f0                osMemoryPoolGetSpace
                0x08012120                osMemoryPoolDelete
                0x0801217c                vApplicationGetIdleTaskMemory
                0x08012198                vApplicationGetTimerTaskMemory
 .text          0x080121b4        0x2 build/FreeRTOS/clib_arm.o
                0x080121b4                software_init_hook
 *fill*         0x080121b6        0x2 
 .text          0x080121b8       0xe0 build/FreeRTOS/os_systick.o
                0x080121b8                OS_Tick_Setup
                0x080121f8                OS_Tick_Enable
                0x08012224                OS_Tick_Disable
                0x08012250                OS_Tick_AcknowledgeIRQ
                0x0801225c                OS_Tick_GetIRQn
                0x08012262                OS_Tick_GetClock
                0x0801226c                OS_Tick_GetInterval
                0x08012278                OS_Tick_GetCount
                0x08012288                OS_Tick_GetOverflow
 .text          0x08012298       0x8c build/FreeRTOS/heap_useNewlib.o
                0x08012298                sbrk
                0x080122e8                _sbrk
                0x080122ec                __malloc_lock
                0x080122f0                __malloc_unlock
                0x080122f4                __env_lock
                0x080122f8                __env_unlock
                0x080122fc                pvPortMalloc
                0x08012300                vPortFree
                0x08012304                xPortGetFreeHeapSize
                0x08012320                vPortInitialiseBlocks
 *fill*         0x08012324        0xc 
 .text          0x08012330      0x1f8 build/FreeRTOS/port.o
                0x08012380                pxPortInitialiseStack
                0x080123ac                SVC_Handler
                0x080123d4                vPortEndScheduler
                0x080123d6                vPortEnterCritical
                0x080123f4                vPortExitCritical
                0x08012408                PendSV_Handler
                0x08012474                xPortSysTickHandler
                0x080124a4                vPortSetupTimerInterrupt
                0x080124d8                xPortStartScheduler
 .text          0x08012528      0x308 build/tm_stm32_gpio.o
                0x08012528                TM_GPIO_DeInit
                0x08012570                TM_GPIO_SetPinAsInput
                0x08012594                TM_GPIO_SetPinAsOutput
                0x080125c0                TM_GPIO_SetPinAsAnalog
                0x080125e2                TM_GPIO_SetPinAsAlternate
                0x0801260e                TM_GPIO_SetPullResistor
                0x08012638                TM_GPIO_Lock
                0x08012648                TM_GPIO_GetPinSource
                0x0801265c                TM_GPIO_GetPortSource
                0x0801266a                TM_GPIO_INT_EnableClock
                0x0801268c                TM_GPIO_INT_DisableClock
                0x080126b0                TM_GPIO_INT_Init
                0x08012764                TM_GPIO_Init
                0x08012796                TM_GPIO_InitAlternate
                0x080127fc                TM_GPIO_GetUsedPins
                0x08012814                TM_GPIO_GetFreePins
 .text          0x08012830      0x424 build/tm_stm32_i2c.o
                0x08012830                TM_I2C_GetHandle
                0x08012868                TM_I2C_Read
                0x080128ac                TM_I2C_ReadMulti
                0x080128f2                TM_I2C_ReadNoRegister
                0x08012918                TM_I2C_ReadMultiNoRegister
                0x08012942                TM_I2C_Write
                0x08012972                TM_I2C_WriteMulti
                0x080129a8                TM_I2C_WriteNoRegister
                0x080129d2                TM_I2C_WriteMultiNoRegister
                0x080129fc                TM_I2C_Write16
                0x08012a2e                TM_I2C_Read16
                0x08012a76                TM_I2C_IsDeviceConnected
                0x08012a8c                TM_I2C_WriteReadRepeatedStart
                0x08012ade                TM_I2C_InitCustomPinsCallback
                0x08012ae0                TM_I2C_Init
 .text          0x08012c54      0x390 build/tm_stm32_mpu6050.o
                0x08012c54                TM_MPU6050_SetGyroscope
                0x08012cbc                TM_MPU6050_SetAccelerometer
                0x08012d1c                TM_MPU6050_SetDataRate
                0x08012d38                TM_MPU6050_Init
                0x08012dd0                TM_MPU6050_EnableInterrupts
                0x08012e10                TM_MPU6050_DisableInterrupts
                0x08012e2c                TM_MPU6050_ReadInterrupts
                0x08012e58                TM_MPU6050_ReadAccelerometer
                0x08012ea0                TM_MPU6050_ReadGyroscope
                0x08012ee8                TM_MPU6050_ReadTemperature
                0x08012f38                TM_MPU6050_ReadAll
 .text          0x08012fe4        0x0 c:/users/mark/documents/mcha3500/mcha3500_windows_toolchain/toolchain/gcc-arm-none-eabi/bin/../lib/gcc/arm-none-eabi/9.2.1/../../../../arm-none-eabi/lib/thumb/v7e-m+fp/hard\libm.a(lib_a-w_atan2.o)
 .text          0x08012fe4        0x0 c:/users/mark/documents/mcha3500/mcha3500_windows_toolchain/toolchain/gcc-arm-none-eabi/bin/../lib/gcc/arm-none-eabi/9.2.1/../../../../arm-none-eabi/lib/thumb/v7e-m+fp/hard\libm.a(lib_a-wf_sqrt.o)
 .text          0x08012fe4        0x0 c:/users/mark/documents/mcha3500/mcha3500_windows_toolchain/toolchain/gcc-arm-none-eabi/bin/../lib/gcc/arm-none-eabi/9.2.1/../../../../arm-none-eabi/lib/thumb/v7e-m+fp/hard\libm.a(lib_a-e_atan2.o)
 .text          0x08012fe4        0x0 c:/users/mark/documents/mcha3500/mcha3500_windows_toolchain/toolchain/gcc-arm-none-eabi/bin/../lib/gcc/arm-none-eabi/9.2.1/../../../../arm-none-eabi/lib/thumb/v7e-m+fp/hard\libm.a(lib_a-ef_sqrt.o)
 .text          0x08012fe4        0x0 c:/users/mark/documents/mcha3500/mcha3500_windows_toolchain/toolchain/gcc-arm-none-eabi/bin/../lib/gcc/arm-none-eabi/9.2.1/../../../../arm-none-eabi/lib/thumb/v7e-m+fp/hard\libm.a(lib_a-s_atan.o)
 .text          0x08012fe4        0x0 c:/users/mark/documents/mcha3500/mcha3500_windows_toolchain/toolchain/gcc-arm-none-eabi/bin/../lib/gcc/arm-none-eabi/9.2.1/../../../../arm-none-eabi/lib/thumb/v7e-m+fp/hard\libm.a(lib_a-s_fabs.o)
 .text          0x08012fe4        0x0 c:/users/mark/documents/mcha3500/mcha3500_windows_toolchain/toolchain/gcc-arm-none-eabi/bin/../lib/gcc/arm-none-eabi/9.2.1/../../../../arm-none-eabi/lib/thumb/v7e-m+fp/hard\libm.a(lib_a-s_lib_ver.o)
 .text          0x08012fe4        0x0 c:/users/mark/documents/mcha3500/mcha3500_windows_toolchain/toolchain/gcc-arm-none-eabi/bin/../lib/gcc/arm-none-eabi/9.2.1/../../../../arm-none-eabi/lib/thumb/v7e-m+fp/hard\libm.a(lib_a-s_matherr.o)
 .text          0x08012fe4        0x0 ../STM32Cube_F4_FW/Drivers/CMSIS/Lib/GCC/libarm_cortexM4lf_math.a(arm_mat_trans_f32.o)
 .text          0x08012fe4        0x0 ../STM32Cube_F4_FW/Drivers/CMSIS/Lib/GCC/libarm_cortexM4lf_math.a(arm_mat_sub_f32.o)
 .text          0x08012fe4        0x0 ../STM32Cube_F4_FW/Drivers/CMSIS/Lib/GCC/libarm_cortexM4lf_math.a(arm_mat_mult_f32.o)
 .text          0x08012fe4        0x0 ../STM32Cube_F4_FW/Drivers/CMSIS/Lib/GCC/libarm_cortexM4lf_math.a(arm_mat_inverse_f32.o)
 .text          0x08012fe4        0x0 ../STM32Cube_F4_FW/Drivers/CMSIS/Lib/GCC/libarm_cortexM4lf_math.a(arm_mat_init_f32.o)
 .text          0x08012fe4        0x0 ../STM32Cube_F4_FW/Drivers/CMSIS/Lib/GCC/libarm_cortexM4lf_math.a(arm_mat_add_f32.o)
 .text          0x08012fe4      0x254 c:/users/mark/documents/mcha3500/mcha3500_windows_toolchain/toolchain/gcc-arm-none-eabi/bin/../lib/gcc/arm-none-eabi/9.2.1/thumb/v7e-m+fp/hard\libgcc.a(_arm_muldf3.o)
 .text          0x08013238      0x378 c:/users/mark/documents/mcha3500/mcha3500_windows_toolchain/toolchain/gcc-arm-none-eabi/bin/../lib/gcc/arm-none-eabi/9.2.1/thumb/v7e-m+fp/hard\libgcc.a(_arm_addsubdf3.o)
                0x08013238                __aeabi_drsub
                0x08013240                __aeabi_dsub
                0x08013240                __subdf3
                0x08013244                __aeabi_dadd
                0x08013244                __adddf3
                0x080134bc                __floatunsidf
                0x080134bc                __aeabi_ui2d
                0x080134dc                __floatsidf
                0x080134dc                __aeabi_i2d
                0x08013500                __aeabi_f2d
                0x08013500                __extendsfdf2
                0x08013544                __floatundidf
                0x08013544                __aeabi_ul2d
                0x08013554                __floatdidf
                0x08013554                __aeabi_l2d
 .text          0x080135b0      0x424 c:/users/mark/documents/mcha3500/mcha3500_windows_toolchain/toolchain/gcc-arm-none-eabi/bin/../lib/gcc/arm-none-eabi/9.2.1/thumb/v7e-m+fp/hard\libgcc.a(_arm_muldivdf3.o)
                0x080135b0                __aeabi_dmul
                0x080135b0                __muldf3
                0x08013804                __divdf3
                0x08013804                __aeabi_ddiv
 .text          0x080139d4      0x110 c:/users/mark/documents/mcha3500/mcha3500_windows_toolchain/toolchain/gcc-arm-none-eabi/bin/../lib/gcc/arm-none-eabi/9.2.1/thumb/v7e-m+fp/hard\libgcc.a(_arm_cmpdf2.o)
                0x080139d4                __gtdf2
                0x080139d4                __gedf2
                0x080139dc                __ltdf2
                0x080139dc                __ledf2
                0x080139e4                __nedf2
                0x080139e4                __eqdf2
                0x080139e4                __cmpdf2
                0x08013a60                __aeabi_cdrcmple
                0x08013a70                __aeabi_cdcmpeq
                0x08013a70                __aeabi_cdcmple
                0x08013a80                __aeabi_dcmpeq
                0x08013a94                __aeabi_dcmplt
                0x08013aa8                __aeabi_dcmple
                0x08013abc                __aeabi_dcmpge
                0x08013ad0                __aeabi_dcmpgt
 .text          0x08013ae4       0xa0 c:/users/mark/documents/mcha3500/mcha3500_windows_toolchain/toolchain/gcc-arm-none-eabi/bin/../lib/gcc/arm-none-eabi/9.2.1/thumb/v7e-m+fp/hard\libgcc.a(_arm_truncdfsf2.o)
                0x08013ae4                __truncdfsf2
                0x08013ae4                __aeabi_d2f
 .text          0x08013b84       0xa0 c:/users/mark/documents/mcha3500/mcha3500_windows_toolchain/toolchain/gcc-arm-none-eabi/bin/../lib/gcc/arm-none-eabi/9.2.1/thumb/v7e-m+fp/hard\libgcc.a(_aeabi_ldivmod.o)
                0x08013b84                __aeabi_ldivmod
 .text          0x08013c24       0x30 c:/users/mark/documents/mcha3500/mcha3500_windows_toolchain/toolchain/gcc-arm-none-eabi/bin/../lib/gcc/arm-none-eabi/9.2.1/thumb/v7e-m+fp/hard\libgcc.a(_aeabi_uldivmod.o)
                0x08013c24                __aeabi_uldivmod
 .text          0x08013c54      0x2c4 c:/users/mark/documents/mcha3500/mcha3500_windows_toolchain/toolchain/gcc-arm-none-eabi/bin/../lib/gcc/arm-none-eabi/9.2.1/thumb/v7e-m+fp/hard\libgcc.a(_udivmoddi4.o)
                0x08013c54                __udivmoddi4
 .text          0x08013f18        0x4 c:/users/mark/documents/mcha3500/mcha3500_windows_toolchain/toolchain/gcc-arm-none-eabi/bin/../lib/gcc/arm-none-eabi/9.2.1/thumb/v7e-m+fp/hard\libgcc.a(_dvmd_tls.o)
                0x08013f18                __aeabi_idiv0
                0x08013f18                __aeabi_ldiv0
 .text          0x08013f1c        0x0 c:/users/mark/documents/mcha3500/mcha3500_windows_toolchain/toolchain/gcc-arm-none-eabi/bin/../lib/gcc/arm-none-eabi/9.2.1/../../../../arm-none-eabi/lib/thumb/v7e-m+fp/hard\libc_nano.a(lib_a-atof.o)
 .text          0x08013f1c        0x0 c:/users/mark/documents/mcha3500/mcha3500_windows_toolchain/toolchain/gcc-arm-none-eabi/bin/../lib/gcc/arm-none-eabi/9.2.1/../../../../arm-none-eabi/lib/thumb/v7e-m+fp/hard\libc_nano.a(lib_a-ctype_.o)
 .text          0x08013f1c        0x0 c:/users/mark/documents/mcha3500/mcha3500_windows_toolchain/toolchain/gcc-arm-none-eabi/bin/../lib/gcc/arm-none-eabi/9.2.1/../../../../arm-none-eabi/lib/thumb/v7e-m+fp/hard\libc_nano.a(lib_a-errno.o)
 .text          0x08013f1c        0x0 c:/users/mark/documents/mcha3500/mcha3500_windows_toolchain/toolchain/gcc-arm-none-eabi/bin/../lib/gcc/arm-none-eabi/9.2.1/../../../../arm-none-eabi/lib/thumb/v7e-m+fp/hard\libc_nano.a(lib_a-exit.o)
 .text          0x08013f1c        0x0 c:/users/mark/documents/mcha3500/mcha3500_windows_toolchain/toolchain/gcc-arm-none-eabi/bin/../lib/gcc/arm-none-eabi/9.2.1/../../../../arm-none-eabi/lib/thumb/v7e-m+fp/hard\libc_nano.a(lib_a-getchar.o)
 .text          0x08013f1c        0x0 c:/users/mark/documents/mcha3500/mcha3500_windows_toolchain/toolchain/gcc-arm-none-eabi/bin/../lib/gcc/arm-none-eabi/9.2.1/../../../../arm-none-eabi/lib/thumb/v7e-m+fp/hard\libc_nano.a(lib_a-impure.o)
 .text          0x08013f1c        0x0 c:/users/mark/documents/mcha3500/mcha3500_windows_toolchain/toolchain/gcc-arm-none-eabi/bin/../lib/gcc/arm-none-eabi/9.2.1/../../../../arm-none-eabi/lib/thumb/v7e-m+fp/hard\libc_nano.a(lib_a-init.o)
 .text          0x08013f1c        0x0 c:/users/mark/documents/mcha3500/mcha3500_windows_toolchain/toolchain/gcc-arm-none-eabi/bin/../lib/gcc/arm-none-eabi/9.2.1/../../../../arm-none-eabi/lib/thumb/v7e-m+fp/hard\libc_nano.a(lib_a-malloc.o)
 .text          0x08013f1c        0x0 c:/users/mark/documents/mcha3500/mcha3500_windows_toolchain/toolchain/gcc-arm-none-eabi/bin/../lib/gcc/arm-none-eabi/9.2.1/../../../../arm-none-eabi/lib/thumb/v7e-m+fp/hard\libc_nano.a(lib_a-memcpy-stub.o)
 .text          0x08013f1c        0x0 c:/users/mark/documents/mcha3500/mcha3500_windows_toolchain/toolchain/gcc-arm-none-eabi/bin/../lib/gcc/arm-none-eabi/9.2.1/../../../../arm-none-eabi/lib/thumb/v7e-m+fp/hard\libc_nano.a(lib_a-memset.o)
 .text          0x08013f1c        0x0 c:/users/mark/documents/mcha3500/mcha3500_windows_toolchain/toolchain/gcc-arm-none-eabi/bin/../lib/gcc/arm-none-eabi/9.2.1/../../../../arm-none-eabi/lib/thumb/v7e-m+fp/hard\libc_nano.a(lib_a-mstats.o)
 .text          0x08013f1c        0x0 c:/users/mark/documents/mcha3500/mcha3500_windows_toolchain/toolchain/gcc-arm-none-eabi/bin/../lib/gcc/arm-none-eabi/9.2.1/../../../../arm-none-eabi/lib/thumb/v7e-m+fp/hard\libc_nano.a(lib_a-nano-freer.o)
 .text          0x08013f1c        0x0 c:/users/mark/documents/mcha3500/mcha3500_windows_toolchain/toolchain/gcc-arm-none-eabi/bin/../lib/gcc/arm-none-eabi/9.2.1/../../../../arm-none-eabi/lib/thumb/v7e-m+fp/hard\libc_nano.a(lib_a-nano-mallinfor.o)
 .text          0x08013f1c        0x0 c:/users/mark/documents/mcha3500/mcha3500_windows_toolchain/toolchain/gcc-arm-none-eabi/bin/../lib/gcc/arm-none-eabi/9.2.1/../../../../arm-none-eabi/lib/thumb/v7e-m+fp/hard\libc_nano.a(lib_a-nano-mallocr.o)
 .text          0x08013f1c        0x0 c:/users/mark/documents/mcha3500/mcha3500_windows_toolchain/toolchain/gcc-arm-none-eabi/bin/../lib/gcc/arm-none-eabi/9.2.1/../../../../arm-none-eabi/lib/thumb/v7e-m+fp/hard\libc_nano.a(lib_a-nano-malloptr.o)
 .text          0x08013f1c        0x0 c:/users/mark/documents/mcha3500/mcha3500_windows_toolchain/toolchain/gcc-arm-none-eabi/bin/../lib/gcc/arm-none-eabi/9.2.1/../../../../arm-none-eabi/lib/thumb/v7e-m+fp/hard\libc_nano.a(lib_a-nano-mallstatsr.o)
 .text          0x08013f1c        0x0 c:/users/mark/documents/mcha3500/mcha3500_windows_toolchain/toolchain/gcc-arm-none-eabi/bin/../lib/gcc/arm-none-eabi/9.2.1/../../../../arm-none-eabi/lib/thumb/v7e-m+fp/hard\libc_nano.a(lib_a-nano-vfprintf_float.o)
 .text          0x08013f1c        0x0 c:/users/mark/documents/mcha3500/mcha3500_windows_toolchain/toolchain/gcc-arm-none-eabi/bin/../lib/gcc/arm-none-eabi/9.2.1/../../../../arm-none-eabi/lib/thumb/v7e-m+fp/hard\libc_nano.a(lib_a-nano-vfprintf_i.o)
 .text          0x08013f1c        0x0 c:/users/mark/documents/mcha3500/mcha3500_windows_toolchain/toolchain/gcc-arm-none-eabi/bin/../lib/gcc/arm-none-eabi/9.2.1/../../../../arm-none-eabi/lib/thumb/v7e-m+fp/hard\libc_nano.a(lib_a-nano-vfscanf_float.o)
 .text          0x08013f1c        0x0 c:/users/mark/documents/mcha3500/mcha3500_windows_toolchain/toolchain/gcc-arm-none-eabi/bin/../lib/gcc/arm-none-eabi/9.2.1/../../../../arm-none-eabi/lib/thumb/v7e-m+fp/hard\libc_nano.a(lib_a-printf.o)
 .text          0x08013f1c        0x0 c:/users/mark/documents/mcha3500/mcha3500_windows_toolchain/toolchain/gcc-arm-none-eabi/bin/../lib/gcc/arm-none-eabi/9.2.1/../../../../arm-none-eabi/lib/thumb/v7e-m+fp/hard\libc_nano.a(lib_a-reent.o)
 .text          0x08013f1c        0x0 c:/users/mark/documents/mcha3500/mcha3500_windows_toolchain/toolchain/gcc-arm-none-eabi/bin/../lib/gcc/arm-none-eabi/9.2.1/../../../../arm-none-eabi/lib/thumb/v7e-m+fp/hard\libc_nano.a(lib_a-sbrkr.o)
 .text          0x08013f1c        0x0 c:/users/mark/documents/mcha3500/mcha3500_windows_toolchain/toolchain/gcc-arm-none-eabi/bin/../lib/gcc/arm-none-eabi/9.2.1/../../../../arm-none-eabi/lib/thumb/v7e-m+fp/hard\libc_nano.a(lib_a-setvbuf.o)
 .text          0x08013f1c        0x0 c:/users/mark/documents/mcha3500/mcha3500_windows_toolchain/toolchain/gcc-arm-none-eabi/bin/../lib/gcc/arm-none-eabi/9.2.1/../../../../arm-none-eabi/lib/thumb/v7e-m+fp/hard\libc_nano.a(lib_a-sf_nan.o)
 .text          0x08013f1c        0x0 c:/users/mark/documents/mcha3500/mcha3500_windows_toolchain/toolchain/gcc-arm-none-eabi/bin/../lib/gcc/arm-none-eabi/9.2.1/../../../../arm-none-eabi/lib/thumb/v7e-m+fp/hard\libc_nano.a(lib_a-sprintf.o)
 .text          0x08013f1c       0x14 c:/users/mark/documents/mcha3500/mcha3500_windows_toolchain/toolchain/gcc-arm-none-eabi/bin/../lib/gcc/arm-none-eabi/9.2.1/../../../../arm-none-eabi/lib/thumb/v7e-m+fp/hard\libc_nano.a(lib_a-strcmp.o)
                0x08013f1c                strcmp
 .text          0x08013f30        0x0 c:/users/mark/documents/mcha3500/mcha3500_windows_toolchain/toolchain/gcc-arm-none-eabi/bin/../lib/gcc/arm-none-eabi/9.2.1/../../../../arm-none-eabi/lib/thumb/v7e-m+fp/hard\libc_nano.a(lib_a-strcpy.o)
 .text          0x08013f30       0x10 c:/users/mark/documents/mcha3500/mcha3500_windows_toolchain/toolchain/gcc-arm-none-eabi/bin/../lib/gcc/arm-none-eabi/9.2.1/../../../../arm-none-eabi/lib/thumb/v7e-m+fp/hard\libc_nano.a(lib_a-strlen.o)
                0x08013f30                strlen
 .text          0x08013f40        0x0 c:/users/mark/documents/mcha3500/mcha3500_windows_toolchain/toolchain/gcc-arm-none-eabi/bin/../lib/gcc/arm-none-eabi/9.2.1/../../../../arm-none-eabi/lib/thumb/v7e-m+fp/hard\libc_nano.a(lib_a-strtod.o)
 .text          0x08013f40        0x0 c:/users/mark/documents/mcha3500/mcha3500_windows_toolchain/toolchain/gcc-arm-none-eabi/bin/../lib/gcc/arm-none-eabi/9.2.1/../../../../arm-none-eabi/lib/thumb/v7e-m+fp/hard\libc_nano.a(lib_a-strtol.o)
 .text          0x08013f40        0x0 c:/users/mark/documents/mcha3500/mcha3500_windows_toolchain/toolchain/gcc-arm-none-eabi/bin/../lib/gcc/arm-none-eabi/9.2.1/../../../../arm-none-eabi/lib/thumb/v7e-m+fp/hard\libc_nano.a(lib_a-vprintf.o)
 .text          0x08013f40        0x0 c:/users/mark/documents/mcha3500/mcha3500_windows_toolchain/toolchain/gcc-arm-none-eabi/bin/../lib/gcc/arm-none-eabi/9.2.1/../../../../arm-none-eabi/lib/thumb/v7e-m+fp/hard\libc_nano.a(lib_a-dtoa.o)
 .text          0x08013f40        0x0 c:/users/mark/documents/mcha3500/mcha3500_windows_toolchain/toolchain/gcc-arm-none-eabi/bin/../lib/gcc/arm-none-eabi/9.2.1/../../../../arm-none-eabi/lib/thumb/v7e-m+fp/hard\libc_nano.a(lib_a-fflush.o)
 .text          0x08013f40        0x0 c:/users/mark/documents/mcha3500/mcha3500_windows_toolchain/toolchain/gcc-arm-none-eabi/bin/../lib/gcc/arm-none-eabi/9.2.1/../../../../arm-none-eabi/lib/thumb/v7e-m+fp/hard\libc_nano.a(lib_a-findfp.o)
 .text          0x08013f40        0x0 c:/users/mark/documents/mcha3500/mcha3500_windows_toolchain/toolchain/gcc-arm-none-eabi/bin/../lib/gcc/arm-none-eabi/9.2.1/../../../../arm-none-eabi/lib/thumb/v7e-m+fp/hard\libc_nano.a(lib_a-fprintf.o)
 .text          0x08013f40        0x0 c:/users/mark/documents/mcha3500/mcha3500_windows_toolchain/toolchain/gcc-arm-none-eabi/bin/../lib/gcc/arm-none-eabi/9.2.1/../../../../arm-none-eabi/lib/thumb/v7e-m+fp/hard\libc_nano.a(lib_a-fwalk.o)
 .text          0x08013f40        0x0 c:/users/mark/documents/mcha3500/mcha3500_windows_toolchain/toolchain/gcc-arm-none-eabi/bin/../lib/gcc/arm-none-eabi/9.2.1/../../../../arm-none-eabi/lib/thumb/v7e-m+fp/hard\libc_nano.a(lib_a-gdtoa-gethex.o)
 .text          0x08013f40        0x0 c:/users/mark/documents/mcha3500/mcha3500_windows_toolchain/toolchain/gcc-arm-none-eabi/bin/../lib/gcc/arm-none-eabi/9.2.1/../../../../arm-none-eabi/lib/thumb/v7e-m+fp/hard\libc_nano.a(lib_a-gdtoa-hexnan.o)
 .text          0x08013f40        0x0 c:/users/mark/documents/mcha3500/mcha3500_windows_toolchain/toolchain/gcc-arm-none-eabi/bin/../lib/gcc/arm-none-eabi/9.2.1/../../../../arm-none-eabi/lib/thumb/v7e-m+fp/hard\libc_nano.a(lib_a-getc.o)
 .text          0x08013f40        0x0 c:/users/mark/documents/mcha3500/mcha3500_windows_toolchain/toolchain/gcc-arm-none-eabi/bin/../lib/gcc/arm-none-eabi/9.2.1/../../../../arm-none-eabi/lib/thumb/v7e-m+fp/hard\libc_nano.a(lib_a-lnumeric.o)
 .text          0x08013f40        0x0 c:/users/mark/documents/mcha3500/mcha3500_windows_toolchain/toolchain/gcc-arm-none-eabi/bin/../lib/gcc/arm-none-eabi/9.2.1/../../../../arm-none-eabi/lib/thumb/v7e-m+fp/hard\libc_nano.a(lib_a-locale.o)
 .text          0x08013f40        0x0 c:/users/mark/documents/mcha3500/mcha3500_windows_toolchain/toolchain/gcc-arm-none-eabi/bin/../lib/gcc/arm-none-eabi/9.2.1/../../../../arm-none-eabi/lib/thumb/v7e-m+fp/hard\libc_nano.a(lib_a-localeconv.o)
 .text          0x08013f40        0x0 c:/users/mark/documents/mcha3500/mcha3500_windows_toolchain/toolchain/gcc-arm-none-eabi/bin/../lib/gcc/arm-none-eabi/9.2.1/../../../../arm-none-eabi/lib/thumb/v7e-m+fp/hard\libc_nano.a(lib_a-lock.o)
 .text          0x08013f40        0x0 c:/users/mark/documents/mcha3500/mcha3500_windows_toolchain/toolchain/gcc-arm-none-eabi/bin/../lib/gcc/arm-none-eabi/9.2.1/../../../../arm-none-eabi/lib/thumb/v7e-m+fp/hard\libc_nano.a(lib_a-makebuf.o)
 .text          0x08013f40        0x0 c:/users/mark/documents/mcha3500/mcha3500_windows_toolchain/toolchain/gcc-arm-none-eabi/bin/../lib/gcc/arm-none-eabi/9.2.1/../../../../arm-none-eabi/lib/thumb/v7e-m+fp/hard\libc_nano.a(lib_a-mbtowc_r.o)
 .text          0x08013f40       0xa0 c:/users/mark/documents/mcha3500/mcha3500_windows_toolchain/toolchain/gcc-arm-none-eabi/bin/../lib/gcc/arm-none-eabi/9.2.1/../../../../arm-none-eabi/lib/thumb/v7e-m+fp/hard\libc_nano.a(lib_a-memchr.o)
                0x08013f40                memchr
 .text          0x08013fe0        0x0 c:/users/mark/documents/mcha3500/mcha3500_windows_toolchain/toolchain/gcc-arm-none-eabi/bin/../lib/gcc/arm-none-eabi/9.2.1/../../../../arm-none-eabi/lib/thumb/v7e-m+fp/hard\libc_nano.a(lib_a-mprec.o)
 .text          0x08013fe0        0x0 c:/users/mark/documents/mcha3500/mcha3500_windows_toolchain/toolchain/gcc-arm-none-eabi/bin/../lib/gcc/arm-none-eabi/9.2.1/../../../../arm-none-eabi/lib/thumb/v7e-m+fp/hard\libc_nano.a(lib_a-nano-callocr.o)
 .text          0x08013fe0        0x0 c:/users/mark/documents/mcha3500/mcha3500_windows_toolchain/toolchain/gcc-arm-none-eabi/bin/../lib/gcc/arm-none-eabi/9.2.1/../../../../arm-none-eabi/lib/thumb/v7e-m+fp/hard\libc_nano.a(lib_a-nano-svfprintf.o)
 .text          0x08013fe0        0x0 c:/users/mark/documents/mcha3500/mcha3500_windows_toolchain/toolchain/gcc-arm-none-eabi/bin/../lib/gcc/arm-none-eabi/9.2.1/../../../../arm-none-eabi/lib/thumb/v7e-m+fp/hard\libc_nano.a(lib_a-nano-vfprintf.o)
 .text          0x08013fe0        0x0 c:/users/mark/documents/mcha3500/mcha3500_windows_toolchain/toolchain/gcc-arm-none-eabi/bin/../lib/gcc/arm-none-eabi/9.2.1/../../../../arm-none-eabi/lib/thumb/v7e-m+fp/hard\libc_nano.a(lib_a-rget.o)
 .text          0x08013fe0        0x0 c:/users/mark/documents/mcha3500/mcha3500_windows_toolchain/toolchain/gcc-arm-none-eabi/bin/../lib/gcc/arm-none-eabi/9.2.1/../../../../arm-none-eabi/lib/thumb/v7e-m+fp/hard\libc_nano.a(lib_a-s_nan.o)
 .text          0x08013fe0        0x0 c:/users/mark/documents/mcha3500/mcha3500_windows_toolchain/toolchain/gcc-arm-none-eabi/bin/../lib/gcc/arm-none-eabi/9.2.1/../../../../arm-none-eabi/lib/thumb/v7e-m+fp/hard\libc_nano.a(lib_a-stdio.o)
 .text          0x08013fe0        0x0 c:/users/mark/documents/mcha3500/mcha3500_windows_toolchain/toolchain/gcc-arm-none-eabi/bin/../lib/gcc/arm-none-eabi/9.2.1/../../../../arm-none-eabi/lib/thumb/v7e-m+fp/hard\libc_nano.a(lib_a-strncmp.o)
 .text          0x08013fe0        0x0 c:/users/mark/documents/mcha3500/mcha3500_windows_toolchain/toolchain/gcc-arm-none-eabi/bin/../lib/gcc/arm-none-eabi/9.2.1/../../../../arm-none-eabi/lib/thumb/v7e-m+fp/hard\libc_nano.a(lib_a-wbuf.o)
 .text          0x08013fe0        0x0 c:/users/mark/documents/mcha3500/mcha3500_windows_toolchain/toolchain/gcc-arm-none-eabi/bin/../lib/gcc/arm-none-eabi/9.2.1/../../../../arm-none-eabi/lib/thumb/v7e-m+fp/hard\libc_nano.a(lib_a-wctomb_r.o)
 .text          0x08013fe0        0x0 c:/users/mark/documents/mcha3500/mcha3500_windows_toolchain/toolchain/gcc-arm-none-eabi/bin/../lib/gcc/arm-none-eabi/9.2.1/../../../../arm-none-eabi/lib/thumb/v7e-m+fp/hard\libc_nano.a(lib_a-writer.o)
 .text          0x08013fe0        0x0 c:/users/mark/documents/mcha3500/mcha3500_windows_toolchain/toolchain/gcc-arm-none-eabi/bin/../lib/gcc/arm-none-eabi/9.2.1/../../../../arm-none-eabi/lib/thumb/v7e-m+fp/hard\libc_nano.a(lib_a-wsetup.o)
 .text          0x08013fe0        0x0 c:/users/mark/documents/mcha3500/mcha3500_windows_toolchain/toolchain/gcc-arm-none-eabi/bin/../lib/gcc/arm-none-eabi/9.2.1/../../../../arm-none-eabi/lib/thumb/v7e-m+fp/hard\libc_nano.a(lib_a-closer.o)
 .text          0x08013fe0        0x0 c:/users/mark/documents/mcha3500/mcha3500_windows_toolchain/toolchain/gcc-arm-none-eabi/bin/../lib/gcc/arm-none-eabi/9.2.1/../../../../arm-none-eabi/lib/thumb/v7e-m+fp/hard\libc_nano.a(lib_a-fstatr.o)
 .text          0x08013fe0        0x0 c:/users/mark/documents/mcha3500/mcha3500_windows_toolchain/toolchain/gcc-arm-none-eabi/bin/../lib/gcc/arm-none-eabi/9.2.1/../../../../arm-none-eabi/lib/thumb/v7e-m+fp/hard\libc_nano.a(lib_a-fvwrite.o)
 .text          0x08013fe0        0x0 c:/users/mark/documents/mcha3500/mcha3500_windows_toolchain/toolchain/gcc-arm-none-eabi/bin/../lib/gcc/arm-none-eabi/9.2.1/../../../../arm-none-eabi/lib/thumb/v7e-m+fp/hard\libc_nano.a(lib_a-isattyr.o)
 .text          0x08013fe0        0x0 c:/users/mark/documents/mcha3500/mcha3500_windows_toolchain/toolchain/gcc-arm-none-eabi/bin/../lib/gcc/arm-none-eabi/9.2.1/../../../../arm-none-eabi/lib/thumb/v7e-m+fp/hard\libc_nano.a(lib_a-lseekr.o)
 .text          0x08013fe0        0x0 c:/users/mark/documents/mcha3500/mcha3500_windows_toolchain/toolchain/gcc-arm-none-eabi/bin/../lib/gcc/arm-none-eabi/9.2.1/../../../../arm-none-eabi/lib/thumb/v7e-m+fp/hard\libc_nano.a(lib_a-memmove.o)
 .text          0x08013fe0        0x0 c:/users/mark/documents/mcha3500/mcha3500_windows_toolchain/toolchain/gcc-arm-none-eabi/bin/../lib/gcc/arm-none-eabi/9.2.1/../../../../arm-none-eabi/lib/thumb/v7e-m+fp/hard\libc_nano.a(lib_a-nano-reallocr.o)
 .text          0x08013fe0        0x0 c:/users/mark/documents/mcha3500/mcha3500_windows_toolchain/toolchain/gcc-arm-none-eabi/bin/../lib/gcc/arm-none-eabi/9.2.1/../../../../arm-none-eabi/lib/thumb/v7e-m+fp/hard\libc_nano.a(lib_a-readr.o)
 .text          0x08013fe0        0x0 c:/users/mark/documents/mcha3500/mcha3500_windows_toolchain/toolchain/gcc-arm-none-eabi/bin/../lib/gcc/arm-none-eabi/9.2.1/../../../../arm-none-eabi/lib/thumb/v7e-m+fp/hard\libc_nano.a(lib_a-refill.o)
 .text          0x08013fe0        0x0 c:/users/mark/documents/mcha3500/mcha3500_windows_toolchain/toolchain/gcc-arm-none-eabi/bin/../lib/gcc/arm-none-eabi/9.2.1/../../../../arm-none-eabi/lib/thumb/v7e-m+fp/hard\libc_nano.a(lib_a-nano-msizer.o)
 .text          0x08013fe0       0x2c c:/users/mark/documents/mcha3500/mcha3500_windows_toolchain/toolchain/gcc-arm-none-eabi/bin/../lib/gcc/arm-none-eabi/9.2.1/thumb/v7e-m+fp/hard\libgcc.a(_arm_unorddf2.o)
                0x08013fe0                __unorddf2
                0x08013fe0                __aeabi_dcmpun
 .text          0x0801400c       0x50 c:/users/mark/documents/mcha3500/mcha3500_windows_toolchain/toolchain/gcc-arm-none-eabi/bin/../lib/gcc/arm-none-eabi/9.2.1/thumb/v7e-m+fp/hard\libgcc.a(_arm_fixdfsi.o)
                0x0801400c                __aeabi_d2iz
                0x0801400c                __fixdfsi
 .text          0x0801405c       0x40 c:/users/mark/documents/mcha3500/mcha3500_windows_toolchain/toolchain/gcc-arm-none-eabi/bin/../lib/gcc/arm-none-eabi/9.2.1/thumb/v7e-m+fp/hard\libgcc.a(_arm_fixunsdfsi.o)
                0x0801405c                __aeabi_d2uiz
                0x0801405c                __fixunsdfsi
 .text          0x0801409c       0x30 c:/users/mark/documents/mcha3500/mcha3500_windows_toolchain/toolchain/gcc-arm-none-eabi/bin/../lib/gcc/arm-none-eabi/9.2.1/thumb/v7e-m+fp/hard\libgcc.a(_fixdfdi.o)
                0x0801409c                __fixdfdi
                0x0801409c                __aeabi_d2lz
 .text          0x080140cc       0x3c c:/users/mark/documents/mcha3500/mcha3500_windows_toolchain/toolchain/gcc-arm-none-eabi/bin/../lib/gcc/arm-none-eabi/9.2.1/thumb/v7e-m+fp/hard\libgcc.a(_fixunsdfdi.o)
                0x080140cc                __fixunsdfdi
                0x080140cc                __aeabi_d2ulz
 .text          0x08014108        0x0 c:/users/mark/documents/mcha3500/mcha3500_windows_toolchain/toolchain/gcc-arm-none-eabi/bin/../lib/gcc/arm-none-eabi/9.2.1/../../../../arm-none-eabi/lib/thumb/v7e-m+fp/hard\libnosys.a(close.o)
 .text          0x08014108        0x0 c:/users/mark/documents/mcha3500/mcha3500_windows_toolchain/toolchain/gcc-arm-none-eabi/bin/../lib/gcc/arm-none-eabi/9.2.1/../../../../arm-none-eabi/lib/thumb/v7e-m+fp/hard\libnosys.a(fstat.o)
 .text          0x08014108        0x0 c:/users/mark/documents/mcha3500/mcha3500_windows_toolchain/toolchain/gcc-arm-none-eabi/bin/../lib/gcc/arm-none-eabi/9.2.1/../../../../arm-none-eabi/lib/thumb/v7e-m+fp/hard\libnosys.a(isatty.o)
 .text          0x08014108        0x0 c:/users/mark/documents/mcha3500/mcha3500_windows_toolchain/toolchain/gcc-arm-none-eabi/bin/../lib/gcc/arm-none-eabi/9.2.1/../../../../arm-none-eabi/lib/thumb/v7e-m+fp/hard\libnosys.a(lseek.o)
 .text          0x08014108        0x0 c:/users/mark/documents/mcha3500/mcha3500_windows_toolchain/toolchain/gcc-arm-none-eabi/bin/../lib/gcc/arm-none-eabi/9.2.1/../../../../arm-none-eabi/lib/thumb/v7e-m+fp/hard\libnosys.a(_exit.o)
 .text          0x08014108        0x0 c:/users/mark/documents/mcha3500/mcha3500_windows_toolchain/toolchain/gcc-arm-none-eabi/bin/../lib/gcc/arm-none-eabi/9.2.1/thumb/v7e-m+fp/hard/crtend.o
 .text          0x08014108        0x0 c:/users/mark/documents/mcha3500/mcha3500_windows_toolchain/toolchain/gcc-arm-none-eabi/bin/../lib/gcc/arm-none-eabi/9.2.1/thumb/v7e-m+fp/hard/crtn.o
 *(.text*)
 .text.startup  0x08014108       0xc8 build/main.o
                0x08014108                main
 .text.Reset_Handler
                0x080141d0       0x50 build/startup_stm32f446xx.o
                0x080141d0                Reset_Handler
 .text.Default_Handler
                0x08014220        0x2 build/startup_stm32f446xx.o
                0x08014220                RTC_Alarm_IRQHandler
                0x08014220                EXTI2_IRQHandler
                0x08014220                TIM8_CC_IRQHandler
                0x08014220                SPI4_IRQHandler
                0x08014220                TIM1_CC_IRQHandler
                0x08014220                DMA2_Stream5_IRQHandler
                0x08014220                DMA1_Stream5_IRQHandler
                0x08014220                PVD_IRQHandler
                0x08014220                SDIO_IRQHandler
                0x08014220                TAMP_STAMP_IRQHandler
                0x08014220                CAN2_RX1_IRQHandler
                0x08014220                TIM8_TRG_COM_TIM14_IRQHandler
                0x08014220                TIM1_UP_TIM10_IRQHandler
                0x08014220                TIM8_UP_TIM13_IRQHandler
                0x08014220                I2C3_ER_IRQHandler
                0x08014220                FMPI2C1_Event_IRQHandler
                0x08014220                I2C2_EV_IRQHandler
                0x08014220                DMA1_Stream2_IRQHandler
                0x08014220                CAN1_RX0_IRQHandler
                0x08014220                FPU_IRQHandler
                0x08014220                OTG_HS_WKUP_IRQHandler
                0x08014220                CAN2_SCE_IRQHandler
                0x08014220                DMA2_Stream2_IRQHandler
                0x08014220                SPI1_IRQHandler
                0x08014220                TIM6_DAC_IRQHandler
                0x08014220                TIM1_BRK_TIM9_IRQHandler
                0x08014220                DCMI_IRQHandler
                0x08014220                CAN2_RX0_IRQHandler
                0x08014220                DMA2_Stream3_IRQHandler
                0x08014220                SAI2_IRQHandler
                0x08014220                USART6_IRQHandler
                0x08014220                USART3_IRQHandler
                0x08014220                CAN1_RX1_IRQHandler
                0x08014220                UART5_IRQHandler
                0x08014220                DMA2_Stream0_IRQHandler
                0x08014220                TIM4_IRQHandler
                0x08014220                QUADSPI_IRQHandler
                0x08014220                I2C1_EV_IRQHandler
                0x08014220                DMA1_Stream6_IRQHandler
                0x08014220                DMA1_Stream1_IRQHandler
                0x08014220                UART4_IRQHandler
                0x08014220                TIM3_IRQHandler
                0x08014220                RCC_IRQHandler
                0x08014220                TIM8_BRK_TIM12_IRQHandler
                0x08014220                Default_Handler
                0x08014220                CEC_IRQHandler
                0x08014220                EXTI15_10_IRQHandler
                0x08014220                ADC_IRQHandler
                0x08014220                DMA1_Stream7_IRQHandler
                0x08014220                TIM7_IRQHandler
                0x08014220                CAN2_TX_IRQHandler
                0x08014220                TIM5_IRQHandler
                0x08014220                DMA2_Stream7_IRQHandler
                0x08014220                I2C3_EV_IRQHandler
                0x08014220                EXTI9_5_IRQHandler
                0x08014220                RTC_WKUP_IRQHandler
                0x08014220                SPDIF_RX_IRQHandler
                0x08014220                SPI2_IRQHandler
                0x08014220                OTG_HS_EP1_IN_IRQHandler
                0x08014220                DMA1_Stream0_IRQHandler
                0x08014220                CAN1_TX_IRQHandler
                0x08014220                EXTI4_IRQHandler
                0x08014220                OTG_HS_EP1_OUT_IRQHandler
                0x08014220                WWDG_IRQHandler
                0x08014220                TIM2_IRQHandler
                0x08014220                OTG_FS_WKUP_IRQHandler
                0x08014220                TIM1_TRG_COM_TIM11_IRQHandler
                0x08014220                OTG_HS_IRQHandler
                0x08014220                I2C2_ER_IRQHandler
                0x08014220                DMA2_Stream1_IRQHandler
                0x08014220                CAN1_SCE_IRQHandler
                0x08014220                FLASH_IRQHandler
                0x08014220                DMA2_Stream4_IRQHandler
                0x08014220                USART1_IRQHandler
                0x08014220                OTG_FS_IRQHandler
                0x08014220                SPI3_IRQHandler
                0x08014220                DMA1_Stream4_IRQHandler
                0x08014220                I2C1_ER_IRQHandler
                0x08014220                FMC_IRQHandler
                0x08014220                DMA2_Stream6_IRQHandler
                0x08014220                SAI1_IRQHandler
                0x08014220                DMA1_Stream3_IRQHandler
                0x08014220                FMPI2C1_Error_IRQHandler
 *fill*         0x08014222        0x2 
 .text.atan2    0x08014224        0x4 c:/users/mark/documents/mcha3500/mcha3500_windows_toolchain/toolchain/gcc-arm-none-eabi/bin/../lib/gcc/arm-none-eabi/9.2.1/../../../../arm-none-eabi/lib/thumb/v7e-m+fp/hard\libm.a(lib_a-w_atan2.o)
                0x08014224                atan2
 .text.sqrtf    0x08014228       0xb0 c:/users/mark/documents/mcha3500/mcha3500_windows_toolchain/toolchain/gcc-arm-none-eabi/bin/../lib/gcc/arm-none-eabi/9.2.1/../../../../arm-none-eabi/lib/thumb/v7e-m+fp/hard\libm.a(lib_a-wf_sqrt.o)
                0x08014228                sqrtf
 .text.__ieee754_atan2
                0x080142d8      0x1fc c:/users/mark/documents/mcha3500/mcha3500_windows_toolchain/toolchain/gcc-arm-none-eabi/bin/../lib/gcc/arm-none-eabi/9.2.1/../../../../arm-none-eabi/lib/thumb/v7e-m+fp/hard\libm.a(lib_a-e_atan2.o)
                0x080142d8                __ieee754_atan2
 .text.__ieee754_sqrtf
                0x080144d4        0x8 c:/users/mark/documents/mcha3500/mcha3500_windows_toolchain/toolchain/gcc-arm-none-eabi/bin/../lib/gcc/arm-none-eabi/9.2.1/../../../../arm-none-eabi/lib/thumb/v7e-m+fp/hard\libm.a(lib_a-ef_sqrt.o)
                0x080144d4                __ieee754_sqrtf
 *fill*         0x080144dc        0x4 
 .text.atan     0x080144e0      0x368 c:/users/mark/documents/mcha3500/mcha3500_windows_toolchain/toolchain/gcc-arm-none-eabi/bin/../lib/gcc/arm-none-eabi/9.2.1/../../../../arm-none-eabi/lib/thumb/v7e-m+fp/hard\libm.a(lib_a-s_atan.o)
                0x080144e0                atan
 .text.fabs     0x08014848       0x14 c:/users/mark/documents/mcha3500/mcha3500_windows_toolchain/toolchain/gcc-arm-none-eabi/bin/../lib/gcc/arm-none-eabi/9.2.1/../../../../arm-none-eabi/lib/thumb/v7e-m+fp/hard\libm.a(lib_a-s_fabs.o)
                0x08014848                fabs
 .text.matherr  0x0801485c        0x4 c:/users/mark/documents/mcha3500/mcha3500_windows_toolchain/toolchain/gcc-arm-none-eabi/bin/../lib/gcc/arm-none-eabi/9.2.1/../../../../arm-none-eabi/lib/thumb/v7e-m+fp/hard\libm.a(lib_a-s_matherr.o)
                0x0801485c                matherr
 .text.arm_mat_trans_f32
                0x08014860       0xe8 ../STM32Cube_F4_FW/Drivers/CMSIS/Lib/GCC/libarm_cortexM4lf_math.a(arm_mat_trans_f32.o)
                0x08014860                arm_mat_trans_f32
 .text.arm_mat_sub_f32
                0x08014948       0xb4 ../STM32Cube_F4_FW/Drivers/CMSIS/Lib/GCC/libarm_cortexM4lf_math.a(arm_mat_sub_f32.o)
                0x08014948                arm_mat_sub_f32
 .text.arm_mat_mult_f32
                0x080149fc      0x14c ../STM32Cube_F4_FW/Drivers/CMSIS/Lib/GCC/libarm_cortexM4lf_math.a(arm_mat_mult_f32.o)
                0x080149fc                arm_mat_mult_f32
 .text.arm_mat_inverse_f32
                0x08014b48      0x2a0 ../STM32Cube_F4_FW/Drivers/CMSIS/Lib/GCC/libarm_cortexM4lf_math.a(arm_mat_inverse_f32.o)
                0x08014b48                arm_mat_inverse_f32
 .text.arm_mat_init_f32
                0x08014de8        0x8 ../STM32Cube_F4_FW/Drivers/CMSIS/Lib/GCC/libarm_cortexM4lf_math.a(arm_mat_init_f32.o)
                0x08014de8                arm_mat_init_f32
 .text.arm_mat_add_f32
                0x08014df0       0xb4 ../STM32Cube_F4_FW/Drivers/CMSIS/Lib/GCC/libarm_cortexM4lf_math.a(arm_mat_add_f32.o)
                0x08014df0                arm_mat_add_f32
 .text.atof     0x08014ea4        0x6 c:/users/mark/documents/mcha3500/mcha3500_windows_toolchain/toolchain/gcc-arm-none-eabi/bin/../lib/gcc/arm-none-eabi/9.2.1/../../../../arm-none-eabi/lib/thumb/v7e-m+fp/hard\libc_nano.a(lib_a-atof.o)
                0x08014ea4                atof
 *fill*         0x08014eaa        0x2 
 .text.__errno  0x08014eac        0xc c:/users/mark/documents/mcha3500/mcha3500_windows_toolchain/toolchain/gcc-arm-none-eabi/bin/../lib/gcc/arm-none-eabi/9.2.1/../../../../arm-none-eabi/lib/thumb/v7e-m+fp/hard\libc_nano.a(lib_a-errno.o)
                0x08014eac                __errno
 .text.exit     0x08014eb8       0x28 c:/users/mark/documents/mcha3500/mcha3500_windows_toolchain/toolchain/gcc-arm-none-eabi/bin/../lib/gcc/arm-none-eabi/9.2.1/../../../../arm-none-eabi/lib/thumb/v7e-m+fp/hard\libc_nano.a(lib_a-exit.o)
                0x08014eb8                exit
 .text._getchar_r