Archive member included to satisfy reference by file (symbol)

c:/users/mark/documents/mcha3500/mcha3500_windows_toolchain/toolchain/gcc-arm-none-eabi/bin/../lib/gcc/arm-none-eabi/9.2.1/../../../../arm-none-eabi/lib/thumb/v7e-m+fp/hard\libm.a(lib_a-w_atan2.o)
                              build/IMU.o (atan2)
c:/users/mark/documents/mcha3500/mcha3500_windows_toolchain/toolchain/gcc-arm-none-eabi/bin/../lib/gcc/arm-none-eabi/9.2.1/../../../../arm-none-eabi/lib/thumb/v7e-m+fp/hard\libm.a(lib_a-wf_sqrt.o)
                              build/qpas_sub_noblas.o (sqrtf)
c:/users/mark/documents/mcha3500/mcha3500_windows_toolchain/toolchain/gcc-arm-none-eabi/bin/../lib/gcc/arm-none-eabi/9.2.1/../../../../arm-none-eabi/lib/thumb/v7e-m+fp/hard\libm.a(lib_a-e_atan2.o)
                              c:/users/mark/documents/mcha3500/mcha3500_windows_toolchain/toolchain/gcc-arm-none-eabi/bin/../lib/gcc/arm-none-eabi/9.2.1/../../../../arm-none-eabi/lib/thumb/v7e-m+fp/hard\libm.a(lib_a-w_atan2.o) (__ieee754_atan2)
c:/users/mark/documents/mcha3500/mcha3500_windows_toolchain/toolchain/gcc-arm-none-eabi/bin/../lib/gcc/arm-none-eabi/9.2.1/../../../../arm-none-eabi/lib/thumb/v7e-m+fp/hard\libm.a(lib_a-ef_sqrt.o)
                              c:/users/mark/documents/mcha3500/mcha3500_windows_toolchain/toolchain/gcc-arm-none-eabi/bin/../lib/gcc/arm-none-eabi/9.2.1/../../../../arm-none-eabi/lib/thumb/v7e-m+fp/hard\libm.a(lib_a-wf_sqrt.o) (__ieee754_sqrtf)
c:/users/mark/documents/mcha3500/mcha3500_windows_toolchain/toolchain/gcc-arm-none-eabi/bin/../lib/gcc/arm-none-eabi/9.2.1/../../../../arm-none-eabi/lib/thumb/v7e-m+fp/hard\libm.a(lib_a-s_atan.o)
                              c:/users/mark/documents/mcha3500/mcha3500_windows_toolchain/toolchain/gcc-arm-none-eabi/bin/../lib/gcc/arm-none-eabi/9.2.1/../../../../arm-none-eabi/lib/thumb/v7e-m+fp/hard\libm.a(lib_a-e_atan2.o) (atan)
c:/users/mark/documents/mcha3500/mcha3500_windows_toolchain/toolchain/gcc-arm-none-eabi/bin/../lib/gcc/arm-none-eabi/9.2.1/../../../../arm-none-eabi/lib/thumb/v7e-m+fp/hard\libm.a(lib_a-s_fabs.o)
                              c:/users/mark/documents/mcha3500/mcha3500_windows_toolchain/toolchain/gcc-arm-none-eabi/bin/../lib/gcc/arm-none-eabi/9.2.1/../../../../arm-none-eabi/lib/thumb/v7e-m+fp/hard\libm.a(lib_a-e_atan2.o) (fabs)
c:/users/mark/documents/mcha3500/mcha3500_windows_toolchain/toolchain/gcc-arm-none-eabi/bin/../lib/gcc/arm-none-eabi/9.2.1/../../../../arm-none-eabi/lib/thumb/v7e-m+fp/hard\libm.a(lib_a-s_lib_ver.o)
                              c:/users/mark/documents/mcha3500/mcha3500_windows_toolchain/toolchain/gcc-arm-none-eabi/bin/../lib/gcc/arm-none-eabi/9.2.1/../../../../arm-none-eabi/lib/thumb/v7e-m+fp/hard\libm.a(lib_a-wf_sqrt.o) (__fdlib_version)
c:/users/mark/documents/mcha3500/mcha3500_windows_toolchain/toolchain/gcc-arm-none-eabi/bin/../lib/gcc/arm-none-eabi/9.2.1/../../../../arm-none-eabi/lib/thumb/v7e-m+fp/hard\libm.a(lib_a-s_matherr.o)
                              c:/users/mark/documents/mcha3500/mcha3500_windows_toolchain/toolchain/gcc-arm-none-eabi/bin/../lib/gcc/arm-none-eabi/9.2.1/../../../../arm-none-eabi/lib/thumb/v7e-m+fp/hard\libm.a(lib_a-wf_sqrt.o) (matherr)
../STM32Cube_F4_FW/Drivers/CMSIS/Lib/GCC/libarm_cortexM4lf_math.a(arm_mat_trans_f32.o)
                              build/kalman.o (arm_mat_trans_f32)
../STM32Cube_F4_FW/Drivers/CMSIS/Lib/GCC/libarm_cortexM4lf_math.a(arm_mat_sub_f32.o)
                              build/kalman.o (arm_mat_sub_f32)
../STM32Cube_F4_FW/Drivers/CMSIS/Lib/GCC/libarm_cortexM4lf_math.a(arm_mat_mult_f32.o)
                              build/kalman.o (arm_mat_mult_f32)
../STM32Cube_F4_FW/Drivers/CMSIS/Lib/GCC/libarm_cortexM4lf_math.a(arm_mat_inverse_f32.o)
                              build/kalman.o (arm_mat_inverse_f32)
../STM32Cube_F4_FW/Drivers/CMSIS/Lib/GCC/libarm_cortexM4lf_math.a(arm_mat_init_f32.o)
                              build/kalman.o (arm_mat_init_f32)
../STM32Cube_F4_FW/Drivers/CMSIS/Lib/GCC/libarm_cortexM4lf_math.a(arm_mat_add_f32.o)
                              build/kalman.o (arm_mat_add_f32)
c:/users/mark/documents/mcha3500/mcha3500_windows_toolchain/toolchain/gcc-arm-none-eabi/bin/../lib/gcc/arm-none-eabi/9.2.1/thumb/v7e-m+fp/hard\libgcc.a(_arm_muldf3.o)
                              build/pendulum.o (__aeabi_dmul)
c:/users/mark/documents/mcha3500/mcha3500_windows_toolchain/toolchain/gcc-arm-none-eabi/bin/../lib/gcc/arm-none-eabi/9.2.1/thumb/v7e-m+fp/hard\libgcc.a(_arm_addsubdf3.o)
                              c:/users/mark/documents/mcha3500/mcha3500_windows_toolchain/toolchain/gcc-arm-none-eabi/bin/../lib/gcc/arm-none-eabi/9.2.1/../../../../arm-none-eabi/lib/thumb/v7e-m+fp/hard\libm.a(lib_a-e_atan2.o) (__aeabi_dsub)
c:/users/mark/documents/mcha3500/mcha3500_windows_toolchain/toolchain/gcc-arm-none-eabi/bin/../lib/gcc/arm-none-eabi/9.2.1/thumb/v7e-m+fp/hard\libgcc.a(_arm_muldivdf3.o)
                              build/motor.o (__aeabi_ddiv)
[...]
Memory Configuration

Name             Origin             Length             Attributes
FLASH            0x08000000         0x00080000         xr
RAM              0x20000000         0x00020000         xrw
*default*        0x00000000         0xffffffff

Linker script and memory map

LOAD c:/users/mark/documents/mcha3500/mcha3500_windows_toolchain/toolchain/gcc-arm-none-eabi/bin/../lib/gcc/arm-none-eabi/9.2.1/thumb/v7e-m+fp/hard/crti.o
LOAD c:/users/mark/documents/mcha3500/mcha3500_windows_toolchain/toolchain/gcc-arm-none-eabi/bin/../lib/gcc/arm-none-eabi/9.2.1/thumb/v7e-m+fp/hard/crtbegin.o
LOAD c:/users/mark/documents/mcha3500/mcha3500_windows_toolchain/toolchain/gcc-arm-none-eabi/bin/../lib/gcc/arm-none-eabi/9.2.1/../../../../arm-none-eabi/lib/thumb/v7e-m+fp/hard/crt0.o
LOAD build/stm32f4xx_it.o
LOAD build/system_stm32f4xx.o
LOAD build/cmd_line_buffer.o
LOAD build/cmd_parser.o
LOAD build/cmd_task.o
LOAD build/main.o
LOAD build/uart.o
LOAD build/heartbeat_task.o
LOAD build/heartbeat_cmd.o
LOAD build/dummy_task.o
LOAD build/pendulum.o
LOAD build/motor.o
LOAD build/data_logging.o
LOAD build/controller.o
LOAD build/IMU.o
LOAD build/kalman.o
LOAD build/control_loop.o
LOAD build/qpas_sub_noblas.o
LOAD build/startup_stm32f446xx.o
LOAD build/stm32f4_HAL/stm32f4xx_hal.o
LOAD build/stm32f4_HAL/stm32f4xx_hal_dma.o
LOAD build/stm32f4_HAL/stm32f4xx_hal_adc.o
LOAD build/stm32f4_HAL/stm32f4xx_hal_adc_ex.o
LOAD build/stm32f4_HAL/stm32f4xx_hal_gpio.o
LOAD build/stm32f4_HAL/stm32f4xx_ll_gpio.o
LOAD build/stm32f4_HAL/stm32f4xx_ll_usart.o
LOAD build/stm32f4_HAL/stm32f4xx_ll_dma.o
LOAD build/stm32f4_HAL/stm32f4xx_ll_rcc.o
LOAD build/stm32f4_HAL/stm32f4xx_hal_i2c.o
LOAD build/stm32f4_HAL/stm32f4xx_hal_i2c_ex.o
LOAD build/stm32f4_HAL/stm32f4xx_hal_tim.o
LOAD build/stm32f4_HAL/stm32f4xx_hal_tim_ex.o
LOAD build/stm32f4_HAL/stm32f4xx_hal_rtc.o
LOAD build/stm32f4_HAL/stm32f4xx_hal_rcc.o
LOAD build/stm32f4_HAL/stm32f4xx_hal_rcc_ex.o
LOAD build/stm32f4_HAL/stm32f4xx_hal_pwr.o
LOAD build/stm32f4_HAL/stm32f4xx_hal_pwr_ex.o
LOAD build/stm32f4_HAL/stm32f4xx_hal_cortex.o
LOAD build/stm32f4_HAL/stm32f4xx_hal_spi.o
LOAD build/stm32f4_HAL/stm32f4xx_hal_dac.o
LOAD build/stm32f4_HAL/stm32f4xx_hal_dac_ex.o
LOAD build/stm32f4_HAL/stm32f4xx_hal_can.o
LOAD build/FreeRTOS/croutine.o
LOAD build/FreeRTOS/event_groups.o
LOAD build/FreeRTOS/list.o
LOAD build/FreeRTOS/queue.o
LOAD build/FreeRTOS/tasks.o
LOAD build/FreeRTOS/timers.o
LOAD build/FreeRTOS/stream_buffer.o
LOAD build/FreeRTOS/cmsis_os2.o
LOAD build/FreeRTOS/clib_arm.o
LOAD build/FreeRTOS/os_systick.o
LOAD build/FreeRTOS/heap_useNewlib.o
LOAD build/FreeRTOS/port.o
LOAD build/tm_stm32_gpio.o
LOAD build/tm_stm32_i2c.o
LOAD build/tm_stm32_mpu6050.o
LOAD c:/users/mark/documents/mcha3500/mcha3500_windows_toolchain/toolchain/gcc-arm-none-eabi/bin/../lib/gcc/arm-none-eabi/9.2.1/../../../../arm-none-eabi/lib/thumb/v7e-m+fp/hard\libm.a
LOAD ../STM32Cube_F4_FW/Drivers/CMSIS/Lib/GCC/libarm_cortexM4lf_math.a
START GROUP
LOAD c:/users/mark/documents/mcha3500/mcha3500_windows_toolchain/toolchain/gcc-arm-none-eabi/bin/../lib/gcc/arm-none-eabi/9.2.1/thumb/v7e-m+fp/hard\libgcc.a
LOAD c:/users/mark/documents/mcha3500/mcha3500_windows_toolchain/toolchain/gcc-arm-none-eabi/bin/../lib/gcc/arm-none-eabi/9.2.1/../../../../arm-none-eabi/lib/thumb/v7e-m+fp/hard\libc_nano.a
END GROUP
START GROUP
LOAD c:/users/mark/documents/mcha3500/mcha3500_windows_toolchain/toolchain/gcc-arm-none-eabi/bin/../lib/gcc/arm-none-eabi/9.2.1/thumb/v7e-m+fp/hard\libgcc.a
LOAD c:/users/mark/documents/mcha3500/mcha3500_windows_toolchain/toolchain/gcc-arm-none-eabi/bin/../lib/gcc/arm-none-eabi/9.2.1/../../../../arm-none-eabi/lib/thumb/v7e-m+fp/hard\libc_nano.a
LOAD c:/users/mark/documents/mcha3500/mcha3500_windows_toolchain/toolchain/gcc-arm-none-eabi/bin/../lib/gcc/arm-none-eabi/9.2.1/../../../../arm-none-eabi/lib/thumb/v7e-m+fp/hard\libnosys.a
END GROUP
START GROUP
LOAD c:/users/mark/documents/mcha3500/mcha3500_windows_toolchain/toolchain/gcc-arm-none-eabi/bin/../lib/gcc/arm-none-eabi/9.2.1/thumb/v7e-m+fp/hard\libgcc.a
LOAD c:/users/mark/documents/mcha3500/mcha3500_windows_toolchain/toolchain/gcc-arm-none-eabi/bin/../lib/gcc/arm-none-eabi/9.2.1/../../../../arm-none-eabi/lib/thumb/v7e-m+fp/hard\libc_nano.a
LOAD c:/users/mark/documents/mcha3500/mcha3500_windows_toolchain/toolchain/gcc-arm-none-eabi/bin/../lib/gcc/arm-none-eabi/9.2.1/../../../../arm-none-eabi/lib/thumb/v7e-m+fp/hard\libnosys.a
END GROUP
LOAD c:/users/mark/documents/mcha3500/mcha3500_windows_toolchain/toolchain/gcc-arm-none-eabi/bin/../lib/gcc/arm-none-eabi/9.2.1/thumb/v7e-m+fp/hard/crtend.o
LOAD c:/users/mark/documents/mcha3500/mcha3500_windows_toolchain/toolchain/gcc-arm-none-eabi/bin/../lib/gcc/arm-none-eabi/9.2.1/thumb/v7e-m+fp/hard/crtn.o
                0x20020000                _estack = 0x20020000
                0x00010000                _Min_Heap_Size = 0x10000
                0x00002000                _Min_Stack_Size = 0x2000

.isr_vector     0x08000000      0x1c4
                0x08000000                . = ALIGN (0x4)
 *(.isr_vector)
 .isr_vector    0x08000000      0x1c4 build/startup_stm32f446xx.o
                0x08000000                g_pfnVectors
                0x080001c4                . = ALIGN (0x4)

.text           0x080001d0    0x1a874
                0x080001d0                . = ALIGN (0x4)
 *(.text)
 .text          0x080001d0        0x0 c:/users/mark/documents/mcha3500/mcha3500_windows_toolchain/toolchain/gcc-arm-none-eabi/bin/../lib/gcc/arm-none-eabi/9.2.1/thumb/v7e-m+fp/hard/crti.o
 .text          0x080001d0       0x40 c:/users/mark/documents/mcha3500/mcha3500_windows_toolchain/toolchain/gcc-arm-none-eabi/bin/../lib/gcc/arm-none-eabi/9.2.1/thumb/v7e-m+fp/hard/crtbegin.o
 .text          0x08000210       0x74 c:/users/mark/documents/mcha3500/mcha3500_windows_toolchain/toolchain/gcc-arm-none-eabi/bin/../lib/gcc/arm-none-eabi/9.2.1/../../../../arm-none-eabi/lib/thumb/v7e-m+fp/hard/crt0.o
                0x08000210                _start
                0x08000210                _mainCRTStartup
 .text          0x08000284        0xc build/stm32f4xx_it.o
                0x08000284                NMI_Handler
                0x08000286                HardFault_Handler
                0x08000288                MemManage_Handler
                0x0800028a                BusFault_Handler
                0x0800028c                UsageFault_Handler
                0x0800028e                DebugMon_Handler
 .text          0x08000290       0xc0 build/system_stm32f4xx.o
                0x08000290                SystemInit
                0x080002dc                SystemCoreClockUpdate
 .text          0x08000350      0x104 build/cmd_line_buffer.o
                0x08000350                clb_init
                0x0800035a                clb_is_empty
                0x08000364                clb_is_full
                0x08000372                clb_delc
                0x0800037c                clb_is_cmd_ready
                0x08000394                clb_putc
                0x080003b4                clb_consume_char
                0x080003dc                clb_consume_str
                0x080003f6                clb_gets_at
                0x0800040e                clb_gets
                0x08000414                clb_process
 .text          0x08000454      0x244 build/cmd_parser.o
                0x080005e8                cmd_parse
 .text          0x08000698       0x4c build/cmd_task.o
                0x080006b8                cmd_task_init
 .text          0x080006e4        0x0 build/main.o
 .text          0x080006e4      0x47c build/uart.o
                0x080006e4                uart_init
                0x080009b8                __wrap_printf
                0x080009f0                __io_putchar
                0x08000a20                __io_getchar
                0x08000a3c                _write
                0x08000a58                _read
                0x08000a6c                _uart_rxne_isr
                0x08000a94                _uart_txe_isr
                0x08000acc                _uart_error
                0x08000b24                USART2_IRQHandler
 .text          0x08000b60       0xc4 build/heartbeat_task.o
                0x08000b7c                heartbeat_task_init
                0x08000bd8                heartbeat_task_start
                0x08000bf0                heartbeat_task_stop
                0x08000c08                heartbeat_task_is_running
                0x08000c14                heartbeat_task_deinit
 .text          0x08000c24       0x70 build/heartbeat_cmd.o
                0x08000c24                heartbeat_cmd
 .text          0x08000c94       0x88 build/dummy_task.o
                0x08000c94                dummy_task_init
                0x08000cbc                dummy_task_start
                0x08000cd4                dummy_task_stop
                0x08000d00                dummy_task_is_running
                0x08000d0c                dummy_task_deinit
 *fill*         0x08000d1c        0x4 
 .text          0x08000d20       0xd4 build/pendulum.o
                0x08000d20                pendulum_init
                0x08000da8                pendulum_read_voltage
 *fill*         0x08000df4        0x4 
 .text          0x08000df8      0x6e0 build/motor.o
                0x08000df8                motor_PWM_init
                0x08001038                velocity_adjust
                0x08001080                elevation_adjust
                0x080010e0                azimuth_adjust
                0x08001140                servo_adjust
                0x0800118c                motor_encoder_init
                0x0800127c                EXTI15_10_IRQHandler
                0x080012f4                EXTI1_IRQHandler
                0x08001334                EXTI4_IRQHandler
                0x08001374                EXTI2_IRQHandler
                0x080013b0                EXTI3_IRQHandler
                0x080013ec                motor_encoder1_getValue
                0x080013f8                motor_encoder2_getValue
                0x080013fc                motor_encoder3_getValue
                0x08001400                ele_encoder_getValue
                0x0800140c                ele_encoder_reset
                0x08001434                azi_encoder_getValue
                0x08001440                motor_encoder_getAngle
                0x08001478                motor_encoder_getRev
                0x080014a0                elevation_encoder_getAngle
 .text          0x080014d8      0x100 build/data_logging.o
                0x080014e4                logging_init
                0x08001504                pend_logging_start
                0x08001520                logging_stop
                0x080015bc                imu_logging_start
 .text          0x080015d8       0xf8 build/controller.o
                0x080015d8                ctrl_init
                0x080015e4                getControl
                0x080015f0                getEleControl
                0x080015fc                getAziControl
                0x08001608                ctrl_set_yref
                0x08001614                getReference
                0x08001620                getElevation
                0x0800162c                control_set_elevation
                0x08001638                getAzimuth
                0x08001644                control_set_azimuth
                0x08001650                ctrl_update
                0x08001678                ele_ctrl_update
                0x080016a4                azi_ctrl_update
 .text          0x080016d0      0x260 build/IMU.o
                0x080016d0                IMU_read
                0x080016dc                get_accY
                0x0800175c                get_accZ
                0x080017dc                get_accX
                0x0800185c                get_gyroY
                0x080018e4                get_acc_angle
                0x08001920                IMU_init
 .text          0x08001930      0x314 build/kalman.o
                0x08001930                kalman_init
                0x08001ac0                kalman_update
                0x08001c08                getKalmanAngle
                0x08001c14                getKalmanVelocity
                0x08001c20                getKalmanBias
                0x08001c2c                kalman_set_angle
                0x08001c38                kalman_set_velocity
 *fill*         0x08001c44        0x4 
 .text          0x08001c48      0x5f0 build/control_loop.o
                0x08002120                control_loop_init
                0x08002140                aim_loop_init
                0x08002160                servo_loop_init
                0x08002184                control_timer_start
                0x080021a4                control_timer_stop
                0x080021b0                aim_timer_start
                0x080021d0                aim_timer_stop
                0x080021dc                servo_timer_start
                0x080021fc                servo_timer_stop
                0x0800220c                control_set_speed
                0x0800221c                kalman_loop_update
 .text          0x08002238     0x16d8 build/qpas_sub_noblas.o
                0x08002238                printvector
                0x080022c8                printmatrix
                0x080023ac                qpas_sub_noblas
 .text          0x08003910       0x14 build/startup_stm32f446xx.o
 .text          0x08003924      0x20c build/stm32f4_HAL/stm32f4xx_hal.o
                0x08003924                HAL_MspInit
                0x08003926                HAL_MspDeInit
                0x08003928                HAL_DeInit
                0x08003954                HAL_InitTick
                0x08003998                HAL_Init
                0x080039cc                HAL_IncTick
                0x080039e4                HAL_GetTick
                0x080039f0                HAL_GetTickPrio
                0x080039fc                HAL_SetTickFreq
                0x08003a1c                HAL_GetTickFreq
                0x08003a28                HAL_Delay
                0x08003a50                HAL_SuspendTick
                0x08003a60                HAL_ResumeTick
                0x08003a70                HAL_GetHalVersion
                0x08003a78                HAL_GetREVID
                0x08003a84                HAL_GetDEVID
                0x08003a94                HAL_DBGMCU_EnableDBGSleepMode
                0x08003aa4                HAL_DBGMCU_DisableDBGSleepMode
                0x08003ab4                HAL_DBGMCU_EnableDBGStopMode
                0x08003ac4                HAL_DBGMCU_DisableDBGStopMode
                0x08003ad4                HAL_DBGMCU_EnableDBGStandbyMode
                0x08003ae4                HAL_DBGMCU_DisableDBGStandbyMode
                0x08003af4                HAL_EnableCompensationCell
                0x08003b00                HAL_DisableCompensationCell
                0x08003b0c                HAL_GetUIDw0
                0x08003b18                HAL_GetUIDw1
                0x08003b24                HAL_GetUIDw2
 .text          0x08003b30      0x630 build/stm32f4_HAL/stm32f4xx_hal_dma.o
                0x08003b5c                HAL_DMA_Init
                0x08003c5c                HAL_DMA_DeInit
                0x08003cb0                HAL_DMA_Start
                0x08003d04                HAL_DMA_Start_IT
                0x08003d78                HAL_DMA_Abort
                0x08003e00                HAL_DMA_Abort_IT
                0x08003e24                HAL_DMA_PollForTransfer
                0x08003f32                HAL_DMA_IRQHandler
                0x080040ac                HAL_DMA_RegisterCallback
                0x080040f4                HAL_DMA_UnRegisterCallback
                0x08004156                HAL_DMA_GetState
                0x0800415c                HAL_DMA_GetError
 .text          0x08004160      0x9c8 build/stm32f4_HAL/stm32f4xx_hal_adc.o
                0x08004160                HAL_ADC_MspInit
                0x08004162                HAL_ADC_Init
                0x080042b0                HAL_ADC_MspDeInit
                0x080042b2                HAL_ADC_DeInit
                0x080042e6                HAL_ADC_Start
                0x080043d0                HAL_ADC_Stop
                0x08004406                HAL_ADC_PollForConversion
                0x080044a4                HAL_ADC_PollForEvent
                0x0800450a                HAL_ADC_Start_IT
                0x08004600                HAL_ADC_Stop_IT
                0x08004648                HAL_ADC_Start_DMA
                0x0800476c                HAL_ADC_Stop_DMA
                0x080047c6                HAL_ADC_GetValue
                0x080047cc                HAL_ADC_ConvCpltCallback
                0x080047ce                HAL_ADC_ConvHalfCpltCallback
                0x080047da                HAL_ADC_LevelOutOfWindowCallback
                0x080047dc                HAL_ADC_ErrorCallback
                0x080047de                HAL_ADC_IRQHandler
                0x08004988                HAL_ADC_ConfigChannel
                0x08004ac0                HAL_ADC_AnalogWDGConfig
                0x08004b1e                HAL_ADC_GetState
                0x08004b22                HAL_ADC_GetError
 .text          0x08004b28      0x6ac build/stm32f4_HAL/stm32f4xx_hal_adc_ex.o
                0x08004b98                HAL_ADCEx_InjectedStart
                0x08004c4c                HAL_ADCEx_InjectedStart_IT
                0x08004d08                HAL_ADCEx_InjectedStop
                0x08004d62                HAL_ADCEx_InjectedPollForConversion
                0x08004dea                HAL_ADCEx_InjectedStop_IT
                0x08004e4c                HAL_ADCEx_InjectedGetValue
                0x08004e7e                HAL_ADCEx_MultiModeStart_DMA
                0x08004f78                HAL_ADCEx_MultiModeStop_DMA
                0x08004fd8                HAL_ADCEx_MultiModeGetValue
                0x08004fe4                HAL_ADCEx_InjectedConvCpltCallback
                0x08004fe6                HAL_ADCEx_InjectedConfigChannel
                0x08005184                HAL_ADCEx_MultiModeConfigChannel
 .text          0x080051d4      0x334 build/stm32f4_HAL/stm32f4xx_hal_gpio.o
                0x080051d4                HAL_GPIO_Init
                0x08005384                HAL_GPIO_DeInit
                0x080054a0                HAL_GPIO_ReadPin
                0x080054ac                HAL_GPIO_WritePin
                0x080054b6                HAL_GPIO_TogglePin
                0x080054c4                HAL_GPIO_LockPin
                0x080054ee                HAL_GPIO_EXTI_Callback
                0x080054f0                HAL_GPIO_EXTI_IRQHandler
 .text          0x08005508      0x220 build/stm32f4_HAL/stm32f4xx_ll_gpio.o
                0x08005528                LL_GPIO_DeInit
                0x080055d4                LL_GPIO_Init
                0x08005710                LL_GPIO_StructInit
 .text          0x08005728      0x21c build/stm32f4_HAL/stm32f4xx_ll_usart.o
                0x08005728                LL_USART_DeInit
                0x080057e8                LL_USART_Init
                0x080058e4                LL_USART_StructInit
                0x080058fc                LL_USART_ClockInit
                0x08005936                LL_USART_ClockStructInit
 .text          0x08005944      0x238 build/stm32f4_HAL/stm32f4xx_ll_dma.o
                0x08005944                LL_DMA_DeInit
                0x08005ad4                LL_DMA_Init
                0x08005b58                LL_DMA_StructInit
 .text          0x08005b7c      0x604 build/stm32f4_HAL/stm32f4xx_ll_rcc.o
                0x08005b8c                LL_RCC_DeInit
                0x08005c3c                LL_RCC_GetCECClockFreq
                0x08005c6c                RCC_GetHCLKClockFreq
                0x08005c84                RCC_GetPCLK1ClockFreq
                0x08005c9c                RCC_GetPCLK2ClockFreq
                0x08005cb4                RCC_PLL_GetFreqDomain_SYS
                0x08005cfc                RCC_GetSystemClockFreq
                0x08005d2c                LL_RCC_GetSystemClocksFreq
                0x08005d4c                LL_RCC_GetFMPI2CClockFreq
                0x08005d9c                RCC_PLL_GetFreqDomain_48M
                0x08005dd8                RCC_PLL_GetFreqDomain_I2S
                0x08005e14                RCC_PLL_GetFreqDomain_SPDIFRX
                0x08005e18                RCC_PLL_GetFreqDomain_SAI
                0x08005e1c                RCC_PLLSAI_GetFreqDomain_SAI
                0x08005e6c                RCC_PLLSAI_GetFreqDomain_48M
                0x08005eb0                LL_RCC_GetSDIOClockFreq
                0x08005ef8                LL_RCC_GetUSBClockFreq
                0x08005f2c                RCC_PLLI2S_GetFreqDomain_SAI
                0x08005f7c                LL_RCC_GetSAIClockFreq
                0x08006030                RCC_PLLI2S_GetFreqDomain_SPDIFRX
                0x08006074                LL_RCC_GetSPDIFRXClockFreq
                0x080060a8                RCC_PLLI2S_GetFreqDomain_I2S
                0x080060e8                LL_RCC_GetI2SClockFreq
 .text          0x08006180     0x31e0 build/stm32f4_HAL/stm32f4xx_hal_i2c.o
                0x080065a4                HAL_I2C_MspInit
                0x080065a6                HAL_I2C_Init
                0x080066f4                HAL_I2C_MspDeInit
                0x080066f6                HAL_I2C_DeInit
                0x08006728                HAL_I2C_Master_Transmit
                0x080068d8                HAL_I2C_Master_Receive
                0x08006bb8                HAL_I2C_Slave_Transmit
                0x08006d18                HAL_I2C_Slave_Receive
                0x08006e94                HAL_I2C_Master_Transmit_IT
                0x08006f44                HAL_I2C_Master_Receive_IT
                0x08006ffc                HAL_I2C_Slave_Transmit_IT
                0x0800706c                HAL_I2C_Slave_Receive_IT
                0x080070dc                HAL_I2C_Master_Transmit_DMA
                0x08007208                HAL_I2C_Master_Receive_DMA
                0x08007330                HAL_I2C_Slave_Transmit_DMA
                0x080073f0                HAL_I2C_Slave_Receive_DMA
                0x080074b0                HAL_I2C_Mem_Write
                0x080075d0                HAL_I2C_Mem_Read
                0x080077e0                HAL_I2C_Mem_Write_IT
                0x0800789c                HAL_I2C_Mem_Read_IT
                0x08007968                HAL_I2C_Mem_Write_DMA
                0x08007ab0                HAL_I2C_Mem_Read_DMA
                0x08007c3c                HAL_I2C_IsDeviceReady
                0x08007d9c                HAL_I2C_Master_Seq_Transmit_IT
                0x08007e6c                HAL_I2C_Master_Seq_Transmit_DMA
                0x08007fe0                HAL_I2C_Master_Seq_Receive_IT
                0x080080ec                HAL_I2C_Master_Seq_Receive_DMA
                0x080082b8                HAL_I2C_Slave_Seq_Transmit_IT
                0x0800832e                HAL_I2C_Slave_Seq_Transmit_DMA
                0x0800846c                HAL_I2C_Slave_Seq_Receive_IT
                0x080084e2                HAL_I2C_Slave_Seq_Receive_DMA
                0x08008620                HAL_I2C_EnableListen_IT
                0x08008656                HAL_I2C_DisableListen_IT
                0x08008694                HAL_I2C_MasterTxCpltCallback
                0x08008696                HAL_I2C_MasterRxCpltCallback
                0x08008698                HAL_I2C_SlaveTxCpltCallback
                0x0800869a                HAL_I2C_SlaveRxCpltCallback
                0x0800869c                HAL_I2C_AddrCallback
                0x0800869e                HAL_I2C_ListenCpltCallback
                0x080086a0                HAL_I2C_MemTxCpltCallback
                0x080086a2                HAL_I2C_MemRxCpltCallback
                0x080086a4                HAL_I2C_ErrorCallback
                0x080087f2                HAL_I2C_AbortCpltCallback
                0x080089c4                HAL_I2C_Master_Abort_IT
                0x08008a10                HAL_I2C_EV_IRQHandler
                0x0800921c                HAL_I2C_ER_IRQHandler
                0x08009350                HAL_I2C_GetState
                0x08009356                HAL_I2C_GetMode
                0x0800935c                HAL_I2C_GetError
 .text          0x08009360       0x7c build/stm32f4_HAL/stm32f4xx_hal_i2c_ex.o
                0x08009360                HAL_I2CEx_ConfigAnalogFilter
                0x0800939e                HAL_I2CEx_ConfigDigitalFilter
 .text          0x080093dc     0x1dec build/stm32f4_HAL/stm32f4xx_hal_tim.o
                0x080094f8                HAL_TIM_Base_MspInit
                0x080094fa                HAL_TIM_Base_MspDeInit
                0x080094fc                HAL_TIM_Base_DeInit
                0x08009536                HAL_TIM_Base_Start
                0x0800955a                HAL_TIM_Base_Stop
                0x08009588                HAL_TIM_Base_Start_IT
                0x080095a8                HAL_TIM_Base_Stop_IT
                0x080095d2                HAL_TIM_Base_Start_DMA
                0x0800963c                HAL_TIM_Base_Stop_DMA
                0x08009678                HAL_TIM_OC_MspInit
                0x0800967a                HAL_TIM_OC_MspDeInit
                0x0800967c                HAL_TIM_OC_DeInit
                0x080096b6                HAL_TIM_PWM_MspInit
                0x080096b8                HAL_TIM_PWM_MspDeInit
                0x080096ba                HAL_TIM_PWM_DeInit
                0x080096f4                HAL_TIM_IC_MspInit
                0x080096f6                HAL_TIM_IC_MspDeInit
                0x080096f8                HAL_TIM_IC_DeInit
                0x08009732                HAL_TIM_OnePulse_MspInit
                0x08009734                HAL_TIM_OnePulse_MspDeInit
                0x08009736                HAL_TIM_OnePulse_DeInit
                0x08009770                HAL_TIM_OnePulse_Start
                0x080097b0                HAL_TIM_OnePulse_Stop
                0x08009818                HAL_TIM_OnePulse_Start_IT
                0x08009868                HAL_TIM_OnePulse_Stop_IT
                0x080098e0                HAL_TIM_Encoder_MspInit
                0x080098e2                HAL_TIM_Encoder_MspDeInit
                0x080098e4                HAL_TIM_Encoder_DeInit
                0x0800991e                HAL_TIM_Encoder_Start
                0x08009962                HAL_TIM_Encoder_Stop
                0x080099aa                HAL_TIM_Encoder_Start_IT
                0x08009a18                HAL_TIM_Encoder_Stop_IT
                0x08009a8c                HAL_TIM_Encoder_Start_DMA
                0x08009bcc                HAL_TIM_Encoder_Stop_DMA
                0x08009c5e                HAL_TIM_DMABurst_WriteStart
                0x08009d3c                HAL_TIM_DMABurst_WriteStop
                0x08009da0                HAL_TIM_DMABurst_ReadStart
                0x08009e84                HAL_TIM_DMABurst_ReadStop
                0x08009e88                HAL_TIM_GenerateEvent
                0x08009eac                HAL_TIM_ConfigTI1Input
                0x08009ebc                HAL_TIM_ReadCapturedValue
                0x08009ee8                HAL_TIM_PeriodElapsedCallback
                0x08009efa                HAL_TIM_PeriodElapsedHalfCpltCallback
                0x08009f0c                HAL_TIM_OC_DelayElapsedCallback
                0x08009f0e                HAL_TIM_IC_CaptureCallback
                0x08009f10                TIM_DMACaptureCplt
                0x08009f4c                HAL_TIM_IC_CaptureHalfCpltCallback
                0x08009f4e                TIM_DMACaptureHalfCplt
                0x08009f8a                HAL_TIM_PWM_PulseFinishedCallback
                0x08009f8c                TIM_DMADelayPulseCplt
                0x08009fc8                HAL_TIM_PWM_PulseFinishedHalfCpltCallback
                0x08009fca                TIM_DMADelayPulseHalfCplt
                0x0800a006                HAL_TIM_TriggerCallback
                0x0800a008                HAL_TIM_IRQHandler
                0x0800a15c                HAL_TIM_TriggerHalfCpltCallback
                0x0800a16e                HAL_TIM_ErrorCallback
                0x0800a170                TIM_DMAError
                0x0800a180                HAL_TIM_Base_GetState
                0x0800a186                HAL_TIM_OC_GetState
                0x0800a18c                HAL_TIM_PWM_GetState
                0x0800a192                HAL_TIM_IC_GetState
                0x0800a198                HAL_TIM_OnePulse_GetState
                0x0800a19e                HAL_TIM_Encoder_GetState
                0x0800a1a4                TIM_Base_SetConfig
                0x0800a270                HAL_TIM_Base_Init
                0x0800a2a4                HAL_TIM_OC_Init
                0x0800a2d8                HAL_TIM_PWM_Init
                0x0800a30c                HAL_TIM_IC_Init
                0x0800a340                HAL_TIM_OnePulse_Init
                0x0800a386                HAL_TIM_Encoder_Init
                0x0800a41c                TIM_OC2_SetConfig
                0x0800a488                HAL_TIM_OC_ConfigChannel
                0x0800a4e0                HAL_TIM_PWM_ConfigChannel
                0x0800a5a0                TIM_TI1_SetConfig
                0x0800a614                HAL_TIM_IC_ConfigChannel
                0x0800a728                HAL_TIM_OnePulse_ConfigChannel
                0x0800a81e                TIM_ETR_SetConfig
                0x0800a832                HAL_TIM_ConfigOCrefClear
                0x0800a8fa                HAL_TIM_ConfigClockSource
                0x0800aac6                HAL_TIM_SlaveConfigSynchro
                0x0800ab14                HAL_TIM_SlaveConfigSynchro_IT
                0x0800ab62                TIM_CCxChannelCmd
                0x0800ab7e                HAL_TIM_OC_Start
                0x0800abbc                HAL_TIM_PWM_Start
                0x0800abc0                HAL_TIM_OC_Stop
                0x0800ac1c                HAL_TIM_OC_Start_IT
                0x0800ac8c                HAL_TIM_PWM_Start_IT
                0x0800ac90                HAL_TIM_OC_Stop_IT
                0x0800ad20                HAL_TIM_PWM_Stop_IT
                0x0800ad24                HAL_TIM_OC_Start_DMA
                0x0800ae34                HAL_TIM_PWM_Start_DMA
                0x0800ae38                HAL_TIM_OC_Stop_DMA
                0x0800aee8                HAL_TIM_PWM_Stop_DMA
                0x0800aeec                HAL_TIM_PWM_Stop
                0x0800af50                HAL_TIM_IC_Start
                0x0800af74                HAL_TIM_IC_Stop
                0x0800afa2                HAL_TIM_IC_Start_IT
                0x0800aff8                HAL_TIM_IC_Stop_IT
                0x0800b058                HAL_TIM_IC_Start_DMA
                0x0800b148                HAL_TIM_IC_Stop_DMA
 .text          0x0800b1c8      0x814 build/stm32f4_HAL/stm32f4xx_hal_tim_ex.o
                0x0800b1e4                HAL_TIMEx_HallSensor_MspInit
                0x0800b1e6                HAL_TIMEx_HallSensor_Init
                0x0800b294                HAL_TIMEx_HallSensor_MspDeInit
                0x0800b296                HAL_TIMEx_HallSensor_DeInit
                0x0800b2d0                HAL_TIMEx_HallSensor_Start
                0x0800b2f6                HAL_TIMEx_HallSensor_Stop
                0x0800b326                HAL_TIMEx_HallSensor_Start_IT
                0x0800b354                HAL_TIMEx_HallSensor_Stop_IT
                0x0800b38c                HAL_TIMEx_HallSensor_Start_DMA
                0x0800b408                HAL_TIMEx_HallSensor_Stop_DMA
                0x0800b448                HAL_TIMEx_OCN_Start
                0x0800b474                HAL_TIMEx_OCN_Stop
                0x0800b4be                HAL_TIMEx_OCN_Start_IT
                0x0800b514                HAL_TIMEx_OCN_Stop_IT
                0x0800b592                HAL_TIMEx_OCN_Start_DMA
                0x0800b664                HAL_TIMEx_OCN_Stop_DMA
                0x0800b6ea                HAL_TIMEx_PWMN_Start
                0x0800b6ee                HAL_TIMEx_PWMN_Stop
                0x0800b6f2                HAL_TIMEx_PWMN_Start_IT
                0x0800b6f6                HAL_TIMEx_PWMN_Stop_IT
                0x0800b6fa                HAL_TIMEx_PWMN_Start_DMA
                0x0800b6fe                HAL_TIMEx_PWMN_Stop_DMA
                0x0800b702                HAL_TIMEx_OnePulseN_Start
                0x0800b71c                HAL_TIMEx_OnePulseN_Stop
                0x0800b720                HAL_TIMEx_OnePulseN_Start_IT
                0x0800b74a                HAL_TIMEx_OnePulseN_Stop_IT
                0x0800b7a4                HAL_TIMEx_ConfigCommutEvent
                0x0800b7fe                HAL_TIMEx_ConfigCommutEvent_IT
                0x0800b858                HAL_TIMEx_ConfigCommutEvent_DMA
                0x0800b8cc                HAL_TIMEx_MasterConfigSynchronization
                0x0800b948                HAL_TIMEx_ConfigBreakDeadTime
                0x0800b994                HAL_TIMEx_RemapConfig
                0x0800b9ae                HAL_TIMEx_CommutCallback
                0x0800b9b0                TIMEx_DMACommutationCplt
                0x0800b9c0                HAL_TIMEx_CommutHalfCpltCallback
                0x0800b9c2                TIMEx_DMACommutationHalfCplt
                0x0800b9d2                HAL_TIMEx_BreakCallback
                0x0800b9d4                HAL_TIMEx_HallSensor_GetState
 .text          0x0800b9dc        0x0 build/stm32f4_HAL/stm32f4xx_hal_rtc.o
 .text          0x0800b9dc      0x6d4 build/stm32f4_HAL/stm32f4xx_hal_rcc.o
                0x0800bd2e                HAL_RCC_MCOConfig
                0x0800bdc8                HAL_RCC_EnableCSS
                0x0800bdd4                HAL_RCC_DisableCSS
                0x0800be3c                HAL_RCC_ClockConfig
                0x0800bf74                HAL_RCC_GetHCLKFreq
                0x0800bf80                HAL_RCC_GetPCLK1Freq
                0x0800bfa0                HAL_RCC_GetPCLK2Freq
                0x0800c054                HAL_RCC_GetClockConfig
                0x0800c090                HAL_RCC_CSSCallback
                0x0800c092                HAL_RCC_NMI_IRQHandler
 .text          0x0800c0b0      0xdc8 build/stm32f4_HAL/stm32f4xx_hal_rcc_ex.o
                0x0800c0b0                HAL_RCCEx_PeriphCLKConfig
                0x0800c4c8                HAL_RCCEx_GetPeriphCLKConfig
                0x0800c5c4                HAL_RCCEx_GetPeriphCLKFreq
                0x0800c76c                HAL_RCCEx_SelectLSEMode
                0x0800c784                HAL_RCCEx_EnablePLLI2S
                0x0800c7f8                HAL_RCCEx_DisablePLLI2S
                0x0800c82c                HAL_RCCEx_EnablePLLSAI
                0x0800c898                HAL_RCCEx_DisablePLLSAI
                0x0800c8cc                HAL_RCC_GetSysClockFreq
                0x0800c95c                HAL_RCC_DeInit
                0x0800cab0                HAL_RCC_OscConfig
                0x0800cddc                HAL_RCC_GetOscConfig
 .text          0x0800ce78      0x1ac build/stm32f4_HAL/stm32f4xx_hal_pwr.o
                0x0800ce78                HAL_PWR_DeInit
                0x0800ce90                HAL_PWR_EnableBkUpAccess
                0x0800ce9c                HAL_PWR_DisableBkUpAccess
                0x0800cea8                HAL_PWR_ConfigPVD
                0x0800cf18                HAL_PWR_EnablePVD
                0x0800cf24                HAL_PWR_DisablePVD
                0x0800cf30                HAL_PWR_EnableWakeUpPin
                0x0800cf40                HAL_PWR_DisableWakeUpPin
                0x0800cf50                HAL_PWR_EnterSLEEPMode
                0x0800cf70                HAL_PWR_EnterSTOPMode
                0x0800cfa8                HAL_PWR_EnterSTANDBYMode
                0x0800cfc8                HAL_PWR_PVDCallback
                0x0800cfca                HAL_PWR_PVD_IRQHandler
                0x0800cfe4                HAL_PWR_EnableSleepOnExit
                0x0800cff4                HAL_PWR_DisableSleepOnExit
                0x0800d004                HAL_PWR_EnableSEVOnPend
                0x0800d014                HAL_PWR_DisableSEVOnPend
 .text          0x0800d024      0x298 build/stm32f4_HAL/stm32f4xx_hal_pwr_ex.o
                0x0800d024                HAL_PWREx_EnableBkUpReg
                0x0800d058                HAL_PWREx_DisableBkUpReg
                0x0800d08c                HAL_PWREx_EnableFlashPowerDown
                0x0800d098                HAL_PWREx_DisableFlashPowerDown
                0x0800d0a4                HAL_PWREx_GetVoltageRange
                0x0800d0b4                HAL_PWREx_ControlVoltageScaling
                0x0800d164                HAL_PWREx_EnableOverDrive
                0x0800d1dc                HAL_PWREx_DisableOverDrive
                0x0800d254                HAL_PWREx_EnterUnderDriveSTOPMode
 .text          0x0800d2bc      0x2c8 build/stm32f4_HAL/stm32f4xx_hal_cortex.o
                0x0800d2bc                HAL_NVIC_SetPriorityGrouping
                0x0800d2e0                HAL_NVIC_SetPriority
                0x0800d344                HAL_NVIC_EnableIRQ
                0x0800d360                HAL_NVIC_DisableIRQ
                0x0800d388                HAL_NVIC_SystemReset
                0x0800d3ac                HAL_SYSTICK_Config
                0x0800d3d8                HAL_MPU_Disable
                0x0800d3f8                HAL_MPU_Enable
                0x0800d41c                HAL_MPU_ConfigRegion
                0x0800d46c                HAL_NVIC_GetPriorityGrouping
                0x0800d47c                HAL_NVIC_GetPriority
                0x0800d4d8                HAL_NVIC_SetPendingIRQ
                0x0800d4f8                HAL_NVIC_GetPendingIRQ
                0x0800d51c                HAL_NVIC_ClearPendingIRQ
                0x0800d53c                HAL_NVIC_GetActive
                0x0800d560                HAL_SYSTICK_CLKSourceConfig
                0x0800d578                HAL_SYSTICK_Callback
                0x0800d57a                HAL_SYSTICK_IRQHandler
 .text          0x0800d584     0x1820 build/stm32f4_HAL/stm32f4xx_hal_spi.o
                0x0800d728                HAL_SPI_MspInit
                0x0800d72a                HAL_SPI_Init
                0x0800d7ae                HAL_SPI_MspDeInit
                0x0800d7b0                HAL_SPI_DeInit
                0x0800d7dc                HAL_SPI_Transmit
                0x0800d956                HAL_SPI_TransmitReceive
                0x0800dbd6                HAL_SPI_Receive
                0x0800dd96                HAL_SPI_Transmit_IT
                0x0800de3c                HAL_SPI_TransmitReceive_IT
                0x0800df04                HAL_SPI_Receive_IT
                0x0800dfcc                HAL_SPI_Transmit_DMA
                0x0800e0a4                HAL_SPI_TransmitReceive_DMA
                0x0800e1c8                HAL_SPI_Receive_DMA
                0x0800e2c4                HAL_SPI_Abort
                0x0800e3ec                HAL_SPI_DMAPause
                0x0800e40c                HAL_SPI_DMAResume
                0x0800e42c                HAL_SPI_DMAStop
                0x0800e472                HAL_SPI_TxCpltCallback
                0x0800e474                HAL_SPI_RxCpltCallback
                0x0800e476                HAL_SPI_TxRxCpltCallback
                0x0800e478                HAL_SPI_TxHalfCpltCallback
                0x0800e484                HAL_SPI_RxHalfCpltCallback
                0x0800e490                HAL_SPI_TxRxHalfCpltCallback
                0x0800e49c                HAL_SPI_ErrorCallback
                0x0800ea5e                HAL_SPI_IRQHandler
                0x0800eb78                HAL_SPI_AbortCpltCallback
                0x0800eb7a                HAL_SPI_Abort_IT
                0x0800ed98                HAL_SPI_GetState
                0x0800ed9e                HAL_SPI_GetError
 .text          0x0800eda4        0x0 build/stm32f4_HAL/stm32f4xx_hal_dac.o
 .text          0x0800eda4        0x0 build/stm32f4_HAL/stm32f4xx_hal_dac_ex.o
 .text          0x0800eda4        0x0 build/stm32f4_HAL/stm32f4xx_hal_can.o
 .text          0x0800eda4        0x0 build/FreeRTOS/croutine.o
 .text          0x0800eda4      0x274 build/FreeRTOS/event_groups.o
                0x0800eda4                xEventGroupCreateStatic
                0x0800edbc                xEventGroupCreate
                0x0800edd8                xEventGroupWaitBits
                0x0800ee90                xEventGroupClearBits
                0x0800eeaa                vEventGroupClearBitsCallback
                0x0800eeae                xEventGroupClearBitsFromISR
                0x0800eec0                xEventGroupGetBitsFromISR
                0x0800eedc                xEventGroupSetBits
                0x0800ef38                xEventGroupSync
                0x0800efcc                vEventGroupSetBitsCallback
                0x0800efd0                vEventGroupDelete
                0x0800effa                xEventGroupSetBitsFromISR
                0x0800f00c                uxEventGroupGetNumber
                0x0800f012                vEventGroupSetNumber
 .text          0x0800f018       0x82 build/FreeRTOS/list.o
                0x0800f018                vListInitialise
                0x0800f02e                vListInitialiseItem
                0x0800f034                vListInsertEnd
                0x0800f04c                vListInsert
                0x0800f07a                uxListRemove
 *fill*         0x0800f09a        0x2 
 .text          0x0800f09c      0x8fc build/FreeRTOS/queue.o
                0x0800f1b8                xQueueGenericReset
                0x0800f224                xQueueGenericCreateStatic
                0x0800f250                xQueueGenericCreate
                0x0800f28a                xQueueGetMutexHolder
                0x0800f2a4                xQueueGetMutexHolderFromISR
                0x0800f2b0                xQueueCreateCountingSemaphoreStatic
                0x0800f2ca                xQueueCreateCountingSemaphore
                0x0800f2dc                xQueueGenericSend
                0x0800f3e0                xQueueCreateMutexStatic
                0x0800f40a                xQueueGiveMutexRecursive
                0x0800f432                xQueueCreateMutex
                0x0800f456                xQueueGenericSendFromISR
                0x0800f4c0                xQueueGiveFromISR
                0x0800f51c                xQueueReceive
                0x0800f60c                xQueueSemaphoreTake
                0x0800f734                xQueueTakeMutexRecursive
                0x0800f764                xQueuePeek
                0x0800f854                xQueueReceiveFromISR
                0x0800f8bc                xQueuePeekFromISR
                0x0800f8ec                uxQueueMessagesWaiting
                0x0800f902                uxQueueSpacesAvailable
                0x0800f91c                uxQueueMessagesWaitingFromISR
                0x0800f920                vQueueDelete
                0x0800f92c                uxQueueGetQueueNumber
                0x0800f930                vQueueSetQueueNumber
                0x0800f934                ucQueueGetQueueType
                0x0800f93a                xQueueIsQueueEmptyFromISR
                0x0800f944                xQueueIsQueueFullFromISR
                0x0800f950                vQueueWaitForMessageRestricted
 .text          0x0800f998     0x12d4 build/FreeRTOS/tasks.o
                0x0800fc68                xTaskCreateStatic
                0x0800fc9c                xTaskCreate
                0x0800fcf8                vTaskDelete
                0x0800fd7c                eTaskGetState
                0x0800fde4                uxTaskPriorityGet
                0x0800fe04                uxTaskPriorityGetFromISR
                0x0800fe2c                vTaskPrioritySet
                0x0800fedc                vTaskResume
                0x0800ff60                xTaskResumeFromISR
                0x0800ffe8                vTaskStartScheduler
                0x08010060                vTaskEndScheduler
                0x08010080                vTaskSuspendAll
                0x08010094                xTaskGetTickCount
                0x080100a0                xTaskGetTickCountFromISR
                0x080100ac                uxTaskGetNumberOfTasks
                0x080100b8                pcTaskGetName
                0x080100c8                xTaskIncrementTick
                0x080101ac                xTaskResumeAll
                0x08010270                vTaskDelayUntil
                0x080102c0                vTaskDelay
                0x080102f0                xTaskCatchUpTicks
                0x08010310                vTaskSwitchContext
                0x08010374                vTaskSuspend
                0x08010404                vTaskPlaceOnEventList
                0x08010424                vTaskPlaceOnUnorderedEventList
                0x0801044c                vTaskPlaceOnEventListRestricted
                0x08010474                xTaskRemoveFromEventList
                0x080104dc                vTaskRemoveFromUnorderedEventList
                0x08010530                vTaskSetTimeOutState
                0x08010554                vTaskInternalSetTimeOutState
                0x08010568                xTaskCheckForTimeOut
                0x080105b8                vTaskMissedYield
                0x080105c8                uxTaskGetTaskNumber
                0x080105ce                vTaskSetTaskNumber
                0x080105d4                vTaskGetInfo
                0x080106ae                uxTaskGetSystemState
                0x08010744                uxTaskGetStackHighWaterMark
                0x08010764                xTaskGetCurrentTaskHandle
                0x08010770                xTaskGetSchedulerState
                0x08010790                xTaskPriorityInherit
                0x08010810                xTaskPriorityDisinherit
                0x0801086c                vTaskPriorityDisinheritAfterTimeout
                0x080108dc                uxTaskResetEventItemValue
                0x080108f4                pvTaskIncrementMutexHeldCount
                0x0801090c                ulTaskNotifyTake
                0x08010978                xTaskNotifyWait
                0x08010a0c                xTaskGenericNotify
                0x08010abc                xTaskGenericNotifyFromISR
                0x08010b7c                vTaskNotifyGiveFromISR
                0x08010c0c                xTaskNotifyStateClear
                0x08010c38                ulTaskNotifyValueClear
 .text          0x08010c6c      0x49c build/FreeRTOS/timers.o
                0x08010ce8                xTimerCreateTimerTask
                0x08010d38                xTimerCreate
                0x08010d7e                xTimerCreateStatic
                0x08010dbe                xTimerGenericCommand
                0x08011010                xTimerGetTimerDaemonTaskHandle
                0x0801101c                xTimerGetPeriod
                0x08011020                vTimerSetReloadMode
                0x08011046                uxTimerGetReloadMode
                0x08011062                xTimerGetExpiryTime
                0x08011066                pcTimerGetName
                0x0801106a                xTimerIsTimerActive
                0x08011086                pvTimerGetTimerID
                0x0801109c                vTimerSetTimerID
                0x080110b0                xTimerPendFunctionCallFromISR
                0x080110d8                xTimerPendFunctionCall
                0x08011100                uxTimerGetTimerNumber
                0x08011104                vTimerSetTimerNumber
 .text          0x08011108      0x532 build/FreeRTOS/stream_buffer.o
                0x080111a8                xStreamBufferGenericCreate
                0x080111e4                xStreamBufferGenericCreateStatic
                0x08011224                vStreamBufferDelete
                0x08011236                xStreamBufferReset
                0x0801127c                xStreamBufferSetTriggerLevel
                0x08011290                xStreamBufferSpacesAvailable
                0x080112a4                xStreamBufferBytesAvailable
                0x080112a6                xStreamBufferSend
                0x08011384                xStreamBufferSendFromISR
                0x08011418                xStreamBufferReceive
                0x080114d0                xStreamBufferNextMessageLengthBytes
                0x080114fe                xStreamBufferReceiveFromISR
                0x08011592                xStreamBufferIsEmpty
                0x0801159e                xStreamBufferIsFull
                0x080115ba                xStreamBufferSendCompletedFromISR
                0x080115f2                xStreamBufferReceiveCompletedFromISR
                0x0801162a                uxStreamBufferGetStreamBufferNumber
                0x0801162e                vStreamBufferSetStreamBufferNumber
                0x08011632                ucStreamBufferGetStreamBufferType
 *fill*         0x0801163a        0x2 
 .text          0x0801163c     0x1160 build/FreeRTOS/cmsis_os2.o
                0x0801167a                SysTick_Handler
                0x08011698                osKernelInitialize
                0x080116c4                osKernelGetInfo
                0x080116f0                osKernelGetState
                0x08011710                osKernelStart
                0x08011750                osKernelLock
                0x0801177c                osKernelUnlock
                0x080117b4                osKernelRestoreLock
                0x080117f8                osKernelGetTickCount
                0x08011810                osKernelGetTickFreq
                0x08011816                osKernelGetSysTimerCount
                0x08011856                osKernelGetSysTimerFreq
                0x08011860                osThreadNew
                0x080118fe                osThreadGetName
                0x08011918                osThreadGetId
                0x0801191c                osThreadGetState
                0x08011944                osThreadGetStackSpace
                0x0801195e                osThreadSetPriority
                0x0801198c                osThreadGetPriority
                0x080119a8                osThreadYield
                0x080119cc                osThreadSuspend
                0x080119f0                osThreadResume
                0x08011a14                osThreadExit
                0x08011a1e                osThreadTerminate
                0x08011a52                osThreadGetCount
                0x08011a66                osThreadEnumerate
                0x08011ad0                osThreadFlagsSet
                0x08011b50                osThreadFlagsClear
                0x08011ba0                osThreadFlagsGet
                0x08011bce                osThreadFlagsWait
                0x08011c68                osDelay
                0x08011c86                osDelayUntil
                0x08011cb6                osTimerNew
                0x08011d34                osTimerGetName
                0x08011d4e                osTimerStart
                0x08011d84                osTimerStop
                0x08011dc6                osTimerIsRunning
                0x08011de0                osTimerDelete
                0x08011e26                osEventFlagsNew
                0x08011e52                osEventFlagsSet
                0x08011eac                osEventFlagsClear
                0x08011ef2                osEventFlagsGet
                0x08011f14                osEventFlagsWait
                0x08011f78                osEventFlagsDelete
                0x08011f9c                osMutexNew
                0x08011ff6                osMutexAcquire
                0x0801203c                osMutexRelease
                0x0801207c                osMutexGetOwner
                0x08012098                osMutexDelete
                0x080120be                osSemaphoreNew
                0x0801214c                osSemaphoreAcquire
                0x080121b0                osSemaphoreRelease
                0x08012208                osSemaphoreGetCount
                0x0801222a                osSemaphoreDelete
                0x0801224e                osMessageQueueNew
                0x080122b2                osMessageQueuePut
                0x08012320                osMessageQueueGet
                0x0801238c                osMessageQueueGetCapacity
                0x08012392                osMessageQueueGetMsgSize
                0x08012398                osMessageQueueGetCount
                0x0801239c                osMessageQueueGetSpace
                0x080123d2                osMessageQueueReset
                0x080123f8                osMessageQueueDelete
                0x080123fc                osMemoryPoolNew
                0x080124f0                osMemoryPoolGetName
                0x08012506                osMemoryPoolAlloc
                0x080125bc                osMemoryPoolFree
                0x08012678                osMemoryPoolGetCapacity
                0x08012690                osMemoryPoolGetBlockSize
                0x080126a8                osMemoryPoolGetCount
                0x080126d8                osMemoryPoolGetSpace
                0x08012708                osMemoryPoolDelete
                0x08012764                vApplicationGetIdleTaskMemory
                0x08012780                vApplicationGetTimerTaskMemory
 .text          0x0801279c        0x2 build/FreeRTOS/clib_arm.o
                0x0801279c                software_init_hook
 *fill*         0x0801279e        0x2 
 .text          0x080127a0       0xe0 build/FreeRTOS/os_systick.o
                0x080127a0                OS_Tick_Setup
                0x080127e0                OS_Tick_Enable
                0x0801280c                OS_Tick_Disable
                0x08012838                OS_Tick_AcknowledgeIRQ
                0x08012844                OS_Tick_GetIRQn
                0x0801284a                OS_Tick_GetClock
                0x08012854                OS_Tick_GetInterval
                0x08012860                OS_Tick_GetCount
                0x08012870                OS_Tick_GetOverflow
 .text          0x08012880       0x8c build/FreeRTOS/heap_useNewlib.o
                0x08012880                sbrk
                0x080128d0                _sbrk
                0x080128d4                __malloc_lock
                0x080128d8                __malloc_unlock
                0x080128dc                __env_lock
                0x080128e0                __env_unlock
                0x080128e4                pvPortMalloc
                0x080128e8                vPortFree
                0x080128ec                xPortGetFreeHeapSize
                0x08012908                vPortInitialiseBlocks
 *fill*         0x0801290c        0x4 
 .text          0x08012910      0x1f8 build/FreeRTOS/port.o
                0x08012960                pxPortInitialiseStack
                0x0801298c                SVC_Handler
                0x080129b4                vPortEndScheduler
                0x080129b6                vPortEnterCritical
                0x080129d4                vPortExitCritical
                0x080129e8                PendSV_Handler
                0x08012a54                xPortSysTickHandler
                0x08012a84                vPortSetupTimerInterrupt
                0x08012ab8                xPortStartScheduler
 .text          0x08012b08      0x308 build/tm_stm32_gpio.o
                0x08012b08                TM_GPIO_DeInit
                0x08012b50                TM_GPIO_SetPinAsInput
                0x08012b74                TM_GPIO_SetPinAsOutput
                0x08012ba0                TM_GPIO_SetPinAsAnalog
                0x08012bc2                TM_GPIO_SetPinAsAlternate
                0x08012bee                TM_GPIO_SetPullResistor
                0x08012c18                TM_GPIO_Lock
                0x08012c28                TM_GPIO_GetPinSource
                0x08012c3c                TM_GPIO_GetPortSource
                0x08012c4a                TM_GPIO_INT_EnableClock
                0x08012c6c                TM_GPIO_INT_DisableClock
                0x08012c90                TM_GPIO_INT_Init
                0x08012d44                TM_GPIO_Init
                0x08012d76                TM_GPIO_InitAlternate
                0x08012ddc                TM_GPIO_GetUsedPins
                0x08012df4                TM_GPIO_GetFreePins
 .text          0x08012e10      0x424 build/tm_stm32_i2c.o
                0x08012e10                TM_I2C_GetHandle
                0x08012e48                TM_I2C_Read
                0x08012e8c                TM_I2C_ReadMulti
                0x08012ed2                TM_I2C_ReadNoRegister
                0x08012ef8                TM_I2C_ReadMultiNoRegister
                0x08012f22                TM_I2C_Write
                0x08012f52                TM_I2C_WriteMulti
                0x08012f88                TM_I2C_WriteNoRegister
                0x08012fb2                TM_I2C_WriteMultiNoRegister
                0x08012fdc                TM_I2C_Write16
                0x0801300e                TM_I2C_Read16
                0x08013056                TM_I2C_IsDeviceConnected
                0x0801306c                TM_I2C_WriteReadRepeatedStart
                0x080130be                TM_I2C_InitCustomPinsCallback
                0x080130c0                TM_I2C_Init
 .text          0x08013234      0x390 build/tm_stm32_mpu6050.o
                0x08013234                TM_MPU6050_SetGyroscope
                0x0801329c                TM_MPU6050_SetAccelerometer
                0x080132fc                TM_MPU6050_SetDataRate
                0x08013318                TM_MPU6050_Init
                0x080133b0                TM_MPU6050_EnableInterrupts
                0x080133f0                TM_MPU6050_DisableInterrupts
                0x0801340c                TM_MPU6050_ReadInterrupts
                0x08013438                TM_MPU6050_ReadAccelerometer
                0x08013480                TM_MPU6050_ReadGyroscope
                0x080134c8                TM_MPU6050_ReadTemperature
                0x08013518                TM_MPU6050_ReadAll
 .text          0x080135c4        0x0 c:/users/mark/documents/mcha3500/mcha3500_windows_toolchain/toolchain/gcc-arm-none-eabi/bin/../lib/gcc/arm-none-eabi/9.2.1/../../../../arm-none-eabi/lib/thumb/v7e-m+fp/hard\libm.a(lib_a-w_atan2.o)
 .text          0x080135c4        0x0 c:/users/mark/documents/mcha3500/mcha3500_windows_toolchain/toolchain/gcc-arm-none-eabi/bin/../lib/gcc/arm-none-eabi/9.2.1/../../../../arm-none-eabi/lib/thumb/v7e-m+fp/hard\libm.a(lib_a-wf_sqrt.o)
 .text          0x080135c4        0x0 c:/users/mark/documents/mcha3500/mcha3500_windows_toolchain/toolchain/gcc-arm-none-eabi/bin/../lib/gcc/arm-none-eabi/9.2.1/../../../../arm-none-eabi/lib/thumb/v7e-m+fp/hard\libm.a(lib_a-e_atan2.o)
 .text          0x080135c4        0x0 c:/users/mark/documents/mcha3500/mcha3500_windows_toolchain/toolchain/gcc-arm-none-eabi/bin/../lib/gcc/arm-none-eabi/9.2.1/../../../../arm-none-eabi/lib/thumb/v7e-m+fp/hard\libm.a(lib_a-ef_sqrt.o)
 .text          0x080135c4        0x0 c:/users/mark/documents/mcha3500/mcha3500_windows_toolchain/toolchain/gcc-arm-none-eabi/bin/../lib/gcc/arm-none-eabi/9.2.1/../../../../arm-none-eabi/lib/thumb/v7e-m+fp/hard\libm.a(lib_a-s_atan.o)
 .text          0x080135c4        0x0 c:/users/mark/documents/mcha3500/mcha3500_windows_toolchain/toolchain/gcc-arm-none-eabi/bin/../lib/gcc/arm-none-eabi/9.2.1/../../../../arm-none-eabi/lib/thumb/v7e-m+fp/hard\libm.a(lib_a-s_fabs.o)
 .text          0x080135c4        0x0 c:/users/mark/documents/mcha3500/mcha3500_windows_toolchain/toolchain/gcc-arm-none-eabi/bin/../lib/gcc/arm-none-eabi/9.2.1/../../../../arm-none-eabi/lib/thumb/v7e-m+fp/hard\libm.a(lib_a-s_lib_ver.o)
 .text          0x080135c4        0x0 c:/users/mark/documents/mcha3500/mcha3500_windows_toolchain/toolchain/gcc-arm-none-eabi/bin/../lib/gcc/arm-none-eabi/9.2.1/../../../../arm-none-eabi/lib/thumb/v7e-m+fp/hard\libm.a(lib_a-s_matherr.o)
 .text          0x080135c4        0x0 ../STM32Cube_F4_FW/Drivers/CMSIS/Lib/GCC/libarm_cortexM4lf_math.a(arm_mat_trans_f32.o)
 .text          0x080135c4        0x0 ../STM32Cube_F4_FW/Drivers/CMSIS/Lib/GCC/libarm_cortexM4lf_math.a(arm_mat_sub_f32.o)
 .text          0x080135c4        0x0 ../STM32Cube_F4_FW/Drivers/CMSIS/Lib/GCC/libarm_cortexM4lf_math.a(arm_mat_mult_f32.o)
 .text          0x080135c4        0x0 ../STM32Cube_F4_FW/Drivers/CMSIS/Lib/GCC/libarm_cortexM4lf_math.a(arm_mat_inverse_f32.o)
 .text          0x080135c4        0x0 ../STM32Cube_F4_FW/Drivers/CMSIS/Lib/GCC/libarm_cortexM4lf_math.a(arm_mat_init_f32.o)
 .text          0x080135c4        0x0 ../STM32Cube_F4_FW/Drivers/CMSIS/Lib/GCC/libarm_cortexM4lf_math.a(arm_mat_add_f32.o)
 .text          0x080135c4      0x254 c:/users/mark/documents/mcha3500/mcha3500_windows_toolchain/toolchain/gcc-arm-none-eabi/bin/../lib/gcc/arm-none-eabi/9.2.1/thumb/v7e-m+fp/hard\libgcc.a(_arm_muldf3.o)
 .text          0x08013818      0x378 c:/users/mark/documents/mcha3500/mcha3500_windows_toolchain/toolchain/gcc-arm-none-eabi/bin/../lib/gcc/arm-none-eabi/9.2.1/thumb/v7e-m+fp/hard\libgcc.a(_arm_addsubdf3.o)
                0x08013818                __aeabi_drsub
                0x08013820                __aeabi_dsub
                0x08013820                __subdf3
                0x08013824                __aeabi_dadd
                0x08013824                __adddf3
                0x08013a9c                __floatunsidf
                0x08013a9c                __aeabi_ui2d
                0x08013abc                __floatsidf
                0x08013abc                __aeabi_i2d
                0x08013ae0                __aeabi_f2d
                0x08013ae0                __extendsfdf2
                0x08013b24                __floatundidf
                0x08013b24                __aeabi_ul2d
                0x08013b34                __floatdidf
                0x08013b34                __aeabi_l2d
 .text          0x08013b90      0x424 c:/users/mark/documents/mcha3500/mcha3500_windows_toolchain/toolchain/gcc-arm-none-eabi/bin/../lib/gcc/arm-none-eabi/9.2.1/thumb/v7e-m+fp/hard\libgcc.a(_arm_muldivdf3.o)
                0x08013b90                __aeabi_dmul
                0x08013b90                __muldf3
                0x08013de4                __divdf3
                0x08013de4                __aeabi_ddiv
 .text          0x08013fb4      0x110 c:/users/mark/documents/mcha3500/mcha3500_windows_toolchain/toolchain/gcc-arm-none-eabi/bin/../lib/gcc/arm-none-eabi/9.2.1/thumb/v7e-m+fp/hard\libgcc.a(_arm_cmpdf2.o)
                0x08013fb4                __gtdf2
                0x08013fb4                __gedf2
                0x08013fbc                __ltdf2
                0x08013fbc                __ledf2
                0x08013fc4                __nedf2
                0x08013fc4                __eqdf2
                0x08013fc4                __cmpdf2
                0x08014040                __aeabi_cdrcmple
                0x08014050                __aeabi_cdcmpeq
                0x08014050                __aeabi_cdcmple
                0x08014060                __aeabi_dcmpeq
                0x08014074                __aeabi_dcmplt
                0x08014088                __aeabi_dcmple
                0x0801409c                __aeabi_dcmpge
                0x080140b0                __aeabi_dcmpgt
 .text          0x080140c4       0xa0 c:/users/mark/documents/mcha3500/mcha3500_windows_toolchain/toolchain/gcc-arm-none-eabi/bin/../lib/gcc/arm-none-eabi/9.2.1/thumb/v7e-m+fp/hard\libgcc.a(_arm_truncdfsf2.o)
                0x080140c4                __truncdfsf2
                0x080140c4                __aeabi_d2f
 .text          0x08014164       0xa0 c:/users/mark/documents/mcha3500/mcha3500_windows_toolchain/toolchain/gcc-arm-none-eabi/bin/../lib/gcc/arm-none-eabi/9.2.1/thumb/v7e-m+fp/hard\libgcc.a(_aeabi_ldivmod.o)
                0x08014164                __aeabi_ldivmod
 .text          0x08014204       0x30 c:/users/mark/documents/mcha3500/mcha3500_windows_toolchain/toolchain/gcc-arm-none-eabi/bin/../lib/gcc/arm-none-eabi/9.2.1/thumb/v7e-m+fp/hard\libgcc.a(_aeabi_uldivmod.o)
                0x08014204                __aeabi_uldivmod
 .text          0x08014234      0x2c4 c:/users/mark/documents/mcha3500/mcha3500_windows_toolchain/toolchain/gcc-arm-none-eabi/bin/../lib/gcc/arm-none-eabi/9.2.1/thumb/v7e-m+fp/hard\libgcc.a(_udivmoddi4.o)
                0x08014234                __udivmoddi4
 .text          0x080144f8        0x4 c:/users/mark/documents/mcha3500/mcha3500_windows_toolchain/toolchain/gcc-arm-none-eabi/bin/../lib/gcc/arm-none-eabi/9.2.1/thumb/v7e-m+fp/hard\libgcc.a(_dvmd_tls.o)
                0x080144f8                __aeabi_idiv0
                0x080144f8                __aeabi_ldiv0
 .text          0x080144fc        0x0 c:/users/mark/documents/mcha3500/mcha3500_windows_toolchain/toolchain/gcc-arm-none-eabi/bin/../lib/gcc/arm-none-eabi/9.2.1/../../../../arm-none-eabi/lib/thumb/v7e-m+fp/hard\libc_nano.a(lib_a-atof.o)
 .text          0x080144fc        0x0 c:/users/mark/documents/mcha3500/mcha3500_windows_toolchain/toolchain/gcc-arm-none-eabi/bin/../lib/gcc/arm-none-eabi/9.2.1/../../../../arm-none-eabi/lib/thumb/v7e-m+fp/hard\libc_nano.a(lib_a-ctype_.o)
 .text          0x080144fc        0x0 c:/users/mark/documents/mcha3500/mcha3500_windows_toolchain/toolchain/gcc-arm-none-eabi/bin/../lib/gcc/arm-none-eabi/9.2.1/../../../../arm-none-eabi/lib/thumb/v7e-m+fp/hard\libc_nano.a(lib_a-errno.o)
 .text          0x080144fc        0x0 c:/users/mark/documents/mcha3500/mcha3500_windows_toolchain/toolchain/gcc-arm-none-eabi/bin/../lib/gcc/arm-none-eabi/9.2.1/../../../../arm-none-eabi/lib/thumb/v7e-m+fp/hard\libc_nano.a(lib_a-exit.o)
 .text          0x080144fc        0x0 c:/users/mark/documents/mcha3500/mcha3500_windows_toolchain/toolchain/gcc-arm-none-eabi/bin/../lib/gcc/arm-none-eabi/9.2.1/../../../../arm-none-eabi/lib/thumb/v7e-m+fp/hard\libc_nano.a(lib_a-getchar.o)
 .text          0x080144fc        0x0 c:/users/mark/documents/mcha3500/mcha3500_windows_toolchain/toolchain/gcc-arm-none-eabi/bin/../lib/gcc/arm-none-eabi/9.2.1/../../../../arm-none-eabi/lib/thumb/v7e-m+fp/hard\libc_nano.a(lib_a-impure.o)
 .text          0x080144fc        0x0 c:/users/mark/documents/mcha3500/mcha3500_windows_toolchain/toolchain/gcc-arm-none-eabi/bin/../lib/gcc/arm-none-eabi/9.2.1/../../../../arm-none-eabi/lib/thumb/v7e-m+fp/hard\libc_nano.a(lib_a-init.o)
 .text          0x080144fc        0x0 c:/users/mark/documents/mcha3500/mcha3500_windows_toolchain/toolchain/gcc-arm-none-eabi/bin/../lib/gcc/arm-none-eabi/9.2.1/../../../../arm-none-eabi/lib/thumb/v7e-m+fp/hard\libc_nano.a(lib_a-malloc.o)
 .text          0x080144fc        0x0 c:/users/mark/documents/mcha3500/mcha3500_windows_toolchain/toolchain/gcc-arm-none-eabi/bin/../lib/gcc/arm-none-eabi/9.2.1/../../../../arm-none-eabi/lib/thumb/v7e-m+fp/hard\libc_nano.a(lib_a-memcpy-stub.o)
 .text          0x080144fc        0x0 c:/users/mark/documents/mcha3500/mcha3500_windows_toolchain/toolchain/gcc-arm-none-eabi/bin/../lib/gcc/arm-none-eabi/9.2.1/../../../../arm-none-eabi/lib/thumb/v7e-m+fp/hard\libc_nano.a(lib_a-memset.o)
 .text          0x080144fc        0x0 c:/users/mark/documents/mcha3500/mcha3500_windows_toolchain/toolchain/gcc-arm-none-eabi/bin/../lib/gcc/arm-none-eabi/9.2.1/../../../../arm-none-eabi/lib/thumb/v7e-m+fp/hard\libc_nano.a(lib_a-mstats.o)
 .text          0x080144fc        0x0 c:/users/mark/documents/mcha3500/mcha3500_windows_toolchain/toolchain/gcc-arm-none-eabi/bin/../lib/gcc/arm-none-eabi/9.2.1/../../../../arm-none-eabi/lib/thumb/v7e-m+fp/hard\libc_nano.a(lib_a-nano-freer.o)
 .text          0x080144fc        0x0 c:/users/mark/documents/mcha3500/mcha3500_windows_toolchain/toolchain/gcc-arm-none-eabi/bin/../lib/gcc/arm-none-eabi/9.2.1/../../../../arm-none-eabi/lib/thumb/v7e-m+fp/hard\libc_nano.a(lib_a-nano-mallinfor.o)
 .text          0x080144fc        0x0 c:/users/mark/documents/mcha3500/mcha3500_windows_toolchain/toolchain/gcc-arm-none-eabi/bin/../lib/gcc/arm-none-eabi/9.2.1/../../../../arm-none-eabi/lib/thumb/v7e-m+fp/hard\libc_nano.a(lib_a-nano-mallocr.o)
 .text          0x080144fc        0x0 c:/users/mark/documents/mcha3500/mcha3500_windows_toolchain/toolchain/gcc-arm-none-eabi/bin/../lib/gcc/arm-none-eabi/9.2.1/../../../../arm-none-eabi/lib/thumb/v7e-m+fp/hard\libc_nano.a(lib_a-nano-malloptr.o)
 .text          0x080144fc        0x0 c:/users/mark/documents/mcha3500/mcha3500_windows_toolchain/toolchain/gcc-arm-none-eabi/bin/../lib/gcc/arm-none-eabi/9.2.1/../../../../arm-none-eabi/lib/thumb/v7e-m+fp/hard\libc_nano.a(lib_a-nano-mallstatsr.o)
 .text          0x080144fc        0x0 c:/users/mark/documents/mcha3500/mcha3500_windows_toolchain/toolchain/gcc-arm-none-eabi/bin/../lib/gcc/arm-none-eabi/9.2.1/../../../../arm-none-eabi/lib/thumb/v7e-m+fp/hard\libc_nano.a(lib_a-nano-vfprintf_float.o)
 .text          0x080144fc        0x0 c:/users/mark/documents/mcha3500/mcha3500_windows_toolchain/toolchain/gcc-arm-none-eabi/bin/../lib/gcc/arm-none-eabi/9.2.1/../../../../arm-none-eabi/lib/thumb/v7e-m+fp/hard\libc_nano.a(lib_a-nano-vfprintf_i.o)
 .text          0x080144fc        0x0 c:/users/mark/documents/mcha3500/mcha3500_windows_toolchain/toolchain/gcc-arm-none-eabi/bin/../lib/gcc/arm-none-eabi/9.2.1/../../../../arm-none-eabi/lib/thumb/v7e-m+fp/hard\libc_nano.a(lib_a-nano-vfscanf_float.o)
 .text          0x080144fc        0x0 c:/users/mark/documents/mcha3500/mcha3500_windows_toolchain/toolchain/gcc-arm-none-eabi/bin/../lib/gcc/arm-none-eabi/9.2.1/../../../../arm-none-eabi/lib/thumb/v7e-m+fp/hard\libc_nano.a(lib_a-printf.o)
 .text          0x080144fc        0x0 c:/users/mark/documents/mcha3500/mcha3500_windows_toolchain/toolchain/gcc-arm-none-eabi/bin/../lib/gcc/arm-none-eabi/9.2.1/../../../../arm-none-eabi/lib/thumb/v7e-m+fp/hard\libc_nano.a(lib_a-reent.o)
 .text          0x080144fc        0x0 c:/users/mark/documents/mcha3500/mcha3500_windows_toolchain/toolchain/gcc-arm-none-eabi/bin/../lib/gcc/arm-none-eabi/9.2.1/../../../../arm-none-eabi/lib/thumb/v7e-m+fp/hard\libc_nano.a(lib_a-sbrkr.o)
 .text          0x080144fc        0x0 c:/users/mark/documents/mcha3500/mcha3500_windows_toolchain/toolchain/gcc-arm-none-eabi/bin/../lib/gcc/arm-none-eabi/9.2.1/../../../../arm-none-eabi/lib/thumb/v7e-m+fp/hard\libc_nano.a(lib_a-setvbuf.o)
 .text          0x080144fc        0x0 c:/users/mark/documents/mcha3500/mcha3500_windows_toolchain/toolchain/gcc-arm-none-eabi/bin/../lib/gcc/arm-none-eabi/9.2.1/../../../../arm-none-eabi/lib/thumb/v7e-m+fp/hard\libc_nano.a(lib_a-sf_nan.o)
 .text          0x080144fc        0x0 c:/users/mark/documents/mcha3500/mcha3500_windows_toolchain/toolchain/gcc-arm-none-eabi/bin/../lib/gcc/arm-none-eabi/9.2.1/../../../../arm-none-eabi/lib/thumb/v7e-m+fp/hard\libc_nano.a(lib_a-sprintf.o)
 .text          0x080144fc       0x14 c:/users/mark/documents/mcha3500/mcha3500_windows_toolchain/toolchain/gcc-arm-none-eabi/bin/../lib/gcc/arm-none-eabi/9.2.1/../../../../arm-none-eabi/lib/thumb/v7e-m+fp/hard\libc_nano.a(lib_a-strcmp.o)
                0x080144fc                strcmp
 .text          0x08014510        0x0 c:/users/mark/documents/mcha3500/mcha3500_windows_toolchain/toolchain/gcc-arm-none-eabi/bin/../lib/gcc/arm-none-eabi/9.2.1/../../../../arm-none-eabi/lib/thumb/v7e-m+fp/hard\libc_nano.a(lib_a-strcpy.o)
 .text          0x08014510       0x10 c:/users/mark/documents/mcha3500/mcha3500_windows_toolchain/toolchain/gcc-arm-none-eabi/bin/../lib/gcc/arm-none-eabi/9.2.1/../../../../arm-none-eabi/lib/thumb/v7e-m+fp/hard\libc_nano.a(lib_a-strlen.o)
                0x08014510                strlen
 .text          0x08014520        0x0 c:/users/mark/documents/mcha3500/mcha3500_windows_toolchain/toolchain/gcc-arm-none-eabi/bin/../lib/gcc/arm-none-eabi/9.2.1/../../../../arm-none-eabi/lib/thumb/v7e-m+fp/hard\libc_nano.a(lib_a-strtod.o)
 .text          0x08014520        0x0 c:/users/mark/documents/mcha3500/mcha3500_windows_toolchain/toolchain/gcc-arm-none-eabi/bin/../lib/gcc/arm-none-eabi/9.2.1/../../../../arm-none-eabi/lib/thumb/v7e-m+fp/hard\libc_nano.a(lib_a-strtol.o)
 .text          0x08014520        0x0 c:/users/mark/documents/mcha3500/mcha3500_windows_toolchain/toolchain/gcc-arm-none-eabi/bin/../lib/gcc/arm-none-eabi/9.2.1/../../../../arm-none-eabi/lib/thumb/v7e-m+fp/hard\libc_nano.a(lib_a-vprintf.o)
 .text          0x08014520        0x0 c:/users/mark/documents/mcha3500/mcha3500_windows_toolchain/toolchain/gcc-arm-none-eabi/bin/../lib/gcc/arm-none-eabi/9.2.1/../../../../arm-none-eabi/lib/thumb/v7e-m+fp/hard\libc_nano.a(lib_a-dtoa.o)
 .text          0x08014520        0x0 c:/users/mark/documents/mcha3500/mcha3500_windows_toolchain/toolchain/gcc-arm-none-eabi/bin/../lib/gcc/arm-none-eabi/9.2.1/../../../../arm-none-eabi/lib/thumb/v7e-m+fp/hard\libc_nano.a(lib_a-fflush.o)
 .text          0x08014520        0x0 c:/users/mark/documents/mcha3500/mcha3500_windows_toolchain/toolchain/gcc-arm-none-eabi/bin/../lib/gcc/arm-none-eabi/9.2.1/../../../../arm-none-eabi/lib/thumb/v7e-m+fp/hard\libc_nano.a(lib_a-findfp.o)
 .text          0x08014520        0x0 c:/users/mark/documents/mcha3500/mcha3500_windows_toolchain/toolchain/gcc-arm-none-eabi/bin/../lib/gcc/arm-none-eabi/9.2.1/../../../../arm-none-eabi/lib/thumb/v7e-m+fp/hard\libc_nano.a(lib_a-fprintf.o)
 .text          0x08014520        0x0 c:/users/mark/documents/mcha3500/mcha3500_windows_toolchain/toolchain/gcc-arm-none-eabi/bin/../lib/gcc/arm-none-eabi/9.2.1/../../../../arm-none-eabi/lib/thumb/v7e-m+fp/hard\libc_nano.a(lib_a-fwalk.o)
 .text          0x08014520        0x0 c:/users/mark/documents/mcha3500/mcha3500_windows_toolchain/toolchain/gcc-arm-none-eabi/bin/../lib/gcc/arm-none-eabi/9.2.1/../../../../arm-none-eabi/lib/thumb/v7e-m+fp/hard\libc_nano.a(lib_a-gdtoa-gethex.o)
 .text          0x08014520        0x0 c:/users/mark/documents/mcha3500/mcha3500_windows_toolchain/toolchain/gcc-arm-none-eabi/bin/../lib/gcc/arm-none-eabi/9.2.1/../../../../arm-none-eabi/lib/thumb/v7e-m+fp/hard\libc_nano.a(lib_a-gdtoa-hexnan.o)
 .text          0x08014520        0x0 c:/users/mark/documents/mcha3500/mcha3500_windows_toolchain/toolchain/gcc-arm-none-eabi/bin/../lib/gcc/arm-none-eabi/9.2.1/../../../../arm-none-eabi/lib/thumb/v7e-m+fp/hard\libc_nano.a(lib_a-getc.o)
 .text          0x08014520        0x0 c:/users/mark/documents/mcha3500/mcha3500_windows_toolchain/toolchain/gcc-arm-none-eabi/bin/../lib/gcc/arm-none-eabi/9.2.1/../../../../arm-none-eabi/lib/thumb/v7e-m+fp/hard\libc_nano.a(lib_a-lnumeric.o)
 .text          0x08014520        0x0 c:/users/mark/documents/mcha3500/mcha3500_windows_toolchain/toolchain/gcc-arm-none-eabi/bin/../lib/gcc/arm-none-eabi/9.2.1/../../../../arm-none-eabi/lib/thumb/v7e-m+fp/hard\libc_nano.a(lib_a-locale.o)
 .text          0x08014520        0x0 c:/users/mark/documents/mcha3500/mcha3500_windows_toolchain/toolchain/gcc-arm-none-eabi/bin/../lib/gcc/arm-none-eabi/9.2.1/../../../../arm-none-eabi/lib/thumb/v7e-m+fp/hard\libc_nano.a(lib_a-localeconv.o)
 .text          0x08014520        0x0 c:/users/mark/documents/mcha3500/mcha3500_windows_toolchain/toolchain/gcc-arm-none-eabi/bin/../lib/gcc/arm-none-eabi/9.2.1/../../../../arm-none-eabi/lib/thumb/v7e-m+fp/hard\libc_nano.a(lib_a-lock.o)
 .text          0x08014520        0x0 c:/users/mark/documents/mcha3500/mcha3500_windows_toolchain/toolchain/gcc-arm-none-eabi/bin/../lib/gcc/arm-none-eabi/9.2.1/../../../../arm-none-eabi/lib/thumb/v7e-m+fp/hard\libc_nano.a(lib_a-makebuf.o)
 .text          0x08014520        0x0 c:/users/mark/documents/mcha3500/mcha3500_windows_toolchain/toolchain/gcc-arm-none-eabi/bin/../lib/gcc/arm-none-eabi/9.2.1/../../../../arm-none-eabi/lib/thumb/v7e-m+fp/hard\libc_nano.a(lib_a-mbtowc_r.o)
 .text          0x08014520       0xa0 c:/users/mark/documents/mcha3500/mcha3500_windows_toolchain/toolchain/gcc-arm-none-eabi/bin/../lib/gcc/arm-none-eabi/9.2.1/../../../../arm-none-eabi/lib/thumb/v7e-m+fp/hard\libc_nano.a(lib_a-memchr.o)
                0x08014520                memchr
 .text          0x080145c0        0x0 c:/users/mark/documents/mcha3500/mcha3500_windows_toolchain/toolchain/gcc-arm-none-eabi/bin/../lib/gcc/arm-none-eabi/9.2.1/../../../../arm-none-eabi/lib/thumb/v7e-m+fp/hard\libc_nano.a(lib_a-mprec.o)
 .text          0x080145c0        0x0 c:/users/mark/documents/mcha3500/mcha3500_windows_toolchain/toolchain/gcc-arm-none-eabi/bin/../lib/gcc/arm-none-eabi/9.2.1/../../../../arm-none-eabi/lib/thumb/v7e-m+fp/hard\libc_nano.a(lib_a-nano-callocr.o)
 .text          0x080145c0        0x0 c:/users/mark/documents/mcha3500/mcha3500_windows_toolchain/toolchain/gcc-arm-none-eabi/bin/../lib/gcc/arm-none-eabi/9.2.1/../../../../arm-none-eabi/lib/thumb/v7e-m+fp/hard\libc_nano.a(lib_a-nano-svfprintf.o)
 .text          0x080145c0        0x0 c:/users/mark/documents/mcha3500/mcha3500_windows_toolchain/toolchain/gcc-arm-none-eabi/bin/../lib/gcc/arm-none-eabi/9.2.1/../../../../arm-none-eabi/lib/thumb/v7e-m+fp/hard\libc_nano.a(lib_a-nano-vfprintf.o)
 .text          0x080145c0        0x0 c:/users/mark/documents/mcha3500/mcha3500_windows_toolchain/toolchain/gcc-arm-none-eabi/bin/../lib/gcc/arm-none-eabi/9.2.1/../../../../arm-none-eabi/lib/thumb/v7e-m+fp/hard\libc_nano.a(lib_a-rget.o)
 .text          0x080145c0        0x0 c:/users/mark/documents/mcha3500/mcha3500_windows_toolchain/toolchain/gcc-arm-none-eabi/bin/../lib/gcc/arm-none-eabi/9.2.1/../../../../arm-none-eabi/lib/thumb/v7e-m+fp/hard\libc_nano.a(lib_a-s_nan.o)
 .text          0x080145c0        0x0 c:/users/mark/documents/mcha3500/mcha3500_windows_toolchain/toolchain/gcc-arm-none-eabi/bin/../lib/gcc/arm-none-eabi/9.2.1/../../../../arm-none-eabi/lib/thumb/v7e-m+fp/hard\libc_nano.a(lib_a-stdio.o)
 .text          0x080145c0        0x0 c:/users/mark/documents/mcha3500/mcha3500_windows_toolchain/toolchain/gcc-arm-none-eabi/bin/../lib/gcc/arm-none-eabi/9.2.1/../../../../arm-none-eabi/lib/thumb/v7e-m+fp/hard\libc_nano.a(lib_a-strncmp.o)
 .text          0x080145c0        0x0 c:/users/mark/documents/mcha3500/mcha3500_windows_toolchain/toolchain/gcc-arm-none-eabi/bin/../lib/gcc/arm-none-eabi/9.2.1/../../../../arm-none-eabi/lib/thumb/v7e-m+fp/hard\libc_nano.a(lib_a-wbuf.o)
 .text          0x080145c0        0x0 c:/users/mark/documents/mcha3500/mcha3500_windows_toolchain/toolchain/gcc-arm-none-eabi/bin/../lib/gcc/arm-none-eabi/9.2.1/../../../../arm-none-eabi/lib/thumb/v7e-m+fp/hard\libc_nano.a(lib_a-wctomb_r.o)
 .text          0x080145c0        0x0 c:/users/mark/documents/mcha3500/mcha3500_windows_toolchain/toolchain/gcc-arm-none-eabi/bin/../lib/gcc/arm-none-eabi/9.2.1/../../../../arm-none-eabi/lib/thumb/v7e-m+fp/hard\libc_nano.a(lib_a-writer.o)
 .text          0x080145c0        0x0 c:/users/mark/documents/mcha3500/mcha3500_windows_toolchain/toolchain/gcc-arm-none-eabi/bin/../lib/gcc/arm-none-eabi/9.2.1/../../../../arm-none-eabi/lib/thumb/v7e-m+fp/hard\libc_nano.a(lib_a-wsetup.o)
 .text          0x080145c0        0x0 c:/users/mark/documents/mcha3500/mcha3500_windows_toolchain/toolchain/gcc-arm-none-eabi/bin/../lib/gcc/arm-none-eabi/9.2.1/../../../../arm-none-eabi/lib/thumb/v7e-m+fp/hard\libc_nano.a(lib_a-closer.o)
 .text          0x080145c0        0x0 c:/users/mark/documents/mcha3500/mcha3500_windows_toolchain/toolchain/gcc-arm-none-eabi/bin/../lib/gcc/arm-none-eabi/9.2.1/../../../../arm-none-eabi/lib/thumb/v7e-m+fp/hard\libc_nano.a(lib_a-fstatr.o)
 .text          0x080145c0        0x0 c:/users/mark/documents/mcha3500/mcha3500_windows_toolchain/toolchain/gcc-arm-none-eabi/bin/../lib/gcc/arm-none-eabi/9.2.1/../../../../arm-none-eabi/lib/thumb/v7e-m+fp/hard\libc_nano.a(lib_a-fvwrite.o)
 .text          0x080145c0        0x0 c:/users/mark/documents/mcha3500/mcha3500_windows_toolchain/toolchain/gcc-arm-none-eabi/bin/../lib/gcc/arm-none-eabi/9.2.1/../../../../arm-none-eabi/lib/thumb/v7e-m+fp/hard\libc_nano.a(lib_a-isattyr.o)
 .text          0x080145c0        0x0 c:/users/mark/documents/mcha3500/mcha3500_windows_toolchain/toolchain/gcc-arm-none-eabi/bin/../lib/gcc/arm-none-eabi/9.2.1/../../../../arm-none-eabi/lib/thumb/v7e-m+fp/hard\libc_nano.a(lib_a-lseekr.o)
 .text          0x080145c0        0x0 c:/users/mark/documents/mcha3500/mcha3500_windows_toolchain/toolchain/gcc-arm-none-eabi/bin/../lib/gcc/arm-none-eabi/9.2.1/../../../../arm-none-eabi/lib/thumb/v7e-m+fp/hard\libc_nano.a(lib_a-memmove.o)
 .text          0x080145c0        0x0 c:/users/mark/documents/mcha3500/mcha3500_windows_toolchain/toolchain/gcc-arm-none-eabi/bin/../lib/gcc/arm-none-eabi/9.2.1/../../../../arm-none-eabi/lib/thumb/v7e-m+fp/hard\libc_nano.a(lib_a-nano-reallocr.o)
 .text          0x080145c0        0x0 c:/users/mark/documents/mcha3500/mcha3500_windows_toolchain/toolchain/gcc-arm-none-eabi/bin/../lib/gcc/arm-none-eabi/9.2.1/../../../../arm-none-eabi/lib/thumb/v7e-m+fp/hard\libc_nano.a(lib_a-readr.o)
 .text          0x080145c0        0x0 c:/users/mark/documents/mcha3500/mcha3500_windows_toolchain/toolchain/gcc-arm-none-eabi/bin/../lib/gcc/arm-none-eabi/9.2.1/../../../../arm-none-eabi/lib/thumb/v7e-m+fp/hard\libc_nano.a(lib_a-refill.o)
 .text          0x080145c0        0x0 c:/users/mark/documents/mcha3500/mcha3500_windows_toolchain/toolchain/gcc-arm-none-eabi/bin/../lib/gcc/arm-none-eabi/9.2.1/../../../../arm-none-eabi/lib/thumb/v7e-m+fp/hard\libc_nano.a(lib_a-nano-msizer.o)
 .text          0x080145c0       0x2c c:/users/mark/documents/mcha3500/mcha3500_windows_toolchain/toolchain/gcc-arm-none-eabi/bin/../lib/gcc/arm-none-eabi/9.2.1/thumb/v7e-m+fp/hard\libgcc.a(_arm_unorddf2.o)
                0x080145c0                __unorddf2
                0x080145c0                __aeabi_dcmpun
 .text          0x080145ec       0x50 c:/users/mark/documents/mcha3500/mcha3500_windows_toolchain/toolchain/gcc-arm-none-eabi/bin/../lib/gcc/arm-none-eabi/9.2.1/thumb/v7e-m+fp/hard\libgcc.a(_arm_fixdfsi.o)
                0x080145ec                __aeabi_d2iz
                0x080145ec                __fixdfsi
 .text          0x0801463c       0x40 c:/users/mark/documents/mcha3500/mcha3500_windows_toolchain/toolchain/gcc-arm-none-eabi/bin/../lib/gcc/arm-none-eabi/9.2.1/thumb/v7e-m+fp/hard\libgcc.a(_arm_fixunsdfsi.o)
                0x0801463c                __aeabi_d2uiz
                0x0801463c                __fixunsdfsi
 .text          0x0801467c       0x30 c:/users/mark/documents/mcha3500/mcha3500_windows_toolchain/toolchain/gcc-arm-none-eabi/bin/../lib/gcc/arm-none-eabi/9.2.1/thumb/v7e-m+fp/hard\libgcc.a(_fixdfdi.o)
                0x0801467c                __fixdfdi
                0x0801467c                __aeabi_d2lz
 .text          0x080146ac       0x3c c:/users/mark/documents/mcha3500/mcha3500_windows_toolchain/toolchain/gcc-arm-none-eabi/bin/../lib/gcc/arm-none-eabi/9.2.1/thumb/v7e-m+fp/hard\libgcc.a(_fixunsdfdi.o)
                0x080146ac                __fixunsdfdi
                0x080146ac                __aeabi_d2ulz
 .text          0x080146e8        0x0 c:/users/mark/documents/mcha3500/mcha3500_windows_toolchain/toolchain/gcc-arm-none-eabi/bin/../lib/gcc/arm-none-eabi/9.2.1/../../../../arm-none-eabi/lib/thumb/v7e-m+fp/hard\libnosys.a(close.o)
 .text          0x080146e8        0x0 c:/users/mark/documents/mcha3500/mcha3500_windows_toolchain/toolchain/gcc-arm-none-eabi/bin/../lib/gcc/arm-none-eabi/9.2.1/../../../../arm-none-eabi/lib/thumb/v7e-m+fp/hard\libnosys.a(fstat.o)
 .text          0x080146e8        0x0 c:/users/mark/documents/mcha3500/mcha3500_windows_toolchain/toolchain/gcc-arm-none-eabi/bin/../lib/gcc/arm-none-eabi/9.2.1/../../../../arm-none-eabi/lib/thumb/v7e-m+fp/hard\libnosys.a(isatty.o)
 .text          0x080146e8        0x0 c:/users/mark/documents/mcha3500/mcha3500_windows_toolchain/toolchain/gcc-arm-none-eabi/bin/../lib/gcc/arm-none-eabi/9.2.1/../../../../arm-none-eabi/lib/thumb/v7e-m+fp/hard\libnosys.a(lseek.o)
 .text          0x080146e8        0x0 c:/users/mark/documents/mcha3500/mcha3500_windows_toolchain/toolchain/gcc-arm-none-eabi/bin/../lib/gcc/arm-none-eabi/9.2.1/../../../../arm-none-eabi/lib/thumb/v7e-m+fp/hard\libnosys.a(_exit.o)
 .text          0x080146e8        0x0 c:/users/mark/documents/mcha3500/mcha3500_windows_toolchain/toolchain/gcc-arm-none-eabi/bin/../lib/gcc/arm-none-eabi/9.2.1/thumb/v7e-m+fp/hard/crtend.o
 .text          0x080146e8        0x0 c:/users/mark/documents/mcha3500/mcha3500_windows_toolchain/toolchain/gcc-arm-none-eabi/bin/../lib/gcc/arm-none-eabi/9.2.1/thumb/v7e-m+fp/hard/crtn.o
 *(.text*)
 .text.startup  0x080146e8       0xc4 build/main.o
                0x080146e8                main
 .text.Reset_Handler
                0x080147ac       0x50 build/startup_stm32f446xx.o
                0x080147ac                Reset_Handler
 .text.Default_Handler
                0x080147fc        0x2 build/startup_stm32f446xx.o
                0x080147fc                RTC_Alarm_IRQHandler
                0x080147fc                TIM8_CC_IRQHandler
                0x080147fc                SPI4_IRQHandler
                0x080147fc                TIM1_CC_IRQHandler
                0x080147fc                DMA2_Stream5_IRQHandler
                0x080147fc                DMA1_Stream5_IRQHandler
                0x080147fc                PVD_IRQHandler
                0x080147fc                SDIO_IRQHandler
                0x080147fc                TAMP_STAMP_IRQHandler
                0x080147fc                CAN2_RX1_IRQHandler
                0x080147fc                TIM8_TRG_COM_TIM14_IRQHandler
                0x080147fc                TIM1_UP_TIM10_IRQHandler
                0x080147fc                TIM8_UP_TIM13_IRQHandler
                0x080147fc                I2C3_ER_IRQHandler
                0x080147fc                FMPI2C1_Event_IRQHandler
                0x080147fc                EXTI0_IRQHandler
                0x080147fc                I2C2_EV_IRQHandler
                0x080147fc                DMA1_Stream2_IRQHandler
                0x080147fc                CAN1_RX0_IRQHandler
                0x080147fc                FPU_IRQHandler
                0x080147fc                OTG_HS_WKUP_IRQHandler
                0x080147fc                CAN2_SCE_IRQHandler
                0x080147fc                DMA2_Stream2_IRQHandler
                0x080147fc                SPI1_IRQHandler
                0x080147fc                TIM6_DAC_IRQHandler
                0x080147fc                TIM1_BRK_TIM9_IRQHandler
                0x080147fc                DCMI_IRQHandler
                0x080147fc                CAN2_RX0_IRQHandler
                0x080147fc                DMA2_Stream3_IRQHandler
                0x080147fc                SAI2_IRQHandler
                0x080147fc                USART6_IRQHandler
                0x080147fc                USART3_IRQHandler
                0x080147fc                CAN1_RX1_IRQHandler
                0x080147fc                UART5_IRQHandler
                0x080147fc                DMA2_Stream0_IRQHandler
                0x080147fc                TIM4_IRQHandler
                0x080147fc                QUADSPI_IRQHandler
                0x080147fc                I2C1_EV_IRQHandler
                0x080147fc                DMA1_Stream6_IRQHandler
                0x080147fc                DMA1_Stream1_IRQHandler
                0x080147fc                UART4_IRQHandler
                0x080147fc                TIM3_IRQHandler
                0x080147fc                RCC_IRQHandler
                0x080147fc                TIM8_BRK_TIM12_IRQHandler
                0x080147fc                Default_Handler
                0x080147fc                CEC_IRQHandler
                0x080147fc                ADC_IRQHandler
                0x080147fc                DMA1_Stream7_IRQHandler
                0x080147fc                TIM7_IRQHandler
                0x080147fc                CAN2_TX_IRQHandler
                0x080147fc                TIM5_IRQHandler
                0x080147fc                DMA2_Stream7_IRQHandler
                0x080147fc                I2C3_EV_IRQHandler
                0x080147fc                EXTI9_5_IRQHandler
                0x080147fc                RTC_WKUP_IRQHandler
                0x080147fc                SPDIF_RX_IRQHandler
                0x080147fc                SPI2_IRQHandler
                0x080147fc                OTG_HS_EP1_IN_IRQHandler
                0x080147fc                DMA1_Stream0_IRQHandler
                0x080147fc                CAN1_TX_IRQHandler
                0x080147fc                OTG_HS_EP1_OUT_IRQHandler
                0x080147fc                WWDG_IRQHandler
                0x080147fc                TIM2_IRQHandler
                0x080147fc                OTG_FS_WKUP_IRQHandler
                0x080147fc                TIM1_TRG_COM_TIM11_IRQHandler
                0x080147fc                OTG_HS_IRQHandler
                0x080147fc                I2C2_ER_IRQHandler
                0x080147fc                DMA2_Stream1_IRQHandler
                0x080147fc                CAN1_SCE_IRQHandler
                0x080147fc                FLASH_IRQHandler
                0x080147fc                DMA2_Stream4_IRQHandler
                0x080147fc                USART1_IRQHandler
                0x080147fc                OTG_FS_IRQHandler
                0x080147fc                SPI3_IRQHandler
                0x080147fc                DMA1_Stream4_IRQHandler
                0x080147fc                I2C1_ER_IRQHandler
                0x080147fc                FMC_IRQHandler
                0x080147fc                DMA2_Stream6_IRQHandler
                0x080147fc                SAI1_IRQHandler
                0x080147fc                DMA1_Stream3_IRQHandler
                0x080147fc                FMPI2C1_Error_IRQHandler
 *fill*         0x080147fe        0x2 
 .text.atan2    0x08014800        0x4 c:/users/mark/documents/mcha3500/mcha3500_windows_toolchain/toolchain/gcc-arm-none-eabi/bin/../lib/gcc/arm-none-eabi/9.2.1/../../../../arm-none-eabi/lib/thumb/v7e-m+fp/hard\libm.a(lib_a-w_atan2.o)
                0x08014800                atan2
 .text.sqrtf    0x08014804       0xb0 c:/users/mark/documents/mcha3500/mcha3500_windows_toolchain/toolchain/gcc-arm-none-eabi/bin/../lib/gcc/arm-none-eabi/9.2.1/../../../../arm-none-eabi/lib/thumb/v7e-m+fp/hard\libm.a(lib_a-wf_sqrt.o)
                0x08014804                sqrtf
 *fill*         0x080148b4        0x4 
 .text.__ieee754_atan2
                0x080148b8      0x1fc c:/users/mark/documents/mcha3500/mcha3500_windows_toolchain/toolchain/gcc-arm-none-eabi/bin/../lib/gcc/arm-none-eabi/9.2.1/../../../../arm-none-eabi/lib/thumb/v7e-m+fp/hard\libm.a(lib_a-e_atan2.o)
                0x080148b8                __ieee754_atan2
 .text.__ieee754_sqrtf
                0x08014ab4        0x8 c:/users/mark/documents/mcha3500/mcha3500_windows_toolchain/toolchain/gcc-arm-none-eabi/bin/../lib/gcc/arm-none-eabi/9.2.1/../../../../arm-none-eabi/lib/thumb/v7e-m+fp/hard\libm.a(lib_a-ef_sqrt.o)
                0x08014ab4                __ieee754_sqrtf
 *fill*         0x08014abc        0x4 
 .text.atan     0x08014ac0      0x368 c:/users/mark/documents/mcha3500/mcha3500_windows_toolchain/toolchain/gcc-arm-none-eabi/bin/../lib/gcc/arm-none-eabi/9.2.1/../../../../arm-none-eabi/lib/thumb/v7e-m+fp/hard\libm.a(lib_a-s_atan.o)
                0x08014ac0                atan
 .text.fabs     0x08014e28       0x14 c:/users/mark/documents/mcha3500/mcha3500_windows_toolchain/toolchain/gcc-arm-none-eabi/bin/../lib/gcc/arm-none-eabi/9.2.1/../../../../arm-none-eabi/lib/thumb/v7e-m+fp/hard\libm.a(lib_a-s_fabs.o)
                0x08014e28                fabs
 .text.matherr  0x08014e3c        0x4 c:/users/mark/documents/mcha3500/mcha3500_windows_toolchain/toolchain/gcc-arm-none-eabi/bin/../lib/gcc/arm-none-eabi/9.2.1/../../../../arm-none-eabi/lib/thumb/v7e-m+fp/hard\libm.a(lib_a-s_matherr.o)
                0x08014e3c                matherr
 .text.arm_mat_trans_f32
                0x08014e40       0xe8 ../STM32Cube_F4_FW/Drivers/CMSIS/Lib/GCC/libarm_cortexM4lf_math.a(arm_mat_trans_f32.o)
                0x08014e40                arm_mat_trans_f32
 .text.arm_mat_sub_f32
                0x08014f28       0xb4 ../STM32Cube_F4_FW/Drivers/CMSIS/Lib/GCC/libarm_cortexM4lf_math.a(arm_mat_sub_f32.o)
                0x08014f28                arm_mat_sub_f32
 .text.arm_mat_mult_f32
                0x08014fdc      0x14c ../STM32Cube_F4_FW/Drivers/CMSIS/Lib/GCC/libarm_cortexM4lf_math.a(arm_mat_mult_f32.o)
                0x08014fdc                arm_mat_mult_f32
 .text.arm_mat_inverse_f32
                0x08015128      0x2a0 ../STM32Cube_F4_FW/Drivers/CMSIS/Lib/GCC/libarm_cortexM4lf_math.a(arm_mat_inverse_f32.o)
                0x08015128                arm_mat_inverse_f32
 .text.arm_mat_init_f32
                0x080153c8        0x8 ../STM32Cube_F4_FW/Drivers/CMSIS/Lib/GCC/libarm_cortexM4lf_math.a(arm_mat_init_f32.o)
                0x080153c8                arm_mat_init_f32
 .text.arm_mat_add_f32
                0x080153d0       0xb4 ../STM32Cube_F4_FW/Drivers/CMSIS/Lib/GCC/libarm_cortexM4lf_math.a(arm_mat_add_f32.o)
                0x080153d0                arm_mat_add_f32