Archive member included to satisfy reference by file (symbol)

c:/users/mark/documents/mcha3500/mcha3500_windows_toolchain/toolchain/gcc-arm-none-eabi/bin/../lib/gcc/arm-none-eabi/9.2.1/../../../../arm-none-eabi/lib/thumb/v7e-m+fp/hard\libm.a(lib_a-w_atan2.o)
                              build/IMU.o (atan2)
c:/users/mark/documents/mcha3500/mcha3500_windows_toolchain/toolchain/gcc-arm-none-eabi/bin/../lib/gcc/arm-none-eabi/9.2.1/../../../../arm-none-eabi/lib/thumb/v7e-m+fp/hard\libm.a(lib_a-wf_sqrt.o)
                              build/qpas_sub_noblas.o (sqrtf)
c:/users/mark/documents/mcha3500/mcha3500_windows_toolchain/toolchain/gcc-arm-none-eabi/bin/../lib/gcc/arm-none-eabi/9.2.1/../../../../arm-none-eabi/lib/thumb/v7e-m+fp/hard\libm.a(lib_a-e_atan2.o)
                              c:/users/mark/documents/mcha3500/mcha3500_windows_toolchain/toolchain/gcc-arm-none-eabi/bin/../lib/gcc/arm-none-eabi/9.2.1/../../../../arm-none-eabi/lib/thumb/v7e-m+fp/hard\libm.a(lib_a-w_atan2.o) (__ieee754_atan2)
c:/users/mark/documents/mcha3500/mcha3500_windows_toolchain/toolchain/gcc-arm-none-eabi/bin/../lib/gcc/arm-none-eabi/9.2.1/../../../../arm-none-eabi/lib/thumb/v7e-m+fp/hard\libm.a(lib_a-ef_sqrt.o)
                              c:/users/mark/documents/mcha3500/mcha3500_windows_toolchain/toolchain/gcc-arm-none-eabi/bin/../lib/gcc/arm-none-eabi/9.2.1/../../../../arm-none-eabi/lib/thumb/v7e-m+fp/hard\libm.a(lib_a-wf_sqrt.o) (__ieee754_sqrtf)
c:/users/mark/documents/mcha3500/mcha3500_windows_toolchain/toolchain/gcc-arm-none-eabi/bin/../lib/gcc/arm-none-eabi/9.2.1/../../../../arm-none-eabi/lib/thumb/v7e-m+fp/hard\libm.a(lib_a-s_atan.o)
                              c:/users/mark/documents/mcha3500/mcha3500_windows_toolchain/toolchain/gcc-arm-none-eabi/bin/../lib/gcc/arm-none-eabi/9.2.1/../../../../arm-none-eabi/lib/thumb/v7e-m+fp/hard\libm.a(lib_a-e_atan2.o) (atan)
c:/users/mark/documents/mcha3500/mcha3500_windows_toolchain/toolchain/gcc-arm-none-eabi/bin/../lib/gcc/arm-none-eabi/9.2.1/../../../../arm-none-eabi/lib/thumb/v7e-m+fp/hard\libm.a(lib_a-s_fabs.o)
                              c:/users/mark/documents/mcha3500/mcha3500_windows_toolchain/toolchain/gcc-arm-none-eabi/bin/../lib/gcc/arm-none-eabi/9.2.1/../../../../arm-none-eabi/lib/thumb/v7e-m+fp/hard\libm.a(lib_a-e_atan2.o) (fabs)
c:/users/mark/documents/mcha3500/mcha3500_windows_toolchain/toolchain/gcc-arm-none-eabi/bin/../lib/gcc/arm-none-eabi/9.2.1/../../../../arm-none-eabi/lib/thumb/v7e-m+fp/hard\libm.a(lib_a-s_lib_ver.o)
                              c:/users/mark/documents/mcha3500/mcha3500_windows_toolchain/toolchain/gcc-arm-none-eabi/bin/../lib/gcc/arm-none-eabi/9.2.1/../../../../arm-none-eabi/lib/thumb/v7e-m+fp/hard\libm.a(lib_a-wf_sqrt.o) (__fdlib_version)
c:/users/mark/documents/mcha3500/mcha3500_windows_toolchain/toolchain/gcc-arm-none-eabi/bin/../lib/gcc/arm-none-eabi/9.2.1/../../../../arm-none-eabi/lib/thumb/v7e-m+fp/hard\libm.a(lib_a-s_matherr.o)
                              c:/users/mark/documents/mcha3500/mcha3500_windows_toolchain/toolchain/gcc-arm-none-eabi/bin/../lib/gcc/arm-none-eabi/9.2.1/../../../../arm-none-eabi/lib/thumb/v7e-m+fp/hard\libm.a(lib_a-wf_sqrt.o) (matherr)
../STM32Cube_F4_FW/Drivers/CMSIS/Lib/GCC/libarm_cortexM4lf_math.a(arm_mat_trans_f32.o)
                              build/kalman.o (arm_mat_trans_f32)
../STM32Cube_F4_FW/Drivers/CMSIS/Lib/GCC/libarm_cortexM4lf_math.a(arm_mat_sub_f32.o)
                              build/kalman.o (arm_mat_sub_f32)
../STM32Cube_F4_FW/Drivers/CMSIS/Lib/GCC/libarm_cortexM4lf_math.a(arm_mat_mult_f32.o)
                              build/kalman.o (arm_mat_mult_f32)
../STM32Cube_F4_FW/Drivers/CMSIS/Lib/GCC/libarm_cortexM4lf_math.a(arm_mat_inverse_f32.o)
                              build/kalman.o (arm_mat_inverse_f32)
../STM32Cube_F4_FW/Drivers/CMSIS/Lib/GCC/libarm_cortexM4lf_math.a(arm_mat_init_f32.o)
                              build/kalman.o (arm_mat_init_f32)
../STM32Cube_F4_FW/Drivers/CMSIS/Lib/GCC/libarm_cortexM4lf_math.a(arm_mat_add_f32.o)
                              build/kalman.o (arm_mat_add_f32)
c:/users/mark/documents/mcha3500/mcha3500_windows_toolchain/toolchain/gcc-arm-none-eabi/bin/../lib/gcc/arm-none-eabi/9.2.1/thumb/v7e-m+fp/hard\libgcc.a(_arm_muldf3.o)
                              build/pendulum.o (__aeabi_dmul)
c:/users/mark/documents/mcha3500/mcha3500_windows_toolchain/toolchain/gcc-arm-none-eabi/bin/../lib/gcc/arm-none-eabi/9.2.1/thumb/v7e-m+fp/hard\libgcc.a(_arm_addsubdf3.o)
                              c:/users/mark/documents/mcha3500/mcha3500_windows_toolchain/toolchain/gcc-arm-none-eabi/bin/../lib/gcc/arm-none-eabi/9.2.1/../../../../arm-none-eabi/lib/thumb/v7e-m+fp/hard\libm.a(lib_a-e_atan2.o) (__aeabi_dsub)
c:/users/mark/documents/mcha3500/mcha3500_windows_toolchain/toolchain/gcc-arm-none-eabi/bin/../lib/gcc/arm-none-eabi/9.2.1/thumb/v7e-m+fp/hard\libgcc.a(_arm_muldivdf3.o)
                              build/motor.o (__aeabi_ddiv)
[...]
Memory Configuration

Name             Origin             Length             Attributes
FLASH            0x08000000         0x00080000         xr
RAM              0x20000000         0x00020000         xrw
*default*        0x00000000         0xffffffff

Linker script and memory map

LOAD c:/users/mark/documents/mcha3500/mcha3500_windows_toolchain/toolchain/gcc-arm-none-eabi/bin/../lib/gcc/arm-none-eabi/9.2.1/thumb/v7e-m+fp/hard/crti.o
LOAD c:/users/mark/documents/mcha3500/mcha3500_windows_toolchain/toolchain/gcc-arm-none-eabi/bin/../lib/gcc/arm-none-eabi/9.2.1/thumb/v7e-m+fp/hard/crtbegin.o
LOAD c:/users/mark/documents/mcha3500/mcha3500_windows_toolchain/toolchain/gcc-arm-none-eabi/bin/../lib/gcc/arm-none-eabi/9.2.1/../../../../arm-none-eabi/lib/thumb/v7e-m+fp/hard/crt0.o
LOAD build/stm32f4xx_it.o
LOAD build/system_stm32f4xx.o
LOAD build/cmd_line_buffer.o
LOAD build/cmd_parser.o
LOAD build/cmd_task.o
LOAD build/main.o
LOAD build/uart.o
LOAD build/heartbeat_task.o
LOAD build/heartbeat_cmd.o
LOAD build/dummy_task.o
LOAD build/pendulum.o
LOAD build/motor.o
LOAD build/data_logging.o
LOAD build/controller.o
LOAD build/IMU.o
LOAD build/kalman.o
LOAD build/control_loop.o
LOAD build/qpas_sub_noblas.o
LOAD build/startup_stm32f446xx.o
LOAD build/stm32f4_HAL/stm32f4xx_hal.o
LOAD build/stm32f4_HAL/stm32f4xx_hal_dma.o
LOAD build/stm32f4_HAL/stm32f4xx_hal_adc.o
LOAD build/stm32f4_HAL/stm32f4xx_hal_adc_ex.o
LOAD build/stm32f4_HAL/stm32f4xx_hal_gpio.o
LOAD build/stm32f4_HAL/stm32f4xx_ll_gpio.o
LOAD build/stm32f4_HAL/stm32f4xx_ll_usart.o
LOAD build/stm32f4_HAL/stm32f4xx_ll_dma.o
LOAD build/stm32f4_HAL/stm32f4xx_ll_rcc.o
LOAD build/stm32f4_HAL/stm32f4xx_hal_i2c.o
LOAD build/stm32f4_HAL/stm32f4xx_hal_i2c_ex.o
LOAD build/stm32f4_HAL/stm32f4xx_hal_tim.o
LOAD build/stm32f4_HAL/stm32f4xx_hal_tim_ex.o
LOAD build/stm32f4_HAL/stm32f4xx_hal_rtc.o
LOAD build/stm32f4_HAL/stm32f4xx_hal_rcc.o
LOAD build/stm32f4_HAL/stm32f4xx_hal_rcc_ex.o
LOAD build/stm32f4_HAL/stm32f4xx_hal_pwr.o
LOAD build/stm32f4_HAL/stm32f4xx_hal_pwr_ex.o
LOAD build/stm32f4_HAL/stm32f4xx_hal_cortex.o
LOAD build/stm32f4_HAL/stm32f4xx_hal_spi.o
LOAD build/stm32f4_HAL/stm32f4xx_hal_dac.o
LOAD build/stm32f4_HAL/stm32f4xx_hal_dac_ex.o
LOAD build/stm32f4_HAL/stm32f4xx_hal_can.o
LOAD build/FreeRTOS/croutine.o
LOAD build/FreeRTOS/event_groups.o
LOAD build/FreeRTOS/list.o
LOAD build/FreeRTOS/queue.o
LOAD build/FreeRTOS/tasks.o
LOAD build/FreeRTOS/timers.o
LOAD build/FreeRTOS/stream_buffer.o
LOAD build/FreeRTOS/cmsis_os2.o
LOAD build/FreeRTOS/clib_arm.o
LOAD build/FreeRTOS/os_systick.o
LOAD build/FreeRTOS/heap_useNewlib.o
LOAD build/FreeRTOS/port.o
LOAD build/tm_stm32_gpio.o
LOAD build/tm_stm32_i2c.o
LOAD build/tm_stm32_mpu6050.o
LOAD c:/users/mark/documents/mcha3500/mcha3500_windows_toolchain/toolchain/gcc-arm-none-eabi/bin/../lib/gcc/arm-none-eabi/9.2.1/../../../../arm-none-eabi/lib/thumb/v7e-m+fp/hard\libm.a
LOAD ../STM32Cube_F4_FW/Drivers/CMSIS/Lib/GCC/libarm_cortexM4lf_math.a
START GROUP
LOAD c:/users/mark/documents/mcha3500/mcha3500_windows_toolchain/toolchain/gcc-arm-none-eabi/bin/../lib/gcc/arm-none-eabi/9.2.1/thumb/v7e-m+fp/hard\libgcc.a
LOAD c:/users/mark/documents/mcha3500/mcha3500_windows_toolchain/toolchain/gcc-arm-none-eabi/bin/../lib/gcc/arm-none-eabi/9.2.1/../../../../arm-none-eabi/lib/thumb/v7e-m+fp/hard\libc_nano.a
END GROUP
START GROUP
LOAD c:/users/mark/documents/mcha3500/mcha3500_windows_toolchain/toolchain/gcc-arm-none-eabi/bin/../lib/gcc/arm-none-eabi/9.2.1/thumb/v7e-m+fp/hard\libgcc.a
LOAD c:/users/mark/documents/mcha3500/mcha3500_windows_toolchain/toolchain/gcc-arm-none-eabi/bin/../lib/gcc/arm-none-eabi/9.2.1/../../../../arm-none-eabi/lib/thumb/v7e-m+fp/hard\libc_nano.a
LOAD c:/users/mark/documents/mcha3500/mcha3500_windows_toolchain/toolchain/gcc-arm-none-eabi/bin/../lib/gcc/arm-none-eabi/9.2.1/../../../../arm-none-eabi/lib/thumb/v7e-m+fp/hard\libnosys.a
END GROUP
START GROUP
LOAD c:/users/mark/documents/mcha3500/mcha3500_windows_toolchain/toolchain/gcc-arm-none-eabi/bin/../lib/gcc/arm-none-eabi/9.2.1/thumb/v7e-m+fp/hard\libgcc.a
LOAD c:/users/mark/documents/mcha3500/mcha3500_windows_toolchain/toolchain/gcc-arm-none-eabi/bin/../lib/gcc/arm-none-eabi/9.2.1/../../../../arm-none-eabi/lib/thumb/v7e-m+fp/hard\libc_nano.a
LOAD c:/users/mark/documents/mcha3500/mcha3500_windows_toolchain/toolchain/gcc-arm-none-eabi/bin/../lib/gcc/arm-none-eabi/9.2.1/../../../../arm-none-eabi/lib/thumb/v7e-m+fp/hard\libnosys.a
END GROUP
LOAD c:/users/mark/documents/mcha3500/mcha3500_windows_toolchain/toolchain/gcc-arm-none-eabi/bin/../lib/gcc/arm-none-eabi/9.2.1/thumb/v7e-m+fp/hard/crtend.o
LOAD c:/users/mark/documents/mcha3500/mcha3500_windows_toolchain/toolchain/gcc-arm-none-eabi/bin/../lib/gcc/arm-none-eabi/9.2.1/thumb/v7e-m+fp/hard/crtn.o
                0x20020000                _estack = 0x20020000
                0x00010000                _Min_Heap_Size = 0x10000
                0x00002000                _Min_Stack_Size = 0x2000

.isr_vector     0x08000000      0x1c4
                0x08000000                . = ALIGN (0x4)
 *(.isr_vector)
 .isr_vector    0x08000000      0x1c4 build/startup_stm32f446xx.o
                0x08000000                g_pfnVectors
                0x080001c4                . = ALIGN (0x4)

.text           0x080001d0    0x19e84
                0x080001d0                . = ALIGN (0x4)
 *(.text)
 .text          0x080001d0        0x0 c:/users/mark/documents/mcha3500/mcha3500_windows_toolchain/toolchain/gcc-arm-none-eabi/bin/../lib/gcc/arm-none-eabi/9.2.1/thumb/v7e-m+fp/hard/crti.o
 .text          0x080001d0       0x40 c:/users/mark/documents/mcha3500/mcha3500_windows_toolchain/toolchain/gcc-arm-none-eabi/bin/../lib/gcc/arm-none-eabi/9.2.1/thumb/v7e-m+fp/hard/crtbegin.o
 .text          0x08000210       0x74 c:/users/mark/documents/mcha3500/mcha3500_windows_toolchain/toolchain/gcc-arm-none-eabi/bin/../lib/gcc/arm-none-eabi/9.2.1/../../../../arm-none-eabi/lib/thumb/v7e-m+fp/hard/crt0.o
                0x08000210                _start
                0x08000210                _mainCRTStartup
 .text          0x08000284        0xc build/stm32f4xx_it.o
                0x08000284                NMI_Handler
                0x08000286                HardFault_Handler
                0x08000288                MemManage_Handler
                0x0800028a                BusFault_Handler
                0x0800028c                UsageFault_Handler
                0x0800028e                DebugMon_Handler
 .text          0x08000290       0xc0 build/system_stm32f4xx.o
                0x08000290                SystemInit
                0x080002dc                SystemCoreClockUpdate
 .text          0x08000350      0x104 build/cmd_line_buffer.o
                0x08000350                clb_init
                0x0800035a                clb_is_empty
                0x08000364                clb_is_full
                0x08000372                clb_delc
                0x0800037c                clb_is_cmd_ready
                0x08000394                clb_putc
                0x080003b4                clb_consume_char
                0x080003dc                clb_consume_str
                0x080003f6                clb_gets_at
                0x0800040e                clb_gets
                0x08000414                clb_process
 .text          0x08000454      0x1a0 build/cmd_parser.o
                0x08000544                cmd_parse
 .text          0x080005f4       0x4c build/cmd_task.o
                0x08000614                cmd_task_init
 .text          0x08000640        0x0 build/main.o
 .text          0x08000640      0x47c build/uart.o
                0x08000640                uart_init
                0x08000914                __wrap_printf
                0x0800094c                __io_putchar
                0x0800097c                __io_getchar
                0x08000998                _write
                0x080009b4                _read
                0x080009c8                _uart_rxne_isr
                0x080009f0                _uart_txe_isr
                0x08000a28                _uart_error
                0x08000a80                USART2_IRQHandler
 .text          0x08000abc       0xc4 build/heartbeat_task.o
                0x08000ad8                heartbeat_task_init
                0x08000b34                heartbeat_task_start
                0x08000b4c                heartbeat_task_stop
                0x08000b64                heartbeat_task_is_running
                0x08000b70                heartbeat_task_deinit
 .text          0x08000b80       0x70 build/heartbeat_cmd.o
                0x08000b80                heartbeat_cmd
 .text          0x08000bf0       0xc0 build/dummy_task.o
                0x08000bf0                dummy_task_init
                0x08000c4c                dummy_task_start
                0x08000c64                dummy_task_stop
                0x08000c94                dummy_task_is_running
                0x08000ca0                dummy_task_deinit
 .text          0x08000cb0       0xd4 build/pendulum.o
                0x08000cb0                pendulum_init
                0x08000d38                pendulum_read_voltage
 *fill*         0x08000d84        0x4 
 .text          0x08000d88      0x240 build/motor.o
                0x08000d88                motor_PWM_init
                0x08000e64                velocity_adjust
                0x08000ea0                motor_encoder_init
                0x08000f28                EXTI3_IRQHandler
                0x08000f80                EXTI1_IRQHandler
                0x08000f86                motor_encoder_getValue
                0x08000f90                motor_encoder_getAngle
 .text          0x08000fc8      0x100 build/data_logging.o
                0x08000fd4                logging_init
                0x08000ff4                pend_logging_start
                0x08001010                logging_stop
                0x080010ac                imu_logging_start
 .text          0x080010c8       0x60 build/controller.o
                0x080010c8                ctrl_init
                0x080010d4                getControl
                0x080010e0                ctrl_set_yref
                0x080010ec                getReference
                0x080010f8                ctrl_update
 .text          0x08001128      0x260 build/IMU.o
                0x08001128                IMU_read
                0x08001134                get_accY
                0x080011b4                get_accZ
                0x08001234                get_accX
                0x080012b4                get_gyroY
                0x0800133c                get_acc_angle
                0x08001378                IMU_init
 .text          0x08001388      0x314 build/kalman.o
                0x08001388                kalman_init
                0x08001518                kalman_update
                0x08001660                getKalmanAngle
                0x0800166c                getKalmanVelocity
                0x08001678                getKalmanBias
                0x08001684                kalman_set_angle
                0x08001690                kalman_set_velocity
 *fill*         0x0800169c        0x4 
 .text          0x080016a0      0x19c build/control_loop.o
                0x080017b4                control_loop_init
                0x080017d4                control_timer_start
                0x080017f4                control_timer_stop
                0x08001800                control_set_speed
                0x08001810                kalman_loop_update
 *fill*         0x0800183c        0x4 
 .text          0x08001840     0x16d8 build/qpas_sub_noblas.o
                0x08001840                printvector
                0x080018d0                printmatrix
                0x080019b4                qpas_sub_noblas
 .text          0x08002f18       0x14 build/startup_stm32f446xx.o
 .text          0x08002f2c      0x20c build/stm32f4_HAL/stm32f4xx_hal.o
                0x08002f2c                HAL_MspInit
                0x08002f2e                HAL_MspDeInit
                0x08002f30                HAL_DeInit
                0x08002f5c                HAL_InitTick
                0x08002fa0                HAL_Init
                0x08002fd4                HAL_IncTick
                0x08002fec                HAL_GetTick
                0x08002ff8                HAL_GetTickPrio
                0x08003004                HAL_SetTickFreq
                0x08003024                HAL_GetTickFreq
                0x08003030                HAL_Delay
                0x08003058                HAL_SuspendTick
                0x08003068                HAL_ResumeTick
                0x08003078                HAL_GetHalVersion
                0x08003080                HAL_GetREVID
                0x0800308c                HAL_GetDEVID
                0x0800309c                HAL_DBGMCU_EnableDBGSleepMode
                0x080030ac                HAL_DBGMCU_DisableDBGSleepMode
                0x080030bc                HAL_DBGMCU_EnableDBGStopMode
                0x080030cc                HAL_DBGMCU_DisableDBGStopMode
                0x080030dc                HAL_DBGMCU_EnableDBGStandbyMode
                0x080030ec                HAL_DBGMCU_DisableDBGStandbyMode
                0x080030fc                HAL_EnableCompensationCell
                0x08003108                HAL_DisableCompensationCell
                0x08003114                HAL_GetUIDw0
                0x08003120                HAL_GetUIDw1
                0x0800312c                HAL_GetUIDw2
 .text          0x08003138      0x630 build/stm32f4_HAL/stm32f4xx_hal_dma.o
                0x08003164                HAL_DMA_Init
                0x08003264                HAL_DMA_DeInit
                0x080032b8                HAL_DMA_Start
                0x0800330c                HAL_DMA_Start_IT
                0x08003380                HAL_DMA_Abort
                0x08003408                HAL_DMA_Abort_IT
                0x0800342c                HAL_DMA_PollForTransfer
                0x0800353a                HAL_DMA_IRQHandler
                0x080036b4                HAL_DMA_RegisterCallback
                0x080036fc                HAL_DMA_UnRegisterCallback
                0x0800375e                HAL_DMA_GetState
                0x08003764                HAL_DMA_GetError
 .text          0x08003768      0x9c8 build/stm32f4_HAL/stm32f4xx_hal_adc.o
                0x08003768                HAL_ADC_MspInit
                0x0800376a                HAL_ADC_Init
                0x080038b8                HAL_ADC_MspDeInit
                0x080038ba                HAL_ADC_DeInit
                0x080038ee                HAL_ADC_Start
                0x080039d8                HAL_ADC_Stop
                0x08003a0e                HAL_ADC_PollForConversion
                0x08003aac                HAL_ADC_PollForEvent
                0x08003b12                HAL_ADC_Start_IT
                0x08003c08                HAL_ADC_Stop_IT
                0x08003c50                HAL_ADC_Start_DMA
                0x08003d74                HAL_ADC_Stop_DMA
                0x08003dce                HAL_ADC_GetValue
                0x08003dd4                HAL_ADC_ConvCpltCallback
                0x08003dd6                HAL_ADC_ConvHalfCpltCallback
                0x08003de2                HAL_ADC_LevelOutOfWindowCallback
                0x08003de4                HAL_ADC_ErrorCallback
                0x08003de6                HAL_ADC_IRQHandler
                0x08003f90                HAL_ADC_ConfigChannel
                0x080040c8                HAL_ADC_AnalogWDGConfig
                0x08004126                HAL_ADC_GetState
                0x0800412a                HAL_ADC_GetError
 .text          0x08004130      0x6ac build/stm32f4_HAL/stm32f4xx_hal_adc_ex.o
                0x080041a0                HAL_ADCEx_InjectedStart
                0x08004254                HAL_ADCEx_InjectedStart_IT
                0x08004310                HAL_ADCEx_InjectedStop
                0x0800436a                HAL_ADCEx_InjectedPollForConversion
                0x080043f2                HAL_ADCEx_InjectedStop_IT
                0x08004454                HAL_ADCEx_InjectedGetValue
                0x08004486                HAL_ADCEx_MultiModeStart_DMA
                0x08004580                HAL_ADCEx_MultiModeStop_DMA
                0x080045e0                HAL_ADCEx_MultiModeGetValue
                0x080045ec                HAL_ADCEx_InjectedConvCpltCallback
                0x080045ee                HAL_ADCEx_InjectedConfigChannel
                0x0800478c                HAL_ADCEx_MultiModeConfigChannel
 .text          0x080047dc      0x334 build/stm32f4_HAL/stm32f4xx_hal_gpio.o
                0x080047dc                HAL_GPIO_Init
                0x0800498c                HAL_GPIO_DeInit
                0x08004aa8                HAL_GPIO_ReadPin
                0x08004ab4                HAL_GPIO_WritePin
                0x08004abe                HAL_GPIO_TogglePin
                0x08004acc                HAL_GPIO_LockPin
                0x08004af6                HAL_GPIO_EXTI_Callback
                0x08004af8                HAL_GPIO_EXTI_IRQHandler
 .text          0x08004b10      0x220 build/stm32f4_HAL/stm32f4xx_ll_gpio.o
                0x08004b30                LL_GPIO_DeInit
                0x08004bdc                LL_GPIO_Init
                0x08004d18                LL_GPIO_StructInit
 .text          0x08004d30      0x21c build/stm32f4_HAL/stm32f4xx_ll_usart.o
                0x08004d30                LL_USART_DeInit
                0x08004df0                LL_USART_Init
                0x08004eec                LL_USART_StructInit
                0x08004f04                LL_USART_ClockInit
                0x08004f3e                LL_USART_ClockStructInit
 .text          0x08004f4c      0x238 build/stm32f4_HAL/stm32f4xx_ll_dma.o
                0x08004f4c                LL_DMA_DeInit
                0x080050dc                LL_DMA_Init
                0x08005160                LL_DMA_StructInit
 .text          0x08005184      0x604 build/stm32f4_HAL/stm32f4xx_ll_rcc.o
                0x08005194                LL_RCC_DeInit
                0x08005244                LL_RCC_GetCECClockFreq
                0x08005274                RCC_GetHCLKClockFreq
                0x0800528c                RCC_GetPCLK1ClockFreq
                0x080052a4                RCC_GetPCLK2ClockFreq
                0x080052bc                RCC_PLL_GetFreqDomain_SYS
                0x08005304                RCC_GetSystemClockFreq
                0x08005334                LL_RCC_GetSystemClocksFreq
                0x08005354                LL_RCC_GetFMPI2CClockFreq
                0x080053a4                RCC_PLL_GetFreqDomain_48M
                0x080053e0                RCC_PLL_GetFreqDomain_I2S
                0x0800541c                RCC_PLL_GetFreqDomain_SPDIFRX
                0x08005420                RCC_PLL_GetFreqDomain_SAI
                0x08005424                RCC_PLLSAI_GetFreqDomain_SAI
                0x08005474                RCC_PLLSAI_GetFreqDomain_48M
                0x080054b8                LL_RCC_GetSDIOClockFreq
                0x08005500                LL_RCC_GetUSBClockFreq
                0x08005534                RCC_PLLI2S_GetFreqDomain_SAI
                0x08005584                LL_RCC_GetSAIClockFreq
                0x08005638                RCC_PLLI2S_GetFreqDomain_SPDIFRX
                0x0800567c                LL_RCC_GetSPDIFRXClockFreq
                0x080056b0                RCC_PLLI2S_GetFreqDomain_I2S
                0x080056f0                LL_RCC_GetI2SClockFreq
 .text          0x08005788     0x31e0 build/stm32f4_HAL/stm32f4xx_hal_i2c.o
                0x08005bac                HAL_I2C_MspInit
                0x08005bae                HAL_I2C_Init
                0x08005cfc                HAL_I2C_MspDeInit
                0x08005cfe                HAL_I2C_DeInit
                0x08005d30                HAL_I2C_Master_Transmit
                0x08005ee0                HAL_I2C_Master_Receive
                0x080061c0                HAL_I2C_Slave_Transmit
                0x08006320                HAL_I2C_Slave_Receive
                0x0800649c                HAL_I2C_Master_Transmit_IT
                0x0800654c                HAL_I2C_Master_Receive_IT
                0x08006604                HAL_I2C_Slave_Transmit_IT
                0x08006674                HAL_I2C_Slave_Receive_IT
                0x080066e4                HAL_I2C_Master_Transmit_DMA
                0x08006810                HAL_I2C_Master_Receive_DMA
                0x08006938                HAL_I2C_Slave_Transmit_DMA
                0x080069f8                HAL_I2C_Slave_Receive_DMA
                0x08006ab8                HAL_I2C_Mem_Write
                0x08006bd8                HAL_I2C_Mem_Read
                0x08006de8                HAL_I2C_Mem_Write_IT
                0x08006ea4                HAL_I2C_Mem_Read_IT
                0x08006f70                HAL_I2C_Mem_Write_DMA
                0x080070b8                HAL_I2C_Mem_Read_DMA
                0x08007244                HAL_I2C_IsDeviceReady
                0x080073a4                HAL_I2C_Master_Seq_Transmit_IT
                0x08007474                HAL_I2C_Master_Seq_Transmit_DMA
                0x080075e8                HAL_I2C_Master_Seq_Receive_IT
                0x080076f4                HAL_I2C_Master_Seq_Receive_DMA
                0x080078c0                HAL_I2C_Slave_Seq_Transmit_IT
                0x08007936                HAL_I2C_Slave_Seq_Transmit_DMA
                0x08007a74                HAL_I2C_Slave_Seq_Receive_IT
                0x08007aea                HAL_I2C_Slave_Seq_Receive_DMA
                0x08007c28                HAL_I2C_EnableListen_IT
                0x08007c5e                HAL_I2C_DisableListen_IT
                0x08007c9c                HAL_I2C_MasterTxCpltCallback
                0x08007c9e                HAL_I2C_MasterRxCpltCallback
                0x08007ca0                HAL_I2C_SlaveTxCpltCallback
                0x08007ca2                HAL_I2C_SlaveRxCpltCallback
                0x08007ca4                HAL_I2C_AddrCallback
                0x08007ca6                HAL_I2C_ListenCpltCallback
                0x08007ca8                HAL_I2C_MemTxCpltCallback
                0x08007caa                HAL_I2C_MemRxCpltCallback
                0x08007cac                HAL_I2C_ErrorCallback
                0x08007dfa                HAL_I2C_AbortCpltCallback
                0x08007fcc                HAL_I2C_Master_Abort_IT
                0x08008018                HAL_I2C_EV_IRQHandler
                0x08008824                HAL_I2C_ER_IRQHandler
                0x08008958                HAL_I2C_GetState
                0x0800895e                HAL_I2C_GetMode
                0x08008964                HAL_I2C_GetError
 .text          0x08008968       0x7c build/stm32f4_HAL/stm32f4xx_hal_i2c_ex.o
                0x08008968                HAL_I2CEx_ConfigAnalogFilter
                0x080089a6                HAL_I2CEx_ConfigDigitalFilter
 .text          0x080089e4     0x1dec build/stm32f4_HAL/stm32f4xx_hal_tim.o
                0x08008b00                HAL_TIM_Base_MspInit
                0x08008b02                HAL_TIM_Base_MspDeInit
                0x08008b04                HAL_TIM_Base_DeInit
                0x08008b3e                HAL_TIM_Base_Start
                0x08008b62                HAL_TIM_Base_Stop
                0x08008b90                HAL_TIM_Base_Start_IT
                0x08008bb0                HAL_TIM_Base_Stop_IT
                0x08008bda                HAL_TIM_Base_Start_DMA
                0x08008c44                HAL_TIM_Base_Stop_DMA
                0x08008c80                HAL_TIM_OC_MspInit
                0x08008c82                HAL_TIM_OC_MspDeInit
                0x08008c84                HAL_TIM_OC_DeInit
                0x08008cbe                HAL_TIM_PWM_MspInit
                0x08008cc0                HAL_TIM_PWM_MspDeInit
                0x08008cc2                HAL_TIM_PWM_DeInit
                0x08008cfc                HAL_TIM_IC_MspInit
                0x08008cfe                HAL_TIM_IC_MspDeInit
                0x08008d00                HAL_TIM_IC_DeInit
                0x08008d3a                HAL_TIM_OnePulse_MspInit
                0x08008d3c                HAL_TIM_OnePulse_MspDeInit
                0x08008d3e                HAL_TIM_OnePulse_DeInit
                0x08008d78                HAL_TIM_OnePulse_Start
                0x08008db8                HAL_TIM_OnePulse_Stop
                0x08008e20                HAL_TIM_OnePulse_Start_IT
                0x08008e70                HAL_TIM_OnePulse_Stop_IT
                0x08008ee8                HAL_TIM_Encoder_MspInit
                0x08008eea                HAL_TIM_Encoder_MspDeInit
                0x08008eec                HAL_TIM_Encoder_DeInit
                0x08008f26                HAL_TIM_Encoder_Start
                0x08008f6a                HAL_TIM_Encoder_Stop
                0x08008fb2                HAL_TIM_Encoder_Start_IT
                0x08009020                HAL_TIM_Encoder_Stop_IT
                0x08009094                HAL_TIM_Encoder_Start_DMA
                0x080091d4                HAL_TIM_Encoder_Stop_DMA
                0x08009266                HAL_TIM_DMABurst_WriteStart
                0x08009344                HAL_TIM_DMABurst_WriteStop
                0x080093a8                HAL_TIM_DMABurst_ReadStart
                0x0800948c                HAL_TIM_DMABurst_ReadStop
                0x08009490                HAL_TIM_GenerateEvent
                0x080094b4                HAL_TIM_ConfigTI1Input
                0x080094c4                HAL_TIM_ReadCapturedValue
                0x080094f0                HAL_TIM_PeriodElapsedCallback
                0x08009502                HAL_TIM_PeriodElapsedHalfCpltCallback
                0x08009514                HAL_TIM_OC_DelayElapsedCallback
                0x08009516                HAL_TIM_IC_CaptureCallback
                0x08009518                TIM_DMACaptureCplt
                0x08009554                HAL_TIM_IC_CaptureHalfCpltCallback
                0x08009556                TIM_DMACaptureHalfCplt
                0x08009592                HAL_TIM_PWM_PulseFinishedCallback
                0x08009594                TIM_DMADelayPulseCplt
                0x080095d0                HAL_TIM_PWM_PulseFinishedHalfCpltCallback
                0x080095d2                TIM_DMADelayPulseHalfCplt
                0x0800960e                HAL_TIM_TriggerCallback
                0x08009610                HAL_TIM_IRQHandler
                0x08009764                HAL_TIM_TriggerHalfCpltCallback
                0x08009776                HAL_TIM_ErrorCallback
                0x08009778                TIM_DMAError
                0x08009788                HAL_TIM_Base_GetState
                0x0800978e                HAL_TIM_OC_GetState
                0x08009794                HAL_TIM_PWM_GetState
                0x0800979a                HAL_TIM_IC_GetState
                0x080097a0                HAL_TIM_OnePulse_GetState
                0x080097a6                HAL_TIM_Encoder_GetState
                0x080097ac                TIM_Base_SetConfig
                0x08009878                HAL_TIM_Base_Init
                0x080098ac                HAL_TIM_OC_Init
                0x080098e0                HAL_TIM_PWM_Init
                0x08009914                HAL_TIM_IC_Init
                0x08009948                HAL_TIM_OnePulse_Init
                0x0800998e                HAL_TIM_Encoder_Init
                0x08009a24                TIM_OC2_SetConfig
                0x08009a90                HAL_TIM_OC_ConfigChannel
                0x08009ae8                HAL_TIM_PWM_ConfigChannel
                0x08009ba8                TIM_TI1_SetConfig
                0x08009c1c                HAL_TIM_IC_ConfigChannel
                0x08009d30                HAL_TIM_OnePulse_ConfigChannel
                0x08009e26                TIM_ETR_SetConfig
                0x08009e3a                HAL_TIM_ConfigOCrefClear
                0x08009f02                HAL_TIM_ConfigClockSource
                0x0800a0ce                HAL_TIM_SlaveConfigSynchro
                0x0800a11c                HAL_TIM_SlaveConfigSynchro_IT
                0x0800a16a                TIM_CCxChannelCmd
                0x0800a186                HAL_TIM_OC_Start
                0x0800a1c4                HAL_TIM_PWM_Start
                0x0800a1c8                HAL_TIM_OC_Stop
                0x0800a224                HAL_TIM_OC_Start_IT
                0x0800a294                HAL_TIM_PWM_Start_IT
                0x0800a298                HAL_TIM_OC_Stop_IT
                0x0800a328                HAL_TIM_PWM_Stop_IT
                0x0800a32c                HAL_TIM_OC_Start_DMA
                0x0800a43c                HAL_TIM_PWM_Start_DMA
                0x0800a440                HAL_TIM_OC_Stop_DMA
                0x0800a4f0                HAL_TIM_PWM_Stop_DMA
                0x0800a4f4                HAL_TIM_PWM_Stop
                0x0800a558                HAL_TIM_IC_Start
                0x0800a57c                HAL_TIM_IC_Stop
                0x0800a5aa                HAL_TIM_IC_Start_IT
                0x0800a600                HAL_TIM_IC_Stop_IT
                0x0800a660                HAL_TIM_IC_Start_DMA
                0x0800a750                HAL_TIM_IC_Stop_DMA
 .text          0x0800a7d0      0x814 build/stm32f4_HAL/stm32f4xx_hal_tim_ex.o
                0x0800a7ec                HAL_TIMEx_HallSensor_MspInit
                0x0800a7ee                HAL_TIMEx_HallSensor_Init
                0x0800a89c                HAL_TIMEx_HallSensor_MspDeInit
                0x0800a89e                HAL_TIMEx_HallSensor_DeInit
                0x0800a8d8                HAL_TIMEx_HallSensor_Start
                0x0800a8fe                HAL_TIMEx_HallSensor_Stop
                0x0800a92e                HAL_TIMEx_HallSensor_Start_IT
                0x0800a95c                HAL_TIMEx_HallSensor_Stop_IT
                0x0800a994                HAL_TIMEx_HallSensor_Start_DMA
                0x0800aa10                HAL_TIMEx_HallSensor_Stop_DMA
                0x0800aa50                HAL_TIMEx_OCN_Start
                0x0800aa7c                HAL_TIMEx_OCN_Stop
                0x0800aac6                HAL_TIMEx_OCN_Start_IT
                0x0800ab1c                HAL_TIMEx_OCN_Stop_IT
                0x0800ab9a                HAL_TIMEx_OCN_Start_DMA
                0x0800ac6c                HAL_TIMEx_OCN_Stop_DMA
                0x0800acf2                HAL_TIMEx_PWMN_Start
                0x0800acf6                HAL_TIMEx_PWMN_Stop
                0x0800acfa                HAL_TIMEx_PWMN_Start_IT
                0x0800acfe                HAL_TIMEx_PWMN_Stop_IT
                0x0800ad02                HAL_TIMEx_PWMN_Start_DMA
                0x0800ad06                HAL_TIMEx_PWMN_Stop_DMA
                0x0800ad0a                HAL_TIMEx_OnePulseN_Start
                0x0800ad24                HAL_TIMEx_OnePulseN_Stop
                0x0800ad28                HAL_TIMEx_OnePulseN_Start_IT
                0x0800ad52                HAL_TIMEx_OnePulseN_Stop_IT
                0x0800adac                HAL_TIMEx_ConfigCommutEvent
                0x0800ae06                HAL_TIMEx_ConfigCommutEvent_IT
                0x0800ae60                HAL_TIMEx_ConfigCommutEvent_DMA
                0x0800aed4                HAL_TIMEx_MasterConfigSynchronization
                0x0800af50                HAL_TIMEx_ConfigBreakDeadTime
                0x0800af9c                HAL_TIMEx_RemapConfig
                0x0800afb6                HAL_TIMEx_CommutCallback
                0x0800afb8                TIMEx_DMACommutationCplt
                0x0800afc8                HAL_TIMEx_CommutHalfCpltCallback
                0x0800afca                TIMEx_DMACommutationHalfCplt
                0x0800afda                HAL_TIMEx_BreakCallback
                0x0800afdc                HAL_TIMEx_HallSensor_GetState
 .text          0x0800afe4        0x0 build/stm32f4_HAL/stm32f4xx_hal_rtc.o
 .text          0x0800afe4      0x6d4 build/stm32f4_HAL/stm32f4xx_hal_rcc.o
                0x0800b336                HAL_RCC_MCOConfig
                0x0800b3d0                HAL_RCC_EnableCSS
                0x0800b3dc                HAL_RCC_DisableCSS
                0x0800b444                HAL_RCC_ClockConfig
                0x0800b57c                HAL_RCC_GetHCLKFreq
                0x0800b588                HAL_RCC_GetPCLK1Freq
                0x0800b5a8                HAL_RCC_GetPCLK2Freq
                0x0800b65c                HAL_RCC_GetClockConfig
                0x0800b698                HAL_RCC_CSSCallback
                0x0800b69a                HAL_RCC_NMI_IRQHandler
 .text          0x0800b6b8      0xdc8 build/stm32f4_HAL/stm32f4xx_hal_rcc_ex.o
                0x0800b6b8                HAL_RCCEx_PeriphCLKConfig
                0x0800bad0                HAL_RCCEx_GetPeriphCLKConfig
                0x0800bbcc                HAL_RCCEx_GetPeriphCLKFreq
                0x0800bd74                HAL_RCCEx_SelectLSEMode
                0x0800bd8c                HAL_RCCEx_EnablePLLI2S
                0x0800be00                HAL_RCCEx_DisablePLLI2S
                0x0800be34                HAL_RCCEx_EnablePLLSAI
                0x0800bea0                HAL_RCCEx_DisablePLLSAI
                0x0800bed4                HAL_RCC_GetSysClockFreq
                0x0800bf64                HAL_RCC_DeInit
                0x0800c0b8                HAL_RCC_OscConfig
                0x0800c3e4                HAL_RCC_GetOscConfig
 .text          0x0800c480      0x1ac build/stm32f4_HAL/stm32f4xx_hal_pwr.o
                0x0800c480                HAL_PWR_DeInit
                0x0800c498                HAL_PWR_EnableBkUpAccess
                0x0800c4a4                HAL_PWR_DisableBkUpAccess
                0x0800c4b0                HAL_PWR_ConfigPVD
                0x0800c520                HAL_PWR_EnablePVD
                0x0800c52c                HAL_PWR_DisablePVD
                0x0800c538                HAL_PWR_EnableWakeUpPin
                0x0800c548                HAL_PWR_DisableWakeUpPin
                0x0800c558                HAL_PWR_EnterSLEEPMode
                0x0800c578                HAL_PWR_EnterSTOPMode
                0x0800c5b0                HAL_PWR_EnterSTANDBYMode
                0x0800c5d0                HAL_PWR_PVDCallback
                0x0800c5d2                HAL_PWR_PVD_IRQHandler
                0x0800c5ec                HAL_PWR_EnableSleepOnExit
                0x0800c5fc                HAL_PWR_DisableSleepOnExit
                0x0800c60c                HAL_PWR_EnableSEVOnPend
                0x0800c61c                HAL_PWR_DisableSEVOnPend
 .text          0x0800c62c      0x298 build/stm32f4_HAL/stm32f4xx_hal_pwr_ex.o
                0x0800c62c                HAL_PWREx_EnableBkUpReg
                0x0800c660                HAL_PWREx_DisableBkUpReg
                0x0800c694                HAL_PWREx_EnableFlashPowerDown
                0x0800c6a0                HAL_PWREx_DisableFlashPowerDown
                0x0800c6ac                HAL_PWREx_GetVoltageRange
                0x0800c6bc                HAL_PWREx_ControlVoltageScaling
                0x0800c76c                HAL_PWREx_EnableOverDrive
                0x0800c7e4                HAL_PWREx_DisableOverDrive
                0x0800c85c                HAL_PWREx_EnterUnderDriveSTOPMode
 .text          0x0800c8c4      0x2c8 build/stm32f4_HAL/stm32f4xx_hal_cortex.o
                0x0800c8c4                HAL_NVIC_SetPriorityGrouping
                0x0800c8e8                HAL_NVIC_SetPriority
                0x0800c94c                HAL_NVIC_EnableIRQ
                0x0800c968                HAL_NVIC_DisableIRQ
                0x0800c990                HAL_NVIC_SystemReset
                0x0800c9b4                HAL_SYSTICK_Config
                0x0800c9e0                HAL_MPU_Disable
                0x0800ca00                HAL_MPU_Enable
                0x0800ca24                HAL_MPU_ConfigRegion
                0x0800ca74                HAL_NVIC_GetPriorityGrouping
                0x0800ca84                HAL_NVIC_GetPriority
                0x0800cae0                HAL_NVIC_SetPendingIRQ
                0x0800cb00                HAL_NVIC_GetPendingIRQ
                0x0800cb24                HAL_NVIC_ClearPendingIRQ
                0x0800cb44                HAL_NVIC_GetActive
                0x0800cb68                HAL_SYSTICK_CLKSourceConfig
                0x0800cb80                HAL_SYSTICK_Callback
                0x0800cb82                HAL_SYSTICK_IRQHandler
 .text          0x0800cb8c     0x1820 build/stm32f4_HAL/stm32f4xx_hal_spi.o
                0x0800cd30                HAL_SPI_MspInit
                0x0800cd32                HAL_SPI_Init
                0x0800cdb6                HAL_SPI_MspDeInit
                0x0800cdb8                HAL_SPI_DeInit
                0x0800cde4                HAL_SPI_Transmit
                0x0800cf5e                HAL_SPI_TransmitReceive
                0x0800d1de                HAL_SPI_Receive
                0x0800d39e                HAL_SPI_Transmit_IT
                0x0800d444                HAL_SPI_TransmitReceive_IT
                0x0800d50c                HAL_SPI_Receive_IT
                0x0800d5d4                HAL_SPI_Transmit_DMA
                0x0800d6ac                HAL_SPI_TransmitReceive_DMA
                0x0800d7d0                HAL_SPI_Receive_DMA
                0x0800d8cc                HAL_SPI_Abort
                0x0800d9f4                HAL_SPI_DMAPause
                0x0800da14                HAL_SPI_DMAResume
                0x0800da34                HAL_SPI_DMAStop
                0x0800da7a                HAL_SPI_TxCpltCallback
                0x0800da7c                HAL_SPI_RxCpltCallback
                0x0800da7e                HAL_SPI_TxRxCpltCallback
                0x0800da80                HAL_SPI_TxHalfCpltCallback
                0x0800da8c                HAL_SPI_RxHalfCpltCallback
                0x0800da98                HAL_SPI_TxRxHalfCpltCallback
                0x0800daa4                HAL_SPI_ErrorCallback
                0x0800e066                HAL_SPI_IRQHandler
                0x0800e180                HAL_SPI_AbortCpltCallback
                0x0800e182                HAL_SPI_Abort_IT
                0x0800e3a0                HAL_SPI_GetState
                0x0800e3a6                HAL_SPI_GetError
 .text          0x0800e3ac        0x0 build/stm32f4_HAL/stm32f4xx_hal_dac.o
 .text          0x0800e3ac        0x0 build/stm32f4_HAL/stm32f4xx_hal_dac_ex.o
 .text          0x0800e3ac        0x0 build/stm32f4_HAL/stm32f4xx_hal_can.o
 .text          0x0800e3ac        0x0 build/FreeRTOS/croutine.o
 .text          0x0800e3ac      0x274 build/FreeRTOS/event_groups.o
                0x0800e3ac                xEventGroupCreateStatic
                0x0800e3c4                xEventGroupCreate
                0x0800e3e0                xEventGroupWaitBits
                0x0800e498                xEventGroupClearBits
                0x0800e4b2                vEventGroupClearBitsCallback
                0x0800e4b6                xEventGroupClearBitsFromISR
                0x0800e4c8                xEventGroupGetBitsFromISR
                0x0800e4e4                xEventGroupSetBits
                0x0800e540                xEventGroupSync
                0x0800e5d4                vEventGroupSetBitsCallback
                0x0800e5d8                vEventGroupDelete
                0x0800e602                xEventGroupSetBitsFromISR
                0x0800e614                uxEventGroupGetNumber
                0x0800e61a                vEventGroupSetNumber
 .text          0x0800e620       0x82 build/FreeRTOS/list.o
                0x0800e620                vListInitialise
                0x0800e636                vListInitialiseItem
                0x0800e63c                vListInsertEnd
                0x0800e654                vListInsert
                0x0800e682                uxListRemove
 *fill*         0x0800e6a2        0x2 
 .text          0x0800e6a4      0x8fc build/FreeRTOS/queue.o
                0x0800e7c0                xQueueGenericReset
                0x0800e82c                xQueueGenericCreateStatic
                0x0800e858                xQueueGenericCreate
                0x0800e892                xQueueGetMutexHolder
                0x0800e8ac                xQueueGetMutexHolderFromISR
                0x0800e8b8                xQueueCreateCountingSemaphoreStatic
                0x0800e8d2                xQueueCreateCountingSemaphore
                0x0800e8e4                xQueueGenericSend
                0x0800e9e8                xQueueCreateMutexStatic
                0x0800ea12                xQueueGiveMutexRecursive
                0x0800ea3a                xQueueCreateMutex
                0x0800ea5e                xQueueGenericSendFromISR
                0x0800eac8                xQueueGiveFromISR
                0x0800eb24                xQueueReceive
                0x0800ec14                xQueueSemaphoreTake
                0x0800ed3c                xQueueTakeMutexRecursive
                0x0800ed6c                xQueuePeek
                0x0800ee5c                xQueueReceiveFromISR
                0x0800eec4                xQueuePeekFromISR
                0x0800eef4                uxQueueMessagesWaiting
                0x0800ef0a                uxQueueSpacesAvailable
                0x0800ef24                uxQueueMessagesWaitingFromISR
                0x0800ef28                vQueueDelete
                0x0800ef34                uxQueueGetQueueNumber
                0x0800ef38                vQueueSetQueueNumber
                0x0800ef3c                ucQueueGetQueueType
                0x0800ef42                xQueueIsQueueEmptyFromISR
                0x0800ef4c                xQueueIsQueueFullFromISR
                0x0800ef58                vQueueWaitForMessageRestricted
 .text          0x0800efa0     0x12d4 build/FreeRTOS/tasks.o
                0x0800f270                xTaskCreateStatic
                0x0800f2a4                xTaskCreate
                0x0800f300                vTaskDelete
                0x0800f384                eTaskGetState
                0x0800f3ec                uxTaskPriorityGet
                0x0800f40c                uxTaskPriorityGetFromISR
                0x0800f434                vTaskPrioritySet
                0x0800f4e4                vTaskResume
                0x0800f568                xTaskResumeFromISR
                0x0800f5f0                vTaskStartScheduler
                0x0800f668                vTaskEndScheduler
                0x0800f688                vTaskSuspendAll
                0x0800f69c                xTaskGetTickCount
                0x0800f6a8                xTaskGetTickCountFromISR
                0x0800f6b4                uxTaskGetNumberOfTasks
                0x0800f6c0                pcTaskGetName
                0x0800f6d0                xTaskIncrementTick
                0x0800f7b4                xTaskResumeAll
                0x0800f878                vTaskDelayUntil
                0x0800f8c8                vTaskDelay
                0x0800f8f8                xTaskCatchUpTicks
                0x0800f918                vTaskSwitchContext
                0x0800f97c                vTaskSuspend
                0x0800fa0c                vTaskPlaceOnEventList
                0x0800fa2c                vTaskPlaceOnUnorderedEventList
                0x0800fa54                vTaskPlaceOnEventListRestricted
                0x0800fa7c                xTaskRemoveFromEventList
                0x0800fae4                vTaskRemoveFromUnorderedEventList
                0x0800fb38                vTaskSetTimeOutState
                0x0800fb5c                vTaskInternalSetTimeOutState
                0x0800fb70                xTaskCheckForTimeOut
                0x0800fbc0                vTaskMissedYield
                0x0800fbd0                uxTaskGetTaskNumber
                0x0800fbd6                vTaskSetTaskNumber
                0x0800fbdc                vTaskGetInfo
                0x0800fcb6                uxTaskGetSystemState
                0x0800fd4c                uxTaskGetStackHighWaterMark
                0x0800fd6c                xTaskGetCurrentTaskHandle
                0x0800fd78                xTaskGetSchedulerState
                0x0800fd98                xTaskPriorityInherit
                0x0800fe18                xTaskPriorityDisinherit
                0x0800fe74                vTaskPriorityDisinheritAfterTimeout
                0x0800fee4                uxTaskResetEventItemValue
                0x0800fefc                pvTaskIncrementMutexHeldCount
                0x0800ff14                ulTaskNotifyTake
                0x0800ff80                xTaskNotifyWait
                0x08010014                xTaskGenericNotify
                0x080100c4                xTaskGenericNotifyFromISR
                0x08010184                vTaskNotifyGiveFromISR
                0x08010214                xTaskNotifyStateClear
                0x08010240                ulTaskNotifyValueClear
 .text          0x08010274      0x49c build/FreeRTOS/timers.o
                0x080102f0                xTimerCreateTimerTask
                0x08010340                xTimerCreate
                0x08010386                xTimerCreateStatic
                0x080103c6                xTimerGenericCommand
                0x08010618                xTimerGetTimerDaemonTaskHandle
                0x08010624                xTimerGetPeriod
                0x08010628                vTimerSetReloadMode
                0x0801064e                uxTimerGetReloadMode
                0x0801066a                xTimerGetExpiryTime
                0x0801066e                pcTimerGetName
                0x08010672                xTimerIsTimerActive
                0x0801068e                pvTimerGetTimerID
                0x080106a4                vTimerSetTimerID
                0x080106b8                xTimerPendFunctionCallFromISR
                0x080106e0                xTimerPendFunctionCall
                0x08010708                uxTimerGetTimerNumber
                0x0801070c                vTimerSetTimerNumber
 .text          0x08010710      0x532 build/FreeRTOS/stream_buffer.o
                0x080107b0                xStreamBufferGenericCreate
                0x080107ec                xStreamBufferGenericCreateStatic
                0x0801082c                vStreamBufferDelete
                0x0801083e                xStreamBufferReset
                0x08010884                xStreamBufferSetTriggerLevel
                0x08010898                xStreamBufferSpacesAvailable
                0x080108ac                xStreamBufferBytesAvailable
                0x080108ae                xStreamBufferSend
                0x0801098c                xStreamBufferSendFromISR
                0x08010a20                xStreamBufferReceive
                0x08010ad8                xStreamBufferNextMessageLengthBytes
                0x08010b06                xStreamBufferReceiveFromISR
                0x08010b9a                xStreamBufferIsEmpty
                0x08010ba6                xStreamBufferIsFull
                0x08010bc2                xStreamBufferSendCompletedFromISR
                0x08010bfa                xStreamBufferReceiveCompletedFromISR
                0x08010c32                uxStreamBufferGetStreamBufferNumber
                0x08010c36                vStreamBufferSetStreamBufferNumber
                0x08010c3a                ucStreamBufferGetStreamBufferType
 *fill*         0x08010c42        0x2 
 .text          0x08010c44     0x1160 build/FreeRTOS/cmsis_os2.o
                0x08010c82                SysTick_Handler
                0x08010ca0                osKernelInitialize
                0x08010ccc                osKernelGetInfo
                0x08010cf8                osKernelGetState
                0x08010d18                osKernelStart
                0x08010d58                osKernelLock
                0x08010d84                osKernelUnlock
                0x08010dbc                osKernelRestoreLock
                0x08010e00                osKernelGetTickCount
                0x08010e18                osKernelGetTickFreq
                0x08010e1e                osKernelGetSysTimerCount
                0x08010e5e                osKernelGetSysTimerFreq
                0x08010e68                osThreadNew
                0x08010f06                osThreadGetName
                0x08010f20                osThreadGetId
                0x08010f24                osThreadGetState
                0x08010f4c                osThreadGetStackSpace
                0x08010f66                osThreadSetPriority
                0x08010f94                osThreadGetPriority
                0x08010fb0                osThreadYield
                0x08010fd4                osThreadSuspend
                0x08010ff8                osThreadResume
                0x0801101c                osThreadExit
                0x08011026                osThreadTerminate
                0x0801105a                osThreadGetCount
                0x0801106e                osThreadEnumerate
                0x080110d8                osThreadFlagsSet
                0x08011158                osThreadFlagsClear
                0x080111a8                osThreadFlagsGet
                0x080111d6                osThreadFlagsWait
                0x08011270                osDelay
                0x0801128e                osDelayUntil
                0x080112be                osTimerNew
                0x0801133c                osTimerGetName
                0x08011356                osTimerStart
                0x0801138c                osTimerStop
                0x080113ce                osTimerIsRunning
                0x080113e8                osTimerDelete
                0x0801142e                osEventFlagsNew
                0x0801145a                osEventFlagsSet
                0x080114b4                osEventFlagsClear
                0x080114fa                osEventFlagsGet
                0x0801151c                osEventFlagsWait
                0x08011580                osEventFlagsDelete
                0x080115a4                osMutexNew
                0x080115fe                osMutexAcquire
                0x08011644                osMutexRelease
                0x08011684                osMutexGetOwner
                0x080116a0                osMutexDelete
                0x080116c6                osSemaphoreNew
                0x08011754                osSemaphoreAcquire
                0x080117b8                osSemaphoreRelease
                0x08011810                osSemaphoreGetCount
                0x08011832                osSemaphoreDelete
                0x08011856                osMessageQueueNew
                0x080118ba                osMessageQueuePut
                0x08011928                osMessageQueueGet
                0x08011994                osMessageQueueGetCapacity
                0x0801199a                osMessageQueueGetMsgSize
                0x080119a0                osMessageQueueGetCount
                0x080119a4                osMessageQueueGetSpace
                0x080119da                osMessageQueueReset
                0x08011a00                osMessageQueueDelete
                0x08011a04                osMemoryPoolNew
                0x08011af8                osMemoryPoolGetName
                0x08011b0e                osMemoryPoolAlloc
                0x08011bc4                osMemoryPoolFree
                0x08011c80                osMemoryPoolGetCapacity
                0x08011c98                osMemoryPoolGetBlockSize
                0x08011cb0                osMemoryPoolGetCount
                0x08011ce0                osMemoryPoolGetSpace
                0x08011d10                osMemoryPoolDelete
                0x08011d6c                vApplicationGetIdleTaskMemory
                0x08011d88                vApplicationGetTimerTaskMemory
 .text          0x08011da4        0x2 build/FreeRTOS/clib_arm.o
                0x08011da4                software_init_hook
 *fill*         0x08011da6        0x2 
 .text          0x08011da8       0xe0 build/FreeRTOS/os_systick.o
                0x08011da8                OS_Tick_Setup
                0x08011de8                OS_Tick_Enable
                0x08011e14                OS_Tick_Disable
                0x08011e40                OS_Tick_AcknowledgeIRQ
                0x08011e4c                OS_Tick_GetIRQn
                0x08011e52                OS_Tick_GetClock
                0x08011e5c                OS_Tick_GetInterval
                0x08011e68                OS_Tick_GetCount
                0x08011e78                OS_Tick_GetOverflow
 .text          0x08011e88       0x8c build/FreeRTOS/heap_useNewlib.o
                0x08011e88                sbrk
                0x08011ed8                _sbrk
                0x08011edc                __malloc_lock
                0x08011ee0                __malloc_unlock
                0x08011ee4                __env_lock
                0x08011ee8                __env_unlock
                0x08011eec                pvPortMalloc
                0x08011ef0                vPortFree
                0x08011ef4                xPortGetFreeHeapSize
                0x08011f10                vPortInitialiseBlocks
 *fill*         0x08011f14        0xc 
 .text          0x08011f20      0x1f8 build/FreeRTOS/port.o
                0x08011f70                pxPortInitialiseStack
                0x08011f9c                SVC_Handler
                0x08011fc4                vPortEndScheduler
                0x08011fc6                vPortEnterCritical
                0x08011fe4                vPortExitCritical
                0x08011ff8                PendSV_Handler
                0x08012064                xPortSysTickHandler
                0x08012094                vPortSetupTimerInterrupt
                0x080120c8                xPortStartScheduler
 .text          0x08012118      0x308 build/tm_stm32_gpio.o
                0x08012118                TM_GPIO_DeInit
                0x08012160                TM_GPIO_SetPinAsInput
                0x08012184                TM_GPIO_SetPinAsOutput
                0x080121b0                TM_GPIO_SetPinAsAnalog
                0x080121d2                TM_GPIO_SetPinAsAlternate
                0x080121fe                TM_GPIO_SetPullResistor
                0x08012228                TM_GPIO_Lock
                0x08012238                TM_GPIO_GetPinSource
                0x0801224c                TM_GPIO_GetPortSource
                0x0801225a                TM_GPIO_INT_EnableClock
                0x0801227c                TM_GPIO_INT_DisableClock
                0x080122a0                TM_GPIO_INT_Init
                0x08012354                TM_GPIO_Init
                0x08012386                TM_GPIO_InitAlternate
                0x080123ec                TM_GPIO_GetUsedPins
                0x08012404                TM_GPIO_GetFreePins
 .text          0x08012420      0x424 build/tm_stm32_i2c.o
                0x08012420                TM_I2C_GetHandle
                0x08012458                TM_I2C_Read
                0x0801249c                TM_I2C_ReadMulti
                0x080124e2                TM_I2C_ReadNoRegister
                0x08012508                TM_I2C_ReadMultiNoRegister
                0x08012532                TM_I2C_Write
                0x08012562                TM_I2C_WriteMulti
                0x08012598                TM_I2C_WriteNoRegister
                0x080125c2                TM_I2C_WriteMultiNoRegister
                0x080125ec                TM_I2C_Write16
                0x0801261e                TM_I2C_Read16
                0x08012666                TM_I2C_IsDeviceConnected
                0x0801267c                TM_I2C_WriteReadRepeatedStart
                0x080126ce                TM_I2C_InitCustomPinsCallback
                0x080126d0                TM_I2C_Init
 .text          0x08012844      0x390 build/tm_stm32_mpu6050.o
                0x08012844                TM_MPU6050_SetGyroscope
                0x080128ac                TM_MPU6050_SetAccelerometer
                0x0801290c                TM_MPU6050_SetDataRate
                0x08012928                TM_MPU6050_Init
                0x080129c0                TM_MPU6050_EnableInterrupts
                0x08012a00                TM_MPU6050_DisableInterrupts
                0x08012a1c                TM_MPU6050_ReadInterrupts
                0x08012a48                TM_MPU6050_ReadAccelerometer
                0x08012a90                TM_MPU6050_ReadGyroscope
                0x08012ad8                TM_MPU6050_ReadTemperature
                0x08012b28                TM_MPU6050_ReadAll
 .text          0x08012bd4        0x0 c:/users/mark/documents/mcha3500/mcha3500_windows_toolchain/toolchain/gcc-arm-none-eabi/bin/../lib/gcc/arm-none-eabi/9.2.1/../../../../arm-none-eabi/lib/thumb/v7e-m+fp/hard\libm.a(lib_a-w_atan2.o)
 .text          0x08012bd4        0x0 c:/users/mark/documents/mcha3500/mcha3500_windows_toolchain/toolchain/gcc-arm-none-eabi/bin/../lib/gcc/arm-none-eabi/9.2.1/../../../../arm-none-eabi/lib/thumb/v7e-m+fp/hard\libm.a(lib_a-wf_sqrt.o)
 .text          0x08012bd4        0x0 c:/users/mark/documents/mcha3500/mcha3500_windows_toolchain/toolchain/gcc-arm-none-eabi/bin/../lib/gcc/arm-none-eabi/9.2.1/../../../../arm-none-eabi/lib/thumb/v7e-m+fp/hard\libm.a(lib_a-e_atan2.o)
 .text          0x08012bd4        0x0 c:/users/mark/documents/mcha3500/mcha3500_windows_toolchain/toolchain/gcc-arm-none-eabi/bin/../lib/gcc/arm-none-eabi/9.2.1/../../../../arm-none-eabi/lib/thumb/v7e-m+fp/hard\libm.a(lib_a-ef_sqrt.o)
 .text          0x08012bd4        0x0 c:/users/mark/documents/mcha3500/mcha3500_windows_toolchain/toolchain/gcc-arm-none-eabi/bin/../lib/gcc/arm-none-eabi/9.2.1/../../../../arm-none-eabi/lib/thumb/v7e-m+fp/hard\libm.a(lib_a-s_atan.o)
 .text          0x08012bd4        0x0 c:/users/mark/documents/mcha3500/mcha3500_windows_toolchain/toolchain/gcc-arm-none-eabi/bin/../lib/gcc/arm-none-eabi/9.2.1/../../../../arm-none-eabi/lib/thumb/v7e-m+fp/hard\libm.a(lib_a-s_fabs.o)
 .text          0x08012bd4        0x0 c:/users/mark/documents/mcha3500/mcha3500_windows_toolchain/toolchain/gcc-arm-none-eabi/bin/../lib/gcc/arm-none-eabi/9.2.1/../../../../arm-none-eabi/lib/thumb/v7e-m+fp/hard\libm.a(lib_a-s_lib_ver.o)
 .text          0x08012bd4        0x0 c:/users/mark/documents/mcha3500/mcha3500_windows_toolchain/toolchain/gcc-arm-none-eabi/bin/../lib/gcc/arm-none-eabi/9.2.1/../../../../arm-none-eabi/lib/thumb/v7e-m+fp/hard\libm.a(lib_a-s_matherr.o)
 .text          0x08012bd4        0x0 ../STM32Cube_F4_FW/Drivers/CMSIS/Lib/GCC/libarm_cortexM4lf_math.a(arm_mat_trans_f32.o)
 .text          0x08012bd4        0x0 ../STM32Cube_F4_FW/Drivers/CMSIS/Lib/GCC/libarm_cortexM4lf_math.a(arm_mat_sub_f32.o)
 .text          0x08012bd4        0x0 ../STM32Cube_F4_FW/Drivers/CMSIS/Lib/GCC/libarm_cortexM4lf_math.a(arm_mat_mult_f32.o)
 .text          0x08012bd4        0x0 ../STM32Cube_F4_FW/Drivers/CMSIS/Lib/GCC/libarm_cortexM4lf_math.a(arm_mat_inverse_f32.o)
 .text          0x08012bd4        0x0 ../STM32Cube_F4_FW/Drivers/CMSIS/Lib/GCC/libarm_cortexM4lf_math.a(arm_mat_init_f32.o)
 .text          0x08012bd4        0x0 ../STM32Cube_F4_FW/Drivers/CMSIS/Lib/GCC/libarm_cortexM4lf_math.a(arm_mat_add_f32.o)
 .text          0x08012bd4      0x254 c:/users/mark/documents/mcha3500/mcha3500_windows_toolchain/toolchain/gcc-arm-none-eabi/bin/../lib/gcc/arm-none-eabi/9.2.1/thumb/v7e-m+fp/hard\libgcc.a(_arm_muldf3.o)
 .text          0x08012e28      0x378 c:/users/mark/documents/mcha3500/mcha3500_windows_toolchain/toolchain/gcc-arm-none-eabi/bin/../lib/gcc/arm-none-eabi/9.2.1/thumb/v7e-m+fp/hard\libgcc.a(_arm_addsubdf3.o)
                0x08012e28                __aeabi_drsub
                0x08012e30                __aeabi_dsub
                0x08012e30                __subdf3
                0x08012e34                __aeabi_dadd
                0x08012e34                __adddf3
                0x080130ac                __floatunsidf
                0x080130ac                __aeabi_ui2d
                0x080130cc                __floatsidf
                0x080130cc                __aeabi_i2d
                0x080130f0                __aeabi_f2d
                0x080130f0                __extendsfdf2
                0x08013134                __floatundidf
                0x08013134                __aeabi_ul2d
                0x08013144                __floatdidf
                0x08013144                __aeabi_l2d
 .text          0x080131a0      0x424 c:/users/mark/documents/mcha3500/mcha3500_windows_toolchain/toolchain/gcc-arm-none-eabi/bin/../lib/gcc/arm-none-eabi/9.2.1/thumb/v7e-m+fp/hard\libgcc.a(_arm_muldivdf3.o)
                0x080131a0                __aeabi_dmul
                0x080131a0                __muldf3
                0x080133f4                __divdf3
                0x080133f4                __aeabi_ddiv
 .text          0x080135c4      0x110 c:/users/mark/documents/mcha3500/mcha3500_windows_toolchain/toolchain/gcc-arm-none-eabi/bin/../lib/gcc/arm-none-eabi/9.2.1/thumb/v7e-m+fp/hard\libgcc.a(_arm_cmpdf2.o)
                0x080135c4                __gtdf2
                0x080135c4                __gedf2
                0x080135cc                __ltdf2
                0x080135cc                __ledf2
                0x080135d4                __nedf2
                0x080135d4                __eqdf2
                0x080135d4                __cmpdf2
                0x08013650                __aeabi_cdrcmple
                0x08013660                __aeabi_cdcmpeq
                0x08013660                __aeabi_cdcmple
                0x08013670                __aeabi_dcmpeq
                0x08013684                __aeabi_dcmplt
                0x08013698                __aeabi_dcmple
                0x080136ac                __aeabi_dcmpge
                0x080136c0                __aeabi_dcmpgt
 .text          0x080136d4       0xa0 c:/users/mark/documents/mcha3500/mcha3500_windows_toolchain/toolchain/gcc-arm-none-eabi/bin/../lib/gcc/arm-none-eabi/9.2.1/thumb/v7e-m+fp/hard\libgcc.a(_arm_truncdfsf2.o)
                0x080136d4                __truncdfsf2
                0x080136d4                __aeabi_d2f
 .text          0x08013774       0xa0 c:/users/mark/documents/mcha3500/mcha3500_windows_toolchain/toolchain/gcc-arm-none-eabi/bin/../lib/gcc/arm-none-eabi/9.2.1/thumb/v7e-m+fp/hard\libgcc.a(_aeabi_ldivmod.o)
                0x08013774                __aeabi_ldivmod
 .text          0x08013814       0x30 c:/users/mark/documents/mcha3500/mcha3500_windows_toolchain/toolchain/gcc-arm-none-eabi/bin/../lib/gcc/arm-none-eabi/9.2.1/thumb/v7e-m+fp/hard\libgcc.a(_aeabi_uldivmod.o)
                0x08013814                __aeabi_uldivmod
 .text          0x08013844      0x2c4 c:/users/mark/documents/mcha3500/mcha3500_windows_toolchain/toolchain/gcc-arm-none-eabi/bin/../lib/gcc/arm-none-eabi/9.2.1/thumb/v7e-m+fp/hard\libgcc.a(_udivmoddi4.o)
                0x08013844                __udivmoddi4
 .text          0x08013b08        0x4 c:/users/mark/documents/mcha3500/mcha3500_windows_toolchain/toolchain/gcc-arm-none-eabi/bin/../lib/gcc/arm-none-eabi/9.2.1/thumb/v7e-m+fp/hard\libgcc.a(_dvmd_tls.o)
                0x08013b08                __aeabi_idiv0
                0x08013b08                __aeabi_ldiv0
 .text          0x08013b0c        0x0 c:/users/mark/documents/mcha3500/mcha3500_windows_toolchain/toolchain/gcc-arm-none-eabi/bin/../lib/gcc/arm-none-eabi/9.2.1/../../../../arm-none-eabi/lib/thumb/v7e-m+fp/hard\libc_nano.a(lib_a-atof.o)
 .text          0x08013b0c        0x0 c:/users/mark/documents/mcha3500/mcha3500_windows_toolchain/toolchain/gcc-arm-none-eabi/bin/../lib/gcc/arm-none-eabi/9.2.1/../../../../arm-none-eabi/lib/thumb/v7e-m+fp/hard\libc_nano.a(lib_a-ctype_.o)
 .text          0x08013b0c        0x0 c:/users/mark/documents/mcha3500/mcha3500_windows_toolchain/toolchain/gcc-arm-none-eabi/bin/../lib/gcc/arm-none-eabi/9.2.1/../../../../arm-none-eabi/lib/thumb/v7e-m+fp/hard\libc_nano.a(lib_a-errno.o)
 .text          0x08013b0c        0x0 c:/users/mark/documents/mcha3500/mcha3500_windows_toolchain/toolchain/gcc-arm-none-eabi/bin/../lib/gcc/arm-none-eabi/9.2.1/../../../../arm-none-eabi/lib/thumb/v7e-m+fp/hard\libc_nano.a(lib_a-exit.o)
 .text          0x08013b0c        0x0 c:/users/mark/documents/mcha3500/mcha3500_windows_toolchain/toolchain/gcc-arm-none-eabi/bin/../lib/gcc/arm-none-eabi/9.2.1/../../../../arm-none-eabi/lib/thumb/v7e-m+fp/hard\libc_nano.a(lib_a-getchar.o)
 .text          0x08013b0c        0x0 c:/users/mark/documents/mcha3500/mcha3500_windows_toolchain/toolchain/gcc-arm-none-eabi/bin/../lib/gcc/arm-none-eabi/9.2.1/../../../../arm-none-eabi/lib/thumb/v7e-m+fp/hard\libc_nano.a(lib_a-impure.o)
 .text          0x08013b0c        0x0 c:/users/mark/documents/mcha3500/mcha3500_windows_toolchain/toolchain/gcc-arm-none-eabi/bin/../lib/gcc/arm-none-eabi/9.2.1/../../../../arm-none-eabi/lib/thumb/v7e-m+fp/hard\libc_nano.a(lib_a-init.o)
 .text          0x08013b0c        0x0 c:/users/mark/documents/mcha3500/mcha3500_windows_toolchain/toolchain/gcc-arm-none-eabi/bin/../lib/gcc/arm-none-eabi/9.2.1/../../../../arm-none-eabi/lib/thumb/v7e-m+fp/hard\libc_nano.a(lib_a-malloc.o)
 .text          0x08013b0c        0x0 c:/users/mark/documents/mcha3500/mcha3500_windows_toolchain/toolchain/gcc-arm-none-eabi/bin/../lib/gcc/arm-none-eabi/9.2.1/../../../../arm-none-eabi/lib/thumb/v7e-m+fp/hard\libc_nano.a(lib_a-memcpy-stub.o)
 .text          0x08013b0c        0x0 c:/users/mark/documents/mcha3500/mcha3500_windows_toolchain/toolchain/gcc-arm-none-eabi/bin/../lib/gcc/arm-none-eabi/9.2.1/../../../../arm-none-eabi/lib/thumb/v7e-m+fp/hard\libc_nano.a(lib_a-memset.o)
 .text          0x08013b0c        0x0 c:/users/mark/documents/mcha3500/mcha3500_windows_toolchain/toolchain/gcc-arm-none-eabi/bin/../lib/gcc/arm-none-eabi/9.2.1/../../../../arm-none-eabi/lib/thumb/v7e-m+fp/hard\libc_nano.a(lib_a-mstats.o)
 .text          0x08013b0c        0x0 c:/users/mark/documents/mcha3500/mcha3500_windows_toolchain/toolchain/gcc-arm-none-eabi/bin/../lib/gcc/arm-none-eabi/9.2.1/../../../../arm-none-eabi/lib/thumb/v7e-m+fp/hard\libc_nano.a(lib_a-nano-freer.o)
 .text          0x08013b0c        0x0 c:/users/mark/documents/mcha3500/mcha3500_windows_toolchain/toolchain/gcc-arm-none-eabi/bin/../lib/gcc/arm-none-eabi/9.2.1/../../../../arm-none-eabi/lib/thumb/v7e-m+fp/hard\libc_nano.a(lib_a-nano-mallinfor.o)
 .text          0x08013b0c        0x0 c:/users/mark/documents/mcha3500/mcha3500_windows_toolchain/toolchain/gcc-arm-none-eabi/bin/../lib/gcc/arm-none-eabi/9.2.1/../../../../arm-none-eabi/lib/thumb/v7e-m+fp/hard\libc_nano.a(lib_a-nano-mallocr.o)
 .text          0x08013b0c        0x0 c:/users/mark/documents/mcha3500/mcha3500_windows_toolchain/toolchain/gcc-arm-none-eabi/bin/../lib/gcc/arm-none-eabi/9.2.1/../../../../arm-none-eabi/lib/thumb/v7e-m+fp/hard\libc_nano.a(lib_a-nano-malloptr.o)
 .text          0x08013b0c        0x0 c:/users/mark/documents/mcha3500/mcha3500_windows_toolchain/toolchain/gcc-arm-none-eabi/bin/../lib/gcc/arm-none-eabi/9.2.1/../../../../arm-none-eabi/lib/thumb/v7e-m+fp/hard\libc_nano.a(lib_a-nano-mallstatsr.o)
 .text          0x08013b0c        0x0 c:/users/mark/documents/mcha3500/mcha3500_windows_toolchain/toolchain/gcc-arm-none-eabi/bin/../lib/gcc/arm-none-eabi/9.2.1/../../../../arm-none-eabi/lib/thumb/v7e-m+fp/hard\libc_nano.a(lib_a-nano-vfprintf_float.o)
 .text          0x08013b0c        0x0 c:/users/mark/documents/mcha3500/mcha3500_windows_toolchain/toolchain/gcc-arm-none-eabi/bin/../lib/gcc/arm-none-eabi/9.2.1/../../../../arm-none-eabi/lib/thumb/v7e-m+fp/hard\libc_nano.a(lib_a-nano-vfprintf_i.o)
 .text          0x08013b0c        0x0 c:/users/mark/documents/mcha3500/mcha3500_windows_toolchain/toolchain/gcc-arm-none-eabi/bin/../lib/gcc/arm-none-eabi/9.2.1/../../../../arm-none-eabi/lib/thumb/v7e-m+fp/hard\libc_nano.a(lib_a-nano-vfscanf_float.o)
 .text          0x08013b0c        0x0 c:/users/mark/documents/mcha3500/mcha3500_windows_toolchain/toolchain/gcc-arm-none-eabi/bin/../lib/gcc/arm-none-eabi/9.2.1/../../../../arm-none-eabi/lib/thumb/v7e-m+fp/hard\libc_nano.a(lib_a-printf.o)
 .text          0x08013b0c        0x0 c:/users/mark/documents/mcha3500/mcha3500_windows_toolchain/toolchain/gcc-arm-none-eabi/bin/../lib/gcc/arm-none-eabi/9.2.1/../../../../arm-none-eabi/lib/thumb/v7e-m+fp/hard\libc_nano.a(lib_a-reent.o)
 .text          0x08013b0c        0x0 c:/users/mark/documents/mcha3500/mcha3500_windows_toolchain/toolchain/gcc-arm-none-eabi/bin/../lib/gcc/arm-none-eabi/9.2.1/../../../../arm-none-eabi/lib/thumb/v7e-m+fp/hard\libc_nano.a(lib_a-sbrkr.o)
 .text          0x08013b0c        0x0 c:/users/mark/documents/mcha3500/mcha3500_windows_toolchain/toolchain/gcc-arm-none-eabi/bin/../lib/gcc/arm-none-eabi/9.2.1/../../../../arm-none-eabi/lib/thumb/v7e-m+fp/hard\libc_nano.a(lib_a-setvbuf.o)
 .text          0x08013b0c        0x0 c:/users/mark/documents/mcha3500/mcha3500_windows_toolchain/toolchain/gcc-arm-none-eabi/bin/../lib/gcc/arm-none-eabi/9.2.1/../../../../arm-none-eabi/lib/thumb/v7e-m+fp/hard\libc_nano.a(lib_a-sf_nan.o)
 .text          0x08013b0c        0x0 c:/users/mark/documents/mcha3500/mcha3500_windows_toolchain/toolchain/gcc-arm-none-eabi/bin/../lib/gcc/arm-none-eabi/9.2.1/../../../../arm-none-eabi/lib/thumb/v7e-m+fp/hard\libc_nano.a(lib_a-sprintf.o)
 .text          0x08013b0c       0x14 c:/users/mark/documents/mcha3500/mcha3500_windows_toolchain/toolchain/gcc-arm-none-eabi/bin/../lib/gcc/arm-none-eabi/9.2.1/../../../../arm-none-eabi/lib/thumb/v7e-m+fp/hard\libc_nano.a(lib_a-strcmp.o)
                0x08013b0c                strcmp
 .text          0x08013b20        0x0 c:/users/mark/documents/mcha3500/mcha3500_windows_toolchain/toolchain/gcc-arm-none-eabi/bin/../lib/gcc/arm-none-eabi/9.2.1/../../../../arm-none-eabi/lib/thumb/v7e-m+fp/hard\libc_nano.a(lib_a-strcpy.o)
 .text          0x08013b20       0x10 c:/users/mark/documents/mcha3500/mcha3500_windows_toolchain/toolchain/gcc-arm-none-eabi/bin/../lib/gcc/arm-none-eabi/9.2.1/../../../../arm-none-eabi/lib/thumb/v7e-m+fp/hard\libc_nano.a(lib_a-strlen.o)
                0x08013b20                strlen
 .text          0x08013b30        0x0 c:/users/mark/documents/mcha3500/mcha3500_windows_toolchain/toolchain/gcc-arm-none-eabi/bin/../lib/gcc/arm-none-eabi/9.2.1/../../../../arm-none-eabi/lib/thumb/v7e-m+fp/hard\libc_nano.a(lib_a-strtod.o)
 .text          0x08013b30        0x0 c:/users/mark/documents/mcha3500/mcha3500_windows_toolchain/toolchain/gcc-arm-none-eabi/bin/../lib/gcc/arm-none-eabi/9.2.1/../../../../arm-none-eabi/lib/thumb/v7e-m+fp/hard\libc_nano.a(lib_a-strtol.o)
 .text          0x08013b30        0x0 c:/users/mark/documents/mcha3500/mcha3500_windows_toolchain/toolchain/gcc-arm-none-eabi/bin/../lib/gcc/arm-none-eabi/9.2.1/../../../../arm-none-eabi/lib/thumb/v7e-m+fp/hard\libc_nano.a(lib_a-vprintf.o)
 .text          0x08013b30        0x0 c:/users/mark/documents/mcha3500/mcha3500_windows_toolchain/toolchain/gcc-arm-none-eabi/bin/../lib/gcc/arm-none-eabi/9.2.1/../../../../arm-none-eabi/lib/thumb/v7e-m+fp/hard\libc_nano.a(lib_a-dtoa.o)
 .text          0x08013b30        0x0 c:/users/mark/documents/mcha3500/mcha3500_windows_toolchain/toolchain/gcc-arm-none-eabi/bin/../lib/gcc/arm-none-eabi/9.2.1/../../../../arm-none-eabi/lib/thumb/v7e-m+fp/hard\libc_nano.a(lib_a-fflush.o)
 .text          0x08013b30        0x0 c:/users/mark/documents/mcha3500/mcha3500_windows_toolchain/toolchain/gcc-arm-none-eabi/bin/../lib/gcc/arm-none-eabi/9.2.1/../../../../arm-none-eabi/lib/thumb/v7e-m+fp/hard\libc_nano.a(lib_a-findfp.o)
 .text          0x08013b30        0x0 c:/users/mark/documents/mcha3500/mcha3500_windows_toolchain/toolchain/gcc-arm-none-eabi/bin/../lib/gcc/arm-none-eabi/9.2.1/../../../../arm-none-eabi/lib/thumb/v7e-m+fp/hard\libc_nano.a(lib_a-fprintf.o)
 .text          0x08013b30        0x0 c:/users/mark/documents/mcha3500/mcha3500_windows_toolchain/toolchain/gcc-arm-none-eabi/bin/../lib/gcc/arm-none-eabi/9.2.1/../../../../arm-none-eabi/lib/thumb/v7e-m+fp/hard\libc_nano.a(lib_a-fwalk.o)
 .text          0x08013b30        0x0 c:/users/mark/documents/mcha3500/mcha3500_windows_toolchain/toolchain/gcc-arm-none-eabi/bin/../lib/gcc/arm-none-eabi/9.2.1/../../../../arm-none-eabi/lib/thumb/v7e-m+fp/hard\libc_nano.a(lib_a-gdtoa-gethex.o)
 .text          0x08013b30        0x0 c:/users/mark/documents/mcha3500/mcha3500_windows_toolchain/toolchain/gcc-arm-none-eabi/bin/../lib/gcc/arm-none-eabi/9.2.1/../../../../arm-none-eabi/lib/thumb/v7e-m+fp/hard\libc_nano.a(lib_a-gdtoa-hexnan.o)
 .text          0x08013b30        0x0 c:/users/mark/documents/mcha3500/mcha3500_windows_toolchain/toolchain/gcc-arm-none-eabi/bin/../lib/gcc/arm-none-eabi/9.2.1/../../../../arm-none-eabi/lib/thumb/v7e-m+fp/hard\libc_nano.a(lib_a-getc.o)
 .text          0x08013b30        0x0 c:/users/mark/documents/mcha3500/mcha3500_windows_toolchain/toolchain/gcc-arm-none-eabi/bin/../lib/gcc/arm-none-eabi/9.2.1/../../../../arm-none-eabi/lib/thumb/v7e-m+fp/hard\libc_nano.a(lib_a-lnumeric.o)
 .text          0x08013b30        0x0 c:/users/mark/documents/mcha3500/mcha3500_windows_toolchain/toolchain/gcc-arm-none-eabi/bin/../lib/gcc/arm-none-eabi/9.2.1/../../../../arm-none-eabi/lib/thumb/v7e-m+fp/hard\libc_nano.a(lib_a-locale.o)
 .text          0x08013b30        0x0 c:/users/mark/documents/mcha3500/mcha3500_windows_toolchain/toolchain/gcc-arm-none-eabi/bin/../lib/gcc/arm-none-eabi/9.2.1/../../../../arm-none-eabi/lib/thumb/v7e-m+fp/hard\libc_nano.a(lib_a-localeconv.o)
 .text          0x08013b30        0x0 c:/users/mark/documents/mcha3500/mcha3500_windows_toolchain/toolchain/gcc-arm-none-eabi/bin/../lib/gcc/arm-none-eabi/9.2.1/../../../../arm-none-eabi/lib/thumb/v7e-m+fp/hard\libc_nano.a(lib_a-lock.o)
 .text          0x08013b30        0x0 c:/users/mark/documents/mcha3500/mcha3500_windows_toolchain/toolchain/gcc-arm-none-eabi/bin/../lib/gcc/arm-none-eabi/9.2.1/../../../../arm-none-eabi/lib/thumb/v7e-m+fp/hard\libc_nano.a(lib_a-makebuf.o)
 .text          0x08013b30        0x0 c:/users/mark/documents/mcha3500/mcha3500_windows_toolchain/toolchain/gcc-arm-none-eabi/bin/../lib/gcc/arm-none-eabi/9.2.1/../../../../arm-none-eabi/lib/thumb/v7e-m+fp/hard\libc_nano.a(lib_a-mbtowc_r.o)
 .text          0x08013b30       0xa0 c:/users/mark/documents/mcha3500/mcha3500_windows_toolchain/toolchain/gcc-arm-none-eabi/bin/../lib/gcc/arm-none-eabi/9.2.1/../../../../arm-none-eabi/lib/thumb/v7e-m+fp/hard\libc_nano.a(lib_a-memchr.o)
                0x08013b30                memchr
 .text          0x08013bd0        0x0 c:/users/mark/documents/mcha3500/mcha3500_windows_toolchain/toolchain/gcc-arm-none-eabi/bin/../lib/gcc/arm-none-eabi/9.2.1/../../../../arm-none-eabi/lib/thumb/v7e-m+fp/hard\libc_nano.a(lib_a-mprec.o)
 .text          0x08013bd0        0x0 c:/users/mark/documents/mcha3500/mcha3500_windows_toolchain/toolchain/gcc-arm-none-eabi/bin/../lib/gcc/arm-none-eabi/9.2.1/../../../../arm-none-eabi/lib/thumb/v7e-m+fp/hard\libc_nano.a(lib_a-nano-callocr.o)
 .text          0x08013bd0        0x0 c:/users/mark/documents/mcha3500/mcha3500_windows_toolchain/toolchain/gcc-arm-none-eabi/bin/../lib/gcc/arm-none-eabi/9.2.1/../../../../arm-none-eabi/lib/thumb/v7e-m+fp/hard\libc_nano.a(lib_a-nano-svfprintf.o)
 .text          0x08013bd0        0x0 c:/users/mark/documents/mcha3500/mcha3500_windows_toolchain/toolchain/gcc-arm-none-eabi/bin/../lib/gcc/arm-none-eabi/9.2.1/../../../../arm-none-eabi/lib/thumb/v7e-m+fp/hard\libc_nano.a(lib_a-nano-vfprintf.o)
 .text          0x08013bd0        0x0 c:/users/mark/documents/mcha3500/mcha3500_windows_toolchain/toolchain/gcc-arm-none-eabi/bin/../lib/gcc/arm-none-eabi/9.2.1/../../../../arm-none-eabi/lib/thumb/v7e-m+fp/hard\libc_nano.a(lib_a-rget.o)
 .text          0x08013bd0        0x0 c:/users/mark/documents/mcha3500/mcha3500_windows_toolchain/toolchain/gcc-arm-none-eabi/bin/../lib/gcc/arm-none-eabi/9.2.1/../../../../arm-none-eabi/lib/thumb/v7e-m+fp/hard\libc_nano.a(lib_a-s_nan.o)
 .text          0x08013bd0        0x0 c:/users/mark/documents/mcha3500/mcha3500_windows_toolchain/toolchain/gcc-arm-none-eabi/bin/../lib/gcc/arm-none-eabi/9.2.1/../../../../arm-none-eabi/lib/thumb/v7e-m+fp/hard\libc_nano.a(lib_a-stdio.o)
 .text          0x08013bd0        0x0 c:/users/mark/documents/mcha3500/mcha3500_windows_toolchain/toolchain/gcc-arm-none-eabi/bin/../lib/gcc/arm-none-eabi/9.2.1/../../../../arm-none-eabi/lib/thumb/v7e-m+fp/hard\libc_nano.a(lib_a-strncmp.o)
 .text          0x08013bd0        0x0 c:/users/mark/documents/mcha3500/mcha3500_windows_toolchain/toolchain/gcc-arm-none-eabi/bin/../lib/gcc/arm-none-eabi/9.2.1/../../../../arm-none-eabi/lib/thumb/v7e-m+fp/hard\libc_nano.a(lib_a-wbuf.o)
 .text          0x08013bd0        0x0 c:/users/mark/documents/mcha3500/mcha3500_windows_toolchain/toolchain/gcc-arm-none-eabi/bin/../lib/gcc/arm-none-eabi/9.2.1/../../../../arm-none-eabi/lib/thumb/v7e-m+fp/hard\libc_nano.a(lib_a-wctomb_r.o)
 .text          0x08013bd0        0x0 c:/users/mark/documents/mcha3500/mcha3500_windows_toolchain/toolchain/gcc-arm-none-eabi/bin/../lib/gcc/arm-none-eabi/9.2.1/../../../../arm-none-eabi/lib/thumb/v7e-m+fp/hard\libc_nano.a(lib_a-writer.o)
 .text          0x08013bd0        0x0 c:/users/mark/documents/mcha3500/mcha3500_windows_toolchain/toolchain/gcc-arm-none-eabi/bin/../lib/gcc/arm-none-eabi/9.2.1/../../../../arm-none-eabi/lib/thumb/v7e-m+fp/hard\libc_nano.a(lib_a-wsetup.o)
 .text          0x08013bd0        0x0 c:/users/mark/documents/mcha3500/mcha3500_windows_toolchain/toolchain/gcc-arm-none-eabi/bin/../lib/gcc/arm-none-eabi/9.2.1/../../../../arm-none-eabi/lib/thumb/v7e-m+fp/hard\libc_nano.a(lib_a-closer.o)
 .text          0x08013bd0        0x0 c:/users/mark/documents/mcha3500/mcha3500_windows_toolchain/toolchain/gcc-arm-none-eabi/bin/../lib/gcc/arm-none-eabi/9.2.1/../../../../arm-none-eabi/lib/thumb/v7e-m+fp/hard\libc_nano.a(lib_a-fstatr.o)
 .text          0x08013bd0        0x0 c:/users/mark/documents/mcha3500/mcha3500_windows_toolchain/toolchain/gcc-arm-none-eabi/bin/../lib/gcc/arm-none-eabi/9.2.1/../../../../arm-none-eabi/lib/thumb/v7e-m+fp/hard\libc_nano.a(lib_a-fvwrite.o)
 .text          0x08013bd0        0x0 c:/users/mark/documents/mcha3500/mcha3500_windows_toolchain/toolchain/gcc-arm-none-eabi/bin/../lib/gcc/arm-none-eabi/9.2.1/../../../../arm-none-eabi/lib/thumb/v7e-m+fp/hard\libc_nano.a(lib_a-isattyr.o)
 .text          0x08013bd0        0x0 c:/users/mark/documents/mcha3500/mcha3500_windows_toolchain/toolchain/gcc-arm-none-eabi/bin/../lib/gcc/arm-none-eabi/9.2.1/../../../../arm-none-eabi/lib/thumb/v7e-m+fp/hard\libc_nano.a(lib_a-lseekr.o)
 .text          0x08013bd0        0x0 c:/users/mark/documents/mcha3500/mcha3500_windows_toolchain/toolchain/gcc-arm-none-eabi/bin/../lib/gcc/arm-none-eabi/9.2.1/../../../../arm-none-eabi/lib/thumb/v7e-m+fp/hard\libc_nano.a(lib_a-memmove.o)
 .text          0x08013bd0        0x0 c:/users/mark/documents/mcha3500/mcha3500_windows_toolchain/toolchain/gcc-arm-none-eabi/bin/../lib/gcc/arm-none-eabi/9.2.1/../../../../arm-none-eabi/lib/thumb/v7e-m+fp/hard\libc_nano.a(lib_a-nano-reallocr.o)
 .text          0x08013bd0        0x0 c:/users/mark/documents/mcha3500/mcha3500_windows_toolchain/toolchain/gcc-arm-none-eabi/bin/../lib/gcc/arm-none-eabi/9.2.1/../../../../arm-none-eabi/lib/thumb/v7e-m+fp/hard\libc_nano.a(lib_a-readr.o)
 .text          0x08013bd0        0x0 c:/users/mark/documents/mcha3500/mcha3500_windows_toolchain/toolchain/gcc-arm-none-eabi/bin/../lib/gcc/arm-none-eabi/9.2.1/../../../../arm-none-eabi/lib/thumb/v7e-m+fp/hard\libc_nano.a(lib_a-refill.o)
 .text          0x08013bd0        0x0 c:/users/mark/documents/mcha3500/mcha3500_windows_toolchain/toolchain/gcc-arm-none-eabi/bin/../lib/gcc/arm-none-eabi/9.2.1/../../../../arm-none-eabi/lib/thumb/v7e-m+fp/hard\libc_nano.a(lib_a-nano-msizer.o)
 .text          0x08013bd0       0x2c c:/users/mark/documents/mcha3500/mcha3500_windows_toolchain/toolchain/gcc-arm-none-eabi/bin/../lib/gcc/arm-none-eabi/9.2.1/thumb/v7e-m+fp/hard\libgcc.a(_arm_unorddf2.o)
                0x08013bd0                __unorddf2
                0x08013bd0                __aeabi_dcmpun
 .text          0x08013bfc       0x50 c:/users/mark/documents/mcha3500/mcha3500_windows_toolchain/toolchain/gcc-arm-none-eabi/bin/../lib/gcc/arm-none-eabi/9.2.1/thumb/v7e-m+fp/hard\libgcc.a(_arm_fixdfsi.o)
                0x08013bfc                __aeabi_d2iz
                0x08013bfc                __fixdfsi
 .text          0x08013c4c       0x40 c:/users/mark/documents/mcha3500/mcha3500_windows_toolchain/toolchain/gcc-arm-none-eabi/bin/../lib/gcc/arm-none-eabi/9.2.1/thumb/v7e-m+fp/hard\libgcc.a(_arm_fixunsdfsi.o)
                0x08013c4c                __aeabi_d2uiz
                0x08013c4c                __fixunsdfsi
 .text          0x08013c8c       0x30 c:/users/mark/documents/mcha3500/mcha3500_windows_toolchain/toolchain/gcc-arm-none-eabi/bin/../lib/gcc/arm-none-eabi/9.2.1/thumb/v7e-m+fp/hard\libgcc.a(_fixdfdi.o)
                0x08013c8c                __fixdfdi
                0x08013c8c                __aeabi_d2lz
 .text          0x08013cbc       0x3c c:/users/mark/documents/mcha3500/mcha3500_windows_toolchain/toolchain/gcc-arm-none-eabi/bin/../lib/gcc/arm-none-eabi/9.2.1/thumb/v7e-m+fp/hard\libgcc.a(_fixunsdfdi.o)
                0x08013cbc                __fixunsdfdi
                0x08013cbc                __aeabi_d2ulz
 .text          0x08013cf8        0x0 c:/users/mark/documents/mcha3500/mcha3500_windows_toolchain/toolchain/gcc-arm-none-eabi/bin/../lib/gcc/arm-none-eabi/9.2.1/../../../../arm-none-eabi/lib/thumb/v7e-m+fp/hard\libnosys.a(close.o)
 .text          0x08013cf8        0x0 c:/users/mark/documents/mcha3500/mcha3500_windows_toolchain/toolchain/gcc-arm-none-eabi/bin/../lib/gcc/arm-none-eabi/9.2.1/../../../../arm-none-eabi/lib/thumb/v7e-m+fp/hard\libnosys.a(fstat.o)
 .text          0x08013cf8        0x0 c:/users/mark/documents/mcha3500/mcha3500_windows_toolchain/toolchain/gcc-arm-none-eabi/bin/../lib/gcc/arm-none-eabi/9.2.1/../../../../arm-none-eabi/lib/thumb/v7e-m+fp/hard\libnosys.a(isatty.o)
 .text          0x08013cf8        0x0 c:/users/mark/documents/mcha3500/mcha3500_windows_toolchain/toolchain/gcc-arm-none-eabi/bin/../lib/gcc/arm-none-eabi/9.2.1/../../../../arm-none-eabi/lib/thumb/v7e-m+fp/hard\libnosys.a(lseek.o)
 .text          0x08013cf8        0x0 c:/users/mark/documents/mcha3500/mcha3500_windows_toolchain/toolchain/gcc-arm-none-eabi/bin/../lib/gcc/arm-none-eabi/9.2.1/../../../../arm-none-eabi/lib/thumb/v7e-m+fp/hard\libnosys.a(_exit.o)
 .text          0x08013cf8        0x0 c:/users/mark/documents/mcha3500/mcha3500_windows_toolchain/toolchain/gcc-arm-none-eabi/bin/../lib/gcc/arm-none-eabi/9.2.1/thumb/v7e-m+fp/hard/crtend.o
 .text          0x08013cf8        0x0 c:/users/mark/documents/mcha3500/mcha3500_windows_toolchain/toolchain/gcc-arm-none-eabi/bin/../lib/gcc/arm-none-eabi/9.2.1/thumb/v7e-m+fp/hard/crtn.o
 *(.text*)
 .text.startup  0x08013cf8       0xc4 build/main.o
                0x08013cf8                main
 .text.Reset_Handler
                0x08013dbc       0x50 build/startup_stm32f446xx.o
                0x08013dbc                Reset_Handler
 .text.Default_Handler
                0x08013e0c        0x2 build/startup_stm32f446xx.o
                0x08013e0c                RTC_Alarm_IRQHandler
                0x08013e0c                EXTI2_IRQHandler
                0x08013e0c                TIM8_CC_IRQHandler
                0x08013e0c                SPI4_IRQHandler
                0x08013e0c                TIM1_CC_IRQHandler
                0x08013e0c                DMA2_Stream5_IRQHandler
                0x08013e0c                DMA1_Stream5_IRQHandler
                0x08013e0c                PVD_IRQHandler
                0x08013e0c                SDIO_IRQHandler
                0x08013e0c                TAMP_STAMP_IRQHandler
                0x08013e0c                CAN2_RX1_IRQHandler
                0x08013e0c                TIM8_TRG_COM_TIM14_IRQHandler
                0x08013e0c                TIM1_UP_TIM10_IRQHandler
                0x08013e0c                TIM8_UP_TIM13_IRQHandler
                0x08013e0c                I2C3_ER_IRQHandler
                0x08013e0c                FMPI2C1_Event_IRQHandler
                0x08013e0c                EXTI0_IRQHandler
                0x08013e0c                I2C2_EV_IRQHandler
                0x08013e0c                DMA1_Stream2_IRQHandler
                0x08013e0c                CAN1_RX0_IRQHandler
                0x08013e0c                FPU_IRQHandler
                0x08013e0c                OTG_HS_WKUP_IRQHandler
                0x08013e0c                CAN2_SCE_IRQHandler
                0x08013e0c                DMA2_Stream2_IRQHandler
                0x08013e0c                SPI1_IRQHandler
                0x08013e0c                TIM6_DAC_IRQHandler
                0x08013e0c                TIM1_BRK_TIM9_IRQHandler
                0x08013e0c                DCMI_IRQHandler
                0x08013e0c                CAN2_RX0_IRQHandler
                0x08013e0c                DMA2_Stream3_IRQHandler
                0x08013e0c                SAI2_IRQHandler
                0x08013e0c                USART6_IRQHandler
                0x08013e0c                USART3_IRQHandler
                0x08013e0c                CAN1_RX1_IRQHandler
                0x08013e0c                UART5_IRQHandler
                0x08013e0c                DMA2_Stream0_IRQHandler
                0x08013e0c                TIM4_IRQHandler
                0x08013e0c                QUADSPI_IRQHandler
                0x08013e0c                I2C1_EV_IRQHandler
                0x08013e0c                DMA1_Stream6_IRQHandler
                0x08013e0c                DMA1_Stream1_IRQHandler
                0x08013e0c                UART4_IRQHandler
                0x08013e0c                TIM3_IRQHandler
                0x08013e0c                RCC_IRQHandler
                0x08013e0c                TIM8_BRK_TIM12_IRQHandler
                0x08013e0c                Default_Handler
                0x08013e0c                CEC_IRQHandler
                0x08013e0c                EXTI15_10_IRQHandler
                0x08013e0c                ADC_IRQHandler
                0x08013e0c                DMA1_Stream7_IRQHandler
                0x08013e0c                TIM7_IRQHandler
                0x08013e0c                CAN2_TX_IRQHandler
                0x08013e0c                TIM5_IRQHandler
                0x08013e0c                DMA2_Stream7_IRQHandler
                0x08013e0c                I2C3_EV_IRQHandler
                0x08013e0c                EXTI9_5_IRQHandler
                0x08013e0c                RTC_WKUP_IRQHandler
                0x08013e0c                SPDIF_RX_IRQHandler
                0x08013e0c                SPI2_IRQHandler
                0x08013e0c                OTG_HS_EP1_IN_IRQHandler
                0x08013e0c                DMA1_Stream0_IRQHandler
                0x08013e0c                CAN1_TX_IRQHandler
                0x08013e0c                EXTI4_IRQHandler
                0x08013e0c                OTG_HS_EP1_OUT_IRQHandler
                0x08013e0c                WWDG_IRQHandler
                0x08013e0c                TIM2_IRQHandler
                0x08013e0c                OTG_FS_WKUP_IRQHandler
                0x08013e0c                TIM1_TRG_COM_TIM11_IRQHandler
                0x08013e0c                OTG_HS_IRQHandler
                0x08013e0c                I2C2_ER_IRQHandler
                0x08013e0c                DMA2_Stream1_IRQHandler
                0x08013e0c                CAN1_SCE_IRQHandler
                0x08013e0c                FLASH_IRQHandler
                0x08013e0c                DMA2_Stream4_IRQHandler
                0x08013e0c                USART1_IRQHandler
                0x08013e0c                OTG_FS_IRQHandler
                0x08013e0c                SPI3_IRQHandler
                0x08013e0c                DMA1_Stream4_IRQHandler
                0x08013e0c                I2C1_ER_IRQHandler
                0x08013e0c                FMC_IRQHandler
                0x08013e0c                DMA2_Stream6_IRQHandler
                0x08013e0c                SAI1_IRQHandler
                0x08013e0c                DMA1_Stream3_IRQHandler
                0x08013e0c                FMPI2C1_Error_IRQHandler
 *fill*         0x08013e0e        0x2 
 .text.atan2    0x08013e10        0x4 c:/users/mark/documents/mcha3500/mcha3500_windows_toolchain/toolchain/gcc-arm-none-eabi/bin/../lib/gcc/arm-none-eabi/9.2.1/../../../../arm-none-eabi/lib/thumb/v7e-m+fp/hard\libm.a(lib_a-w_atan2.o)
                0x08013e10                atan2
 .text.sqrtf    0x08013e14       0xb0 c:/users/mark/documents/mcha3500/mcha3500_windows_toolchain/toolchain/gcc-arm-none-eabi/bin/../lib/gcc/arm-none-eabi/9.2.1/../../../../arm-none-eabi/lib/thumb/v7e-m+fp/hard\libm.a(lib_a-wf_sqrt.o)
                0x08013e14                sqrtf
 *fill*         0x08013ec4        0x4 
 .text.__ieee754_atan2
                0x08013ec8      0x1fc c:/users/mark/documents/mcha3500/mcha3500_windows_toolchain/toolchain/gcc-arm-none-eabi/bin/../lib/gcc/arm-none-eabi/9.2.1/../../../../arm-none-eabi/lib/thumb/v7e-m+fp/hard\libm.a(lib_a-e_atan2.o)
                0x08013ec8                __ieee754_atan2
 .text.__ieee754_sqrtf
                0x080140c4        0x8 c:/users/mark/documents/mcha3500/mcha3500_windows_toolchain/toolchain/gcc-arm-none-eabi/bin/../lib/gcc/arm-none-eabi/9.2.1/../../../../arm-none-eabi/lib/thumb/v7e-m+fp/hard\libm.a(lib_a-ef_sqrt.o)
                0x080140c4                __ieee754_sqrtf
 *fill*         0x080140cc        0x4 
 .text.atan     0x080140d0      0x368 c:/users/mark/documents/mcha3500/mcha3500_windows_toolchain/toolchain/gcc-arm-none-eabi/bin/../lib/gcc/arm-none-eabi/9.2.1/../../../../arm-none-eabi/lib/thumb/v7e-m+fp/hard\libm.a(lib_a-s_atan.o)
                0x080140d0                atan
 .text.fabs     0x08014438       0x14 c:/users/mark/documents/mcha3500/mcha3500_windows_toolchain/toolchain/gcc-arm-none-eabi/bin/../lib/gcc/arm-none-eabi/9.2.1/../../../../arm-none-eabi/lib/thumb/v7e-m+fp/hard\libm.a(lib_a-s_fabs.o)
                0x08014438                fabs
 .text.matherr  0x0801444c        0x4 c:/users/mark/documents/mcha3500/mcha3500_windows_toolchain/toolchain/gcc-arm-none-eabi/bin/../lib/gcc/arm-none-eabi/9.2.1/../../../../arm-none-eabi/lib/thumb/v7e-m+fp/hard\libm.a(lib_a-s_matherr.o)
                0x0801444c                matherr
 .text.arm_mat_trans_f32
                0x08014450       0xe8 ../STM32Cube_F4_FW/Drivers/CMSIS/Lib/GCC/libarm_cortexM4lf_math.a(arm_mat_trans_f32.o)
                0x08014450                arm_mat_trans_f32
 .text.arm_mat_sub_f32
                0x08014538       0xb4 ../STM32Cube_F4_FW/Drivers/CMSIS/Lib/GCC/libarm_cortexM4lf_math.a(arm_mat_sub_f32.o)
                0x08014538                arm_mat_sub_f32
 .text.arm_mat_mult_f32
                0x080145ec      0x14c ../STM32Cube_F4_FW/Drivers/CMSIS/Lib/GCC/libarm_cortexM4lf_math.a(arm_mat_mult_f32.o)
                0x080145ec                arm_mat_mult_f32
 .text.arm_mat_inverse_f32
                0x08014738      0x2a0 ../STM32Cube_F4_FW/Drivers/CMSIS/Lib/GCC/libarm_cortexM4lf_math.a(arm_mat_inverse_f32.o)
                0x08014738                arm_mat_inverse_f32
 .text.arm_mat_init_f32
                0x080149d8        0x8 ../STM32Cube_F4_FW/Drivers/CMSIS/Lib/GCC/libarm_cortexM4lf_math.a(arm_mat_init_f32.o)
                0x080149d8                arm_mat_init_f32
 .text.arm_mat_add_f32
                0x080149e0       0xb4 ../STM32Cube_F4_FW/Drivers/CMSIS/Lib/GCC/libarm_cortexM4lf_math.a(arm_mat_add_f32.o)
                0x080149e0                arm_mat_add_f32
 .text.atof     0x08014a94        0x6 c:/users/mark/documents/mcha3500/mcha3500_windows_toolchain/toolchain/gcc-arm-none-eabi/bin/../lib/gcc/arm-none-eabi/9.2.1/../../../../arm-none-eabi/lib/thumb/v7e-m+fp/hard\libc_nano.a(lib_a-atof.o)
                0x08014a94                atof
 *fill*         0x08014a9a        0x2 
 .text.__errno  0x08014a9c        0xc c:/users/mark/documents/mcha3500/mcha3500_windows_toolchain/toolchain/gcc-arm-none-eabi/bin/../lib/gcc/arm-none-eabi/9.2.1/../../../../arm-none-eabi/lib/thumb/v7e-m+fp/hard\libc_nano.a(lib_a-errno.o)
                0x08014a9c                __errno
 .text.exit     0x08014aa8       0x28 c:/users/mark/documents/mcha3500/mcha3500_windows_toolchain/toolchain/gcc-arm-none-eabi/bin/../lib/gcc/arm-none-eabi/9.2.1/../../../../arm-none-eabi/lib/thumb/v7e-m+fp/hard\libc_nano.a(lib_a-exit.o)
                0x08014aa8                exit
 .text._getchar_r
                0x08014ad0       0x1a c:/users/mark/documents/mcha3500/mcha3500_windows_toolchain/toolchain/gcc-arm-none-eabi/bin/../lib/gcc/arm-none-eabi/9.2.1/../../../../arm-none-eabi/lib/thumb/v7e-m+fp/hard\libc_nano.a(lib_a-getchar.o)
                0x08014ad0                _getchar_r
 *fill*         0x08014aea        0x2 
 .text.getchar  0x08014aec       0x24 c:/users/mark/documents/mcha3500/mcha3500_windows_toolchain/toolchain/gcc-arm-none-eabi/bin/../lib/gcc/arm-none-eabi/9.2.1/../../../../arm-none-eabi/lib/thumb/v7e-m+fp/hard\libc_nano.a(lib_a-getchar.o)
                0x08014aec                getchar
 .text.__libc_init_array