Archive member included to satisfy reference by file (symbol)

c:/users/mark/documents/mcha3500/mcha3500_windows_toolchain/toolchain/gcc-arm-none-eabi/bin/../lib/gcc/arm-none-eabi/9.2.1/../../../../arm-none-eabi/lib/thumb/v7e-m+fp/hard\libm.a(lib_a-w_atan2.o)
                              build/IMU.o (atan2)
c:/users/mark/documents/mcha3500/mcha3500_windows_toolchain/toolchain/gcc-arm-none-eabi/bin/../lib/gcc/arm-none-eabi/9.2.1/../../../../arm-none-eabi/lib/thumb/v7e-m+fp/hard\libm.a(lib_a-wf_sqrt.o)
                              build/qpas_sub_noblas.o (sqrtf)
c:/users/mark/documents/mcha3500/mcha3500_windows_toolchain/toolchain/gcc-arm-none-eabi/bin/../lib/gcc/arm-none-eabi/9.2.1/../../../../arm-none-eabi/lib/thumb/v7e-m+fp/hard\libm.a(lib_a-e_atan2.o)
                              c:/users/mark/documents/mcha3500/mcha3500_windows_toolchain/toolchain/gcc-arm-none-eabi/bin/../lib/gcc/arm-none-eabi/9.2.1/../../../../arm-none-eabi/lib/thumb/v7e-m+fp/hard\libm.a(lib_a-w_atan2.o) (__ieee754_atan2)
c:/users/mark/documents/mcha3500/mcha3500_windows_toolchain/toolchain/gcc-arm-none-eabi/bin/../lib/gcc/arm-none-eabi/9.2.1/../../../../arm-none-eabi/lib/thumb/v7e-m+fp/hard\libm.a(lib_a-ef_sqrt.o)
                              c:/users/mark/documents/mcha3500/mcha3500_windows_toolchain/toolchain/gcc-arm-none-eabi/bin/../lib/gcc/arm-none-eabi/9.2.1/../../../../arm-none-eabi/lib/thumb/v7e-m+fp/hard\libm.a(lib_a-wf_sqrt.o) (__ieee754_sqrtf)
c:/users/mark/documents/mcha3500/mcha3500_windows_toolchain/toolchain/gcc-arm-none-eabi/bin/../lib/gcc/arm-none-eabi/9.2.1/../../../../arm-none-eabi/lib/thumb/v7e-m+fp/hard\libm.a(lib_a-s_atan.o)
                              c:/users/mark/documents/mcha3500/mcha3500_windows_toolchain/toolchain/gcc-arm-none-eabi/bin/../lib/gcc/arm-none-eabi/9.2.1/../../../../arm-none-eabi/lib/thumb/v7e-m+fp/hard\libm.a(lib_a-e_atan2.o) (atan)
c:/users/mark/documents/mcha3500/mcha3500_windows_toolchain/toolchain/gcc-arm-none-eabi/bin/../lib/gcc/arm-none-eabi/9.2.1/../../../../arm-none-eabi/lib/thumb/v7e-m+fp/hard\libm.a(lib_a-s_fabs.o)
                              c:/users/mark/documents/mcha3500/mcha3500_windows_toolchain/toolchain/gcc-arm-none-eabi/bin/../lib/gcc/arm-none-eabi/9.2.1/../../../../arm-none-eabi/lib/thumb/v7e-m+fp/hard\libm.a(lib_a-e_atan2.o) (fabs)
c:/users/mark/documents/mcha3500/mcha3500_windows_toolchain/toolchain/gcc-arm-none-eabi/bin/../lib/gcc/arm-none-eabi/9.2.1/../../../../arm-none-eabi/lib/thumb/v7e-m+fp/hard\libm.a(lib_a-s_lib_ver.o)
                              c:/users/mark/documents/mcha3500/mcha3500_windows_toolchain/toolchain/gcc-arm-none-eabi/bin/../lib/gcc/arm-none-eabi/9.2.1/../../../../arm-none-eabi/lib/thumb/v7e-m+fp/hard\libm.a(lib_a-wf_sqrt.o) (__fdlib_version)
c:/users/mark/documents/mcha3500/mcha3500_windows_toolchain/toolchain/gcc-arm-none-eabi/bin/../lib/gcc/arm-none-eabi/9.2.1/../../../../arm-none-eabi/lib/thumb/v7e-m+fp/hard\libm.a(lib_a-s_matherr.o)
                              c:/users/mark/documents/mcha3500/mcha3500_windows_toolchain/toolchain/gcc-arm-none-eabi/bin/../lib/gcc/arm-none-eabi/9.2.1/../../../../arm-none-eabi/lib/thumb/v7e-m+fp/hard\libm.a(lib_a-wf_sqrt.o) (matherr)
../STM32Cube_F4_FW/Drivers/CMSIS/Lib/GCC/libarm_cortexM4lf_math.a(arm_mat_trans_f32.o)
                              build/kalman.o (arm_mat_trans_f32)
../STM32Cube_F4_FW/Drivers/CMSIS/Lib/GCC/libarm_cortexM4lf_math.a(arm_mat_sub_f32.o)
                              build/kalman.o (arm_mat_sub_f32)
../STM32Cube_F4_FW/Drivers/CMSIS/Lib/GCC/libarm_cortexM4lf_math.a(arm_mat_mult_f32.o)
                              build/kalman.o (arm_mat_mult_f32)
../STM32Cube_F4_FW/Drivers/CMSIS/Lib/GCC/libarm_cortexM4lf_math.a(arm_mat_inverse_f32.o)
                              build/kalman.o (arm_mat_inverse_f32)
../STM32Cube_F4_FW/Drivers/CMSIS/Lib/GCC/libarm_cortexM4lf_math.a(arm_mat_init_f32.o)
                              build/kalman.o (arm_mat_init_f32)
../STM32Cube_F4_FW/Drivers/CMSIS/Lib/GCC/libarm_cortexM4lf_math.a(arm_mat_add_f32.o)
                              build/kalman.o (arm_mat_add_f32)
c:/users/mark/documents/mcha3500/mcha3500_windows_toolchain/toolchain/gcc-arm-none-eabi/bin/../lib/gcc/arm-none-eabi/9.2.1/thumb/v7e-m+fp/hard\libgcc.a(_arm_muldf3.o)
                              build/pendulum.o (__aeabi_dmul)
c:/users/mark/documents/mcha3500/mcha3500_windows_toolchain/toolchain/gcc-arm-none-eabi/bin/../lib/gcc/arm-none-eabi/9.2.1/thumb/v7e-m+fp/hard\libgcc.a(_arm_addsubdf3.o)
                              c:/users/mark/documents/mcha3500/mcha3500_windows_toolchain/toolchain/gcc-arm-none-eabi/bin/../lib/gcc/arm-none-eabi/9.2.1/../../../../arm-none-eabi/lib/thumb/v7e-m+fp/hard\libm.a(lib_a-e_atan2.o) (__aeabi_dsub)
c:/users/mark/documents/mcha3500/mcha3500_windows_toolchain/toolchain/gcc-arm-none-eabi/bin/../lib/gcc/arm-none-eabi/9.2.1/thumb/v7e-m+fp/hard\libgcc.a(_arm_muldivdf3.o)
                              build/motor.o (__aeabi_ddiv)
[...]
Memory Configuration

Name             Origin             Length             Attributes
FLASH            0x08000000         0x00080000         xr
RAM              0x20000000         0x00020000         xrw
*default*        0x00000000         0xffffffff

Linker script and memory map

LOAD c:/users/mark/documents/mcha3500/mcha3500_windows_toolchain/toolchain/gcc-arm-none-eabi/bin/../lib/gcc/arm-none-eabi/9.2.1/thumb/v7e-m+fp/hard/crti.o
LOAD c:/users/mark/documents/mcha3500/mcha3500_windows_toolchain/toolchain/gcc-arm-none-eabi/bin/../lib/gcc/arm-none-eabi/9.2.1/thumb/v7e-m+fp/hard/crtbegin.o
LOAD c:/users/mark/documents/mcha3500/mcha3500_windows_toolchain/toolchain/gcc-arm-none-eabi/bin/../lib/gcc/arm-none-eabi/9.2.1/../../../../arm-none-eabi/lib/thumb/v7e-m+fp/hard/crt0.o
LOAD build/stm32f4xx_it.o
LOAD build/system_stm32f4xx.o
LOAD build/cmd_line_buffer.o
LOAD build/cmd_parser.o
LOAD build/cmd_task.o
LOAD build/main.o
LOAD build/uart.o
LOAD build/heartbeat_task.o
LOAD build/heartbeat_cmd.o
LOAD build/dummy_task.o
LOAD build/pendulum.o
LOAD build/motor.o
LOAD build/data_logging.o
LOAD build/controller.o
LOAD build/IMU.o
LOAD build/kalman.o
LOAD build/control_loop.o
LOAD build/qpas_sub_noblas.o
LOAD build/startup_stm32f446xx.o
LOAD build/stm32f4_HAL/stm32f4xx_hal.o
LOAD build/stm32f4_HAL/stm32f4xx_hal_dma.o
LOAD build/stm32f4_HAL/stm32f4xx_hal_adc.o
LOAD build/stm32f4_HAL/stm32f4xx_hal_adc_ex.o
LOAD build/stm32f4_HAL/stm32f4xx_hal_gpio.o
LOAD build/stm32f4_HAL/stm32f4xx_ll_gpio.o
LOAD build/stm32f4_HAL/stm32f4xx_ll_usart.o
LOAD build/stm32f4_HAL/stm32f4xx_ll_dma.o
LOAD build/stm32f4_HAL/stm32f4xx_ll_rcc.o
LOAD build/stm32f4_HAL/stm32f4xx_hal_i2c.o
LOAD build/stm32f4_HAL/stm32f4xx_hal_i2c_ex.o
LOAD build/stm32f4_HAL/stm32f4xx_hal_tim.o
LOAD build/stm32f4_HAL/stm32f4xx_hal_tim_ex.o
LOAD build/stm32f4_HAL/stm32f4xx_hal_rtc.o
LOAD build/stm32f4_HAL/stm32f4xx_hal_rcc.o
LOAD build/stm32f4_HAL/stm32f4xx_hal_rcc_ex.o
LOAD build/stm32f4_HAL/stm32f4xx_hal_pwr.o
LOAD build/stm32f4_HAL/stm32f4xx_hal_pwr_ex.o
LOAD build/stm32f4_HAL/stm32f4xx_hal_cortex.o
LOAD build/stm32f4_HAL/stm32f4xx_hal_spi.o
LOAD build/stm32f4_HAL/stm32f4xx_hal_dac.o
LOAD build/stm32f4_HAL/stm32f4xx_hal_dac_ex.o
LOAD build/stm32f4_HAL/stm32f4xx_hal_can.o
LOAD build/FreeRTOS/croutine.o
LOAD build/FreeRTOS/event_groups.o
LOAD build/FreeRTOS/list.o
LOAD build/FreeRTOS/queue.o
LOAD build/FreeRTOS/tasks.o
LOAD build/FreeRTOS/timers.o
LOAD build/FreeRTOS/stream_buffer.o
LOAD build/FreeRTOS/cmsis_os2.o
LOAD build/FreeRTOS/clib_arm.o
LOAD build/FreeRTOS/os_systick.o
LOAD build/FreeRTOS/heap_useNewlib.o
LOAD build/FreeRTOS/port.o
LOAD build/tm_stm32_gpio.o
LOAD build/tm_stm32_i2c.o
LOAD build/tm_stm32_mpu6050.o
LOAD c:/users/mark/documents/mcha3500/mcha3500_windows_toolchain/toolchain/gcc-arm-none-eabi/bin/../lib/gcc/arm-none-eabi/9.2.1/../../../../arm-none-eabi/lib/thumb/v7e-m+fp/hard\libm.a
LOAD ../STM32Cube_F4_FW/Drivers/CMSIS/Lib/GCC/libarm_cortexM4lf_math.a
START GROUP
LOAD c:/users/mark/documents/mcha3500/mcha3500_windows_toolchain/toolchain/gcc-arm-none-eabi/bin/../lib/gcc/arm-none-eabi/9.2.1/thumb/v7e-m+fp/hard\libgcc.a
LOAD c:/users/mark/documents/mcha3500/mcha3500_windows_toolchain/toolchain/gcc-arm-none-eabi/bin/../lib/gcc/arm-none-eabi/9.2.1/../../../../arm-none-eabi/lib/thumb/v7e-m+fp/hard\libc_nano.a
END GROUP
START GROUP
LOAD c:/users/mark/documents/mcha3500/mcha3500_windows_toolchain/toolchain/gcc-arm-none-eabi/bin/../lib/gcc/arm-none-eabi/9.2.1/thumb/v7e-m+fp/hard\libgcc.a
LOAD c:/users/mark/documents/mcha3500/mcha3500_windows_toolchain/toolchain/gcc-arm-none-eabi/bin/../lib/gcc/arm-none-eabi/9.2.1/../../../../arm-none-eabi/lib/thumb/v7e-m+fp/hard\libc_nano.a
LOAD c:/users/mark/documents/mcha3500/mcha3500_windows_toolchain/toolchain/gcc-arm-none-eabi/bin/../lib/gcc/arm-none-eabi/9.2.1/../../../../arm-none-eabi/lib/thumb/v7e-m+fp/hard\libnosys.a
END GROUP
START GROUP
LOAD c:/users/mark/documents/mcha3500/mcha3500_windows_toolchain/toolchain/gcc-arm-none-eabi/bin/../lib/gcc/arm-none-eabi/9.2.1/thumb/v7e-m+fp/hard\libgcc.a
LOAD c:/users/mark/documents/mcha3500/mcha3500_windows_toolchain/toolchain/gcc-arm-none-eabi/bin/../lib/gcc/arm-none-eabi/9.2.1/../../../../arm-none-eabi/lib/thumb/v7e-m+fp/hard\libc_nano.a
LOAD c:/users/mark/documents/mcha3500/mcha3500_windows_toolchain/toolchain/gcc-arm-none-eabi/bin/../lib/gcc/arm-none-eabi/9.2.1/../../../../arm-none-eabi/lib/thumb/v7e-m+fp/hard\libnosys.a
END GROUP
LOAD c:/users/mark/documents/mcha3500/mcha3500_windows_toolchain/toolchain/gcc-arm-none-eabi/bin/../lib/gcc/arm-none-eabi/9.2.1/thumb/v7e-m+fp/hard/crtend.o
LOAD c:/users/mark/documents/mcha3500/mcha3500_windows_toolchain/toolchain/gcc-arm-none-eabi/bin/../lib/gcc/arm-none-eabi/9.2.1/thumb/v7e-m+fp/hard/crtn.o
                0x20020000                _estack = 0x20020000
                0x00010000                _Min_Heap_Size = 0x10000
                0x00002000                _Min_Stack_Size = 0x2000

.isr_vector     0x08000000      0x1c4
                0x08000000                . = ALIGN (0x4)
 *(.isr_vector)
 .isr_vector    0x08000000      0x1c4 build/startup_stm32f446xx.o
                0x08000000                g_pfnVectors
                0x080001c4                . = ALIGN (0x4)

.text           0x080001d0    0x1aad4
                0x080001d0                . = ALIGN (0x4)
 *(.text)
 .text          0x080001d0        0x0 c:/users/mark/documents/mcha3500/mcha3500_windows_toolchain/toolchain/gcc-arm-none-eabi/bin/../lib/gcc/arm-none-eabi/9.2.1/thumb/v7e-m+fp/hard/crti.o
 .text          0x080001d0       0x40 c:/users/mark/documents/mcha3500/mcha3500_windows_toolchain/toolchain/gcc-arm-none-eabi/bin/../lib/gcc/arm-none-eabi/9.2.1/thumb/v7e-m+fp/hard/crtbegin.o
 .text          0x08000210       0x74 c:/users/mark/documents/mcha3500/mcha3500_windows_toolchain/toolchain/gcc-arm-none-eabi/bin/../lib/gcc/arm-none-eabi/9.2.1/../../../../arm-none-eabi/lib/thumb/v7e-m+fp/hard/crt0.o
                0x08000210                _start
                0x08000210                _mainCRTStartup
 .text          0x08000284        0xc build/stm32f4xx_it.o
                0x08000284                NMI_Handler
                0x08000286                HardFault_Handler
                0x08000288                MemManage_Handler
                0x0800028a                BusFault_Handler
                0x0800028c                UsageFault_Handler
                0x0800028e                DebugMon_Handler
 .text          0x08000290       0xc0 build/system_stm32f4xx.o
                0x08000290                SystemInit
                0x080002dc                SystemCoreClockUpdate
 .text          0x08000350      0x104 build/cmd_line_buffer.o
                0x08000350                clb_init
                0x0800035a                clb_is_empty
                0x08000364                clb_is_full
                0x08000372                clb_delc
                0x0800037c                clb_is_cmd_ready
                0x08000394                clb_putc
                0x080003b4                clb_consume_char
                0x080003dc                clb_consume_str
                0x080003f6                clb_gets_at
                0x0800040e                clb_gets
                0x08000414                clb_process
 .text          0x08000454      0x240 build/cmd_parser.o
                0x080005e4                cmd_parse
 .text          0x08000694       0x4c build/cmd_task.o
                0x080006b4                cmd_task_init
 .text          0x080006e0        0x0 build/main.o
 .text          0x080006e0      0x47c build/uart.o
                0x080006e0                uart_init
                0x080009b4                __wrap_printf
                0x080009ec                __io_putchar
                0x08000a1c                __io_getchar
                0x08000a38                _write
                0x08000a54                _read
                0x08000a68                _uart_rxne_isr
                0x08000a90                _uart_txe_isr
                0x08000ac8                _uart_error
                0x08000b20                USART2_IRQHandler
 .text          0x08000b5c       0xc4 build/heartbeat_task.o
                0x08000b78                heartbeat_task_init
                0x08000bd4                heartbeat_task_start
                0x08000bec                heartbeat_task_stop
                0x08000c04                heartbeat_task_is_running
                0x08000c10                heartbeat_task_deinit
 .text          0x08000c20       0x70 build/heartbeat_cmd.o
                0x08000c20                heartbeat_cmd
 .text          0x08000c90       0x88 build/dummy_task.o
                0x08000c90                dummy_task_init
                0x08000cb8                dummy_task_start
                0x08000cd0                dummy_task_stop
                0x08000cfc                dummy_task_is_running
                0x08000d08                dummy_task_deinit
 .text          0x08000d18       0xd4 build/pendulum.o
                0x08000d18                pendulum_init
                0x08000da0                pendulum_read_voltage
 *fill*         0x08000dec        0x4 
 .text          0x08000df0      0x800 build/motor.o
                0x08000df0                motor_PWM_init
                0x08001030                velocity_adjust
                0x0800107c                elevation_adjust
                0x080010dc                azimuth_adjust
                0x0800113c                servo_adjust
                0x08001188                motor_encoder_init
                0x080012e0                EXTI0_IRQHandler
                0x08001354                EXTI9_5_IRQHandler
                0x080013cc                EXTI15_10_IRQHandler
                0x08001444                EXTI1_IRQHandler
                0x08001484                EXTI4_IRQHandler
                0x080014c4                EXTI2_IRQHandler
                0x08001500                EXTI3_IRQHandler
                0x0800153c                motor_encoder1_getValue
                0x08001548                motor_encoder2_getValue
                0x08001554                motor_encoder3_getValue
                0x08001560                ele_encoder_getValue
                0x0800156c                azi_encoder_getValue
                0x08001578                motor_encoder_getAngle
                0x080015b0                motor_encoder_getRev
                0x080015d8                elevation_encoder_getAngle
 .text          0x080015f0      0x100 build/data_logging.o
                0x080015fc                logging_init
                0x0800161c                pend_logging_start
                0x08001638                logging_stop
                0x080016d4                imu_logging_start
 .text          0x080016f0       0xf8 build/controller.o
                0x080016f0                ctrl_init
                0x080016fc                getControl
                0x08001708                getEleControl
                0x08001714                getAziControl
                0x08001720                ctrl_set_yref
                0x0800172c                getReference
                0x08001738                getElevation
                0x08001744                control_set_elevation
                0x08001750                getAzimuth
                0x0800175c                control_set_azimuth
                0x08001768                ctrl_update
                0x08001790                ele_ctrl_update
                0x080017bc                azi_ctrl_update
 .text          0x080017e8      0x260 build/IMU.o
                0x080017e8                IMU_read
                0x080017f4                get_accY
                0x08001874                get_accZ
                0x080018f4                get_accX
                0x08001974                get_gyroY
                0x080019fc                get_acc_angle
                0x08001a38                IMU_init
 .text          0x08001a48      0x314 build/kalman.o
                0x08001a48                kalman_init
                0x08001bd8                kalman_update
                0x08001d20                getKalmanAngle
                0x08001d2c                getKalmanVelocity
                0x08001d38                getKalmanBias
                0x08001d44                kalman_set_angle
                0x08001d50                kalman_set_velocity
 *fill*         0x08001d5c        0x4 
 .text          0x08001d60      0x730 build/control_loop.o
                0x08002368                control_loop_init
                0x0800238c                aim_loop_init
                0x080023b0                servo_loop_init
                0x080023d4                control_timer_start
                0x080023f4                control_timer_stop
                0x08002404                aim_timer_start
                0x08002424                aim_timer_stop
                0x08002434                servo_timer_start
                0x08002454                servo_timer_stop
                0x08002464                control_set_speed
                0x08002474                kalman_loop_update
 .text          0x08002490     0x16d8 build/qpas_sub_noblas.o
                0x08002490                printvector
                0x08002520                printmatrix
                0x08002604                qpas_sub_noblas
 .text          0x08003b68       0x14 build/startup_stm32f446xx.o
 .text          0x08003b7c      0x20c build/stm32f4_HAL/stm32f4xx_hal.o
                0x08003b7c                HAL_MspInit
                0x08003b7e                HAL_MspDeInit
                0x08003b80                HAL_DeInit
                0x08003bac                HAL_InitTick
                0x08003bf0                HAL_Init
                0x08003c24                HAL_IncTick
                0x08003c3c                HAL_GetTick
                0x08003c48                HAL_GetTickPrio
                0x08003c54                HAL_SetTickFreq
                0x08003c74                HAL_GetTickFreq
                0x08003c80                HAL_Delay
                0x08003ca8                HAL_SuspendTick
                0x08003cb8                HAL_ResumeTick
                0x08003cc8                HAL_GetHalVersion
                0x08003cd0                HAL_GetREVID
                0x08003cdc                HAL_GetDEVID
                0x08003cec                HAL_DBGMCU_EnableDBGSleepMode
                0x08003cfc                HAL_DBGMCU_DisableDBGSleepMode
                0x08003d0c                HAL_DBGMCU_EnableDBGStopMode
                0x08003d1c                HAL_DBGMCU_DisableDBGStopMode
                0x08003d2c                HAL_DBGMCU_EnableDBGStandbyMode
                0x08003d3c                HAL_DBGMCU_DisableDBGStandbyMode
                0x08003d4c                HAL_EnableCompensationCell
                0x08003d58                HAL_DisableCompensationCell
                0x08003d64                HAL_GetUIDw0
                0x08003d70                HAL_GetUIDw1
                0x08003d7c                HAL_GetUIDw2
 .text          0x08003d88      0x630 build/stm32f4_HAL/stm32f4xx_hal_dma.o
                0x08003db4                HAL_DMA_Init
                0x08003eb4                HAL_DMA_DeInit
                0x08003f08                HAL_DMA_Start
                0x08003f5c                HAL_DMA_Start_IT
                0x08003fd0                HAL_DMA_Abort
                0x08004058                HAL_DMA_Abort_IT
                0x0800407c                HAL_DMA_PollForTransfer
                0x0800418a                HAL_DMA_IRQHandler
                0x08004304                HAL_DMA_RegisterCallback
                0x0800434c                HAL_DMA_UnRegisterCallback
                0x080043ae                HAL_DMA_GetState
                0x080043b4                HAL_DMA_GetError
 .text          0x080043b8      0x9c8 build/stm32f4_HAL/stm32f4xx_hal_adc.o
                0x080043b8                HAL_ADC_MspInit
                0x080043ba                HAL_ADC_Init
                0x08004508                HAL_ADC_MspDeInit
                0x0800450a                HAL_ADC_DeInit
                0x0800453e                HAL_ADC_Start
                0x08004628                HAL_ADC_Stop
                0x0800465e                HAL_ADC_PollForConversion
                0x080046fc                HAL_ADC_PollForEvent
                0x08004762                HAL_ADC_Start_IT
                0x08004858                HAL_ADC_Stop_IT
                0x080048a0                HAL_ADC_Start_DMA
                0x080049c4                HAL_ADC_Stop_DMA
                0x08004a1e                HAL_ADC_GetValue
                0x08004a24                HAL_ADC_ConvCpltCallback
                0x08004a26                HAL_ADC_ConvHalfCpltCallback
                0x08004a32                HAL_ADC_LevelOutOfWindowCallback
                0x08004a34                HAL_ADC_ErrorCallback
                0x08004a36                HAL_ADC_IRQHandler
                0x08004be0                HAL_ADC_ConfigChannel
                0x08004d18                HAL_ADC_AnalogWDGConfig
                0x08004d76                HAL_ADC_GetState
                0x08004d7a                HAL_ADC_GetError
 .text          0x08004d80      0x6ac build/stm32f4_HAL/stm32f4xx_hal_adc_ex.o
                0x08004df0                HAL_ADCEx_InjectedStart
                0x08004ea4                HAL_ADCEx_InjectedStart_IT
                0x08004f60                HAL_ADCEx_InjectedStop
                0x08004fba                HAL_ADCEx_InjectedPollForConversion
                0x08005042                HAL_ADCEx_InjectedStop_IT
                0x080050a4                HAL_ADCEx_InjectedGetValue
                0x080050d6                HAL_ADCEx_MultiModeStart_DMA
                0x080051d0                HAL_ADCEx_MultiModeStop_DMA
                0x08005230                HAL_ADCEx_MultiModeGetValue
                0x0800523c                HAL_ADCEx_InjectedConvCpltCallback
                0x0800523e                HAL_ADCEx_InjectedConfigChannel
                0x080053dc                HAL_ADCEx_MultiModeConfigChannel
 .text          0x0800542c      0x334 build/stm32f4_HAL/stm32f4xx_hal_gpio.o
                0x0800542c                HAL_GPIO_Init
                0x080055dc                HAL_GPIO_DeInit
                0x080056f8                HAL_GPIO_ReadPin
                0x08005704                HAL_GPIO_WritePin
                0x0800570e                HAL_GPIO_TogglePin
                0x0800571c                HAL_GPIO_LockPin
                0x08005746                HAL_GPIO_EXTI_Callback
                0x08005748                HAL_GPIO_EXTI_IRQHandler
 .text          0x08005760      0x220 build/stm32f4_HAL/stm32f4xx_ll_gpio.o
                0x08005780                LL_GPIO_DeInit
                0x0800582c                LL_GPIO_Init
                0x08005968                LL_GPIO_StructInit
 .text          0x08005980      0x21c build/stm32f4_HAL/stm32f4xx_ll_usart.o
                0x08005980                LL_USART_DeInit
                0x08005a40                LL_USART_Init
                0x08005b3c                LL_USART_StructInit
                0x08005b54                LL_USART_ClockInit
                0x08005b8e                LL_USART_ClockStructInit
 .text          0x08005b9c      0x238 build/stm32f4_HAL/stm32f4xx_ll_dma.o
                0x08005b9c                LL_DMA_DeInit
                0x08005d2c                LL_DMA_Init
                0x08005db0                LL_DMA_StructInit
 .text          0x08005dd4      0x604 build/stm32f4_HAL/stm32f4xx_ll_rcc.o
                0x08005de4                LL_RCC_DeInit
                0x08005e94                LL_RCC_GetCECClockFreq
                0x08005ec4                RCC_GetHCLKClockFreq
                0x08005edc                RCC_GetPCLK1ClockFreq
                0x08005ef4                RCC_GetPCLK2ClockFreq
                0x08005f0c                RCC_PLL_GetFreqDomain_SYS
                0x08005f54                RCC_GetSystemClockFreq
                0x08005f84                LL_RCC_GetSystemClocksFreq
                0x08005fa4                LL_RCC_GetFMPI2CClockFreq
                0x08005ff4                RCC_PLL_GetFreqDomain_48M
                0x08006030                RCC_PLL_GetFreqDomain_I2S
                0x0800606c                RCC_PLL_GetFreqDomain_SPDIFRX
                0x08006070                RCC_PLL_GetFreqDomain_SAI
                0x08006074                RCC_PLLSAI_GetFreqDomain_SAI
                0x080060c4                RCC_PLLSAI_GetFreqDomain_48M
                0x08006108                LL_RCC_GetSDIOClockFreq
                0x08006150                LL_RCC_GetUSBClockFreq
                0x08006184                RCC_PLLI2S_GetFreqDomain_SAI
                0x080061d4                LL_RCC_GetSAIClockFreq
                0x08006288                RCC_PLLI2S_GetFreqDomain_SPDIFRX
                0x080062cc                LL_RCC_GetSPDIFRXClockFreq
                0x08006300                RCC_PLLI2S_GetFreqDomain_I2S
                0x08006340                LL_RCC_GetI2SClockFreq
 .text          0x080063d8     0x31e0 build/stm32f4_HAL/stm32f4xx_hal_i2c.o
                0x080067fc                HAL_I2C_MspInit
                0x080067fe                HAL_I2C_Init
                0x0800694c                HAL_I2C_MspDeInit
                0x0800694e                HAL_I2C_DeInit
                0x08006980                HAL_I2C_Master_Transmit
                0x08006b30                HAL_I2C_Master_Receive
                0x08006e10                HAL_I2C_Slave_Transmit
                0x08006f70                HAL_I2C_Slave_Receive
                0x080070ec                HAL_I2C_Master_Transmit_IT
                0x0800719c                HAL_I2C_Master_Receive_IT
                0x08007254                HAL_I2C_Slave_Transmit_IT
                0x080072c4                HAL_I2C_Slave_Receive_IT
                0x08007334                HAL_I2C_Master_Transmit_DMA
                0x08007460                HAL_I2C_Master_Receive_DMA
                0x08007588                HAL_I2C_Slave_Transmit_DMA
                0x08007648                HAL_I2C_Slave_Receive_DMA
                0x08007708                HAL_I2C_Mem_Write
                0x08007828                HAL_I2C_Mem_Read
                0x08007a38                HAL_I2C_Mem_Write_IT
                0x08007af4                HAL_I2C_Mem_Read_IT
                0x08007bc0                HAL_I2C_Mem_Write_DMA
                0x08007d08                HAL_I2C_Mem_Read_DMA
                0x08007e94                HAL_I2C_IsDeviceReady
                0x08007ff4                HAL_I2C_Master_Seq_Transmit_IT
                0x080080c4                HAL_I2C_Master_Seq_Transmit_DMA
                0x08008238                HAL_I2C_Master_Seq_Receive_IT
                0x08008344                HAL_I2C_Master_Seq_Receive_DMA
                0x08008510                HAL_I2C_Slave_Seq_Transmit_IT
                0x08008586                HAL_I2C_Slave_Seq_Transmit_DMA
                0x080086c4                HAL_I2C_Slave_Seq_Receive_IT
                0x0800873a                HAL_I2C_Slave_Seq_Receive_DMA
                0x08008878                HAL_I2C_EnableListen_IT
                0x080088ae                HAL_I2C_DisableListen_IT
                0x080088ec                HAL_I2C_MasterTxCpltCallback
                0x080088ee                HAL_I2C_MasterRxCpltCallback
                0x080088f0                HAL_I2C_SlaveTxCpltCallback
                0x080088f2                HAL_I2C_SlaveRxCpltCallback
                0x080088f4                HAL_I2C_AddrCallback
                0x080088f6                HAL_I2C_ListenCpltCallback
                0x080088f8                HAL_I2C_MemTxCpltCallback
                0x080088fa                HAL_I2C_MemRxCpltCallback
                0x080088fc                HAL_I2C_ErrorCallback
                0x08008a4a                HAL_I2C_AbortCpltCallback
                0x08008c1c                HAL_I2C_Master_Abort_IT
                0x08008c68                HAL_I2C_EV_IRQHandler
                0x08009474                HAL_I2C_ER_IRQHandler
                0x080095a8                HAL_I2C_GetState
                0x080095ae                HAL_I2C_GetMode
                0x080095b4                HAL_I2C_GetError
 .text          0x080095b8       0x7c build/stm32f4_HAL/stm32f4xx_hal_i2c_ex.o
                0x080095b8                HAL_I2CEx_ConfigAnalogFilter
                0x080095f6                HAL_I2CEx_ConfigDigitalFilter
 .text          0x08009634     0x1dec build/stm32f4_HAL/stm32f4xx_hal_tim.o
                0x08009750                HAL_TIM_Base_MspInit
                0x08009752                HAL_TIM_Base_MspDeInit
                0x08009754                HAL_TIM_Base_DeInit
                0x0800978e                HAL_TIM_Base_Start
                0x080097b2                HAL_TIM_Base_Stop
                0x080097e0                HAL_TIM_Base_Start_IT
                0x08009800                HAL_TIM_Base_Stop_IT
                0x0800982a                HAL_TIM_Base_Start_DMA
                0x08009894                HAL_TIM_Base_Stop_DMA
                0x080098d0                HAL_TIM_OC_MspInit
                0x080098d2                HAL_TIM_OC_MspDeInit
                0x080098d4                HAL_TIM_OC_DeInit
                0x0800990e                HAL_TIM_PWM_MspInit
                0x08009910                HAL_TIM_PWM_MspDeInit
                0x08009912                HAL_TIM_PWM_DeInit
                0x0800994c                HAL_TIM_IC_MspInit
                0x0800994e                HAL_TIM_IC_MspDeInit
                0x08009950                HAL_TIM_IC_DeInit
                0x0800998a                HAL_TIM_OnePulse_MspInit
                0x0800998c                HAL_TIM_OnePulse_MspDeInit
                0x0800998e                HAL_TIM_OnePulse_DeInit
                0x080099c8                HAL_TIM_OnePulse_Start
                0x08009a08                HAL_TIM_OnePulse_Stop
                0x08009a70                HAL_TIM_OnePulse_Start_IT
                0x08009ac0                HAL_TIM_OnePulse_Stop_IT
                0x08009b38                HAL_TIM_Encoder_MspInit
                0x08009b3a                HAL_TIM_Encoder_MspDeInit
                0x08009b3c                HAL_TIM_Encoder_DeInit
                0x08009b76                HAL_TIM_Encoder_Start
                0x08009bba                HAL_TIM_Encoder_Stop
                0x08009c02                HAL_TIM_Encoder_Start_IT
                0x08009c70                HAL_TIM_Encoder_Stop_IT
                0x08009ce4                HAL_TIM_Encoder_Start_DMA
                0x08009e24                HAL_TIM_Encoder_Stop_DMA
                0x08009eb6                HAL_TIM_DMABurst_WriteStart
                0x08009f94                HAL_TIM_DMABurst_WriteStop
                0x08009ff8                HAL_TIM_DMABurst_ReadStart
                0x0800a0dc                HAL_TIM_DMABurst_ReadStop
                0x0800a0e0                HAL_TIM_GenerateEvent
                0x0800a104                HAL_TIM_ConfigTI1Input
                0x0800a114                HAL_TIM_ReadCapturedValue
                0x0800a140                HAL_TIM_PeriodElapsedCallback
                0x0800a152                HAL_TIM_PeriodElapsedHalfCpltCallback
                0x0800a164                HAL_TIM_OC_DelayElapsedCallback
                0x0800a166                HAL_TIM_IC_CaptureCallback
                0x0800a168                TIM_DMACaptureCplt
                0x0800a1a4                HAL_TIM_IC_CaptureHalfCpltCallback
                0x0800a1a6                TIM_DMACaptureHalfCplt
                0x0800a1e2                HAL_TIM_PWM_PulseFinishedCallback
                0x0800a1e4                TIM_DMADelayPulseCplt
                0x0800a220                HAL_TIM_PWM_PulseFinishedHalfCpltCallback
                0x0800a222                TIM_DMADelayPulseHalfCplt
                0x0800a25e                HAL_TIM_TriggerCallback
                0x0800a260                HAL_TIM_IRQHandler
                0x0800a3b4                HAL_TIM_TriggerHalfCpltCallback
                0x0800a3c6                HAL_TIM_ErrorCallback
                0x0800a3c8                TIM_DMAError
                0x0800a3d8                HAL_TIM_Base_GetState
                0x0800a3de                HAL_TIM_OC_GetState
                0x0800a3e4                HAL_TIM_PWM_GetState
                0x0800a3ea                HAL_TIM_IC_GetState
                0x0800a3f0                HAL_TIM_OnePulse_GetState
                0x0800a3f6                HAL_TIM_Encoder_GetState
                0x0800a3fc                TIM_Base_SetConfig
                0x0800a4c8                HAL_TIM_Base_Init
                0x0800a4fc                HAL_TIM_OC_Init
                0x0800a530                HAL_TIM_PWM_Init
                0x0800a564                HAL_TIM_IC_Init
                0x0800a598                HAL_TIM_OnePulse_Init
                0x0800a5de                HAL_TIM_Encoder_Init
                0x0800a674                TIM_OC2_SetConfig
                0x0800a6e0                HAL_TIM_OC_ConfigChannel
                0x0800a738                HAL_TIM_PWM_ConfigChannel
                0x0800a7f8                TIM_TI1_SetConfig
                0x0800a86c                HAL_TIM_IC_ConfigChannel
                0x0800a980                HAL_TIM_OnePulse_ConfigChannel
                0x0800aa76                TIM_ETR_SetConfig
                0x0800aa8a                HAL_TIM_ConfigOCrefClear
                0x0800ab52                HAL_TIM_ConfigClockSource
                0x0800ad1e                HAL_TIM_SlaveConfigSynchro
                0x0800ad6c                HAL_TIM_SlaveConfigSynchro_IT
                0x0800adba                TIM_CCxChannelCmd
                0x0800add6                HAL_TIM_OC_Start
                0x0800ae14                HAL_TIM_PWM_Start
                0x0800ae18                HAL_TIM_OC_Stop
                0x0800ae74                HAL_TIM_OC_Start_IT
                0x0800aee4                HAL_TIM_PWM_Start_IT
                0x0800aee8                HAL_TIM_OC_Stop_IT
                0x0800af78                HAL_TIM_PWM_Stop_IT
                0x0800af7c                HAL_TIM_OC_Start_DMA
                0x0800b08c                HAL_TIM_PWM_Start_DMA
                0x0800b090                HAL_TIM_OC_Stop_DMA
                0x0800b140                HAL_TIM_PWM_Stop_DMA
                0x0800b144                HAL_TIM_PWM_Stop
                0x0800b1a8                HAL_TIM_IC_Start
                0x0800b1cc                HAL_TIM_IC_Stop
                0x0800b1fa                HAL_TIM_IC_Start_IT
                0x0800b250                HAL_TIM_IC_Stop_IT
                0x0800b2b0                HAL_TIM_IC_Start_DMA
                0x0800b3a0                HAL_TIM_IC_Stop_DMA
 .text          0x0800b420      0x814 build/stm32f4_HAL/stm32f4xx_hal_tim_ex.o
                0x0800b43c                HAL_TIMEx_HallSensor_MspInit
                0x0800b43e                HAL_TIMEx_HallSensor_Init
                0x0800b4ec                HAL_TIMEx_HallSensor_MspDeInit
                0x0800b4ee                HAL_TIMEx_HallSensor_DeInit
                0x0800b528                HAL_TIMEx_HallSensor_Start
                0x0800b54e                HAL_TIMEx_HallSensor_Stop
                0x0800b57e                HAL_TIMEx_HallSensor_Start_IT
                0x0800b5ac                HAL_TIMEx_HallSensor_Stop_IT
                0x0800b5e4                HAL_TIMEx_HallSensor_Start_DMA
                0x0800b660                HAL_TIMEx_HallSensor_Stop_DMA
                0x0800b6a0                HAL_TIMEx_OCN_Start
                0x0800b6cc                HAL_TIMEx_OCN_Stop
                0x0800b716                HAL_TIMEx_OCN_Start_IT
                0x0800b76c                HAL_TIMEx_OCN_Stop_IT
                0x0800b7ea                HAL_TIMEx_OCN_Start_DMA
                0x0800b8bc                HAL_TIMEx_OCN_Stop_DMA
                0x0800b942                HAL_TIMEx_PWMN_Start
                0x0800b946                HAL_TIMEx_PWMN_Stop
                0x0800b94a                HAL_TIMEx_PWMN_Start_IT
                0x0800b94e                HAL_TIMEx_PWMN_Stop_IT
                0x0800b952                HAL_TIMEx_PWMN_Start_DMA
                0x0800b956                HAL_TIMEx_PWMN_Stop_DMA
                0x0800b95a                HAL_TIMEx_OnePulseN_Start
                0x0800b974                HAL_TIMEx_OnePulseN_Stop
                0x0800b978                HAL_TIMEx_OnePulseN_Start_IT
                0x0800b9a2                HAL_TIMEx_OnePulseN_Stop_IT
                0x0800b9fc                HAL_TIMEx_ConfigCommutEvent
                0x0800ba56                HAL_TIMEx_ConfigCommutEvent_IT
                0x0800bab0                HAL_TIMEx_ConfigCommutEvent_DMA
                0x0800bb24                HAL_TIMEx_MasterConfigSynchronization
                0x0800bba0                HAL_TIMEx_ConfigBreakDeadTime
                0x0800bbec                HAL_TIMEx_RemapConfig
                0x0800bc06                HAL_TIMEx_CommutCallback
                0x0800bc08                TIMEx_DMACommutationCplt
                0x0800bc18                HAL_TIMEx_CommutHalfCpltCallback
                0x0800bc1a                TIMEx_DMACommutationHalfCplt
                0x0800bc2a                HAL_TIMEx_BreakCallback
                0x0800bc2c                HAL_TIMEx_HallSensor_GetState
 .text          0x0800bc34        0x0 build/stm32f4_HAL/stm32f4xx_hal_rtc.o
 .text          0x0800bc34      0x6d4 build/stm32f4_HAL/stm32f4xx_hal_rcc.o
                0x0800bf86                HAL_RCC_MCOConfig
                0x0800c020                HAL_RCC_EnableCSS
                0x0800c02c                HAL_RCC_DisableCSS
                0x0800c094                HAL_RCC_ClockConfig
                0x0800c1cc                HAL_RCC_GetHCLKFreq
                0x0800c1d8                HAL_RCC_GetPCLK1Freq
                0x0800c1f8                HAL_RCC_GetPCLK2Freq
                0x0800c2ac                HAL_RCC_GetClockConfig
                0x0800c2e8                HAL_RCC_CSSCallback
                0x0800c2ea                HAL_RCC_NMI_IRQHandler
 .text          0x0800c308      0xdc8 build/stm32f4_HAL/stm32f4xx_hal_rcc_ex.o
                0x0800c308                HAL_RCCEx_PeriphCLKConfig
                0x0800c720                HAL_RCCEx_GetPeriphCLKConfig
                0x0800c81c                HAL_RCCEx_GetPeriphCLKFreq
                0x0800c9c4                HAL_RCCEx_SelectLSEMode
                0x0800c9dc                HAL_RCCEx_EnablePLLI2S
                0x0800ca50                HAL_RCCEx_DisablePLLI2S
                0x0800ca84                HAL_RCCEx_EnablePLLSAI
                0x0800caf0                HAL_RCCEx_DisablePLLSAI
                0x0800cb24                HAL_RCC_GetSysClockFreq
                0x0800cbb4                HAL_RCC_DeInit
                0x0800cd08                HAL_RCC_OscConfig
                0x0800d034                HAL_RCC_GetOscConfig
 .text          0x0800d0d0      0x1ac build/stm32f4_HAL/stm32f4xx_hal_pwr.o
                0x0800d0d0                HAL_PWR_DeInit
                0x0800d0e8                HAL_PWR_EnableBkUpAccess
                0x0800d0f4                HAL_PWR_DisableBkUpAccess
                0x0800d100                HAL_PWR_ConfigPVD
                0x0800d170                HAL_PWR_EnablePVD
                0x0800d17c                HAL_PWR_DisablePVD
                0x0800d188                HAL_PWR_EnableWakeUpPin
                0x0800d198                HAL_PWR_DisableWakeUpPin
                0x0800d1a8                HAL_PWR_EnterSLEEPMode
                0x0800d1c8                HAL_PWR_EnterSTOPMode
                0x0800d200                HAL_PWR_EnterSTANDBYMode
                0x0800d220                HAL_PWR_PVDCallback
                0x0800d222                HAL_PWR_PVD_IRQHandler
                0x0800d23c                HAL_PWR_EnableSleepOnExit
                0x0800d24c                HAL_PWR_DisableSleepOnExit
                0x0800d25c                HAL_PWR_EnableSEVOnPend
                0x0800d26c                HAL_PWR_DisableSEVOnPend
 .text          0x0800d27c      0x298 build/stm32f4_HAL/stm32f4xx_hal_pwr_ex.o
                0x0800d27c                HAL_PWREx_EnableBkUpReg
                0x0800d2b0                HAL_PWREx_DisableBkUpReg
                0x0800d2e4                HAL_PWREx_EnableFlashPowerDown
                0x0800d2f0                HAL_PWREx_DisableFlashPowerDown
                0x0800d2fc                HAL_PWREx_GetVoltageRange
                0x0800d30c                HAL_PWREx_ControlVoltageScaling
                0x0800d3bc                HAL_PWREx_EnableOverDrive
                0x0800d434                HAL_PWREx_DisableOverDrive
                0x0800d4ac                HAL_PWREx_EnterUnderDriveSTOPMode
 .text          0x0800d514      0x2c8 build/stm32f4_HAL/stm32f4xx_hal_cortex.o
                0x0800d514                HAL_NVIC_SetPriorityGrouping
                0x0800d538                HAL_NVIC_SetPriority
                0x0800d59c                HAL_NVIC_EnableIRQ
                0x0800d5b8                HAL_NVIC_DisableIRQ
                0x0800d5e0                HAL_NVIC_SystemReset
                0x0800d604                HAL_SYSTICK_Config
                0x0800d630                HAL_MPU_Disable
                0x0800d650                HAL_MPU_Enable
                0x0800d674                HAL_MPU_ConfigRegion
                0x0800d6c4                HAL_NVIC_GetPriorityGrouping
                0x0800d6d4                HAL_NVIC_GetPriority
                0x0800d730                HAL_NVIC_SetPendingIRQ
                0x0800d750                HAL_NVIC_GetPendingIRQ
                0x0800d774                HAL_NVIC_ClearPendingIRQ
                0x0800d794                HAL_NVIC_GetActive
                0x0800d7b8                HAL_SYSTICK_CLKSourceConfig
                0x0800d7d0                HAL_SYSTICK_Callback
                0x0800d7d2                HAL_SYSTICK_IRQHandler
 .text          0x0800d7dc     0x1820 build/stm32f4_HAL/stm32f4xx_hal_spi.o
                0x0800d980                HAL_SPI_MspInit
                0x0800d982                HAL_SPI_Init
                0x0800da06                HAL_SPI_MspDeInit
                0x0800da08                HAL_SPI_DeInit
                0x0800da34                HAL_SPI_Transmit
                0x0800dbae                HAL_SPI_TransmitReceive
                0x0800de2e                HAL_SPI_Receive
                0x0800dfee                HAL_SPI_Transmit_IT
                0x0800e094                HAL_SPI_TransmitReceive_IT
                0x0800e15c                HAL_SPI_Receive_IT
                0x0800e224                HAL_SPI_Transmit_DMA
                0x0800e2fc                HAL_SPI_TransmitReceive_DMA
                0x0800e420                HAL_SPI_Receive_DMA
                0x0800e51c                HAL_SPI_Abort
                0x0800e644                HAL_SPI_DMAPause
                0x0800e664                HAL_SPI_DMAResume
                0x0800e684                HAL_SPI_DMAStop
                0x0800e6ca                HAL_SPI_TxCpltCallback
                0x0800e6cc                HAL_SPI_RxCpltCallback
                0x0800e6ce                HAL_SPI_TxRxCpltCallback
                0x0800e6d0                HAL_SPI_TxHalfCpltCallback
                0x0800e6dc                HAL_SPI_RxHalfCpltCallback
                0x0800e6e8                HAL_SPI_TxRxHalfCpltCallback
                0x0800e6f4                HAL_SPI_ErrorCallback
                0x0800ecb6                HAL_SPI_IRQHandler
                0x0800edd0                HAL_SPI_AbortCpltCallback
                0x0800edd2                HAL_SPI_Abort_IT
                0x0800eff0                HAL_SPI_GetState
                0x0800eff6                HAL_SPI_GetError
 .text          0x0800effc        0x0 build/stm32f4_HAL/stm32f4xx_hal_dac.o
 .text          0x0800effc        0x0 build/stm32f4_HAL/stm32f4xx_hal_dac_ex.o
 .text          0x0800effc        0x0 build/stm32f4_HAL/stm32f4xx_hal_can.o
 .text          0x0800effc        0x0 build/FreeRTOS/croutine.o
 .text          0x0800effc      0x274 build/FreeRTOS/event_groups.o
                0x0800effc                xEventGroupCreateStatic
                0x0800f014                xEventGroupCreate
                0x0800f030                xEventGroupWaitBits
                0x0800f0e8                xEventGroupClearBits
                0x0800f102                vEventGroupClearBitsCallback
                0x0800f106                xEventGroupClearBitsFromISR
                0x0800f118                xEventGroupGetBitsFromISR
                0x0800f134                xEventGroupSetBits
                0x0800f190                xEventGroupSync
                0x0800f224                vEventGroupSetBitsCallback
                0x0800f228                vEventGroupDelete
                0x0800f252                xEventGroupSetBitsFromISR
                0x0800f264                uxEventGroupGetNumber
                0x0800f26a                vEventGroupSetNumber
 .text          0x0800f270       0x82 build/FreeRTOS/list.o
                0x0800f270                vListInitialise
                0x0800f286                vListInitialiseItem
                0x0800f28c                vListInsertEnd
                0x0800f2a4                vListInsert
                0x0800f2d2                uxListRemove
 *fill*         0x0800f2f2        0x2 
 .text          0x0800f2f4      0x8fc build/FreeRTOS/queue.o
                0x0800f410                xQueueGenericReset
                0x0800f47c                xQueueGenericCreateStatic
                0x0800f4a8                xQueueGenericCreate
                0x0800f4e2                xQueueGetMutexHolder
                0x0800f4fc                xQueueGetMutexHolderFromISR
                0x0800f508                xQueueCreateCountingSemaphoreStatic
                0x0800f522                xQueueCreateCountingSemaphore
                0x0800f534                xQueueGenericSend
                0x0800f638                xQueueCreateMutexStatic
                0x0800f662                xQueueGiveMutexRecursive
                0x0800f68a                xQueueCreateMutex
                0x0800f6ae                xQueueGenericSendFromISR
                0x0800f718                xQueueGiveFromISR
                0x0800f774                xQueueReceive
                0x0800f864                xQueueSemaphoreTake
                0x0800f98c                xQueueTakeMutexRecursive
                0x0800f9bc                xQueuePeek
                0x0800faac                xQueueReceiveFromISR
                0x0800fb14                xQueuePeekFromISR
                0x0800fb44                uxQueueMessagesWaiting
                0x0800fb5a                uxQueueSpacesAvailable
                0x0800fb74                uxQueueMessagesWaitingFromISR
                0x0800fb78                vQueueDelete
                0x0800fb84                uxQueueGetQueueNumber
                0x0800fb88                vQueueSetQueueNumber
                0x0800fb8c                ucQueueGetQueueType
                0x0800fb92                xQueueIsQueueEmptyFromISR
                0x0800fb9c                xQueueIsQueueFullFromISR
                0x0800fba8                vQueueWaitForMessageRestricted
 .text          0x0800fbf0     0x12d4 build/FreeRTOS/tasks.o
                0x0800fec0                xTaskCreateStatic
                0x0800fef4                xTaskCreate
                0x0800ff50                vTaskDelete
                0x0800ffd4                eTaskGetState
                0x0801003c                uxTaskPriorityGet
                0x0801005c                uxTaskPriorityGetFromISR
                0x08010084                vTaskPrioritySet
                0x08010134                vTaskResume
                0x080101b8                xTaskResumeFromISR
                0x08010240                vTaskStartScheduler
                0x080102b8                vTaskEndScheduler
                0x080102d8                vTaskSuspendAll
                0x080102ec                xTaskGetTickCount
                0x080102f8                xTaskGetTickCountFromISR
                0x08010304                uxTaskGetNumberOfTasks
                0x08010310                pcTaskGetName
                0x08010320                xTaskIncrementTick
                0x08010404                xTaskResumeAll
                0x080104c8                vTaskDelayUntil
                0x08010518                vTaskDelay
                0x08010548                xTaskCatchUpTicks
                0x08010568                vTaskSwitchContext
                0x080105cc                vTaskSuspend
                0x0801065c                vTaskPlaceOnEventList
                0x0801067c                vTaskPlaceOnUnorderedEventList
                0x080106a4                vTaskPlaceOnEventListRestricted
                0x080106cc                xTaskRemoveFromEventList
                0x08010734                vTaskRemoveFromUnorderedEventList
                0x08010788                vTaskSetTimeOutState
                0x080107ac                vTaskInternalSetTimeOutState
                0x080107c0                xTaskCheckForTimeOut
                0x08010810                vTaskMissedYield
                0x08010820                uxTaskGetTaskNumber
                0x08010826                vTaskSetTaskNumber
                0x0801082c                vTaskGetInfo
                0x08010906                uxTaskGetSystemState
                0x0801099c                uxTaskGetStackHighWaterMark
                0x080109bc                xTaskGetCurrentTaskHandle
                0x080109c8                xTaskGetSchedulerState
                0x080109e8                xTaskPriorityInherit
                0x08010a68                xTaskPriorityDisinherit
                0x08010ac4                vTaskPriorityDisinheritAfterTimeout
                0x08010b34                uxTaskResetEventItemValue
                0x08010b4c                pvTaskIncrementMutexHeldCount
                0x08010b64                ulTaskNotifyTake
                0x08010bd0                xTaskNotifyWait
                0x08010c64                xTaskGenericNotify
                0x08010d14                xTaskGenericNotifyFromISR
                0x08010dd4                vTaskNotifyGiveFromISR
                0x08010e64                xTaskNotifyStateClear
                0x08010e90                ulTaskNotifyValueClear
 .text          0x08010ec4      0x49c build/FreeRTOS/timers.o
                0x08010f40                xTimerCreateTimerTask
                0x08010f90                xTimerCreate
                0x08010fd6                xTimerCreateStatic
                0x08011016                xTimerGenericCommand
                0x08011268                xTimerGetTimerDaemonTaskHandle
                0x08011274                xTimerGetPeriod
                0x08011278                vTimerSetReloadMode
                0x0801129e                uxTimerGetReloadMode
                0x080112ba                xTimerGetExpiryTime
                0x080112be                pcTimerGetName
                0x080112c2                xTimerIsTimerActive
                0x080112de                pvTimerGetTimerID
                0x080112f4                vTimerSetTimerID
                0x08011308                xTimerPendFunctionCallFromISR
                0x08011330                xTimerPendFunctionCall
                0x08011358                uxTimerGetTimerNumber
                0x0801135c                vTimerSetTimerNumber
 .text          0x08011360      0x532 build/FreeRTOS/stream_buffer.o
                0x08011400                xStreamBufferGenericCreate
                0x0801143c                xStreamBufferGenericCreateStatic
                0x0801147c                vStreamBufferDelete
                0x0801148e                xStreamBufferReset
                0x080114d4                xStreamBufferSetTriggerLevel
                0x080114e8                xStreamBufferSpacesAvailable
                0x080114fc                xStreamBufferBytesAvailable
                0x080114fe                xStreamBufferSend
                0x080115dc                xStreamBufferSendFromISR
                0x08011670                xStreamBufferReceive
                0x08011728                xStreamBufferNextMessageLengthBytes
                0x08011756                xStreamBufferReceiveFromISR
                0x080117ea                xStreamBufferIsEmpty
                0x080117f6                xStreamBufferIsFull
                0x08011812                xStreamBufferSendCompletedFromISR
                0x0801184a                xStreamBufferReceiveCompletedFromISR
                0x08011882                uxStreamBufferGetStreamBufferNumber
                0x08011886                vStreamBufferSetStreamBufferNumber
                0x0801188a                ucStreamBufferGetStreamBufferType
 *fill*         0x08011892        0x2 
 .text          0x08011894     0x1160 build/FreeRTOS/cmsis_os2.o
                0x080118d2                SysTick_Handler
                0x080118f0                osKernelInitialize
                0x0801191c                osKernelGetInfo
                0x08011948                osKernelGetState
                0x08011968                osKernelStart
                0x080119a8                osKernelLock
                0x080119d4                osKernelUnlock
                0x08011a0c                osKernelRestoreLock
                0x08011a50                osKernelGetTickCount
                0x08011a68                osKernelGetTickFreq
                0x08011a6e                osKernelGetSysTimerCount
                0x08011aae                osKernelGetSysTimerFreq
                0x08011ab8                osThreadNew
                0x08011b56                osThreadGetName
                0x08011b70                osThreadGetId
                0x08011b74                osThreadGetState
                0x08011b9c                osThreadGetStackSpace
                0x08011bb6                osThreadSetPriority
                0x08011be4                osThreadGetPriority
                0x08011c00                osThreadYield
                0x08011c24                osThreadSuspend
                0x08011c48                osThreadResume
                0x08011c6c                osThreadExit
                0x08011c76                osThreadTerminate
                0x08011caa                osThreadGetCount
                0x08011cbe                osThreadEnumerate
                0x08011d28                osThreadFlagsSet
                0x08011da8                osThreadFlagsClear
                0x08011df8                osThreadFlagsGet
                0x08011e26                osThreadFlagsWait
                0x08011ec0                osDelay
                0x08011ede                osDelayUntil
                0x08011f0e                osTimerNew
                0x08011f8c                osTimerGetName
                0x08011fa6                osTimerStart
                0x08011fdc                osTimerStop
                0x0801201e                osTimerIsRunning
                0x08012038                osTimerDelete
                0x0801207e                osEventFlagsNew
                0x080120aa                osEventFlagsSet
                0x08012104                osEventFlagsClear
                0x0801214a                osEventFlagsGet
                0x0801216c                osEventFlagsWait
                0x080121d0                osEventFlagsDelete
                0x080121f4                osMutexNew
                0x0801224e                osMutexAcquire
                0x08012294                osMutexRelease
                0x080122d4                osMutexGetOwner
                0x080122f0                osMutexDelete
                0x08012316                osSemaphoreNew
                0x080123a4                osSemaphoreAcquire
                0x08012408                osSemaphoreRelease
                0x08012460                osSemaphoreGetCount
                0x08012482                osSemaphoreDelete
                0x080124a6                osMessageQueueNew
                0x0801250a                osMessageQueuePut
                0x08012578                osMessageQueueGet
                0x080125e4                osMessageQueueGetCapacity
                0x080125ea                osMessageQueueGetMsgSize
                0x080125f0                osMessageQueueGetCount
                0x080125f4                osMessageQueueGetSpace
                0x0801262a                osMessageQueueReset
                0x08012650                osMessageQueueDelete
                0x08012654                osMemoryPoolNew
                0x08012748                osMemoryPoolGetName
                0x0801275e                osMemoryPoolAlloc
                0x08012814                osMemoryPoolFree
                0x080128d0                osMemoryPoolGetCapacity
                0x080128e8                osMemoryPoolGetBlockSize
                0x08012900                osMemoryPoolGetCount
                0x08012930                osMemoryPoolGetSpace
                0x08012960                osMemoryPoolDelete
                0x080129bc                vApplicationGetIdleTaskMemory
                0x080129d8                vApplicationGetTimerTaskMemory
 .text          0x080129f4        0x2 build/FreeRTOS/clib_arm.o
                0x080129f4                software_init_hook
 *fill*         0x080129f6        0x2 
 .text          0x080129f8       0xe0 build/FreeRTOS/os_systick.o
                0x080129f8                OS_Tick_Setup
                0x08012a38                OS_Tick_Enable
                0x08012a64                OS_Tick_Disable
                0x08012a90                OS_Tick_AcknowledgeIRQ
                0x08012a9c                OS_Tick_GetIRQn
                0x08012aa2                OS_Tick_GetClock
                0x08012aac                OS_Tick_GetInterval
                0x08012ab8                OS_Tick_GetCount
                0x08012ac8                OS_Tick_GetOverflow
 .text          0x08012ad8       0x8c build/FreeRTOS/heap_useNewlib.o
                0x08012ad8                sbrk
                0x08012b28                _sbrk
                0x08012b2c                __malloc_lock
                0x08012b30                __malloc_unlock
                0x08012b34                __env_lock
                0x08012b38                __env_unlock
                0x08012b3c                pvPortMalloc
                0x08012b40                vPortFree
                0x08012b44                xPortGetFreeHeapSize
                0x08012b60                vPortInitialiseBlocks
 *fill*         0x08012b64        0xc 
 .text          0x08012b70      0x1f8 build/FreeRTOS/port.o
                0x08012bc0                pxPortInitialiseStack
                0x08012bec                SVC_Handler
                0x08012c14                vPortEndScheduler
                0x08012c16                vPortEnterCritical
                0x08012c34                vPortExitCritical
                0x08012c48                PendSV_Handler
                0x08012cb4                xPortSysTickHandler
                0x08012ce4                vPortSetupTimerInterrupt
                0x08012d18                xPortStartScheduler
 .text          0x08012d68      0x308 build/tm_stm32_gpio.o
                0x08012d68                TM_GPIO_DeInit
                0x08012db0                TM_GPIO_SetPinAsInput
                0x08012dd4                TM_GPIO_SetPinAsOutput
                0x08012e00                TM_GPIO_SetPinAsAnalog
                0x08012e22                TM_GPIO_SetPinAsAlternate
                0x08012e4e                TM_GPIO_SetPullResistor
                0x08012e78                TM_GPIO_Lock
                0x08012e88                TM_GPIO_GetPinSource
                0x08012e9c                TM_GPIO_GetPortSource
                0x08012eaa                TM_GPIO_INT_EnableClock
                0x08012ecc                TM_GPIO_INT_DisableClock
                0x08012ef0                TM_GPIO_INT_Init
                0x08012fa4                TM_GPIO_Init
                0x08012fd6                TM_GPIO_InitAlternate
                0x0801303c                TM_GPIO_GetUsedPins
                0x08013054                TM_GPIO_GetFreePins
 .text          0x08013070      0x424 build/tm_stm32_i2c.o
                0x08013070                TM_I2C_GetHandle
                0x080130a8                TM_I2C_Read
                0x080130ec                TM_I2C_ReadMulti
                0x08013132                TM_I2C_ReadNoRegister
                0x08013158                TM_I2C_ReadMultiNoRegister
                0x08013182                TM_I2C_Write
                0x080131b2                TM_I2C_WriteMulti
                0x080131e8                TM_I2C_WriteNoRegister
                0x08013212                TM_I2C_WriteMultiNoRegister
                0x0801323c                TM_I2C_Write16
                0x0801326e                TM_I2C_Read16
                0x080132b6                TM_I2C_IsDeviceConnected
                0x080132cc                TM_I2C_WriteReadRepeatedStart
                0x0801331e                TM_I2C_InitCustomPinsCallback
                0x08013320                TM_I2C_Init
 .text          0x08013494      0x390 build/tm_stm32_mpu6050.o
                0x08013494                TM_MPU6050_SetGyroscope
                0x080134fc                TM_MPU6050_SetAccelerometer
                0x0801355c                TM_MPU6050_SetDataRate
                0x08013578                TM_MPU6050_Init
                0x08013610                TM_MPU6050_EnableInterrupts
                0x08013650                TM_MPU6050_DisableInterrupts
                0x0801366c                TM_MPU6050_ReadInterrupts
                0x08013698                TM_MPU6050_ReadAccelerometer
                0x080136e0                TM_MPU6050_ReadGyroscope
                0x08013728                TM_MPU6050_ReadTemperature
                0x08013778                TM_MPU6050_ReadAll
 .text          0x08013824        0x0 c:/users/mark/documents/mcha3500/mcha3500_windows_toolchain/toolchain/gcc-arm-none-eabi/bin/../lib/gcc/arm-none-eabi/9.2.1/../../../../arm-none-eabi/lib/thumb/v7e-m+fp/hard\libm.a(lib_a-w_atan2.o)
 .text          0x08013824        0x0 c:/users/mark/documents/mcha3500/mcha3500_windows_toolchain/toolchain/gcc-arm-none-eabi/bin/../lib/gcc/arm-none-eabi/9.2.1/../../../../arm-none-eabi/lib/thumb/v7e-m+fp/hard\libm.a(lib_a-wf_sqrt.o)
 .text          0x08013824        0x0 c:/users/mark/documents/mcha3500/mcha3500_windows_toolchain/toolchain/gcc-arm-none-eabi/bin/../lib/gcc/arm-none-eabi/9.2.1/../../../../arm-none-eabi/lib/thumb/v7e-m+fp/hard\libm.a(lib_a-e_atan2.o)
 .text          0x08013824        0x0 c:/users/mark/documents/mcha3500/mcha3500_windows_toolchain/toolchain/gcc-arm-none-eabi/bin/../lib/gcc/arm-none-eabi/9.2.1/../../../../arm-none-eabi/lib/thumb/v7e-m+fp/hard\libm.a(lib_a-ef_sqrt.o)
 .text          0x08013824        0x0 c:/users/mark/documents/mcha3500/mcha3500_windows_toolchain/toolchain/gcc-arm-none-eabi/bin/../lib/gcc/arm-none-eabi/9.2.1/../../../../arm-none-eabi/lib/thumb/v7e-m+fp/hard\libm.a(lib_a-s_atan.o)
 .text          0x08013824        0x0 c:/users/mark/documents/mcha3500/mcha3500_windows_toolchain/toolchain/gcc-arm-none-eabi/bin/../lib/gcc/arm-none-eabi/9.2.1/../../../../arm-none-eabi/lib/thumb/v7e-m+fp/hard\libm.a(lib_a-s_fabs.o)
 .text          0x08013824        0x0 c:/users/mark/documents/mcha3500/mcha3500_windows_toolchain/toolchain/gcc-arm-none-eabi/bin/../lib/gcc/arm-none-eabi/9.2.1/../../../../arm-none-eabi/lib/thumb/v7e-m+fp/hard\libm.a(lib_a-s_lib_ver.o)
 .text          0x08013824        0x0 c:/users/mark/documents/mcha3500/mcha3500_windows_toolchain/toolchain/gcc-arm-none-eabi/bin/../lib/gcc/arm-none-eabi/9.2.1/../../../../arm-none-eabi/lib/thumb/v7e-m+fp/hard\libm.a(lib_a-s_matherr.o)
 .text          0x08013824        0x0 ../STM32Cube_F4_FW/Drivers/CMSIS/Lib/GCC/libarm_cortexM4lf_math.a(arm_mat_trans_f32.o)
 .text          0x08013824        0x0 ../STM32Cube_F4_FW/Drivers/CMSIS/Lib/GCC/libarm_cortexM4lf_math.a(arm_mat_sub_f32.o)
 .text          0x08013824        0x0 ../STM32Cube_F4_FW/Drivers/CMSIS/Lib/GCC/libarm_cortexM4lf_math.a(arm_mat_mult_f32.o)
 .text          0x08013824        0x0 ../STM32Cube_F4_FW/Drivers/CMSIS/Lib/GCC/libarm_cortexM4lf_math.a(arm_mat_inverse_f32.o)
 .text          0x08013824        0x0 ../STM32Cube_F4_FW/Drivers/CMSIS/Lib/GCC/libarm_cortexM4lf_math.a(arm_mat_init_f32.o)
 .text          0x08013824        0x0 ../STM32Cube_F4_FW/Drivers/CMSIS/Lib/GCC/libarm_cortexM4lf_math.a(arm_mat_add_f32.o)
 .text          0x08013824      0x254 c:/users/mark/documents/mcha3500/mcha3500_windows_toolchain/toolchain/gcc-arm-none-eabi/bin/../lib/gcc/arm-none-eabi/9.2.1/thumb/v7e-m+fp/hard\libgcc.a(_arm_muldf3.o)
 .text          0x08013a78      0x378 c:/users/mark/documents/mcha3500/mcha3500_windows_toolchain/toolchain/gcc-arm-none-eabi/bin/../lib/gcc/arm-none-eabi/9.2.1/thumb/v7e-m+fp/hard\libgcc.a(_arm_addsubdf3.o)
                0x08013a78                __aeabi_drsub
                0x08013a80                __aeabi_dsub
                0x08013a80                __subdf3
                0x08013a84                __aeabi_dadd
                0x08013a84                __adddf3
                0x08013cfc                __floatunsidf
                0x08013cfc                __aeabi_ui2d
                0x08013d1c                __floatsidf
                0x08013d1c                __aeabi_i2d
                0x08013d40                __aeabi_f2d
                0x08013d40                __extendsfdf2
                0x08013d84                __floatundidf
                0x08013d84                __aeabi_ul2d
                0x08013d94                __floatdidf
                0x08013d94                __aeabi_l2d
 .text          0x08013df0      0x424 c:/users/mark/documents/mcha3500/mcha3500_windows_toolchain/toolchain/gcc-arm-none-eabi/bin/../lib/gcc/arm-none-eabi/9.2.1/thumb/v7e-m+fp/hard\libgcc.a(_arm_muldivdf3.o)
                0x08013df0                __aeabi_dmul
                0x08013df0                __muldf3
                0x08014044                __divdf3
                0x08014044                __aeabi_ddiv
 .text          0x08014214      0x110 c:/users/mark/documents/mcha3500/mcha3500_windows_toolchain/toolchain/gcc-arm-none-eabi/bin/../lib/gcc/arm-none-eabi/9.2.1/thumb/v7e-m+fp/hard\libgcc.a(_arm_cmpdf2.o)
                0x08014214                __gtdf2
                0x08014214                __gedf2
                0x0801421c                __ltdf2
                0x0801421c                __ledf2
                0x08014224                __nedf2
                0x08014224                __eqdf2
                0x08014224                __cmpdf2
                0x080142a0                __aeabi_cdrcmple
                0x080142b0                __aeabi_cdcmpeq
                0x080142b0                __aeabi_cdcmple
                0x080142c0                __aeabi_dcmpeq
                0x080142d4                __aeabi_dcmplt
                0x080142e8                __aeabi_dcmple
                0x080142fc                __aeabi_dcmpge
                0x08014310                __aeabi_dcmpgt
 .text          0x08014324       0xa0 c:/users/mark/documents/mcha3500/mcha3500_windows_toolchain/toolchain/gcc-arm-none-eabi/bin/../lib/gcc/arm-none-eabi/9.2.1/thumb/v7e-m+fp/hard\libgcc.a(_arm_truncdfsf2.o)
                0x08014324                __truncdfsf2
                0x08014324                __aeabi_d2f
 .text          0x080143c4       0xa0 c:/users/mark/documents/mcha3500/mcha3500_windows_toolchain/toolchain/gcc-arm-none-eabi/bin/../lib/gcc/arm-none-eabi/9.2.1/thumb/v7e-m+fp/hard\libgcc.a(_aeabi_ldivmod.o)
                0x080143c4                __aeabi_ldivmod
 .text          0x08014464       0x30 c:/users/mark/documents/mcha3500/mcha3500_windows_toolchain/toolchain/gcc-arm-none-eabi/bin/../lib/gcc/arm-none-eabi/9.2.1/thumb/v7e-m+fp/hard\libgcc.a(_aeabi_uldivmod.o)
                0x08014464                __aeabi_uldivmod
 .text          0x08014494      0x2c4 c:/users/mark/documents/mcha3500/mcha3500_windows_toolchain/toolchain/gcc-arm-none-eabi/bin/../lib/gcc/arm-none-eabi/9.2.1/thumb/v7e-m+fp/hard\libgcc.a(_udivmoddi4.o)
                0x08014494                __udivmoddi4
 .text          0x08014758        0x4 c:/users/mark/documents/mcha3500/mcha3500_windows_toolchain/toolchain/gcc-arm-none-eabi/bin/../lib/gcc/arm-none-eabi/9.2.1/thumb/v7e-m+fp/hard\libgcc.a(_dvmd_tls.o)
                0x08014758                __aeabi_idiv0
                0x08014758                __aeabi_ldiv0
 .text          0x0801475c        0x0 c:/users/mark/documents/mcha3500/mcha3500_windows_toolchain/toolchain/gcc-arm-none-eabi/bin/../lib/gcc/arm-none-eabi/9.2.1/../../../../arm-none-eabi/lib/thumb/v7e-m+fp/hard\libc_nano.a(lib_a-atof.o)
 .text          0x0801475c        0x0 c:/users/mark/documents/mcha3500/mcha3500_windows_toolchain/toolchain/gcc-arm-none-eabi/bin/../lib/gcc/arm-none-eabi/9.2.1/../../../../arm-none-eabi/lib/thumb/v7e-m+fp/hard\libc_nano.a(lib_a-ctype_.o)
 .text          0x0801475c        0x0 c:/users/mark/documents/mcha3500/mcha3500_windows_toolchain/toolchain/gcc-arm-none-eabi/bin/../lib/gcc/arm-none-eabi/9.2.1/../../../../arm-none-eabi/lib/thumb/v7e-m+fp/hard\libc_nano.a(lib_a-errno.o)
 .text          0x0801475c        0x0 c:/users/mark/documents/mcha3500/mcha3500_windows_toolchain/toolchain/gcc-arm-none-eabi/bin/../lib/gcc/arm-none-eabi/9.2.1/../../../../arm-none-eabi/lib/thumb/v7e-m+fp/hard\libc_nano.a(lib_a-exit.o)
 .text          0x0801475c        0x0 c:/users/mark/documents/mcha3500/mcha3500_windows_toolchain/toolchain/gcc-arm-none-eabi/bin/../lib/gcc/arm-none-eabi/9.2.1/../../../../arm-none-eabi/lib/thumb/v7e-m+fp/hard\libc_nano.a(lib_a-getchar.o)
 .text          0x0801475c        0x0 c:/users/mark/documents/mcha3500/mcha3500_windows_toolchain/toolchain/gcc-arm-none-eabi/bin/../lib/gcc/arm-none-eabi/9.2.1/../../../../arm-none-eabi/lib/thumb/v7e-m+fp/hard\libc_nano.a(lib_a-impure.o)
 .text          0x0801475c        0x0 c:/users/mark/documents/mcha3500/mcha3500_windows_toolchain/toolchain/gcc-arm-none-eabi/bin/../lib/gcc/arm-none-eabi/9.2.1/../../../../arm-none-eabi/lib/thumb/v7e-m+fp/hard\libc_nano.a(lib_a-init.o)
 .text          0x0801475c        0x0 c:/users/mark/documents/mcha3500/mcha3500_windows_toolchain/toolchain/gcc-arm-none-eabi/bin/../lib/gcc/arm-none-eabi/9.2.1/../../../../arm-none-eabi/lib/thumb/v7e-m+fp/hard\libc_nano.a(lib_a-malloc.o)
 .text          0x0801475c        0x0 c:/users/mark/documents/mcha3500/mcha3500_windows_toolchain/toolchain/gcc-arm-none-eabi/bin/../lib/gcc/arm-none-eabi/9.2.1/../../../../arm-none-eabi/lib/thumb/v7e-m+fp/hard\libc_nano.a(lib_a-memcpy-stub.o)
 .text          0x0801475c        0x0 c:/users/mark/documents/mcha3500/mcha3500_windows_toolchain/toolchain/gcc-arm-none-eabi/bin/../lib/gcc/arm-none-eabi/9.2.1/../../../../arm-none-eabi/lib/thumb/v7e-m+fp/hard\libc_nano.a(lib_a-memset.o)
 .text          0x0801475c        0x0 c:/users/mark/documents/mcha3500/mcha3500_windows_toolchain/toolchain/gcc-arm-none-eabi/bin/../lib/gcc/arm-none-eabi/9.2.1/../../../../arm-none-eabi/lib/thumb/v7e-m+fp/hard\libc_nano.a(lib_a-mstats.o)
 .text          0x0801475c        0x0 c:/users/mark/documents/mcha3500/mcha3500_windows_toolchain/toolchain/gcc-arm-none-eabi/bin/../lib/gcc/arm-none-eabi/9.2.1/../../../../arm-none-eabi/lib/thumb/v7e-m+fp/hard\libc_nano.a(lib_a-nano-freer.o)
 .text          0x0801475c        0x0 c:/users/mark/documents/mcha3500/mcha3500_windows_toolchain/toolchain/gcc-arm-none-eabi/bin/../lib/gcc/arm-none-eabi/9.2.1/../../../../arm-none-eabi/lib/thumb/v7e-m+fp/hard\libc_nano.a(lib_a-nano-mallinfor.o)
 .text          0x0801475c        0x0 c:/users/mark/documents/mcha3500/mcha3500_windows_toolchain/toolchain/gcc-arm-none-eabi/bin/../lib/gcc/arm-none-eabi/9.2.1/../../../../arm-none-eabi/lib/thumb/v7e-m+fp/hard\libc_nano.a(lib_a-nano-mallocr.o)
 .text          0x0801475c        0x0 c:/users/mark/documents/mcha3500/mcha3500_windows_toolchain/toolchain/gcc-arm-none-eabi/bin/../lib/gcc/arm-none-eabi/9.2.1/../../../../arm-none-eabi/lib/thumb/v7e-m+fp/hard\libc_nano.a(lib_a-nano-malloptr.o)
 .text          0x0801475c        0x0 c:/users/mark/documents/mcha3500/mcha3500_windows_toolchain/toolchain/gcc-arm-none-eabi/bin/../lib/gcc/arm-none-eabi/9.2.1/../../../../arm-none-eabi/lib/thumb/v7e-m+fp/hard\libc_nano.a(lib_a-nano-mallstatsr.o)
 .text          0x0801475c        0x0 c:/users/mark/documents/mcha3500/mcha3500_windows_toolchain/toolchain/gcc-arm-none-eabi/bin/../lib/gcc/arm-none-eabi/9.2.1/../../../../arm-none-eabi/lib/thumb/v7e-m+fp/hard\libc_nano.a(lib_a-nano-vfprintf_float.o)
 .text          0x0801475c        0x0 c:/users/mark/documents/mcha3500/mcha3500_windows_toolchain/toolchain/gcc-arm-none-eabi/bin/../lib/gcc/arm-none-eabi/9.2.1/../../../../arm-none-eabi/lib/thumb/v7e-m+fp/hard\libc_nano.a(lib_a-nano-vfprintf_i.o)
 .text          0x0801475c        0x0 c:/users/mark/documents/mcha3500/mcha3500_windows_toolchain/toolchain/gcc-arm-none-eabi/bin/../lib/gcc/arm-none-eabi/9.2.1/../../../../arm-none-eabi/lib/thumb/v7e-m+fp/hard\libc_nano.a(lib_a-nano-vfscanf_float.o)
 .text          0x0801475c        0x0 c:/users/mark/documents/mcha3500/mcha3500_windows_toolchain/toolchain/gcc-arm-none-eabi/bin/../lib/gcc/arm-none-eabi/9.2.1/../../../../arm-none-eabi/lib/thumb/v7e-m+fp/hard\libc_nano.a(lib_a-printf.o)
 .text          0x0801475c        0x0 c:/users/mark/documents/mcha3500/mcha3500_windows_toolchain/toolchain/gcc-arm-none-eabi/bin/../lib/gcc/arm-none-eabi/9.2.1/../../../../arm-none-eabi/lib/thumb/v7e-m+fp/hard\libc_nano.a(lib_a-reent.o)
 .text          0x0801475c        0x0 c:/users/mark/documents/mcha3500/mcha3500_windows_toolchain/toolchain/gcc-arm-none-eabi/bin/../lib/gcc/arm-none-eabi/9.2.1/../../../../arm-none-eabi/lib/thumb/v7e-m+fp/hard\libc_nano.a(lib_a-sbrkr.o)
 .text          0x0801475c        0x0 c:/users/mark/documents/mcha3500/mcha3500_windows_toolchain/toolchain/gcc-arm-none-eabi/bin/../lib/gcc/arm-none-eabi/9.2.1/../../../../arm-none-eabi/lib/thumb/v7e-m+fp/hard\libc_nano.a(lib_a-setvbuf.o)
 .text          0x0801475c        0x0 c:/users/mark/documents/mcha3500/mcha3500_windows_toolchain/toolchain/gcc-arm-none-eabi/bin/../lib/gcc/arm-none-eabi/9.2.1/../../../../arm-none-eabi/lib/thumb/v7e-m+fp/hard\libc_nano.a(lib_a-sf_nan.o)
 .text          0x0801475c        0x0 c:/users/mark/documents/mcha3500/mcha3500_windows_toolchain/toolchain/gcc-arm-none-eabi/bin/../lib/gcc/arm-none-eabi/9.2.1/../../../../arm-none-eabi/lib/thumb/v7e-m+fp/hard\libc_nano.a(lib_a-sprintf.o)
 .text          0x0801475c       0x14 c:/users/mark/documents/mcha3500/mcha3500_windows_toolchain/toolchain/gcc-arm-none-eabi/bin/../lib/gcc/arm-none-eabi/9.2.1/../../../../arm-none-eabi/lib/thumb/v7e-m+fp/hard\libc_nano.a(lib_a-strcmp.o)
                0x0801475c                strcmp
 .text          0x08014770        0x0 c:/users/mark/documents/mcha3500/mcha3500_windows_toolchain/toolchain/gcc-arm-none-eabi/bin/../lib/gcc/arm-none-eabi/9.2.1/../../../../arm-none-eabi/lib/thumb/v7e-m+fp/hard\libc_nano.a(lib_a-strcpy.o)
 .text          0x08014770       0x10 c:/users/mark/documents/mcha3500/mcha3500_windows_toolchain/toolchain/gcc-arm-none-eabi/bin/../lib/gcc/arm-none-eabi/9.2.1/../../../../arm-none-eabi/lib/thumb/v7e-m+fp/hard\libc_nano.a(lib_a-strlen.o)
                0x08014770                strlen
 .text          0x08014780        0x0 c:/users/mark/documents/mcha3500/mcha3500_windows_toolchain/toolchain/gcc-arm-none-eabi/bin/../lib/gcc/arm-none-eabi/9.2.1/../../../../arm-none-eabi/lib/thumb/v7e-m+fp/hard\libc_nano.a(lib_a-strtod.o)
 .text          0x08014780        0x0 c:/users/mark/documents/mcha3500/mcha3500_windows_toolchain/toolchain/gcc-arm-none-eabi/bin/../lib/gcc/arm-none-eabi/9.2.1/../../../../arm-none-eabi/lib/thumb/v7e-m+fp/hard\libc_nano.a(lib_a-strtol.o)
 .text          0x08014780        0x0 c:/users/mark/documents/mcha3500/mcha3500_windows_toolchain/toolchain/gcc-arm-none-eabi/bin/../lib/gcc/arm-none-eabi/9.2.1/../../../../arm-none-eabi/lib/thumb/v7e-m+fp/hard\libc_nano.a(lib_a-vprintf.o)
 .text          0x08014780        0x0 c:/users/mark/documents/mcha3500/mcha3500_windows_toolchain/toolchain/gcc-arm-none-eabi/bin/../lib/gcc/arm-none-eabi/9.2.1/../../../../arm-none-eabi/lib/thumb/v7e-m+fp/hard\libc_nano.a(lib_a-dtoa.o)
 .text          0x08014780        0x0 c:/users/mark/documents/mcha3500/mcha3500_windows_toolchain/toolchain/gcc-arm-none-eabi/bin/../lib/gcc/arm-none-eabi/9.2.1/../../../../arm-none-eabi/lib/thumb/v7e-m+fp/hard\libc_nano.a(lib_a-fflush.o)
 .text          0x08014780        0x0 c:/users/mark/documents/mcha3500/mcha3500_windows_toolchain/toolchain/gcc-arm-none-eabi/bin/../lib/gcc/arm-none-eabi/9.2.1/../../../../arm-none-eabi/lib/thumb/v7e-m+fp/hard\libc_nano.a(lib_a-findfp.o)
 .text          0x08014780        0x0 c:/users/mark/documents/mcha3500/mcha3500_windows_toolchain/toolchain/gcc-arm-none-eabi/bin/../lib/gcc/arm-none-eabi/9.2.1/../../../../arm-none-eabi/lib/thumb/v7e-m+fp/hard\libc_nano.a(lib_a-fprintf.o)
 .text          0x08014780        0x0 c:/users/mark/documents/mcha3500/mcha3500_windows_toolchain/toolchain/gcc-arm-none-eabi/bin/../lib/gcc/arm-none-eabi/9.2.1/../../../../arm-none-eabi/lib/thumb/v7e-m+fp/hard\libc_nano.a(lib_a-fwalk.o)
 .text          0x08014780        0x0 c:/users/mark/documents/mcha3500/mcha3500_windows_toolchain/toolchain/gcc-arm-none-eabi/bin/../lib/gcc/arm-none-eabi/9.2.1/../../../../arm-none-eabi/lib/thumb/v7e-m+fp/hard\libc_nano.a(lib_a-gdtoa-gethex.o)
 .text          0x08014780        0x0 c:/users/mark/documents/mcha3500/mcha3500_windows_toolchain/toolchain/gcc-arm-none-eabi/bin/../lib/gcc/arm-none-eabi/9.2.1/../../../../arm-none-eabi/lib/thumb/v7e-m+fp/hard\libc_nano.a(lib_a-gdtoa-hexnan.o)
 .text          0x08014780        0x0 c:/users/mark/documents/mcha3500/mcha3500_windows_toolchain/toolchain/gcc-arm-none-eabi/bin/../lib/gcc/arm-none-eabi/9.2.1/../../../../arm-none-eabi/lib/thumb/v7e-m+fp/hard\libc_nano.a(lib_a-getc.o)
 .text          0x08014780        0x0 c:/users/mark/documents/mcha3500/mcha3500_windows_toolchain/toolchain/gcc-arm-none-eabi/bin/../lib/gcc/arm-none-eabi/9.2.1/../../../../arm-none-eabi/lib/thumb/v7e-m+fp/hard\libc_nano.a(lib_a-lnumeric.o)
 .text          0x08014780        0x0 c:/users/mark/documents/mcha3500/mcha3500_windows_toolchain/toolchain/gcc-arm-none-eabi/bin/../lib/gcc/arm-none-eabi/9.2.1/../../../../arm-none-eabi/lib/thumb/v7e-m+fp/hard\libc_nano.a(lib_a-locale.o)
 .text          0x08014780        0x0 c:/users/mark/documents/mcha3500/mcha3500_windows_toolchain/toolchain/gcc-arm-none-eabi/bin/../lib/gcc/arm-none-eabi/9.2.1/../../../../arm-none-eabi/lib/thumb/v7e-m+fp/hard\libc_nano.a(lib_a-localeconv.o)
 .text          0x08014780        0x0 c:/users/mark/documents/mcha3500/mcha3500_windows_toolchain/toolchain/gcc-arm-none-eabi/bin/../lib/gcc/arm-none-eabi/9.2.1/../../../../arm-none-eabi/lib/thumb/v7e-m+fp/hard\libc_nano.a(lib_a-lock.o)
 .text          0x08014780        0x0 c:/users/mark/documents/mcha3500/mcha3500_windows_toolchain/toolchain/gcc-arm-none-eabi/bin/../lib/gcc/arm-none-eabi/9.2.1/../../../../arm-none-eabi/lib/thumb/v7e-m+fp/hard\libc_nano.a(lib_a-makebuf.o)
 .text          0x08014780        0x0 c:/users/mark/documents/mcha3500/mcha3500_windows_toolchain/toolchain/gcc-arm-none-eabi/bin/../lib/gcc/arm-none-eabi/9.2.1/../../../../arm-none-eabi/lib/thumb/v7e-m+fp/hard\libc_nano.a(lib_a-mbtowc_r.o)
 .text          0x08014780       0xa0 c:/users/mark/documents/mcha3500/mcha3500_windows_toolchain/toolchain/gcc-arm-none-eabi/bin/../lib/gcc/arm-none-eabi/9.2.1/../../../../arm-none-eabi/lib/thumb/v7e-m+fp/hard\libc_nano.a(lib_a-memchr.o)
                0x08014780                memchr
 .text          0x08014820        0x0 c:/users/mark/documents/mcha3500/mcha3500_windows_toolchain/toolchain/gcc-arm-none-eabi/bin/../lib/gcc/arm-none-eabi/9.2.1/../../../../arm-none-eabi/lib/thumb/v7e-m+fp/hard\libc_nano.a(lib_a-mprec.o)
 .text          0x08014820        0x0 c:/users/mark/documents/mcha3500/mcha3500_windows_toolchain/toolchain/gcc-arm-none-eabi/bin/../lib/gcc/arm-none-eabi/9.2.1/../../../../arm-none-eabi/lib/thumb/v7e-m+fp/hard\libc_nano.a(lib_a-nano-callocr.o)
 .text          0x08014820        0x0 c:/users/mark/documents/mcha3500/mcha3500_windows_toolchain/toolchain/gcc-arm-none-eabi/bin/../lib/gcc/arm-none-eabi/9.2.1/../../../../arm-none-eabi/lib/thumb/v7e-m+fp/hard\libc_nano.a(lib_a-nano-svfprintf.o)
 .text          0x08014820        0x0 c:/users/mark/documents/mcha3500/mcha3500_windows_toolchain/toolchain/gcc-arm-none-eabi/bin/../lib/gcc/arm-none-eabi/9.2.1/../../../../arm-none-eabi/lib/thumb/v7e-m+fp/hard\libc_nano.a(lib_a-nano-vfprintf.o)
 .text          0x08014820        0x0 c:/users/mark/documents/mcha3500/mcha3500_windows_toolchain/toolchain/gcc-arm-none-eabi/bin/../lib/gcc/arm-none-eabi/9.2.1/../../../../arm-none-eabi/lib/thumb/v7e-m+fp/hard\libc_nano.a(lib_a-rget.o)
 .text          0x08014820        0x0 c:/users/mark/documents/mcha3500/mcha3500_windows_toolchain/toolchain/gcc-arm-none-eabi/bin/../lib/gcc/arm-none-eabi/9.2.1/../../../../arm-none-eabi/lib/thumb/v7e-m+fp/hard\libc_nano.a(lib_a-s_nan.o)
 .text          0x08014820        0x0 c:/users/mark/documents/mcha3500/mcha3500_windows_toolchain/toolchain/gcc-arm-none-eabi/bin/../lib/gcc/arm-none-eabi/9.2.1/../../../../arm-none-eabi/lib/thumb/v7e-m+fp/hard\libc_nano.a(lib_a-stdio.o)
 .text          0x08014820        0x0 c:/users/mark/documents/mcha3500/mcha3500_windows_toolchain/toolchain/gcc-arm-none-eabi/bin/../lib/gcc/arm-none-eabi/9.2.1/../../../../arm-none-eabi/lib/thumb/v7e-m+fp/hard\libc_nano.a(lib_a-strncmp.o)
 .text          0x08014820        0x0 c:/users/mark/documents/mcha3500/mcha3500_windows_toolchain/toolchain/gcc-arm-none-eabi/bin/../lib/gcc/arm-none-eabi/9.2.1/../../../../arm-none-eabi/lib/thumb/v7e-m+fp/hard\libc_nano.a(lib_a-wbuf.o)
 .text          0x08014820        0x0 c:/users/mark/documents/mcha3500/mcha3500_windows_toolchain/toolchain/gcc-arm-none-eabi/bin/../lib/gcc/arm-none-eabi/9.2.1/../../../../arm-none-eabi/lib/thumb/v7e-m+fp/hard\libc_nano.a(lib_a-wctomb_r.o)
 .text          0x08014820        0x0 c:/users/mark/documents/mcha3500/mcha3500_windows_toolchain/toolchain/gcc-arm-none-eabi/bin/../lib/gcc/arm-none-eabi/9.2.1/../../../../arm-none-eabi/lib/thumb/v7e-m+fp/hard\libc_nano.a(lib_a-writer.o)
 .text          0x08014820        0x0 c:/users/mark/documents/mcha3500/mcha3500_windows_toolchain/toolchain/gcc-arm-none-eabi/bin/../lib/gcc/arm-none-eabi/9.2.1/../../../../arm-none-eabi/lib/thumb/v7e-m+fp/hard\libc_nano.a(lib_a-wsetup.o)
 .text          0x08014820        0x0 c:/users/mark/documents/mcha3500/mcha3500_windows_toolchain/toolchain/gcc-arm-none-eabi/bin/../lib/gcc/arm-none-eabi/9.2.1/../../../../arm-none-eabi/lib/thumb/v7e-m+fp/hard\libc_nano.a(lib_a-closer.o)
 .text          0x08014820        0x0 c:/users/mark/documents/mcha3500/mcha3500_windows_toolchain/toolchain/gcc-arm-none-eabi/bin/../lib/gcc/arm-none-eabi/9.2.1/../../../../arm-none-eabi/lib/thumb/v7e-m+fp/hard\libc_nano.a(lib_a-fstatr.o)
 .text          0x08014820        0x0 c:/users/mark/documents/mcha3500/mcha3500_windows_toolchain/toolchain/gcc-arm-none-eabi/bin/../lib/gcc/arm-none-eabi/9.2.1/../../../../arm-none-eabi/lib/thumb/v7e-m+fp/hard\libc_nano.a(lib_a-fvwrite.o)
 .text          0x08014820        0x0 c:/users/mark/documents/mcha3500/mcha3500_windows_toolchain/toolchain/gcc-arm-none-eabi/bin/../lib/gcc/arm-none-eabi/9.2.1/../../../../arm-none-eabi/lib/thumb/v7e-m+fp/hard\libc_nano.a(lib_a-isattyr.o)
 .text          0x08014820        0x0 c:/users/mark/documents/mcha3500/mcha3500_windows_toolchain/toolchain/gcc-arm-none-eabi/bin/../lib/gcc/arm-none-eabi/9.2.1/../../../../arm-none-eabi/lib/thumb/v7e-m+fp/hard\libc_nano.a(lib_a-lseekr.o)
 .text          0x08014820        0x0 c:/users/mark/documents/mcha3500/mcha3500_windows_toolchain/toolchain/gcc-arm-none-eabi/bin/../lib/gcc/arm-none-eabi/9.2.1/../../../../arm-none-eabi/lib/thumb/v7e-m+fp/hard\libc_nano.a(lib_a-memmove.o)
 .text          0x08014820        0x0 c:/users/mark/documents/mcha3500/mcha3500_windows_toolchain/toolchain/gcc-arm-none-eabi/bin/../lib/gcc/arm-none-eabi/9.2.1/../../../../arm-none-eabi/lib/thumb/v7e-m+fp/hard\libc_nano.a(lib_a-nano-reallocr.o)
 .text          0x08014820        0x0 c:/users/mark/documents/mcha3500/mcha3500_windows_toolchain/toolchain/gcc-arm-none-eabi/bin/../lib/gcc/arm-none-eabi/9.2.1/../../../../arm-none-eabi/lib/thumb/v7e-m+fp/hard\libc_nano.a(lib_a-readr.o)
 .text          0x08014820        0x0 c:/users/mark/documents/mcha3500/mcha3500_windows_toolchain/toolchain/gcc-arm-none-eabi/bin/../lib/gcc/arm-none-eabi/9.2.1/../../../../arm-none-eabi/lib/thumb/v7e-m+fp/hard\libc_nano.a(lib_a-refill.o)
 .text          0x08014820        0x0 c:/users/mark/documents/mcha3500/mcha3500_windows_toolchain/toolchain/gcc-arm-none-eabi/bin/../lib/gcc/arm-none-eabi/9.2.1/../../../../arm-none-eabi/lib/thumb/v7e-m+fp/hard\libc_nano.a(lib_a-nano-msizer.o)
 .text          0x08014820       0x2c c:/users/mark/documents/mcha3500/mcha3500_windows_toolchain/toolchain/gcc-arm-none-eabi/bin/../lib/gcc/arm-none-eabi/9.2.1/thumb/v7e-m+fp/hard\libgcc.a(_arm_unorddf2.o)
                0x08014820                __unorddf2
                0x08014820                __aeabi_dcmpun
 .text          0x0801484c       0x50 c:/users/mark/documents/mcha3500/mcha3500_windows_toolchain/toolchain/gcc-arm-none-eabi/bin/../lib/gcc/arm-none-eabi/9.2.1/thumb/v7e-m+fp/hard\libgcc.a(_arm_fixdfsi.o)
                0x0801484c                __aeabi_d2iz
                0x0801484c                __fixdfsi
 .text          0x0801489c       0x40 c:/users/mark/documents/mcha3500/mcha3500_windows_toolchain/toolchain/gcc-arm-none-eabi/bin/../lib/gcc/arm-none-eabi/9.2.1/thumb/v7e-m+fp/hard\libgcc.a(_arm_fixunsdfsi.o)
                0x0801489c                __aeabi_d2uiz
                0x0801489c                __fixunsdfsi
 .text          0x080148dc       0x30 c:/users/mark/documents/mcha3500/mcha3500_windows_toolchain/toolchain/gcc-arm-none-eabi/bin/../lib/gcc/arm-none-eabi/9.2.1/thumb/v7e-m+fp/hard\libgcc.a(_fixdfdi.o)
                0x080148dc                __fixdfdi
                0x080148dc                __aeabi_d2lz
 .text          0x0801490c       0x3c c:/users/mark/documents/mcha3500/mcha3500_windows_toolchain/toolchain/gcc-arm-none-eabi/bin/../lib/gcc/arm-none-eabi/9.2.1/thumb/v7e-m+fp/hard\libgcc.a(_fixunsdfdi.o)
                0x0801490c                __fixunsdfdi
                0x0801490c                __aeabi_d2ulz
 .text          0x08014948        0x0 c:/users/mark/documents/mcha3500/mcha3500_windows_toolchain/toolchain/gcc-arm-none-eabi/bin/../lib/gcc/arm-none-eabi/9.2.1/../../../../arm-none-eabi/lib/thumb/v7e-m+fp/hard\libnosys.a(close.o)
 .text          0x08014948        0x0 c:/users/mark/documents/mcha3500/mcha3500_windows_toolchain/toolchain/gcc-arm-none-eabi/bin/../lib/gcc/arm-none-eabi/9.2.1/../../../../arm-none-eabi/lib/thumb/v7e-m+fp/hard\libnosys.a(fstat.o)
 .text          0x08014948        0x0 c:/users/mark/documents/mcha3500/mcha3500_windows_toolchain/toolchain/gcc-arm-none-eabi/bin/../lib/gcc/arm-none-eabi/9.2.1/../../../../arm-none-eabi/lib/thumb/v7e-m+fp/hard\libnosys.a(isatty.o)
 .text          0x08014948        0x0 c:/users/mark/documents/mcha3500/mcha3500_windows_toolchain/toolchain/gcc-arm-none-eabi/bin/../lib/gcc/arm-none-eabi/9.2.1/../../../../arm-none-eabi/lib/thumb/v7e-m+fp/hard\libnosys.a(lseek.o)
 .text          0x08014948        0x0 c:/users/mark/documents/mcha3500/mcha3500_windows_toolchain/toolchain/gcc-arm-none-eabi/bin/../lib/gcc/arm-none-eabi/9.2.1/../../../../arm-none-eabi/lib/thumb/v7e-m+fp/hard\libnosys.a(_exit.o)
 .text          0x08014948        0x0 c:/users/mark/documents/mcha3500/mcha3500_windows_toolchain/toolchain/gcc-arm-none-eabi/bin/../lib/gcc/arm-none-eabi/9.2.1/thumb/v7e-m+fp/hard/crtend.o
 .text          0x08014948        0x0 c:/users/mark/documents/mcha3500/mcha3500_windows_toolchain/toolchain/gcc-arm-none-eabi/bin/../lib/gcc/arm-none-eabi/9.2.1/thumb/v7e-m+fp/hard/crtn.o
 *(.text*)
 .text.startup  0x08014948       0xc4 build/main.o
                0x08014948                main
 .text.Reset_Handler
                0x08014a0c       0x50 build/startup_stm32f446xx.o
                0x08014a0c                Reset_Handler
 .text.Default_Handler
                0x08014a5c        0x2 build/startup_stm32f446xx.o
                0x08014a5c                RTC_Alarm_IRQHandler
                0x08014a5c                TIM8_CC_IRQHandler
                0x08014a5c                SPI4_IRQHandler
                0x08014a5c                TIM1_CC_IRQHandler
                0x08014a5c                DMA2_Stream5_IRQHandler
                0x08014a5c                DMA1_Stream5_IRQHandler
                0x08014a5c                PVD_IRQHandler
                0x08014a5c                SDIO_IRQHandler
                0x08014a5c                TAMP_STAMP_IRQHandler
                0x08014a5c                CAN2_RX1_IRQHandler
                0x08014a5c                TIM8_TRG_COM_TIM14_IRQHandler
                0x08014a5c                TIM1_UP_TIM10_IRQHandler
                0x08014a5c                TIM8_UP_TIM13_IRQHandler
                0x08014a5c                I2C3_ER_IRQHandler
                0x08014a5c                FMPI2C1_Event_IRQHandler
                0x08014a5c                I2C2_EV_IRQHandler
                0x08014a5c                DMA1_Stream2_IRQHandler
                0x08014a5c                CAN1_RX0_IRQHandler
                0x08014a5c                FPU_IRQHandler
                0x08014a5c                OTG_HS_WKUP_IRQHandler
                0x08014a5c                CAN2_SCE_IRQHandler
                0x08014a5c                DMA2_Stream2_IRQHandler
                0x08014a5c                SPI1_IRQHandler
                0x08014a5c                TIM6_DAC_IRQHandler
                0x08014a5c                TIM1_BRK_TIM9_IRQHandler
                0x08014a5c                DCMI_IRQHandler
                0x08014a5c                CAN2_RX0_IRQHandler
                0x08014a5c                DMA2_Stream3_IRQHandler
                0x08014a5c                SAI2_IRQHandler
                0x08014a5c                USART6_IRQHandler
                0x08014a5c                USART3_IRQHandler
                0x08014a5c                CAN1_RX1_IRQHandler
                0x08014a5c                UART5_IRQHandler
                0x08014a5c                DMA2_Stream0_IRQHandler
                0x08014a5c                TIM4_IRQHandler
                0x08014a5c                QUADSPI_IRQHandler
                0x08014a5c                I2C1_EV_IRQHandler
                0x08014a5c                DMA1_Stream6_IRQHandler
                0x08014a5c                DMA1_Stream1_IRQHandler
                0x08014a5c                UART4_IRQHandler
                0x08014a5c                TIM3_IRQHandler
                0x08014a5c                RCC_IRQHandler
                0x08014a5c                TIM8_BRK_TIM12_IRQHandler
                0x08014a5c                Default_Handler
                0x08014a5c                CEC_IRQHandler
                0x08014a5c                ADC_IRQHandler
                0x08014a5c                DMA1_Stream7_IRQHandler
                0x08014a5c                TIM7_IRQHandler
                0x08014a5c                CAN2_TX_IRQHandler
                0x08014a5c                TIM5_IRQHandler
                0x08014a5c                DMA2_Stream7_IRQHandler
                0x08014a5c                I2C3_EV_IRQHandler
                0x08014a5c                RTC_WKUP_IRQHandler
                0x08014a5c                SPDIF_RX_IRQHandler
                0x08014a5c                SPI2_IRQHandler
                0x08014a5c                OTG_HS_EP1_IN_IRQHandler
                0x08014a5c                DMA1_Stream0_IRQHandler
                0x08014a5c                CAN1_TX_IRQHandler
                0x08014a5c                OTG_HS_EP1_OUT_IRQHandler
                0x08014a5c                WWDG_IRQHandler
                0x08014a5c                TIM2_IRQHandler
                0x08014a5c                OTG_FS_WKUP_IRQHandler
                0x08014a5c                TIM1_TRG_COM_TIM11_IRQHandler
                0x08014a5c                OTG_HS_IRQHandler
                0x08014a5c                I2C2_ER_IRQHandler
                0x08014a5c                DMA2_Stream1_IRQHandler
                0x08014a5c                CAN1_SCE_IRQHandler
                0x08014a5c                FLASH_IRQHandler
                0x08014a5c                DMA2_Stream4_IRQHandler
                0x08014a5c                USART1_IRQHandler
                0x08014a5c                OTG_FS_IRQHandler
                0x08014a5c                SPI3_IRQHandler
                0x08014a5c                DMA1_Stream4_IRQHandler
                0x08014a5c                I2C1_ER_IRQHandler
                0x08014a5c                FMC_IRQHandler
                0x08014a5c                DMA2_Stream6_IRQHandler
                0x08014a5c                SAI1_IRQHandler
                0x08014a5c                DMA1_Stream3_IRQHandler
                0x08014a5c                FMPI2C1_Error_IRQHandler
 *fill*         0x08014a5e        0x2 
 .text.atan2    0x08014a60        0x4 c:/users/mark/documents/mcha3500/mcha3500_windows_toolchain/toolchain/gcc-arm-none-eabi/bin/../lib/gcc/arm-none-eabi/9.2.1/../../../../arm-none-eabi/lib/thumb/v7e-m+fp/hard\libm.a(lib_a-w_atan2.o)
                0x08014a60                atan2
 .text.sqrtf    0x08014a64       0xb0 c:/users/mark/documents/mcha3500/mcha3500_windows_toolchain/toolchain/gcc-arm-none-eabi/bin/../lib/gcc/arm-none-eabi/9.2.1/../../../../arm-none-eabi/lib/thumb/v7e-m+fp/hard\libm.a(lib_a-wf_sqrt.o)
                0x08014a64                sqrtf
 *fill*         0x08014b14        0x4 
 .text.__ieee754_atan2
                0x08014b18      0x1fc c:/users/mark/documents/mcha3500/mcha3500_windows_toolchain/toolchain/gcc-arm-none-eabi/bin/../lib/gcc/arm-none-eabi/9.2.1/../../../../arm-none-eabi/lib/thumb/v7e-m+fp/hard\libm.a(lib_a-e_atan2.o)
                0x08014b18                __ieee754_atan2
 .text.__ieee754_sqrtf
                0x08014d14        0x8 c:/users/mark/documents/mcha3500/mcha3500_windows_toolchain/toolchain/gcc-arm-none-eabi/bin/../lib/gcc/arm-none-eabi/9.2.1/../../../../arm-none-eabi/lib/thumb/v7e-m+fp/hard\libm.a(lib_a-ef_sqrt.o)
                0x08014d14                __ieee754_sqrtf
 *fill*         0x08014d1c        0x4 
 .text.atan     0x08014d20      0x368 c:/users/mark/documents/mcha3500/mcha3500_windows_toolchain/toolchain/gcc-arm-none-eabi/bin/../lib/gcc/arm-none-eabi/9.2.1/../../../../arm-none-eabi/lib/thumb/v7e-m+fp/hard\libm.a(lib_a-s_atan.o)
                0x08014d20                atan
 .text.fabs     0x08015088       0x14 c:/users/mark/documents/mcha3500/mcha3500_windows_toolchain/toolchain/gcc-arm-none-eabi/bin/../lib/gcc/arm-none-eabi/9.2.1/../../../../arm-none-eabi/lib/thumb/v7e-m+fp/hard\libm.a(lib_a-s_fabs.o)
                0x08015088                fabs
 .text.matherr  0x0801509c        0x4 c:/users/mark/documents/mcha3500/mcha3500_windows_toolchain/toolchain/gcc-arm-none-eabi/bin/../lib/gcc/arm-none-eabi/9.2.1/../../../../arm-none-eabi/lib/thumb/v7e-m+fp/hard\libm.a(lib_a-s_matherr.o)
                0x0801509c                matherr
 .text.arm_mat_trans_f32
                0x080150a0       0xe8 ../STM32Cube_F4_FW/Drivers/CMSIS/Lib/GCC/libarm_cortexM4lf_math.a(arm_mat_trans_f32.o)
                0x080150a0                arm_mat_trans_f32
 .text.arm_mat_sub_f32
                0x08015188       0xb4 ../STM32Cube_F4_FW/Drivers/CMSIS/Lib/GCC/libarm_cortexM4lf_math.a(arm_mat_sub_f32.o)
                0x08015188                arm_mat_sub_f32
 .text.arm_mat_mult_f32
                0x0801523c      0x14c ../STM32Cube_F4_FW/Drivers/CMSIS/Lib/GCC/libarm_cortexM4lf_math.a(arm_mat_mult_f32.o)
                0x0801523c                arm_mat_mult_f32
 .text.arm_mat_inverse_f32
                0x08015388      0x2a0 ../STM32Cube_F4_FW/Drivers/CMSIS/Lib/GCC/libarm_cortexM4lf_math.a(arm_mat_inverse_f32.o)
                0x08015388                arm_mat_inverse_f32
 .text.arm_mat_init_f32
                0x08015628        0x8 ../STM32Cube_F4_FW/Drivers/CMSIS/Lib/GCC/libarm_cortexM4lf_math.a(arm_mat_init_f32.o)
                0x08015628                arm_mat_init_f32
 .text.arm_mat_add_f32
                0x08015630       0xb4 ../STM32Cube_F4_FW/Drivers/CMSIS/Lib/GCC/libarm_cortexM4lf_math.a(arm_mat_add_f32.o)
                0x08015630                arm_mat_add_f32
 .text.atof     0x080156e4        0x6 c:/users/mark/documents/mcha3500/mcha3500_windows_toolchain/toolchain/gcc-arm-none-eabi/bin/../lib/gcc/arm-none-eabi/9.2.1/../../../../arm-none-eabi/lib/thumb/v7e-m+fp/hard\libc_nano.a(lib_a-atof.o)
                0x080156e4                atof