Archive member included to satisfy reference by file (symbol)

c:/users/mark/documents/mcha3500/mcha3500_windows_toolchain/toolchain/gcc-arm-none-eabi/bin/../lib/gcc/arm-none-eabi/9.2.1/../../../../arm-none-eabi/lib/thumb/v7e-m+fp/hard\libm.a(lib_a-wf_sqrt.o)
                              build/qpas_sub_noblas.o (sqrtf)
c:/users/mark/documents/mcha3500/mcha3500_windows_toolchain/toolchain/gcc-arm-none-eabi/bin/../lib/gcc/arm-none-eabi/9.2.1/../../../../arm-none-eabi/lib/thumb/v7e-m+fp/hard\libm.a(lib_a-ef_sqrt.o)
                              c:/users/mark/documents/mcha3500/mcha3500_windows_toolchain/toolchain/gcc-arm-none-eabi/bin/../lib/gcc/arm-none-eabi/9.2.1/../../../../arm-none-eabi/lib/thumb/v7e-m+fp/hard\libm.a(lib_a-wf_sqrt.o) (__ieee754_sqrtf)
c:/users/mark/documents/mcha3500/mcha3500_windows_toolchain/toolchain/gcc-arm-none-eabi/bin/../lib/gcc/arm-none-eabi/9.2.1/../../../../arm-none-eabi/lib/thumb/v7e-m+fp/hard\libm.a(lib_a-s_lib_ver.o)
                              c:/users/mark/documents/mcha3500/mcha3500_windows_toolchain/toolchain/gcc-arm-none-eabi/bin/../lib/gcc/arm-none-eabi/9.2.1/../../../../arm-none-eabi/lib/thumb/v7e-m+fp/hard\libm.a(lib_a-wf_sqrt.o) (__fdlib_version)
c:/users/mark/documents/mcha3500/mcha3500_windows_toolchain/toolchain/gcc-arm-none-eabi/bin/../lib/gcc/arm-none-eabi/9.2.1/../../../../arm-none-eabi/lib/thumb/v7e-m+fp/hard\libm.a(lib_a-s_matherr.o)
                              c:/users/mark/documents/mcha3500/mcha3500_windows_toolchain/toolchain/gcc-arm-none-eabi/bin/../lib/gcc/arm-none-eabi/9.2.1/../../../../arm-none-eabi/lib/thumb/v7e-m+fp/hard\libm.a(lib_a-wf_sqrt.o) (matherr)
c:/users/mark/documents/mcha3500/mcha3500_windows_toolchain/toolchain/gcc-arm-none-eabi/bin/../lib/gcc/arm-none-eabi/9.2.1/thumb/v7e-m+fp/hard\libgcc.a(_arm_muldf3.o)
                              build/motor.o (__aeabi_dmul)
c:/users/mark/documents/mcha3500/mcha3500_windows_toolchain/toolchain/gcc-arm-none-eabi/bin/../lib/gcc/arm-none-eabi/9.2.1/thumb/v7e-m+fp/hard\libgcc.a(_arm_addsubdf3.o)
                              build/control_loop.o (__aeabi_dadd)
c:/users/mark/documents/mcha3500/mcha3500_windows_toolchain/toolchain/gcc-arm-none-eabi/bin/../lib/gcc/arm-none-eabi/9.2.1/thumb/v7e-m+fp/hard\libgcc.a(_arm_muldivdf3.o)
                              build/motor.o (__aeabi_ddiv)
c:/users/mark/documents/mcha3500/mcha3500_windows_toolchain/toolchain/gcc-arm-none-eabi/bin/../lib/gcc/arm-none-eabi/9.2.1/thumb/v7e-m+fp/hard\libgcc.a(_arm_cmpdf2.o)
                              build/qpas_sub_noblas.o (__aeabi_dcmplt)
c:/users/mark/documents/mcha3500/mcha3500_windows_toolchain/toolchain/gcc-arm-none-eabi/bin/../lib/gcc/arm-none-eabi/9.2.1/thumb/v7e-m+fp/hard\libgcc.a(_arm_truncdfsf2.o)
                              build/cmd_parser.o (__aeabi_d2f)
c:/users/mark/documents/mcha3500/mcha3500_windows_toolchain/toolchain/gcc-arm-none-eabi/bin/../lib/gcc/arm-none-eabi/9.2.1/thumb/v7e-m+fp/hard\libgcc.a(_aeabi_ldivmod.o)
                              build/uart.o (__aeabi_ldivmod)
c:/users/mark/documents/mcha3500/mcha3500_windows_toolchain/toolchain/gcc-arm-none-eabi/bin/../lib/gcc/arm-none-eabi/9.2.1/thumb/v7e-m+fp/hard\libgcc.a(_aeabi_uldivmod.o)
                              build/uart.o (__aeabi_uldivmod)
c:/users/mark/documents/mcha3500/mcha3500_windows_toolchain/toolchain/gcc-arm-none-eabi/bin/../lib/gcc/arm-none-eabi/9.2.1/thumb/v7e-m+fp/hard\libgcc.a(_udivmoddi4.o)
                              c:/users/mark/documents/mcha3500/mcha3500_windows_toolchain/toolchain/gcc-arm-none-eabi/bin/../lib/gcc/arm-none-eabi/9.2.1/thumb/v7e-m+fp/hard\libgcc.a(_aeabi_ldivmod.o) (__udivmoddi4)
c:/users/mark/documents/mcha3500/mcha3500_windows_toolchain/toolchain/gcc-arm-none-eabi/bin/../lib/gcc/arm-none-eabi/9.2.1/thumb/v7e-m+fp/hard\libgcc.a(_dvmd_tls.o)
                              c:/users/mark/documents/mcha3500/mcha3500_windows_toolchain/toolchain/gcc-arm-none-eabi/bin/../lib/gcc/arm-none-eabi/9.2.1/thumb/v7e-m+fp/hard\libgcc.a(_aeabi_ldivmod.o) (__aeabi_ldiv0)
c:/users/mark/documents/mcha3500/mcha3500_windows_toolchain/toolchain/gcc-arm-none-eabi/bin/../lib/gcc/arm-none-eabi/9.2.1/../../../../arm-none-eabi/lib/thumb/v7e-m+fp/hard\libc_nano.a(lib_a-atof.o)
                              build/cmd_parser.o (atof)
c:/users/mark/documents/mcha3500/mcha3500_windows_toolchain/toolchain/gcc-arm-none-eabi/bin/../lib/gcc/arm-none-eabi/9.2.1/../../../../arm-none-eabi/lib/thumb/v7e-m+fp/hard\libc_nano.a(lib_a-ctype_.o)
                              build/cmd_parser.o (_ctype_)
c:/users/mark/documents/mcha3500/mcha3500_windows_toolchain/toolchain/gcc-arm-none-eabi/bin/../lib/gcc/arm-none-eabi/9.2.1/../../../../arm-none-eabi/lib/thumb/v7e-m+fp/hard\libc_nano.a(lib_a-errno.o)
                              c:/users/mark/documents/mcha3500/mcha3500_windows_toolchain/toolchain/gcc-arm-none-eabi/bin/../lib/gcc/arm-none-eabi/9.2.1/../../../../arm-none-eabi/lib/thumb/v7e-m+fp/hard\libm.a(lib_a-wf_sqrt.o) (__errno)
[...]
Memory Configuration

Name             Origin             Length             Attributes
FLASH            0x08000000         0x00080000         xr
RAM              0x20000000         0x00020000         xrw
*default*        0x00000000         0xffffffff

Linker script and memory map

LOAD c:/users/mark/documents/mcha3500/mcha3500_windows_toolchain/toolchain/gcc-arm-none-eabi/bin/../lib/gcc/arm-none-eabi/9.2.1/thumb/v7e-m+fp/hard/crti.o
LOAD c:/users/mark/documents/mcha3500/mcha3500_windows_toolchain/toolchain/gcc-arm-none-eabi/bin/../lib/gcc/arm-none-eabi/9.2.1/thumb/v7e-m+fp/hard/crtbegin.o
LOAD c:/users/mark/documents/mcha3500/mcha3500_windows_toolchain/toolchain/gcc-arm-none-eabi/bin/../lib/gcc/arm-none-eabi/9.2.1/../../../../arm-none-eabi/lib/thumb/v7e-m+fp/hard/crt0.o
LOAD build/stm32f4xx_it.o
LOAD build/system_stm32f4xx.o
LOAD build/cmd_line_buffer.o
LOAD build/cmd_parser.o
LOAD build/cmd_task.o
LOAD build/main.o
LOAD build/uart.o
LOAD build/heartbeat_task.o
LOAD build/heartbeat_cmd.o
LOAD build/dummy_task.o
LOAD build/motor.o
LOAD build/controller.o
LOAD build/control_loop.o
LOAD build/qpas_sub_noblas.o
LOAD build/startup_stm32f446xx.o
LOAD build/stm32f4_HAL/stm32f4xx_hal.o
LOAD build/stm32f4_HAL/stm32f4xx_hal_dma.o
LOAD build/stm32f4_HAL/stm32f4xx_hal_adc.o
LOAD build/stm32f4_HAL/stm32f4xx_hal_adc_ex.o
LOAD build/stm32f4_HAL/stm32f4xx_hal_gpio.o
LOAD build/stm32f4_HAL/stm32f4xx_ll_gpio.o
LOAD build/stm32f4_HAL/stm32f4xx_ll_usart.o
LOAD build/stm32f4_HAL/stm32f4xx_ll_dma.o
LOAD build/stm32f4_HAL/stm32f4xx_ll_rcc.o
LOAD build/stm32f4_HAL/stm32f4xx_hal_i2c.o
LOAD build/stm32f4_HAL/stm32f4xx_hal_i2c_ex.o
LOAD build/stm32f4_HAL/stm32f4xx_hal_tim.o
LOAD build/stm32f4_HAL/stm32f4xx_hal_tim_ex.o
LOAD build/stm32f4_HAL/stm32f4xx_hal_rtc.o
LOAD build/stm32f4_HAL/stm32f4xx_hal_rcc.o
LOAD build/stm32f4_HAL/stm32f4xx_hal_rcc_ex.o
LOAD build/stm32f4_HAL/stm32f4xx_hal_pwr.o
LOAD build/stm32f4_HAL/stm32f4xx_hal_pwr_ex.o
LOAD build/stm32f4_HAL/stm32f4xx_hal_cortex.o
LOAD build/stm32f4_HAL/stm32f4xx_hal_spi.o
LOAD build/stm32f4_HAL/stm32f4xx_hal_dac.o
LOAD build/stm32f4_HAL/stm32f4xx_hal_dac_ex.o
LOAD build/stm32f4_HAL/stm32f4xx_hal_can.o
LOAD build/FreeRTOS/croutine.o
LOAD build/FreeRTOS/event_groups.o
LOAD build/FreeRTOS/list.o
LOAD build/FreeRTOS/queue.o
LOAD build/FreeRTOS/tasks.o
LOAD build/FreeRTOS/timers.o
LOAD build/FreeRTOS/stream_buffer.o
LOAD build/FreeRTOS/cmsis_os2.o
LOAD build/FreeRTOS/clib_arm.o
LOAD build/FreeRTOS/os_systick.o
LOAD build/FreeRTOS/heap_useNewlib.o
LOAD build/FreeRTOS/port.o
LOAD build/tm_stm32_gpio.o
LOAD build/tm_stm32_i2c.o
LOAD build/tm_stm32_mpu6050.o
LOAD c:/users/mark/documents/mcha3500/mcha3500_windows_toolchain/toolchain/gcc-arm-none-eabi/bin/../lib/gcc/arm-none-eabi/9.2.1/../../../../arm-none-eabi/lib/thumb/v7e-m+fp/hard\libm.a
LOAD ../STM32Cube_F4_FW/Drivers/CMSIS/Lib/GCC/libarm_cortexM4lf_math.a
START GROUP
LOAD c:/users/mark/documents/mcha3500/mcha3500_windows_toolchain/toolchain/gcc-arm-none-eabi/bin/../lib/gcc/arm-none-eabi/9.2.1/thumb/v7e-m+fp/hard\libgcc.a
LOAD c:/users/mark/documents/mcha3500/mcha3500_windows_toolchain/toolchain/gcc-arm-none-eabi/bin/../lib/gcc/arm-none-eabi/9.2.1/../../../../arm-none-eabi/lib/thumb/v7e-m+fp/hard\libc_nano.a
END GROUP
START GROUP
LOAD c:/users/mark/documents/mcha3500/mcha3500_windows_toolchain/toolchain/gcc-arm-none-eabi/bin/../lib/gcc/arm-none-eabi/9.2.1/thumb/v7e-m+fp/hard\libgcc.a
LOAD c:/users/mark/documents/mcha3500/mcha3500_windows_toolchain/toolchain/gcc-arm-none-eabi/bin/../lib/gcc/arm-none-eabi/9.2.1/../../../../arm-none-eabi/lib/thumb/v7e-m+fp/hard\libc_nano.a
LOAD c:/users/mark/documents/mcha3500/mcha3500_windows_toolchain/toolchain/gcc-arm-none-eabi/bin/../lib/gcc/arm-none-eabi/9.2.1/../../../../arm-none-eabi/lib/thumb/v7e-m+fp/hard\libnosys.a
END GROUP
START GROUP
LOAD c:/users/mark/documents/mcha3500/mcha3500_windows_toolchain/toolchain/gcc-arm-none-eabi/bin/../lib/gcc/arm-none-eabi/9.2.1/thumb/v7e-m+fp/hard\libgcc.a
LOAD c:/users/mark/documents/mcha3500/mcha3500_windows_toolchain/toolchain/gcc-arm-none-eabi/bin/../lib/gcc/arm-none-eabi/9.2.1/../../../../arm-none-eabi/lib/thumb/v7e-m+fp/hard\libc_nano.a
LOAD c:/users/mark/documents/mcha3500/mcha3500_windows_toolchain/toolchain/gcc-arm-none-eabi/bin/../lib/gcc/arm-none-eabi/9.2.1/../../../../arm-none-eabi/lib/thumb/v7e-m+fp/hard\libnosys.a
END GROUP
LOAD c:/users/mark/documents/mcha3500/mcha3500_windows_toolchain/toolchain/gcc-arm-none-eabi/bin/../lib/gcc/arm-none-eabi/9.2.1/thumb/v7e-m+fp/hard/crtend.o
LOAD c:/users/mark/documents/mcha3500/mcha3500_windows_toolchain/toolchain/gcc-arm-none-eabi/bin/../lib/gcc/arm-none-eabi/9.2.1/thumb/v7e-m+fp/hard/crtn.o
                0x20020000                _estack = 0x20020000
                0x00010000                _Min_Heap_Size = 0x10000
                0x00002000                _Min_Stack_Size = 0x2000

.isr_vector     0x08000000      0x1c4
                0x08000000                . = ALIGN (0x4)
 *(.isr_vector)
 .isr_vector    0x08000000      0x1c4 build/startup_stm32f446xx.o
                0x08000000                g_pfnVectors
                0x080001c4                . = ALIGN (0x4)

.text           0x080001d0    0x198b4
                0x080001d0                . = ALIGN (0x4)
 *(.text)
 .text          0x080001d0        0x0 c:/users/mark/documents/mcha3500/mcha3500_windows_toolchain/toolchain/gcc-arm-none-eabi/bin/../lib/gcc/arm-none-eabi/9.2.1/thumb/v7e-m+fp/hard/crti.o
 .text          0x080001d0       0x40 c:/users/mark/documents/mcha3500/mcha3500_windows_toolchain/toolchain/gcc-arm-none-eabi/bin/../lib/gcc/arm-none-eabi/9.2.1/thumb/v7e-m+fp/hard/crtbegin.o
 .text          0x08000210       0x74 c:/users/mark/documents/mcha3500/mcha3500_windows_toolchain/toolchain/gcc-arm-none-eabi/bin/../lib/gcc/arm-none-eabi/9.2.1/../../../../arm-none-eabi/lib/thumb/v7e-m+fp/hard/crt0.o
                0x08000210                _start
                0x08000210                _mainCRTStartup
 .text          0x08000284        0xc build/stm32f4xx_it.o
                0x08000284                NMI_Handler
                0x08000286                HardFault_Handler
                0x08000288                MemManage_Handler
                0x0800028a                BusFault_Handler
                0x0800028c                UsageFault_Handler
                0x0800028e                DebugMon_Handler
 .text          0x08000290       0xc0 build/system_stm32f4xx.o
                0x08000290                SystemInit
                0x080002dc                SystemCoreClockUpdate
 .text          0x08000350      0x104 build/cmd_line_buffer.o
                0x08000350                clb_init
                0x0800035a                clb_is_empty
                0x08000364                clb_is_full
                0x08000372                clb_delc
                0x0800037c                clb_is_cmd_ready
                0x08000394                clb_putc
                0x080003b4                clb_consume_char
                0x080003dc                clb_consume_str
                0x080003f6                clb_gets_at
                0x0800040e                clb_gets
                0x08000414                clb_process
 .text          0x08000454      0x290 build/cmd_parser.o
                0x08000634                cmd_parse
 .text          0x080006e4       0x4c build/cmd_task.o
                0x08000704                cmd_task_init
 .text          0x08000730        0x0 build/main.o
 .text          0x08000730      0x47c build/uart.o
                0x08000730                uart_init
                0x08000a04                __wrap_printf
                0x08000a3c                __io_putchar
                0x08000a6c                __io_getchar
                0x08000a88                _write
                0x08000aa4                _read
                0x08000ab8                _uart_rxne_isr
                0x08000ae0                _uart_txe_isr
                0x08000b18                _uart_error
                0x08000b70                USART2_IRQHandler
 .text          0x08000bac       0xc4 build/heartbeat_task.o
                0x08000bc8                heartbeat_task_init
                0x08000c24                heartbeat_task_start
                0x08000c3c                heartbeat_task_stop
                0x08000c54                heartbeat_task_is_running
                0x08000c60                heartbeat_task_deinit
 .text          0x08000c70       0x70 build/heartbeat_cmd.o
                0x08000c70                heartbeat_cmd
 .text          0x08000ce0       0x84 build/dummy_task.o
                0x08000ce0                dummy_task_init
                0x08000d08                dummy_task_start
                0x08000d20                dummy_task_stop
                0x08000d48                dummy_task_is_running
                0x08000d54                dummy_task_deinit
 *fill*         0x08000d64        0x4 
 .text          0x08000d68      0x860 build/motor.o
                0x08000d68                motor_PWM_init
                0x08000fa8                velocity_adjust
                0x08000ff8                elevation_adjust
                0x08001064                azimuth_adjust
                0x080010c4                servo_adjust
                0x08001110                motor_encoder_init
                0x08001254                EXTI0_IRQHandler
                0x080012c8                EXTI9_5_IRQHandler
                0x0800134c                EXTI15_10_IRQHandler
                0x080013c4                EXTI1_IRQHandler
                0x08001404                EXTI4_IRQHandler
                0x08001444                EXTI2_IRQHandler
                0x08001480                EXTI3_IRQHandler
                0x080014bc                motor_encoder1_getValue
                0x080014c8                motor_encoder2_getValue
                0x080014d4                motor_encoder3_getValue
                0x080014e0                ele_encoder_getValue
                0x080014ec                ele_encoder_reset
                0x08001524                azi_encoder_getValue
                0x08001530                motor_encoder_getAngle
                0x08001568                motor_encoder_getRev
                0x08001590                elevation_encoder_getAngle
 .text          0x080015c8      0x10c build/controller.o
                0x080015c8                ctrl_init
                0x080015d4                getControl
                0x080015e0                getEleControl
                0x080015ec                getAziControl
                0x080015f8                ctrl_set_yref
                0x08001604                getReference
                0x08001610                getElevation
                0x0800161c                control_set_elevation
                0x08001628                getAzimuth
                0x08001634                control_set_azimuth
                0x08001640                getServo
                0x0800164c                control_Servo
                0x08001658                ctrl_update
                0x0800167c                ele_ctrl_update
                0x080016a8                azi_ctrl_update
 *fill*         0x080016d4        0x4 
 .text          0x080016d8      0x770 build/control_loop.o
                0x08001d28                control_loop_init
                0x08001d4c                aim_loop_init
                0x08001d70                servo_loop_init
                0x08001d94                control_timer_start
                0x08001db4                control_timer_stop
                0x08001dc4                aim_timer_start
                0x08001de4                aim_timer_stop
                0x08001df4                servo_timer_start
                0x08001e18                servo_timer_stop
                0x08001e3a                control_set_speed
 .text          0x08001e48     0x16d8 build/qpas_sub_noblas.o
                0x08001e48                printvector
                0x08001ed8                printmatrix
                0x08001fbc                qpas_sub_noblas
 .text          0x08003520       0x14 build/startup_stm32f446xx.o
 .text          0x08003534      0x20c build/stm32f4_HAL/stm32f4xx_hal.o
                0x08003534                HAL_MspInit
                0x08003536                HAL_MspDeInit
                0x08003538                HAL_DeInit
                0x08003564                HAL_InitTick
                0x080035a8                HAL_Init
                0x080035dc                HAL_IncTick
                0x080035f4                HAL_GetTick
                0x08003600                HAL_GetTickPrio
                0x0800360c                HAL_SetTickFreq
                0x0800362c                HAL_GetTickFreq
                0x08003638                HAL_Delay
                0x08003660                HAL_SuspendTick
                0x08003670                HAL_ResumeTick
                0x08003680                HAL_GetHalVersion
                0x08003688                HAL_GetREVID
                0x08003694                HAL_GetDEVID
                0x080036a4                HAL_DBGMCU_EnableDBGSleepMode
                0x080036b4                HAL_DBGMCU_DisableDBGSleepMode
                0x080036c4                HAL_DBGMCU_EnableDBGStopMode
                0x080036d4                HAL_DBGMCU_DisableDBGStopMode
                0x080036e4                HAL_DBGMCU_EnableDBGStandbyMode
                0x080036f4                HAL_DBGMCU_DisableDBGStandbyMode
                0x08003704                HAL_EnableCompensationCell
                0x08003710                HAL_DisableCompensationCell
                0x0800371c                HAL_GetUIDw0
                0x08003728                HAL_GetUIDw1
                0x08003734                HAL_GetUIDw2
 .text          0x08003740      0x630 build/stm32f4_HAL/stm32f4xx_hal_dma.o
                0x0800376c                HAL_DMA_Init
                0x0800386c                HAL_DMA_DeInit
                0x080038c0                HAL_DMA_Start
                0x08003914                HAL_DMA_Start_IT
                0x08003988                HAL_DMA_Abort
                0x08003a10                HAL_DMA_Abort_IT
                0x08003a34                HAL_DMA_PollForTransfer
                0x08003b42                HAL_DMA_IRQHandler
                0x08003cbc                HAL_DMA_RegisterCallback
                0x08003d04                HAL_DMA_UnRegisterCallback
                0x08003d66                HAL_DMA_GetState
                0x08003d6c                HAL_DMA_GetError
 .text          0x08003d70      0x9c8 build/stm32f4_HAL/stm32f4xx_hal_adc.o
                0x08003d70                HAL_ADC_MspInit
                0x08003d72                HAL_ADC_Init
                0x08003ec0                HAL_ADC_MspDeInit
                0x08003ec2                HAL_ADC_DeInit
                0x08003ef6                HAL_ADC_Start
                0x08003fe0                HAL_ADC_Stop
                0x08004016                HAL_ADC_PollForConversion
                0x080040b4                HAL_ADC_PollForEvent
                0x0800411a                HAL_ADC_Start_IT
                0x08004210                HAL_ADC_Stop_IT
                0x08004258                HAL_ADC_Start_DMA
                0x0800437c                HAL_ADC_Stop_DMA
                0x080043d6                HAL_ADC_GetValue
                0x080043dc                HAL_ADC_ConvCpltCallback
                0x080043de                HAL_ADC_ConvHalfCpltCallback
                0x080043ea                HAL_ADC_LevelOutOfWindowCallback
                0x080043ec                HAL_ADC_ErrorCallback
                0x080043ee                HAL_ADC_IRQHandler
                0x08004598                HAL_ADC_ConfigChannel
                0x080046d0                HAL_ADC_AnalogWDGConfig
                0x0800472e                HAL_ADC_GetState
                0x08004732                HAL_ADC_GetError
 .text          0x08004738      0x6ac build/stm32f4_HAL/stm32f4xx_hal_adc_ex.o
                0x080047a8                HAL_ADCEx_InjectedStart
                0x0800485c                HAL_ADCEx_InjectedStart_IT
                0x08004918                HAL_ADCEx_InjectedStop
                0x08004972                HAL_ADCEx_InjectedPollForConversion
                0x080049fa                HAL_ADCEx_InjectedStop_IT
                0x08004a5c                HAL_ADCEx_InjectedGetValue
                0x08004a8e                HAL_ADCEx_MultiModeStart_DMA
                0x08004b88                HAL_ADCEx_MultiModeStop_DMA
                0x08004be8                HAL_ADCEx_MultiModeGetValue
                0x08004bf4                HAL_ADCEx_InjectedConvCpltCallback
                0x08004bf6                HAL_ADCEx_InjectedConfigChannel
                0x08004d94                HAL_ADCEx_MultiModeConfigChannel
 .text          0x08004de4      0x334 build/stm32f4_HAL/stm32f4xx_hal_gpio.o
                0x08004de4                HAL_GPIO_Init
                0x08004f94                HAL_GPIO_DeInit
                0x080050b0                HAL_GPIO_ReadPin
                0x080050bc                HAL_GPIO_WritePin
                0x080050c6                HAL_GPIO_TogglePin
                0x080050d4                HAL_GPIO_LockPin
                0x080050fe                HAL_GPIO_EXTI_Callback
                0x08005100                HAL_GPIO_EXTI_IRQHandler
 .text          0x08005118      0x220 build/stm32f4_HAL/stm32f4xx_ll_gpio.o
                0x08005138                LL_GPIO_DeInit
                0x080051e4                LL_GPIO_Init
                0x08005320                LL_GPIO_StructInit
 .text          0x08005338      0x21c build/stm32f4_HAL/stm32f4xx_ll_usart.o
                0x08005338                LL_USART_DeInit
                0x080053f8                LL_USART_Init
                0x080054f4                LL_USART_StructInit
                0x0800550c                LL_USART_ClockInit
                0x08005546                LL_USART_ClockStructInit
 .text          0x08005554      0x238 build/stm32f4_HAL/stm32f4xx_ll_dma.o
                0x08005554                LL_DMA_DeInit
                0x080056e4                LL_DMA_Init
                0x08005768                LL_DMA_StructInit
 .text          0x0800578c      0x604 build/stm32f4_HAL/stm32f4xx_ll_rcc.o
                0x0800579c                LL_RCC_DeInit
                0x0800584c                LL_RCC_GetCECClockFreq
                0x0800587c                RCC_GetHCLKClockFreq
                0x08005894                RCC_GetPCLK1ClockFreq
                0x080058ac                RCC_GetPCLK2ClockFreq
                0x080058c4                RCC_PLL_GetFreqDomain_SYS
                0x0800590c                RCC_GetSystemClockFreq
                0x0800593c                LL_RCC_GetSystemClocksFreq
                0x0800595c                LL_RCC_GetFMPI2CClockFreq
                0x080059ac                RCC_PLL_GetFreqDomain_48M
                0x080059e8                RCC_PLL_GetFreqDomain_I2S
                0x08005a24                RCC_PLL_GetFreqDomain_SPDIFRX
                0x08005a28                RCC_PLL_GetFreqDomain_SAI
                0x08005a2c                RCC_PLLSAI_GetFreqDomain_SAI
                0x08005a7c                RCC_PLLSAI_GetFreqDomain_48M
                0x08005ac0                LL_RCC_GetSDIOClockFreq
                0x08005b08                LL_RCC_GetUSBClockFreq
                0x08005b3c                RCC_PLLI2S_GetFreqDomain_SAI
                0x08005b8c                LL_RCC_GetSAIClockFreq
                0x08005c40                RCC_PLLI2S_GetFreqDomain_SPDIFRX
                0x08005c84                LL_RCC_GetSPDIFRXClockFreq
                0x08005cb8                RCC_PLLI2S_GetFreqDomain_I2S
                0x08005cf8                LL_RCC_GetI2SClockFreq
 .text          0x08005d90     0x31e0 build/stm32f4_HAL/stm32f4xx_hal_i2c.o
                0x080061b4                HAL_I2C_MspInit
                0x080061b6                HAL_I2C_Init
                0x08006304                HAL_I2C_MspDeInit
                0x08006306                HAL_I2C_DeInit
                0x08006338                HAL_I2C_Master_Transmit
                0x080064e8                HAL_I2C_Master_Receive
                0x080067c8                HAL_I2C_Slave_Transmit
                0x08006928                HAL_I2C_Slave_Receive
                0x08006aa4                HAL_I2C_Master_Transmit_IT
                0x08006b54                HAL_I2C_Master_Receive_IT
                0x08006c0c                HAL_I2C_Slave_Transmit_IT
                0x08006c7c                HAL_I2C_Slave_Receive_IT
                0x08006cec                HAL_I2C_Master_Transmit_DMA
                0x08006e18                HAL_I2C_Master_Receive_DMA
                0x08006f40                HAL_I2C_Slave_Transmit_DMA
                0x08007000                HAL_I2C_Slave_Receive_DMA
                0x080070c0                HAL_I2C_Mem_Write
                0x080071e0                HAL_I2C_Mem_Read
                0x080073f0                HAL_I2C_Mem_Write_IT
                0x080074ac                HAL_I2C_Mem_Read_IT
                0x08007578                HAL_I2C_Mem_Write_DMA
                0x080076c0                HAL_I2C_Mem_Read_DMA
                0x0800784c                HAL_I2C_IsDeviceReady
                0x080079ac                HAL_I2C_Master_Seq_Transmit_IT
                0x08007a7c                HAL_I2C_Master_Seq_Transmit_DMA
                0x08007bf0                HAL_I2C_Master_Seq_Receive_IT
                0x08007cfc                HAL_I2C_Master_Seq_Receive_DMA
                0x08007ec8                HAL_I2C_Slave_Seq_Transmit_IT
                0x08007f3e                HAL_I2C_Slave_Seq_Transmit_DMA
                0x0800807c                HAL_I2C_Slave_Seq_Receive_IT
                0x080080f2                HAL_I2C_Slave_Seq_Receive_DMA
                0x08008230                HAL_I2C_EnableListen_IT
                0x08008266                HAL_I2C_DisableListen_IT
                0x080082a4                HAL_I2C_MasterTxCpltCallback
                0x080082a6                HAL_I2C_MasterRxCpltCallback
                0x080082a8                HAL_I2C_SlaveTxCpltCallback
                0x080082aa                HAL_I2C_SlaveRxCpltCallback
                0x080082ac                HAL_I2C_AddrCallback
                0x080082ae                HAL_I2C_ListenCpltCallback
                0x080082b0                HAL_I2C_MemTxCpltCallback
                0x080082b2                HAL_I2C_MemRxCpltCallback
                0x080082b4                HAL_I2C_ErrorCallback
                0x08008402                HAL_I2C_AbortCpltCallback
                0x080085d4                HAL_I2C_Master_Abort_IT
                0x08008620                HAL_I2C_EV_IRQHandler
                0x08008e2c                HAL_I2C_ER_IRQHandler
                0x08008f60                HAL_I2C_GetState
                0x08008f66                HAL_I2C_GetMode
                0x08008f6c                HAL_I2C_GetError
 .text          0x08008f70       0x7c build/stm32f4_HAL/stm32f4xx_hal_i2c_ex.o
                0x08008f70                HAL_I2CEx_ConfigAnalogFilter
                0x08008fae                HAL_I2CEx_ConfigDigitalFilter
 .text          0x08008fec     0x1dec build/stm32f4_HAL/stm32f4xx_hal_tim.o
                0x08009108                HAL_TIM_Base_MspInit
                0x0800910a                HAL_TIM_Base_MspDeInit
                0x0800910c                HAL_TIM_Base_DeInit
                0x08009146                HAL_TIM_Base_Start
                0x0800916a                HAL_TIM_Base_Stop
                0x08009198                HAL_TIM_Base_Start_IT
                0x080091b8                HAL_TIM_Base_Stop_IT
                0x080091e2                HAL_TIM_Base_Start_DMA
                0x0800924c                HAL_TIM_Base_Stop_DMA
                0x08009288                HAL_TIM_OC_MspInit
                0x0800928a                HAL_TIM_OC_MspDeInit
                0x0800928c                HAL_TIM_OC_DeInit
                0x080092c6                HAL_TIM_PWM_MspInit
                0x080092c8                HAL_TIM_PWM_MspDeInit
                0x080092ca                HAL_TIM_PWM_DeInit
                0x08009304                HAL_TIM_IC_MspInit
                0x08009306                HAL_TIM_IC_MspDeInit
                0x08009308                HAL_TIM_IC_DeInit
                0x08009342                HAL_TIM_OnePulse_MspInit
                0x08009344                HAL_TIM_OnePulse_MspDeInit
                0x08009346                HAL_TIM_OnePulse_DeInit
                0x08009380                HAL_TIM_OnePulse_Start
                0x080093c0                HAL_TIM_OnePulse_Stop
                0x08009428                HAL_TIM_OnePulse_Start_IT
                0x08009478                HAL_TIM_OnePulse_Stop_IT
                0x080094f0                HAL_TIM_Encoder_MspInit
                0x080094f2                HAL_TIM_Encoder_MspDeInit
                0x080094f4                HAL_TIM_Encoder_DeInit
                0x0800952e                HAL_TIM_Encoder_Start
                0x08009572                HAL_TIM_Encoder_Stop
                0x080095ba                HAL_TIM_Encoder_Start_IT
                0x08009628                HAL_TIM_Encoder_Stop_IT
                0x0800969c                HAL_TIM_Encoder_Start_DMA
                0x080097dc                HAL_TIM_Encoder_Stop_DMA
                0x0800986e                HAL_TIM_DMABurst_WriteStart
                0x0800994c                HAL_TIM_DMABurst_WriteStop
                0x080099b0                HAL_TIM_DMABurst_ReadStart
                0x08009a94                HAL_TIM_DMABurst_ReadStop
                0x08009a98                HAL_TIM_GenerateEvent
                0x08009abc                HAL_TIM_ConfigTI1Input
                0x08009acc                HAL_TIM_ReadCapturedValue
                0x08009af8                HAL_TIM_PeriodElapsedCallback
                0x08009b0a                HAL_TIM_PeriodElapsedHalfCpltCallback
                0x08009b1c                HAL_TIM_OC_DelayElapsedCallback
                0x08009b1e                HAL_TIM_IC_CaptureCallback
                0x08009b20                TIM_DMACaptureCplt
                0x08009b5c                HAL_TIM_IC_CaptureHalfCpltCallback
                0x08009b5e                TIM_DMACaptureHalfCplt
                0x08009b9a                HAL_TIM_PWM_PulseFinishedCallback
                0x08009b9c                TIM_DMADelayPulseCplt
                0x08009bd8                HAL_TIM_PWM_PulseFinishedHalfCpltCallback
                0x08009bda                TIM_DMADelayPulseHalfCplt
                0x08009c16                HAL_TIM_TriggerCallback
                0x08009c18                HAL_TIM_IRQHandler
                0x08009d6c                HAL_TIM_TriggerHalfCpltCallback
                0x08009d7e                HAL_TIM_ErrorCallback
                0x08009d80                TIM_DMAError
                0x08009d90                HAL_TIM_Base_GetState
                0x08009d96                HAL_TIM_OC_GetState
                0x08009d9c                HAL_TIM_PWM_GetState
                0x08009da2                HAL_TIM_IC_GetState
                0x08009da8                HAL_TIM_OnePulse_GetState
                0x08009dae                HAL_TIM_Encoder_GetState
                0x08009db4                TIM_Base_SetConfig
                0x08009e80                HAL_TIM_Base_Init
                0x08009eb4                HAL_TIM_OC_Init
                0x08009ee8                HAL_TIM_PWM_Init
                0x08009f1c                HAL_TIM_IC_Init
                0x08009f50                HAL_TIM_OnePulse_Init
                0x08009f96                HAL_TIM_Encoder_Init
                0x0800a02c                TIM_OC2_SetConfig
                0x0800a098                HAL_TIM_OC_ConfigChannel
                0x0800a0f0                HAL_TIM_PWM_ConfigChannel
                0x0800a1b0                TIM_TI1_SetConfig
                0x0800a224                HAL_TIM_IC_ConfigChannel
                0x0800a338                HAL_TIM_OnePulse_ConfigChannel
                0x0800a42e                TIM_ETR_SetConfig
                0x0800a442                HAL_TIM_ConfigOCrefClear
                0x0800a50a                HAL_TIM_ConfigClockSource
                0x0800a6d6                HAL_TIM_SlaveConfigSynchro
                0x0800a724                HAL_TIM_SlaveConfigSynchro_IT
                0x0800a772                TIM_CCxChannelCmd
                0x0800a78e                HAL_TIM_OC_Start
                0x0800a7cc                HAL_TIM_PWM_Start
                0x0800a7d0                HAL_TIM_OC_Stop
                0x0800a82c                HAL_TIM_OC_Start_IT
                0x0800a89c                HAL_TIM_PWM_Start_IT
                0x0800a8a0                HAL_TIM_OC_Stop_IT
                0x0800a930                HAL_TIM_PWM_Stop_IT
                0x0800a934                HAL_TIM_OC_Start_DMA
                0x0800aa44                HAL_TIM_PWM_Start_DMA
                0x0800aa48                HAL_TIM_OC_Stop_DMA
                0x0800aaf8                HAL_TIM_PWM_Stop_DMA
                0x0800aafc                HAL_TIM_PWM_Stop
                0x0800ab60                HAL_TIM_IC_Start
                0x0800ab84                HAL_TIM_IC_Stop
                0x0800abb2                HAL_TIM_IC_Start_IT
                0x0800ac08                HAL_TIM_IC_Stop_IT
                0x0800ac68                HAL_TIM_IC_Start_DMA
                0x0800ad58                HAL_TIM_IC_Stop_DMA
 .text          0x0800add8      0x814 build/stm32f4_HAL/stm32f4xx_hal_tim_ex.o
                0x0800adf4                HAL_TIMEx_HallSensor_MspInit
                0x0800adf6                HAL_TIMEx_HallSensor_Init
                0x0800aea4                HAL_TIMEx_HallSensor_MspDeInit
                0x0800aea6                HAL_TIMEx_HallSensor_DeInit
                0x0800aee0                HAL_TIMEx_HallSensor_Start
                0x0800af06                HAL_TIMEx_HallSensor_Stop
                0x0800af36                HAL_TIMEx_HallSensor_Start_IT
                0x0800af64                HAL_TIMEx_HallSensor_Stop_IT
                0x0800af9c                HAL_TIMEx_HallSensor_Start_DMA
                0x0800b018                HAL_TIMEx_HallSensor_Stop_DMA
                0x0800b058                HAL_TIMEx_OCN_Start
                0x0800b084                HAL_TIMEx_OCN_Stop
                0x0800b0ce                HAL_TIMEx_OCN_Start_IT
                0x0800b124                HAL_TIMEx_OCN_Stop_IT
                0x0800b1a2                HAL_TIMEx_OCN_Start_DMA
                0x0800b274                HAL_TIMEx_OCN_Stop_DMA
                0x0800b2fa                HAL_TIMEx_PWMN_Start
                0x0800b2fe                HAL_TIMEx_PWMN_Stop
                0x0800b302                HAL_TIMEx_PWMN_Start_IT
                0x0800b306                HAL_TIMEx_PWMN_Stop_IT
                0x0800b30a                HAL_TIMEx_PWMN_Start_DMA
                0x0800b30e                HAL_TIMEx_PWMN_Stop_DMA
                0x0800b312                HAL_TIMEx_OnePulseN_Start
                0x0800b32c                HAL_TIMEx_OnePulseN_Stop
                0x0800b330                HAL_TIMEx_OnePulseN_Start_IT
                0x0800b35a                HAL_TIMEx_OnePulseN_Stop_IT
                0x0800b3b4                HAL_TIMEx_ConfigCommutEvent
                0x0800b40e                HAL_TIMEx_ConfigCommutEvent_IT
                0x0800b468                HAL_TIMEx_ConfigCommutEvent_DMA
                0x0800b4dc                HAL_TIMEx_MasterConfigSynchronization
                0x0800b558                HAL_TIMEx_ConfigBreakDeadTime
                0x0800b5a4                HAL_TIMEx_RemapConfig
                0x0800b5be                HAL_TIMEx_CommutCallback
                0x0800b5c0                TIMEx_DMACommutationCplt
                0x0800b5d0                HAL_TIMEx_CommutHalfCpltCallback
                0x0800b5d2                TIMEx_DMACommutationHalfCplt
                0x0800b5e2                HAL_TIMEx_BreakCallback
                0x0800b5e4                HAL_TIMEx_HallSensor_GetState
 .text          0x0800b5ec        0x0 build/stm32f4_HAL/stm32f4xx_hal_rtc.o
 .text          0x0800b5ec      0x6d4 build/stm32f4_HAL/stm32f4xx_hal_rcc.o
                0x0800b93e                HAL_RCC_MCOConfig
                0x0800b9d8                HAL_RCC_EnableCSS
                0x0800b9e4                HAL_RCC_DisableCSS
                0x0800ba4c                HAL_RCC_ClockConfig
                0x0800bb84                HAL_RCC_GetHCLKFreq
                0x0800bb90                HAL_RCC_GetPCLK1Freq
                0x0800bbb0                HAL_RCC_GetPCLK2Freq
                0x0800bc64                HAL_RCC_GetClockConfig
                0x0800bca0                HAL_RCC_CSSCallback
                0x0800bca2                HAL_RCC_NMI_IRQHandler
 .text          0x0800bcc0      0xdc8 build/stm32f4_HAL/stm32f4xx_hal_rcc_ex.o
                0x0800bcc0                HAL_RCCEx_PeriphCLKConfig
                0x0800c0d8                HAL_RCCEx_GetPeriphCLKConfig
                0x0800c1d4                HAL_RCCEx_GetPeriphCLKFreq
                0x0800c37c                HAL_RCCEx_SelectLSEMode
                0x0800c394                HAL_RCCEx_EnablePLLI2S
                0x0800c408                HAL_RCCEx_DisablePLLI2S
                0x0800c43c                HAL_RCCEx_EnablePLLSAI
                0x0800c4a8                HAL_RCCEx_DisablePLLSAI
                0x0800c4dc                HAL_RCC_GetSysClockFreq
                0x0800c56c                HAL_RCC_DeInit
                0x0800c6c0                HAL_RCC_OscConfig
                0x0800c9ec                HAL_RCC_GetOscConfig
 .text          0x0800ca88      0x1ac build/stm32f4_HAL/stm32f4xx_hal_pwr.o
                0x0800ca88                HAL_PWR_DeInit
                0x0800caa0                HAL_PWR_EnableBkUpAccess
                0x0800caac                HAL_PWR_DisableBkUpAccess
                0x0800cab8                HAL_PWR_ConfigPVD
                0x0800cb28                HAL_PWR_EnablePVD
                0x0800cb34                HAL_PWR_DisablePVD
                0x0800cb40                HAL_PWR_EnableWakeUpPin
                0x0800cb50                HAL_PWR_DisableWakeUpPin
                0x0800cb60                HAL_PWR_EnterSLEEPMode
                0x0800cb80                HAL_PWR_EnterSTOPMode
                0x0800cbb8                HAL_PWR_EnterSTANDBYMode
                0x0800cbd8                HAL_PWR_PVDCallback
                0x0800cbda                HAL_PWR_PVD_IRQHandler
                0x0800cbf4                HAL_PWR_EnableSleepOnExit
                0x0800cc04                HAL_PWR_DisableSleepOnExit
                0x0800cc14                HAL_PWR_EnableSEVOnPend
                0x0800cc24                HAL_PWR_DisableSEVOnPend
 .text          0x0800cc34      0x298 build/stm32f4_HAL/stm32f4xx_hal_pwr_ex.o
                0x0800cc34                HAL_PWREx_EnableBkUpReg
                0x0800cc68                HAL_PWREx_DisableBkUpReg
                0x0800cc9c                HAL_PWREx_EnableFlashPowerDown
                0x0800cca8                HAL_PWREx_DisableFlashPowerDown
                0x0800ccb4                HAL_PWREx_GetVoltageRange
                0x0800ccc4                HAL_PWREx_ControlVoltageScaling
                0x0800cd74                HAL_PWREx_EnableOverDrive
                0x0800cdec                HAL_PWREx_DisableOverDrive
                0x0800ce64                HAL_PWREx_EnterUnderDriveSTOPMode
 .text          0x0800cecc      0x2c8 build/stm32f4_HAL/stm32f4xx_hal_cortex.o
                0x0800cecc                HAL_NVIC_SetPriorityGrouping
                0x0800cef0                HAL_NVIC_SetPriority
                0x0800cf54                HAL_NVIC_EnableIRQ
                0x0800cf70                HAL_NVIC_DisableIRQ
                0x0800cf98                HAL_NVIC_SystemReset
                0x0800cfbc                HAL_SYSTICK_Config
                0x0800cfe8                HAL_MPU_Disable
                0x0800d008                HAL_MPU_Enable
                0x0800d02c                HAL_MPU_ConfigRegion
                0x0800d07c                HAL_NVIC_GetPriorityGrouping
                0x0800d08c                HAL_NVIC_GetPriority
                0x0800d0e8                HAL_NVIC_SetPendingIRQ
                0x0800d108                HAL_NVIC_GetPendingIRQ
                0x0800d12c                HAL_NVIC_ClearPendingIRQ
                0x0800d14c                HAL_NVIC_GetActive
                0x0800d170                HAL_SYSTICK_CLKSourceConfig
                0x0800d188                HAL_SYSTICK_Callback
                0x0800d18a                HAL_SYSTICK_IRQHandler
 .text          0x0800d194     0x1820 build/stm32f4_HAL/stm32f4xx_hal_spi.o
                0x0800d338                HAL_SPI_MspInit
                0x0800d33a                HAL_SPI_Init
                0x0800d3be                HAL_SPI_MspDeInit
                0x0800d3c0                HAL_SPI_DeInit
                0x0800d3ec                HAL_SPI_Transmit
                0x0800d566                HAL_SPI_TransmitReceive
                0x0800d7e6                HAL_SPI_Receive
                0x0800d9a6                HAL_SPI_Transmit_IT
                0x0800da4c                HAL_SPI_TransmitReceive_IT
                0x0800db14                HAL_SPI_Receive_IT
                0x0800dbdc                HAL_SPI_Transmit_DMA
                0x0800dcb4                HAL_SPI_TransmitReceive_DMA
                0x0800ddd8                HAL_SPI_Receive_DMA
                0x0800ded4                HAL_SPI_Abort
                0x0800dffc                HAL_SPI_DMAPause
                0x0800e01c                HAL_SPI_DMAResume
                0x0800e03c                HAL_SPI_DMAStop
                0x0800e082                HAL_SPI_TxCpltCallback
                0x0800e084                HAL_SPI_RxCpltCallback
                0x0800e086                HAL_SPI_TxRxCpltCallback
                0x0800e088                HAL_SPI_TxHalfCpltCallback
                0x0800e094                HAL_SPI_RxHalfCpltCallback
                0x0800e0a0                HAL_SPI_TxRxHalfCpltCallback
                0x0800e0ac                HAL_SPI_ErrorCallback
                0x0800e66e                HAL_SPI_IRQHandler
                0x0800e788                HAL_SPI_AbortCpltCallback
                0x0800e78a                HAL_SPI_Abort_IT
                0x0800e9a8                HAL_SPI_GetState
                0x0800e9ae                HAL_SPI_GetError
 .text          0x0800e9b4        0x0 build/stm32f4_HAL/stm32f4xx_hal_dac.o
 .text          0x0800e9b4        0x0 build/stm32f4_HAL/stm32f4xx_hal_dac_ex.o
 .text          0x0800e9b4        0x0 build/stm32f4_HAL/stm32f4xx_hal_can.o
 .text          0x0800e9b4        0x0 build/FreeRTOS/croutine.o
 .text          0x0800e9b4      0x274 build/FreeRTOS/event_groups.o
                0x0800e9b4                xEventGroupCreateStatic
                0x0800e9cc                xEventGroupCreate
                0x0800e9e8                xEventGroupWaitBits
                0x0800eaa0                xEventGroupClearBits
                0x0800eaba                vEventGroupClearBitsCallback
                0x0800eabe                xEventGroupClearBitsFromISR
                0x0800ead0                xEventGroupGetBitsFromISR
                0x0800eaec                xEventGroupSetBits
                0x0800eb48                xEventGroupSync
                0x0800ebdc                vEventGroupSetBitsCallback
                0x0800ebe0                vEventGroupDelete
                0x0800ec0a                xEventGroupSetBitsFromISR
                0x0800ec1c                uxEventGroupGetNumber
                0x0800ec22                vEventGroupSetNumber
 .text          0x0800ec28       0x82 build/FreeRTOS/list.o
                0x0800ec28                vListInitialise
                0x0800ec3e                vListInitialiseItem
                0x0800ec44                vListInsertEnd
                0x0800ec5c                vListInsert
                0x0800ec8a                uxListRemove
 *fill*         0x0800ecaa        0x2 
 .text          0x0800ecac      0x8fc build/FreeRTOS/queue.o
                0x0800edc8                xQueueGenericReset
                0x0800ee34                xQueueGenericCreateStatic
                0x0800ee60                xQueueGenericCreate
                0x0800ee9a                xQueueGetMutexHolder
                0x0800eeb4                xQueueGetMutexHolderFromISR
                0x0800eec0                xQueueCreateCountingSemaphoreStatic
                0x0800eeda                xQueueCreateCountingSemaphore
                0x0800eeec                xQueueGenericSend
                0x0800eff0                xQueueCreateMutexStatic
                0x0800f01a                xQueueGiveMutexRecursive
                0x0800f042                xQueueCreateMutex
                0x0800f066                xQueueGenericSendFromISR
                0x0800f0d0                xQueueGiveFromISR
                0x0800f12c                xQueueReceive
                0x0800f21c                xQueueSemaphoreTake
                0x0800f344                xQueueTakeMutexRecursive
                0x0800f374                xQueuePeek
                0x0800f464                xQueueReceiveFromISR
                0x0800f4cc                xQueuePeekFromISR
                0x0800f4fc                uxQueueMessagesWaiting
                0x0800f512                uxQueueSpacesAvailable
                0x0800f52c                uxQueueMessagesWaitingFromISR
                0x0800f530                vQueueDelete
                0x0800f53c                uxQueueGetQueueNumber
                0x0800f540                vQueueSetQueueNumber
                0x0800f544                ucQueueGetQueueType
                0x0800f54a                xQueueIsQueueEmptyFromISR
                0x0800f554                xQueueIsQueueFullFromISR
                0x0800f560                vQueueWaitForMessageRestricted
 .text          0x0800f5a8     0x12d4 build/FreeRTOS/tasks.o
                0x0800f878                xTaskCreateStatic
                0x0800f8ac                xTaskCreate
                0x0800f908                vTaskDelete
                0x0800f98c                eTaskGetState
                0x0800f9f4                uxTaskPriorityGet
                0x0800fa14                uxTaskPriorityGetFromISR
                0x0800fa3c                vTaskPrioritySet
                0x0800faec                vTaskResume
                0x0800fb70                xTaskResumeFromISR
                0x0800fbf8                vTaskStartScheduler
                0x0800fc70                vTaskEndScheduler
                0x0800fc90                vTaskSuspendAll
                0x0800fca4                xTaskGetTickCount
                0x0800fcb0                xTaskGetTickCountFromISR
                0x0800fcbc                uxTaskGetNumberOfTasks
                0x0800fcc8                pcTaskGetName
                0x0800fcd8                xTaskIncrementTick
                0x0800fdbc                xTaskResumeAll
                0x0800fe80                vTaskDelayUntil
                0x0800fed0                vTaskDelay
                0x0800ff00                xTaskCatchUpTicks
                0x0800ff20                vTaskSwitchContext
                0x0800ff84                vTaskSuspend
                0x08010014                vTaskPlaceOnEventList
                0x08010034                vTaskPlaceOnUnorderedEventList
                0x0801005c                vTaskPlaceOnEventListRestricted
                0x08010084                xTaskRemoveFromEventList
                0x080100ec                vTaskRemoveFromUnorderedEventList
                0x08010140                vTaskSetTimeOutState
                0x08010164                vTaskInternalSetTimeOutState
                0x08010178                xTaskCheckForTimeOut
                0x080101c8                vTaskMissedYield
                0x080101d8                uxTaskGetTaskNumber
                0x080101de                vTaskSetTaskNumber
                0x080101e4                vTaskGetInfo
                0x080102be                uxTaskGetSystemState
                0x08010354                uxTaskGetStackHighWaterMark
                0x08010374                xTaskGetCurrentTaskHandle
                0x08010380                xTaskGetSchedulerState
                0x080103a0                xTaskPriorityInherit
                0x08010420                xTaskPriorityDisinherit
                0x0801047c                vTaskPriorityDisinheritAfterTimeout
                0x080104ec                uxTaskResetEventItemValue
                0x08010504                pvTaskIncrementMutexHeldCount
                0x0801051c                ulTaskNotifyTake
                0x08010588                xTaskNotifyWait
                0x0801061c                xTaskGenericNotify
                0x080106cc                xTaskGenericNotifyFromISR
                0x0801078c                vTaskNotifyGiveFromISR
                0x0801081c                xTaskNotifyStateClear
                0x08010848                ulTaskNotifyValueClear
 .text          0x0801087c      0x49c build/FreeRTOS/timers.o
                0x080108f8                xTimerCreateTimerTask
                0x08010948                xTimerCreate
                0x0801098e                xTimerCreateStatic
                0x080109ce                xTimerGenericCommand
                0x08010c20                xTimerGetTimerDaemonTaskHandle
                0x08010c2c                xTimerGetPeriod
                0x08010c30                vTimerSetReloadMode
                0x08010c56                uxTimerGetReloadMode
                0x08010c72                xTimerGetExpiryTime
                0x08010c76                pcTimerGetName
                0x08010c7a                xTimerIsTimerActive
                0x08010c96                pvTimerGetTimerID
                0x08010cac                vTimerSetTimerID
                0x08010cc0                xTimerPendFunctionCallFromISR
                0x08010ce8                xTimerPendFunctionCall
                0x08010d10                uxTimerGetTimerNumber
                0x08010d14                vTimerSetTimerNumber
 .text          0x08010d18      0x532 build/FreeRTOS/stream_buffer.o
                0x08010db8                xStreamBufferGenericCreate
                0x08010df4                xStreamBufferGenericCreateStatic
                0x08010e34                vStreamBufferDelete
                0x08010e46                xStreamBufferReset
                0x08010e8c                xStreamBufferSetTriggerLevel
                0x08010ea0                xStreamBufferSpacesAvailable
                0x08010eb4                xStreamBufferBytesAvailable
                0x08010eb6                xStreamBufferSend
                0x08010f94                xStreamBufferSendFromISR
                0x08011028                xStreamBufferReceive
                0x080110e0                xStreamBufferNextMessageLengthBytes
                0x0801110e                xStreamBufferReceiveFromISR
                0x080111a2                xStreamBufferIsEmpty
                0x080111ae                xStreamBufferIsFull
                0x080111ca                xStreamBufferSendCompletedFromISR
                0x08011202                xStreamBufferReceiveCompletedFromISR
                0x0801123a                uxStreamBufferGetStreamBufferNumber
                0x0801123e                vStreamBufferSetStreamBufferNumber
                0x08011242                ucStreamBufferGetStreamBufferType
 *fill*         0x0801124a        0x2 
 .text          0x0801124c     0x1160 build/FreeRTOS/cmsis_os2.o
                0x0801128a                SysTick_Handler
                0x080112a8                osKernelInitialize
                0x080112d4                osKernelGetInfo
                0x08011300                osKernelGetState
                0x08011320                osKernelStart
                0x08011360                osKernelLock
                0x0801138c                osKernelUnlock
                0x080113c4                osKernelRestoreLock
                0x08011408                osKernelGetTickCount
                0x08011420                osKernelGetTickFreq
                0x08011426                osKernelGetSysTimerCount
                0x08011466                osKernelGetSysTimerFreq
                0x08011470                osThreadNew
                0x0801150e                osThreadGetName
                0x08011528                osThreadGetId
                0x0801152c                osThreadGetState
                0x08011554                osThreadGetStackSpace
                0x0801156e                osThreadSetPriority
                0x0801159c                osThreadGetPriority
                0x080115b8                osThreadYield
                0x080115dc                osThreadSuspend
                0x08011600                osThreadResume
                0x08011624                osThreadExit
                0x0801162e                osThreadTerminate
                0x08011662                osThreadGetCount
                0x08011676                osThreadEnumerate
                0x080116e0                osThreadFlagsSet
                0x08011760                osThreadFlagsClear
                0x080117b0                osThreadFlagsGet
                0x080117de                osThreadFlagsWait
                0x08011878                osDelay
                0x08011896                osDelayUntil
                0x080118c6                osTimerNew
                0x08011944                osTimerGetName
                0x0801195e                osTimerStart
                0x08011994                osTimerStop
                0x080119d6                osTimerIsRunning
                0x080119f0                osTimerDelete
                0x08011a36                osEventFlagsNew
                0x08011a62                osEventFlagsSet
                0x08011abc                osEventFlagsClear
                0x08011b02                osEventFlagsGet
                0x08011b24                osEventFlagsWait
                0x08011b88                osEventFlagsDelete
                0x08011bac                osMutexNew
                0x08011c06                osMutexAcquire
                0x08011c4c                osMutexRelease
                0x08011c8c                osMutexGetOwner
                0x08011ca8                osMutexDelete
                0x08011cce                osSemaphoreNew
                0x08011d5c                osSemaphoreAcquire
                0x08011dc0                osSemaphoreRelease
                0x08011e18                osSemaphoreGetCount
                0x08011e3a                osSemaphoreDelete
                0x08011e5e                osMessageQueueNew
                0x08011ec2                osMessageQueuePut
                0x08011f30                osMessageQueueGet
                0x08011f9c                osMessageQueueGetCapacity
                0x08011fa2                osMessageQueueGetMsgSize
                0x08011fa8                osMessageQueueGetCount
                0x08011fac                osMessageQueueGetSpace
                0x08011fe2                osMessageQueueReset
                0x08012008                osMessageQueueDelete
                0x0801200c                osMemoryPoolNew
                0x08012100                osMemoryPoolGetName
                0x08012116                osMemoryPoolAlloc
                0x080121cc                osMemoryPoolFree
                0x08012288                osMemoryPoolGetCapacity
                0x080122a0                osMemoryPoolGetBlockSize
                0x080122b8                osMemoryPoolGetCount
                0x080122e8                osMemoryPoolGetSpace
                0x08012318                osMemoryPoolDelete
                0x08012374                vApplicationGetIdleTaskMemory
                0x08012390                vApplicationGetTimerTaskMemory
 .text          0x080123ac        0x2 build/FreeRTOS/clib_arm.o
                0x080123ac                software_init_hook
 *fill*         0x080123ae        0x2 
 .text          0x080123b0       0xe0 build/FreeRTOS/os_systick.o
                0x080123b0                OS_Tick_Setup
                0x080123f0                OS_Tick_Enable
                0x0801241c                OS_Tick_Disable
                0x08012448                OS_Tick_AcknowledgeIRQ
                0x08012454                OS_Tick_GetIRQn
                0x0801245a                OS_Tick_GetClock
                0x08012464                OS_Tick_GetInterval
                0x08012470                OS_Tick_GetCount
                0x08012480                OS_Tick_GetOverflow
 .text          0x08012490       0x8c build/FreeRTOS/heap_useNewlib.o
                0x08012490                sbrk
                0x080124e0                _sbrk
                0x080124e4                __malloc_lock
                0x080124e8                __malloc_unlock
                0x080124ec                __env_lock
                0x080124f0                __env_unlock
                0x080124f4                pvPortMalloc
                0x080124f8                vPortFree
                0x080124fc                xPortGetFreeHeapSize
                0x08012518                vPortInitialiseBlocks
 *fill*         0x0801251c        0x4 
 .text          0x08012520      0x1f8 build/FreeRTOS/port.o
                0x08012570                pxPortInitialiseStack
                0x0801259c                SVC_Handler
                0x080125c4                vPortEndScheduler
                0x080125c6                vPortEnterCritical
                0x080125e4                vPortExitCritical
                0x080125f8                PendSV_Handler
                0x08012664                xPortSysTickHandler
                0x08012694                vPortSetupTimerInterrupt
                0x080126c8                xPortStartScheduler
 .text          0x08012718      0x308 build/tm_stm32_gpio.o
                0x08012718                TM_GPIO_DeInit
                0x08012760                TM_GPIO_SetPinAsInput
                0x08012784                TM_GPIO_SetPinAsOutput
                0x080127b0                TM_GPIO_SetPinAsAnalog
                0x080127d2                TM_GPIO_SetPinAsAlternate
                0x080127fe                TM_GPIO_SetPullResistor
                0x08012828                TM_GPIO_Lock
                0x08012838                TM_GPIO_GetPinSource
                0x0801284c                TM_GPIO_GetPortSource
                0x0801285a                TM_GPIO_INT_EnableClock
                0x0801287c                TM_GPIO_INT_DisableClock
                0x080128a0                TM_GPIO_INT_Init
                0x08012954                TM_GPIO_Init
                0x08012986                TM_GPIO_InitAlternate
                0x080129ec                TM_GPIO_GetUsedPins
                0x08012a04                TM_GPIO_GetFreePins
 .text          0x08012a20      0x424 build/tm_stm32_i2c.o
                0x08012a20                TM_I2C_GetHandle
                0x08012a58                TM_I2C_Read
                0x08012a9c                TM_I2C_ReadMulti
                0x08012ae2                TM_I2C_ReadNoRegister
                0x08012b08                TM_I2C_ReadMultiNoRegister
                0x08012b32                TM_I2C_Write
                0x08012b62                TM_I2C_WriteMulti
                0x08012b98                TM_I2C_WriteNoRegister
                0x08012bc2                TM_I2C_WriteMultiNoRegister
                0x08012bec                TM_I2C_Write16
                0x08012c1e                TM_I2C_Read16
                0x08012c66                TM_I2C_IsDeviceConnected
                0x08012c7c                TM_I2C_WriteReadRepeatedStart
                0x08012cce                TM_I2C_InitCustomPinsCallback
                0x08012cd0                TM_I2C_Init
 .text          0x08012e44      0x390 build/tm_stm32_mpu6050.o
                0x08012e44                TM_MPU6050_SetGyroscope
                0x08012eac                TM_MPU6050_SetAccelerometer
                0x08012f0c                TM_MPU6050_SetDataRate
                0x08012f28                TM_MPU6050_Init
                0x08012fc0                TM_MPU6050_EnableInterrupts
                0x08013000                TM_MPU6050_DisableInterrupts
                0x0801301c                TM_MPU6050_ReadInterrupts
                0x08013048                TM_MPU6050_ReadAccelerometer
                0x08013090                TM_MPU6050_ReadGyroscope
                0x080130d8                TM_MPU6050_ReadTemperature
                0x08013128                TM_MPU6050_ReadAll
 .text          0x080131d4        0x0 c:/users/mark/documents/mcha3500/mcha3500_windows_toolchain/toolchain/gcc-arm-none-eabi/bin/../lib/gcc/arm-none-eabi/9.2.1/../../../../arm-none-eabi/lib/thumb/v7e-m+fp/hard\libm.a(lib_a-wf_sqrt.o)
 .text          0x080131d4        0x0 c:/users/mark/documents/mcha3500/mcha3500_windows_toolchain/toolchain/gcc-arm-none-eabi/bin/../lib/gcc/arm-none-eabi/9.2.1/../../../../arm-none-eabi/lib/thumb/v7e-m+fp/hard\libm.a(lib_a-ef_sqrt.o)
 .text          0x080131d4        0x0 c:/users/mark/documents/mcha3500/mcha3500_windows_toolchain/toolchain/gcc-arm-none-eabi/bin/../lib/gcc/arm-none-eabi/9.2.1/../../../../arm-none-eabi/lib/thumb/v7e-m+fp/hard\libm.a(lib_a-s_lib_ver.o)
 .text          0x080131d4        0x0 c:/users/mark/documents/mcha3500/mcha3500_windows_toolchain/toolchain/gcc-arm-none-eabi/bin/../lib/gcc/arm-none-eabi/9.2.1/../../../../arm-none-eabi/lib/thumb/v7e-m+fp/hard\libm.a(lib_a-s_matherr.o)
 .text          0x080131d4      0x254 c:/users/mark/documents/mcha3500/mcha3500_windows_toolchain/toolchain/gcc-arm-none-eabi/bin/../lib/gcc/arm-none-eabi/9.2.1/thumb/v7e-m+fp/hard\libgcc.a(_arm_muldf3.o)
 .text          0x08013428      0x378 c:/users/mark/documents/mcha3500/mcha3500_windows_toolchain/toolchain/gcc-arm-none-eabi/bin/../lib/gcc/arm-none-eabi/9.2.1/thumb/v7e-m+fp/hard\libgcc.a(_arm_addsubdf3.o)
                0x08013428                __aeabi_drsub
                0x08013430                __aeabi_dsub
                0x08013430                __subdf3
                0x08013434                __aeabi_dadd
                0x08013434                __adddf3
                0x080136ac                __floatunsidf
                0x080136ac                __aeabi_ui2d
                0x080136cc                __floatsidf
                0x080136cc                __aeabi_i2d
                0x080136f0                __aeabi_f2d
                0x080136f0                __extendsfdf2
                0x08013734                __floatundidf
                0x08013734                __aeabi_ul2d
                0x08013744                __floatdidf
                0x08013744                __aeabi_l2d
 .text          0x080137a0      0x424 c:/users/mark/documents/mcha3500/mcha3500_windows_toolchain/toolchain/gcc-arm-none-eabi/bin/../lib/gcc/arm-none-eabi/9.2.1/thumb/v7e-m+fp/hard\libgcc.a(_arm_muldivdf3.o)
                0x080137a0                __aeabi_dmul
                0x080137a0                __muldf3
                0x080139f4                __divdf3
                0x080139f4                __aeabi_ddiv
 .text          0x08013bc4      0x110 c:/users/mark/documents/mcha3500/mcha3500_windows_toolchain/toolchain/gcc-arm-none-eabi/bin/../lib/gcc/arm-none-eabi/9.2.1/thumb/v7e-m+fp/hard\libgcc.a(_arm_cmpdf2.o)
                0x08013bc4                __gtdf2
                0x08013bc4                __gedf2
                0x08013bcc                __ltdf2
                0x08013bcc                __ledf2
                0x08013bd4                __nedf2
                0x08013bd4                __eqdf2
                0x08013bd4                __cmpdf2
                0x08013c50                __aeabi_cdrcmple
                0x08013c60                __aeabi_cdcmpeq
                0x08013c60                __aeabi_cdcmple
                0x08013c70                __aeabi_dcmpeq
                0x08013c84                __aeabi_dcmplt
                0x08013c98                __aeabi_dcmple
                0x08013cac                __aeabi_dcmpge
                0x08013cc0                __aeabi_dcmpgt
 .text          0x08013cd4       0xa0 c:/users/mark/documents/mcha3500/mcha3500_windows_toolchain/toolchain/gcc-arm-none-eabi/bin/../lib/gcc/arm-none-eabi/9.2.1/thumb/v7e-m+fp/hard\libgcc.a(_arm_truncdfsf2.o)
                0x08013cd4                __truncdfsf2
                0x08013cd4                __aeabi_d2f
 .text          0x08013d74       0xa0 c:/users/mark/documents/mcha3500/mcha3500_windows_toolchain/toolchain/gcc-arm-none-eabi/bin/../lib/gcc/arm-none-eabi/9.2.1/thumb/v7e-m+fp/hard\libgcc.a(_aeabi_ldivmod.o)
                0x08013d74                __aeabi_ldivmod
 .text          0x08013e14       0x30 c:/users/mark/documents/mcha3500/mcha3500_windows_toolchain/toolchain/gcc-arm-none-eabi/bin/../lib/gcc/arm-none-eabi/9.2.1/thumb/v7e-m+fp/hard\libgcc.a(_aeabi_uldivmod.o)
                0x08013e14                __aeabi_uldivmod
 .text          0x08013e44      0x2c4 c:/users/mark/documents/mcha3500/mcha3500_windows_toolchain/toolchain/gcc-arm-none-eabi/bin/../lib/gcc/arm-none-eabi/9.2.1/thumb/v7e-m+fp/hard\libgcc.a(_udivmoddi4.o)
                0x08013e44                __udivmoddi4
 .text          0x08014108        0x4 c:/users/mark/documents/mcha3500/mcha3500_windows_toolchain/toolchain/gcc-arm-none-eabi/bin/../lib/gcc/arm-none-eabi/9.2.1/thumb/v7e-m+fp/hard\libgcc.a(_dvmd_tls.o)
                0x08014108                __aeabi_idiv0
                0x08014108                __aeabi_ldiv0
 .text          0x0801410c        0x0 c:/users/mark/documents/mcha3500/mcha3500_windows_toolchain/toolchain/gcc-arm-none-eabi/bin/../lib/gcc/arm-none-eabi/9.2.1/../../../../arm-none-eabi/lib/thumb/v7e-m+fp/hard\libc_nano.a(lib_a-atof.o)
 .text          0x0801410c        0x0 c:/users/mark/documents/mcha3500/mcha3500_windows_toolchain/toolchain/gcc-arm-none-eabi/bin/../lib/gcc/arm-none-eabi/9.2.1/../../../../arm-none-eabi/lib/thumb/v7e-m+fp/hard\libc_nano.a(lib_a-ctype_.o)
 .text          0x0801410c        0x0 c:/users/mark/documents/mcha3500/mcha3500_windows_toolchain/toolchain/gcc-arm-none-eabi/bin/../lib/gcc/arm-none-eabi/9.2.1/../../../../arm-none-eabi/lib/thumb/v7e-m+fp/hard\libc_nano.a(lib_a-errno.o)
 .text          0x0801410c        0x0 c:/users/mark/documents/mcha3500/mcha3500_windows_toolchain/toolchain/gcc-arm-none-eabi/bin/../lib/gcc/arm-none-eabi/9.2.1/../../../../arm-none-eabi/lib/thumb/v7e-m+fp/hard\libc_nano.a(lib_a-exit.o)
 .text          0x0801410c        0x0 c:/users/mark/documents/mcha3500/mcha3500_windows_toolchain/toolchain/gcc-arm-none-eabi/bin/../lib/gcc/arm-none-eabi/9.2.1/../../../../arm-none-eabi/lib/thumb/v7e-m+fp/hard\libc_nano.a(lib_a-getchar.o)
 .text          0x0801410c        0x0 c:/users/mark/documents/mcha3500/mcha3500_windows_toolchain/toolchain/gcc-arm-none-eabi/bin/../lib/gcc/arm-none-eabi/9.2.1/../../../../arm-none-eabi/lib/thumb/v7e-m+fp/hard\libc_nano.a(lib_a-impure.o)
 .text          0x0801410c        0x0 c:/users/mark/documents/mcha3500/mcha3500_windows_toolchain/toolchain/gcc-arm-none-eabi/bin/../lib/gcc/arm-none-eabi/9.2.1/../../../../arm-none-eabi/lib/thumb/v7e-m+fp/hard\libc_nano.a(lib_a-init.o)
 .text          0x0801410c        0x0 c:/users/mark/documents/mcha3500/mcha3500_windows_toolchain/toolchain/gcc-arm-none-eabi/bin/../lib/gcc/arm-none-eabi/9.2.1/../../../../arm-none-eabi/lib/thumb/v7e-m+fp/hard\libc_nano.a(lib_a-malloc.o)
 .text          0x0801410c        0x0 c:/users/mark/documents/mcha3500/mcha3500_windows_toolchain/toolchain/gcc-arm-none-eabi/bin/../lib/gcc/arm-none-eabi/9.2.1/../../../../arm-none-eabi/lib/thumb/v7e-m+fp/hard\libc_nano.a(lib_a-memcpy-stub.o)
 .text          0x0801410c        0x0 c:/users/mark/documents/mcha3500/mcha3500_windows_toolchain/toolchain/gcc-arm-none-eabi/bin/../lib/gcc/arm-none-eabi/9.2.1/../../../../arm-none-eabi/lib/thumb/v7e-m+fp/hard\libc_nano.a(lib_a-memset.o)
 .text          0x0801410c        0x0 c:/users/mark/documents/mcha3500/mcha3500_windows_toolchain/toolchain/gcc-arm-none-eabi/bin/../lib/gcc/arm-none-eabi/9.2.1/../../../../arm-none-eabi/lib/thumb/v7e-m+fp/hard\libc_nano.a(lib_a-mstats.o)
 .text          0x0801410c        0x0 c:/users/mark/documents/mcha3500/mcha3500_windows_toolchain/toolchain/gcc-arm-none-eabi/bin/../lib/gcc/arm-none-eabi/9.2.1/../../../../arm-none-eabi/lib/thumb/v7e-m+fp/hard\libc_nano.a(lib_a-nano-freer.o)
 .text          0x0801410c        0x0 c:/users/mark/documents/mcha3500/mcha3500_windows_toolchain/toolchain/gcc-arm-none-eabi/bin/../lib/gcc/arm-none-eabi/9.2.1/../../../../arm-none-eabi/lib/thumb/v7e-m+fp/hard\libc_nano.a(lib_a-nano-mallinfor.o)
 .text          0x0801410c        0x0 c:/users/mark/documents/mcha3500/mcha3500_windows_toolchain/toolchain/gcc-arm-none-eabi/bin/../lib/gcc/arm-none-eabi/9.2.1/../../../../arm-none-eabi/lib/thumb/v7e-m+fp/hard\libc_nano.a(lib_a-nano-mallocr.o)
 .text          0x0801410c        0x0 c:/users/mark/documents/mcha3500/mcha3500_windows_toolchain/toolchain/gcc-arm-none-eabi/bin/../lib/gcc/arm-none-eabi/9.2.1/../../../../arm-none-eabi/lib/thumb/v7e-m+fp/hard\libc_nano.a(lib_a-nano-malloptr.o)
 .text          0x0801410c        0x0 c:/users/mark/documents/mcha3500/mcha3500_windows_toolchain/toolchain/gcc-arm-none-eabi/bin/../lib/gcc/arm-none-eabi/9.2.1/../../../../arm-none-eabi/lib/thumb/v7e-m+fp/hard\libc_nano.a(lib_a-nano-mallstatsr.o)
 .text          0x0801410c        0x0 c:/users/mark/documents/mcha3500/mcha3500_windows_toolchain/toolchain/gcc-arm-none-eabi/bin/../lib/gcc/arm-none-eabi/9.2.1/../../../../arm-none-eabi/lib/thumb/v7e-m+fp/hard\libc_nano.a(lib_a-nano-vfprintf_float.o)
 .text          0x0801410c        0x0 c:/users/mark/documents/mcha3500/mcha3500_windows_toolchain/toolchain/gcc-arm-none-eabi/bin/../lib/gcc/arm-none-eabi/9.2.1/../../../../arm-none-eabi/lib/thumb/v7e-m+fp/hard\libc_nano.a(lib_a-nano-vfprintf_i.o)
 .text          0x0801410c        0x0 c:/users/mark/documents/mcha3500/mcha3500_windows_toolchain/toolchain/gcc-arm-none-eabi/bin/../lib/gcc/arm-none-eabi/9.2.1/../../../../arm-none-eabi/lib/thumb/v7e-m+fp/hard\libc_nano.a(lib_a-nano-vfscanf_float.o)
 .text          0x0801410c        0x0 c:/users/mark/documents/mcha3500/mcha3500_windows_toolchain/toolchain/gcc-arm-none-eabi/bin/../lib/gcc/arm-none-eabi/9.2.1/../../../../arm-none-eabi/lib/thumb/v7e-m+fp/hard\libc_nano.a(lib_a-printf.o)
 .text          0x0801410c        0x0 c:/users/mark/documents/mcha3500/mcha3500_windows_toolchain/toolchain/gcc-arm-none-eabi/bin/../lib/gcc/arm-none-eabi/9.2.1/../../../../arm-none-eabi/lib/thumb/v7e-m+fp/hard\libc_nano.a(lib_a-reent.o)
 .text          0x0801410c        0x0 c:/users/mark/documents/mcha3500/mcha3500_windows_toolchain/toolchain/gcc-arm-none-eabi/bin/../lib/gcc/arm-none-eabi/9.2.1/../../../../arm-none-eabi/lib/thumb/v7e-m+fp/hard\libc_nano.a(lib_a-sbrkr.o)
 .text          0x0801410c        0x0 c:/users/mark/documents/mcha3500/mcha3500_windows_toolchain/toolchain/gcc-arm-none-eabi/bin/../lib/gcc/arm-none-eabi/9.2.1/../../../../arm-none-eabi/lib/thumb/v7e-m+fp/hard\libc_nano.a(lib_a-setvbuf.o)
 .text          0x0801410c        0x0 c:/users/mark/documents/mcha3500/mcha3500_windows_toolchain/toolchain/gcc-arm-none-eabi/bin/../lib/gcc/arm-none-eabi/9.2.1/../../../../arm-none-eabi/lib/thumb/v7e-m+fp/hard\libc_nano.a(lib_a-sf_nan.o)
 .text          0x0801410c        0x0 c:/users/mark/documents/mcha3500/mcha3500_windows_toolchain/toolchain/gcc-arm-none-eabi/bin/../lib/gcc/arm-none-eabi/9.2.1/../../../../arm-none-eabi/lib/thumb/v7e-m+fp/hard\libc_nano.a(lib_a-sprintf.o)
 .text          0x0801410c       0x14 c:/users/mark/documents/mcha3500/mcha3500_windows_toolchain/toolchain/gcc-arm-none-eabi/bin/../lib/gcc/arm-none-eabi/9.2.1/../../../../arm-none-eabi/lib/thumb/v7e-m+fp/hard\libc_nano.a(lib_a-strcmp.o)
                0x0801410c                strcmp
 .text          0x08014120        0x0 c:/users/mark/documents/mcha3500/mcha3500_windows_toolchain/toolchain/gcc-arm-none-eabi/bin/../lib/gcc/arm-none-eabi/9.2.1/../../../../arm-none-eabi/lib/thumb/v7e-m+fp/hard\libc_nano.a(lib_a-strcpy.o)
 .text          0x08014120       0x10 c:/users/mark/documents/mcha3500/mcha3500_windows_toolchain/toolchain/gcc-arm-none-eabi/bin/../lib/gcc/arm-none-eabi/9.2.1/../../../../arm-none-eabi/lib/thumb/v7e-m+fp/hard\libc_nano.a(lib_a-strlen.o)
                0x08014120                strlen
 .text          0x08014130        0x0 c:/users/mark/documents/mcha3500/mcha3500_windows_toolchain/toolchain/gcc-arm-none-eabi/bin/../lib/gcc/arm-none-eabi/9.2.1/../../../../arm-none-eabi/lib/thumb/v7e-m+fp/hard\libc_nano.a(lib_a-strtod.o)
 .text          0x08014130        0x0 c:/users/mark/documents/mcha3500/mcha3500_windows_toolchain/toolchain/gcc-arm-none-eabi/bin/../lib/gcc/arm-none-eabi/9.2.1/../../../../arm-none-eabi/lib/thumb/v7e-m+fp/hard\libc_nano.a(lib_a-strtol.o)
 .text          0x08014130        0x0 c:/users/mark/documents/mcha3500/mcha3500_windows_toolchain/toolchain/gcc-arm-none-eabi/bin/../lib/gcc/arm-none-eabi/9.2.1/../../../../arm-none-eabi/lib/thumb/v7e-m+fp/hard\libc_nano.a(lib_a-vprintf.o)
 .text          0x08014130        0x0 c:/users/mark/documents/mcha3500/mcha3500_windows_toolchain/toolchain/gcc-arm-none-eabi/bin/../lib/gcc/arm-none-eabi/9.2.1/../../../../arm-none-eabi/lib/thumb/v7e-m+fp/hard\libc_nano.a(lib_a-dtoa.o)
 .text          0x08014130        0x0 c:/users/mark/documents/mcha3500/mcha3500_windows_toolchain/toolchain/gcc-arm-none-eabi/bin/../lib/gcc/arm-none-eabi/9.2.1/../../../../arm-none-eabi/lib/thumb/v7e-m+fp/hard\libc_nano.a(lib_a-fflush.o)
 .text          0x08014130        0x0 c:/users/mark/documents/mcha3500/mcha3500_windows_toolchain/toolchain/gcc-arm-none-eabi/bin/../lib/gcc/arm-none-eabi/9.2.1/../../../../arm-none-eabi/lib/thumb/v7e-m+fp/hard\libc_nano.a(lib_a-findfp.o)
 .text          0x08014130        0x0 c:/users/mark/documents/mcha3500/mcha3500_windows_toolchain/toolchain/gcc-arm-none-eabi/bin/../lib/gcc/arm-none-eabi/9.2.1/../../../../arm-none-eabi/lib/thumb/v7e-m+fp/hard\libc_nano.a(lib_a-fprintf.o)
 .text          0x08014130        0x0 c:/users/mark/documents/mcha3500/mcha3500_windows_toolchain/toolchain/gcc-arm-none-eabi/bin/../lib/gcc/arm-none-eabi/9.2.1/../../../../arm-none-eabi/lib/thumb/v7e-m+fp/hard\libc_nano.a(lib_a-fwalk.o)
 .text          0x08014130        0x0 c:/users/mark/documents/mcha3500/mcha3500_windows_toolchain/toolchain/gcc-arm-none-eabi/bin/../lib/gcc/arm-none-eabi/9.2.1/../../../../arm-none-eabi/lib/thumb/v7e-m+fp/hard\libc_nano.a(lib_a-gdtoa-gethex.o)
 .text          0x08014130        0x0 c:/users/mark/documents/mcha3500/mcha3500_windows_toolchain/toolchain/gcc-arm-none-eabi/bin/../lib/gcc/arm-none-eabi/9.2.1/../../../../arm-none-eabi/lib/thumb/v7e-m+fp/hard\libc_nano.a(lib_a-gdtoa-hexnan.o)
 .text          0x08014130        0x0 c:/users/mark/documents/mcha3500/mcha3500_windows_toolchain/toolchain/gcc-arm-none-eabi/bin/../lib/gcc/arm-none-eabi/9.2.1/../../../../arm-none-eabi/lib/thumb/v7e-m+fp/hard\libc_nano.a(lib_a-getc.o)
 .text          0x08014130        0x0 c:/users/mark/documents/mcha3500/mcha3500_windows_toolchain/toolchain/gcc-arm-none-eabi/bin/../lib/gcc/arm-none-eabi/9.2.1/../../../../arm-none-eabi/lib/thumb/v7e-m+fp/hard\libc_nano.a(lib_a-lnumeric.o)
 .text          0x08014130        0x0 c:/users/mark/documents/mcha3500/mcha3500_windows_toolchain/toolchain/gcc-arm-none-eabi/bin/../lib/gcc/arm-none-eabi/9.2.1/../../../../arm-none-eabi/lib/thumb/v7e-m+fp/hard\libc_nano.a(lib_a-locale.o)
 .text          0x08014130        0x0 c:/users/mark/documents/mcha3500/mcha3500_windows_toolchain/toolchain/gcc-arm-none-eabi/bin/../lib/gcc/arm-none-eabi/9.2.1/../../../../arm-none-eabi/lib/thumb/v7e-m+fp/hard\libc_nano.a(lib_a-localeconv.o)
 .text          0x08014130        0x0 c:/users/mark/documents/mcha3500/mcha3500_windows_toolchain/toolchain/gcc-arm-none-eabi/bin/../lib/gcc/arm-none-eabi/9.2.1/../../../../arm-none-eabi/lib/thumb/v7e-m+fp/hard\libc_nano.a(lib_a-lock.o)
 .text          0x08014130        0x0 c:/users/mark/documents/mcha3500/mcha3500_windows_toolchain/toolchain/gcc-arm-none-eabi/bin/../lib/gcc/arm-none-eabi/9.2.1/../../../../arm-none-eabi/lib/thumb/v7e-m+fp/hard\libc_nano.a(lib_a-makebuf.o)
 .text          0x08014130        0x0 c:/users/mark/documents/mcha3500/mcha3500_windows_toolchain/toolchain/gcc-arm-none-eabi/bin/../lib/gcc/arm-none-eabi/9.2.1/../../../../arm-none-eabi/lib/thumb/v7e-m+fp/hard\libc_nano.a(lib_a-mbtowc_r.o)
 .text          0x08014130       0xa0 c:/users/mark/documents/mcha3500/mcha3500_windows_toolchain/toolchain/gcc-arm-none-eabi/bin/../lib/gcc/arm-none-eabi/9.2.1/../../../../arm-none-eabi/lib/thumb/v7e-m+fp/hard\libc_nano.a(lib_a-memchr.o)
                0x08014130                memchr
 .text          0x080141d0        0x0 c:/users/mark/documents/mcha3500/mcha3500_windows_toolchain/toolchain/gcc-arm-none-eabi/bin/../lib/gcc/arm-none-eabi/9.2.1/../../../../arm-none-eabi/lib/thumb/v7e-m+fp/hard\libc_nano.a(lib_a-mprec.o)
 .text          0x080141d0        0x0 c:/users/mark/documents/mcha3500/mcha3500_windows_toolchain/toolchain/gcc-arm-none-eabi/bin/../lib/gcc/arm-none-eabi/9.2.1/../../../../arm-none-eabi/lib/thumb/v7e-m+fp/hard\libc_nano.a(lib_a-nano-callocr.o)
 .text          0x080141d0        0x0 c:/users/mark/documents/mcha3500/mcha3500_windows_toolchain/toolchain/gcc-arm-none-eabi/bin/../lib/gcc/arm-none-eabi/9.2.1/../../../../arm-none-eabi/lib/thumb/v7e-m+fp/hard\libc_nano.a(lib_a-nano-svfprintf.o)
 .text          0x080141d0        0x0 c:/users/mark/documents/mcha3500/mcha3500_windows_toolchain/toolchain/gcc-arm-none-eabi/bin/../lib/gcc/arm-none-eabi/9.2.1/../../../../arm-none-eabi/lib/thumb/v7e-m+fp/hard\libc_nano.a(lib_a-nano-vfprintf.o)
 .text          0x080141d0        0x0 c:/users/mark/documents/mcha3500/mcha3500_windows_toolchain/toolchain/gcc-arm-none-eabi/bin/../lib/gcc/arm-none-eabi/9.2.1/../../../../arm-none-eabi/lib/thumb/v7e-m+fp/hard\libc_nano.a(lib_a-rget.o)
 .text          0x080141d0        0x0 c:/users/mark/documents/mcha3500/mcha3500_windows_toolchain/toolchain/gcc-arm-none-eabi/bin/../lib/gcc/arm-none-eabi/9.2.1/../../../../arm-none-eabi/lib/thumb/v7e-m+fp/hard\libc_nano.a(lib_a-s_nan.o)
 .text          0x080141d0        0x0 c:/users/mark/documents/mcha3500/mcha3500_windows_toolchain/toolchain/gcc-arm-none-eabi/bin/../lib/gcc/arm-none-eabi/9.2.1/../../../../arm-none-eabi/lib/thumb/v7e-m+fp/hard\libc_nano.a(lib_a-stdio.o)
 .text          0x080141d0        0x0 c:/users/mark/documents/mcha3500/mcha3500_windows_toolchain/toolchain/gcc-arm-none-eabi/bin/../lib/gcc/arm-none-eabi/9.2.1/../../../../arm-none-eabi/lib/thumb/v7e-m+fp/hard\libc_nano.a(lib_a-strncmp.o)
 .text          0x080141d0        0x0 c:/users/mark/documents/mcha3500/mcha3500_windows_toolchain/toolchain/gcc-arm-none-eabi/bin/../lib/gcc/arm-none-eabi/9.2.1/../../../../arm-none-eabi/lib/thumb/v7e-m+fp/hard\libc_nano.a(lib_a-wbuf.o)
 .text          0x080141d0        0x0 c:/users/mark/documents/mcha3500/mcha3500_windows_toolchain/toolchain/gcc-arm-none-eabi/bin/../lib/gcc/arm-none-eabi/9.2.1/../../../../arm-none-eabi/lib/thumb/v7e-m+fp/hard\libc_nano.a(lib_a-wctomb_r.o)
 .text          0x080141d0        0x0 c:/users/mark/documents/mcha3500/mcha3500_windows_toolchain/toolchain/gcc-arm-none-eabi/bin/../lib/gcc/arm-none-eabi/9.2.1/../../../../arm-none-eabi/lib/thumb/v7e-m+fp/hard\libc_nano.a(lib_a-writer.o)
 .text          0x080141d0        0x0 c:/users/mark/documents/mcha3500/mcha3500_windows_toolchain/toolchain/gcc-arm-none-eabi/bin/../lib/gcc/arm-none-eabi/9.2.1/../../../../arm-none-eabi/lib/thumb/v7e-m+fp/hard\libc_nano.a(lib_a-wsetup.o)
 .text          0x080141d0        0x0 c:/users/mark/documents/mcha3500/mcha3500_windows_toolchain/toolchain/gcc-arm-none-eabi/bin/../lib/gcc/arm-none-eabi/9.2.1/../../../../arm-none-eabi/lib/thumb/v7e-m+fp/hard\libc_nano.a(lib_a-closer.o)
 .text          0x080141d0        0x0 c:/users/mark/documents/mcha3500/mcha3500_windows_toolchain/toolchain/gcc-arm-none-eabi/bin/../lib/gcc/arm-none-eabi/9.2.1/../../../../arm-none-eabi/lib/thumb/v7e-m+fp/hard\libc_nano.a(lib_a-fstatr.o)
 .text          0x080141d0        0x0 c:/users/mark/documents/mcha3500/mcha3500_windows_toolchain/toolchain/gcc-arm-none-eabi/bin/../lib/gcc/arm-none-eabi/9.2.1/../../../../arm-none-eabi/lib/thumb/v7e-m+fp/hard\libc_nano.a(lib_a-fvwrite.o)
 .text          0x080141d0        0x0 c:/users/mark/documents/mcha3500/mcha3500_windows_toolchain/toolchain/gcc-arm-none-eabi/bin/../lib/gcc/arm-none-eabi/9.2.1/../../../../arm-none-eabi/lib/thumb/v7e-m+fp/hard\libc_nano.a(lib_a-isattyr.o)
 .text          0x080141d0        0x0 c:/users/mark/documents/mcha3500/mcha3500_windows_toolchain/toolchain/gcc-arm-none-eabi/bin/../lib/gcc/arm-none-eabi/9.2.1/../../../../arm-none-eabi/lib/thumb/v7e-m+fp/hard\libc_nano.a(lib_a-lseekr.o)
 .text          0x080141d0        0x0 c:/users/mark/documents/mcha3500/mcha3500_windows_toolchain/toolchain/gcc-arm-none-eabi/bin/../lib/gcc/arm-none-eabi/9.2.1/../../../../arm-none-eabi/lib/thumb/v7e-m+fp/hard\libc_nano.a(lib_a-memmove.o)
 .text          0x080141d0        0x0 c:/users/mark/documents/mcha3500/mcha3500_windows_toolchain/toolchain/gcc-arm-none-eabi/bin/../lib/gcc/arm-none-eabi/9.2.1/../../../../arm-none-eabi/lib/thumb/v7e-m+fp/hard\libc_nano.a(lib_a-nano-reallocr.o)
 .text          0x080141d0        0x0 c:/users/mark/documents/mcha3500/mcha3500_windows_toolchain/toolchain/gcc-arm-none-eabi/bin/../lib/gcc/arm-none-eabi/9.2.1/../../../../arm-none-eabi/lib/thumb/v7e-m+fp/hard\libc_nano.a(lib_a-readr.o)
 .text          0x080141d0        0x0 c:/users/mark/documents/mcha3500/mcha3500_windows_toolchain/toolchain/gcc-arm-none-eabi/bin/../lib/gcc/arm-none-eabi/9.2.1/../../../../arm-none-eabi/lib/thumb/v7e-m+fp/hard\libc_nano.a(lib_a-refill.o)
 .text          0x080141d0        0x0 c:/users/mark/documents/mcha3500/mcha3500_windows_toolchain/toolchain/gcc-arm-none-eabi/bin/../lib/gcc/arm-none-eabi/9.2.1/../../../../arm-none-eabi/lib/thumb/v7e-m+fp/hard\libc_nano.a(lib_a-nano-msizer.o)
 .text          0x080141d0       0x2c c:/users/mark/documents/mcha3500/mcha3500_windows_toolchain/toolchain/gcc-arm-none-eabi/bin/../lib/gcc/arm-none-eabi/9.2.1/thumb/v7e-m+fp/hard\libgcc.a(_arm_unorddf2.o)
                0x080141d0                __unorddf2
                0x080141d0                __aeabi_dcmpun
 .text          0x080141fc       0x50 c:/users/mark/documents/mcha3500/mcha3500_windows_toolchain/toolchain/gcc-arm-none-eabi/bin/../lib/gcc/arm-none-eabi/9.2.1/thumb/v7e-m+fp/hard\libgcc.a(_arm_fixdfsi.o)
                0x080141fc                __aeabi_d2iz
                0x080141fc                __fixdfsi
 .text          0x0801424c       0x40 c:/users/mark/documents/mcha3500/mcha3500_windows_toolchain/toolchain/gcc-arm-none-eabi/bin/../lib/gcc/arm-none-eabi/9.2.1/thumb/v7e-m+fp/hard\libgcc.a(_arm_fixunsdfsi.o)
                0x0801424c                __aeabi_d2uiz
                0x0801424c                __fixunsdfsi
 .text          0x0801428c       0x30 c:/users/mark/documents/mcha3500/mcha3500_windows_toolchain/toolchain/gcc-arm-none-eabi/bin/../lib/gcc/arm-none-eabi/9.2.1/thumb/v7e-m+fp/hard\libgcc.a(_fixdfdi.o)
                0x0801428c                __fixdfdi
                0x0801428c                __aeabi_d2lz
 .text          0x080142bc       0x3c c:/users/mark/documents/mcha3500/mcha3500_windows_toolchain/toolchain/gcc-arm-none-eabi/bin/../lib/gcc/arm-none-eabi/9.2.1/thumb/v7e-m+fp/hard\libgcc.a(_fixunsdfdi.o)
                0x080142bc                __fixunsdfdi
                0x080142bc                __aeabi_d2ulz
 .text          0x080142f8        0x0 c:/users/mark/documents/mcha3500/mcha3500_windows_toolchain/toolchain/gcc-arm-none-eabi/bin/../lib/gcc/arm-none-eabi/9.2.1/../../../../arm-none-eabi/lib/thumb/v7e-m+fp/hard\libnosys.a(close.o)
 .text          0x080142f8        0x0 c:/users/mark/documents/mcha3500/mcha3500_windows_toolchain/toolchain/gcc-arm-none-eabi/bin/../lib/gcc/arm-none-eabi/9.2.1/../../../../arm-none-eabi/lib/thumb/v7e-m+fp/hard\libnosys.a(fstat.o)
 .text          0x080142f8        0x0 c:/users/mark/documents/mcha3500/mcha3500_windows_toolchain/toolchain/gcc-arm-none-eabi/bin/../lib/gcc/arm-none-eabi/9.2.1/../../../../arm-none-eabi/lib/thumb/v7e-m+fp/hard\libnosys.a(isatty.o)
 .text          0x080142f8        0x0 c:/users/mark/documents/mcha3500/mcha3500_windows_toolchain/toolchain/gcc-arm-none-eabi/bin/../lib/gcc/arm-none-eabi/9.2.1/../../../../arm-none-eabi/lib/thumb/v7e-m+fp/hard\libnosys.a(lseek.o)
 .text          0x080142f8        0x0 c:/users/mark/documents/mcha3500/mcha3500_windows_toolchain/toolchain/gcc-arm-none-eabi/bin/../lib/gcc/arm-none-eabi/9.2.1/../../../../arm-none-eabi/lib/thumb/v7e-m+fp/hard\libnosys.a(_exit.o)
 .text          0x080142f8        0x0 c:/users/mark/documents/mcha3500/mcha3500_windows_toolchain/toolchain/gcc-arm-none-eabi/bin/../lib/gcc/arm-none-eabi/9.2.1/thumb/v7e-m+fp/hard/crtend.o
 .text          0x080142f8        0x0 c:/users/mark/documents/mcha3500/mcha3500_windows_toolchain/toolchain/gcc-arm-none-eabi/bin/../lib/gcc/arm-none-eabi/9.2.1/thumb/v7e-m+fp/hard/crtn.o
 *(.text*)
 .text.startup  0x080142f8       0xbc build/main.o
                0x080142f8                main
 .text.Reset_Handler
                0x080143b4       0x50 build/startup_stm32f446xx.o
                0x080143b4                Reset_Handler
 .text.Default_Handler
                0x08014404        0x2 build/startup_stm32f446xx.o
                0x08014404                RTC_Alarm_IRQHandler
                0x08014404                TIM8_CC_IRQHandler
                0x08014404                SPI4_IRQHandler
                0x08014404                TIM1_CC_IRQHandler
                0x08014404                DMA2_Stream5_IRQHandler
                0x08014404                DMA1_Stream5_IRQHandler
                0x08014404                PVD_IRQHandler
                0x08014404                SDIO_IRQHandler
                0x08014404                TAMP_STAMP_IRQHandler
                0x08014404                CAN2_RX1_IRQHandler
                0x08014404                TIM8_TRG_COM_TIM14_IRQHandler
                0x08014404                TIM1_UP_TIM10_IRQHandler
                0x08014404                TIM8_UP_TIM13_IRQHandler
                0x08014404                I2C3_ER_IRQHandler
                0x08014404                FMPI2C1_Event_IRQHandler
                0x08014404                I2C2_EV_IRQHandler
                0x08014404                DMA1_Stream2_IRQHandler
                0x08014404                CAN1_RX0_IRQHandler
                0x08014404                FPU_IRQHandler
                0x08014404                OTG_HS_WKUP_IRQHandler
                0x08014404                CAN2_SCE_IRQHandler
                0x08014404                DMA2_Stream2_IRQHandler
                0x08014404                SPI1_IRQHandler
                0x08014404                TIM6_DAC_IRQHandler
                0x08014404                TIM1_BRK_TIM9_IRQHandler
                0x08014404                DCMI_IRQHandler
                0x08014404                CAN2_RX0_IRQHandler
                0x08014404                DMA2_Stream3_IRQHandler
                0x08014404                SAI2_IRQHandler
                0x08014404                USART6_IRQHandler
                0x08014404                USART3_IRQHandler
                0x08014404                CAN1_RX1_IRQHandler
                0x08014404                UART5_IRQHandler
                0x08014404                DMA2_Stream0_IRQHandler
                0x08014404                TIM4_IRQHandler
                0x08014404                QUADSPI_IRQHandler
                0x08014404                I2C1_EV_IRQHandler
                0x08014404                DMA1_Stream6_IRQHandler
                0x08014404                DMA1_Stream1_IRQHandler
                0x08014404                UART4_IRQHandler
                0x08014404                TIM3_IRQHandler
                0x08014404                RCC_IRQHandler
                0x08014404                TIM8_BRK_TIM12_IRQHandler
                0x08014404                Default_Handler
                0x08014404                CEC_IRQHandler
                0x08014404                ADC_IRQHandler
                0x08014404                DMA1_Stream7_IRQHandler
                0x08014404                TIM7_IRQHandler
                0x08014404                CAN2_TX_IRQHandler
                0x08014404                TIM5_IRQHandler
                0x08014404                DMA2_Stream7_IRQHandler
                0x08014404                I2C3_EV_IRQHandler
                0x08014404                RTC_WKUP_IRQHandler
                0x08014404                SPDIF_RX_IRQHandler
                0x08014404                SPI2_IRQHandler
                0x08014404                OTG_HS_EP1_IN_IRQHandler
                0x08014404                DMA1_Stream0_IRQHandler
                0x08014404                CAN1_TX_IRQHandler
                0x08014404                OTG_HS_EP1_OUT_IRQHandler
                0x08014404                WWDG_IRQHandler
                0x08014404                TIM2_IRQHandler
                0x08014404                OTG_FS_WKUP_IRQHandler
                0x08014404                TIM1_TRG_COM_TIM11_IRQHandler
                0x08014404                OTG_HS_IRQHandler
                0x08014404                I2C2_ER_IRQHandler
                0x08014404                DMA2_Stream1_IRQHandler
                0x08014404                CAN1_SCE_IRQHandler
                0x08014404                FLASH_IRQHandler
                0x08014404                DMA2_Stream4_IRQHandler
                0x08014404                USART1_IRQHandler
                0x08014404                OTG_FS_IRQHandler
                0x08014404                SPI3_IRQHandler
                0x08014404                DMA1_Stream4_IRQHandler
                0x08014404                I2C1_ER_IRQHandler
                0x08014404                FMC_IRQHandler
                0x08014404                DMA2_Stream6_IRQHandler
                0x08014404                SAI1_IRQHandler
                0x08014404                DMA1_Stream3_IRQHandler
                0x08014404                FMPI2C1_Error_IRQHandler
 *fill*         0x08014406        0x2 
 .text.sqrtf    0x08014408       0xb0 c:/users/mark/documents/mcha3500/mcha3500_windows_toolchain/toolchain/gcc-arm-none-eabi/bin/../lib/gcc/arm-none-eabi/9.2.1/../../../../arm-none-eabi/lib/thumb/v7e-m+fp/hard\libm.a(lib_a-wf_sqrt.o)
                0x08014408                sqrtf
 .text.__ieee754_sqrtf
                0x080144b8        0x8 c:/users/mark/documents/mcha3500/mcha3500_windows_toolchain/toolchain/gcc-arm-none-eabi/bin/../lib/gcc/arm-none-eabi/9.2.1/../../../../arm-none-eabi/lib/thumb/v7e-m+fp/hard\libm.a(lib_a-ef_sqrt.o)
                0x080144b8                __ieee754_sqrtf
 .text.matherr  0x080144c0        0x4 c:/users/mark/documents/mcha3500/mcha3500_windows_toolchain/toolchain/gcc-arm-none-eabi/bin/../lib/gcc/arm-none-eabi/9.2.1/../../../../arm-none-eabi/lib/thumb/v7e-m+fp/hard\libm.a(lib_a-s_matherr.o)
                0x080144c0                matherr
 .text.atof     0x080144c4        0x6 c:/users/mark/documents/mcha3500/mcha3500_windows_toolchain/toolchain/gcc-arm-none-eabi/bin/../lib/gcc/arm-none-eabi/9.2.1/../../../../arm-none-eabi/lib/thumb/v7e-m+fp/hard\libc_nano.a(lib_a-atof.o)
                0x080144c4                atof
 *fill*         0x080144ca        0x2 
 .text.__errno  0x080144cc        0xc c:/users/mark/documents/mcha3500/mcha3500_windows_toolchain/toolchain/gcc-arm-none-eabi/bin/../lib/gcc/arm-none-eabi/9.2.1/../../../../arm-none-eabi/lib/thumb/v7e-m+fp/hard\libc_nano.a(lib_a-errno.o)
                0x080144cc                __errno
 .text.exit     0x080144d8       0x28 c:/users/mark/documents/mcha3500/mcha3500_windows_toolchain/toolchain/gcc-arm-none-eabi/bin/../lib/gcc/arm-none-eabi/9.2.1/../../../../arm-none-eabi/lib/thumb/v7e-m+fp/hard\libc_nano.a(lib_a-exit.o)
                0x080144d8                exit
 .text._getchar_r
                0x08014500       0x1a c:/users/mark/documents/mcha3500/mcha3500_windows_toolchain/toolchain/gcc-arm-none-eabi/bin/../lib/gcc/arm-none-eabi/9.2.1/../../../../arm-none-eabi/lib/thumb/v7e-m+fp/hard\libc_nano.a(lib_a-getchar.o)
                0x08014500                _getchar_r
 *fill*         0x0801451a        0x2 
 .text.getchar  0x0801451c       0x24 c:/users/mark/documents/mcha3500/mcha3500_windows_toolchain/toolchain/gcc-arm-none-eabi/bin/../lib/gcc/arm-none-eabi/9.2.1/../../../../arm-none-eabi/lib/thumb/v7e-m+fp/hard\libc_nano.a(lib_a-getchar.o)
                0x0801451c                getchar
 .text.__libc_init_array
                0x08014540       0x48 c:/users/mark/documents/mcha3500/mcha3500_windows_toolchain/toolchain/gcc-arm-none-eabi/bin/../lib/gcc/arm-none-eabi/9.2.1/../../../../arm-none-eabi/lib/thumb/v7e-m+fp/hard\libc_nano.a(lib_a-init.o)
                0x08014540                __libc_init_array
 .text.malloc   0x08014588       0x10 c:/users/mark/documents/mcha3500/mcha3500_windows_toolchain/toolchain/gcc-arm-none-eabi/bin/../lib/gcc/arm-none-eabi/9.2.1/../../../../arm-none-eabi/lib/thumb/v7e-m+fp/hard\libc_nano.a(lib_a-malloc.o)
                0x08014588                malloc
 .text.free     0x08014598       0x10 c:/users/mark/documents/mcha3500/mcha3500_windows_toolchain/toolchain/gcc-arm-none-eabi/bin/../lib/gcc/arm-none-eabi/9.2.1/../../../../arm-none-eabi/lib/thumb/v7e-m+fp/hard\libc_nano.a(lib_a-malloc.o)
                0x08014598                free
 .text.memcpy   0x080145a8       0x1c c:/users/mark/documents/mcha3500/mcha3500_windows_toolchain/toolchain/gcc-arm-none-eabi/bin/../lib/gcc/arm-none-eabi/9.2.1/../../../../arm-none-eabi/lib/thumb/v7e-m+fp/hard\libc_nano.a(lib_a-memcpy-stub.o)
                0x080145a8                memcpy
 .text.memset   0x080145c4       0x10 c:/users/mark/documents/mcha3500/mcha3500_windows_toolchain/toolchain/gcc-arm-none-eabi/bin/../lib/gcc/arm-none-eabi/9.2.1/../../../../arm-none-eabi/lib/thumb/v7e-m+fp/hard\libc_nano.a(lib_a-memset.o)
                0x080145c4                memset
 .text.mallinfo
                0x080145d4       0x14 c:/users/mark/documents/mcha3500/mcha3500_windows_toolchain/toolchain/gcc-arm-none-eabi/bin/../lib/gcc/arm-none-eabi/9.2.1/../../../../arm-none-eabi/lib/thumb/v7e-m+fp/hard\libc_nano.a(lib_a-mstats.o)
                0x080145d4                mallinfo
 .text.malloc_stats
                0x080145e8        0xc c:/users/mark/documents/mcha3500/mcha3500_windows_toolchain/toolchain/gcc-arm-none-eabi/bin/../lib/gcc/arm-none-eabi/9.2.1/../../../../arm-none-eabi/lib/thumb/v7e-m+fp/hard\libc_nano.a(lib_a-mstats.o)
                0x080145e8                malloc_stats
 .text.mallopt  0x080145f4       0x10 c:/users/mark/documents/mcha3500/mcha3500_windows_toolchain/toolchain/gcc-arm-none-eabi/bin/../lib/gcc/arm-none-eabi/9.2.1/../../../../arm-none-eabi/lib/thumb/v7e-m+fp/hard\libc_nano.a(lib_a-mstats.o)
                0x080145f4                mallopt
 .text._mstats_r
                0x08014604       0x2c c:/users/mark/documents/mcha3500/mcha3500_windows_toolchain/toolchain/gcc-arm-none-eabi/bin/../lib/gcc/arm-none-eabi/9.2.1/../../../../arm-none-eabi/lib/thumb/v7e-m+fp/hard\libc_nano.a(lib_a-mstats.o)
                0x08014604                _mstats_r
 .text.mstats   0x08014630       0x10 c:/users/mark/documents/mcha3500/mcha3500_windows_toolchain/toolchain/gcc-arm-none-eabi/bin/../lib/gcc/arm-none-eabi/9.2.1/../../../../arm-none-eabi/lib/thumb/v7e-m+fp/hard\libc_nano.a(lib_a-mstats.o)
                0x08014630                mstats
 .text._free_r  0x08014640       0xa0 c:/users/mark/documents/mcha3500/mcha3500_windows_toolchain/toolchain/gcc-arm-none-eabi/bin/../lib/gcc/arm-none-eabi/9.2.1/../../../../arm-none-eabi/lib/thumb/v7e-m+fp/hard\libc_nano.a(lib_a-nano-freer.o)
                0x08014640                _free_r
 .text._mallinfo_r
                0x080146e0       0x68 c:/users/mark/documents/mcha3500/mcha3500_windows_toolchain/toolchain/gcc-arm-none-eabi/bin/../lib/gcc/arm-none-eabi/9.2.1/../../../../arm-none-eabi/lib/thumb/v7e-m+fp/hard\libc_nano.a(lib_a-nano-mallinfor.o)
                0x080146e0                _mallinfo_r
 .text._malloc_r
                0x08014748       0xb4 c:/users/mark/documents/mcha3500/mcha3500_windows_toolchain/toolchain/gcc-arm-none-eabi/bin/../lib/gcc/arm-none-eabi/9.2.1/../../../../arm-none-eabi/lib/thumb/v7e-m+fp/hard\libc_nano.a(lib_a-nano-mallocr.o)
                0x08014748                _malloc_r
 .text._mallopt_r
                0x080147fc        0x4 c:/users/mark/documents/mcha3500/mcha3500_windows_toolchain/toolchain/gcc-arm-none-eabi/bin/../lib/gcc/arm-none-eabi/9.2.1/../../../../arm-none-eabi/lib/thumb/v7e-m+fp/hard\libc_nano.a(lib_a-nano-malloptr.o)
                0x080147fc                _mallopt_r
 .text._malloc_stats_r